host=comp033.hpc start=Tue Sep 29 14:24:55 SAST 2026
frames: 42436 49592 50892 52192 53493

=== extracting geometries (R and P from PDB, TS copied from the converged CI)
  42436 R: ok
  42436 P: ok
  42436 TS: copied from neb_NEB-CI_converged.QMRegion.xyz
  49592 R: ok
  49592 P: ok
  49592 TS: copied from neb_NEB-CI_converged.QMRegion.xyz
  50892 R: ok
  50892 P: ok
  50892 TS: copied from neb_NEB-CI_converged.QMRegion.xyz
  52192 R: ok
  52192 P: ok
  52192 TS: copied from neb_NEB-CI_converged.QMRegion.xyz
  53493 R: ok
  53493 P: ok
  53493 TS: copied from neb_NEB-CI_converged.QMRegion.xyz
  all geometries extracted and checked

=== in vacuo single points, no MM charges and no continuum
  42436_R  E = -836.142230952005 Eh
  42436_TS  E = -836.113722961511 Eh
  42436_P  E = -836.169413293792 Eh
  49592_R  E = -836.143300832818 Eh
  49592_TS  E = -836.114416231534 Eh
  49592_P  E = -836.177116296098 Eh
  50892_R  E = -836.147534117847 Eh
  50892_TS  E = -836.117128386579 Eh
  50892_P  E = -836.175842500457 Eh
  52192_R  E = -836.144807123042 Eh
  52192_TS  E = -836.111267601189 Eh
  52192_P  E = -836.172292162077 Eh
  53493_R  E = -836.146221576488 Eh
  53493_TS  E = -836.118251659552 Eh
  53493_P  E = -836.178130587613 Eh

end=Tue Sep 29 14:51:19 SAST 2026
now run: bash run_ensemble_batched.sh harvest   (fills barrier_vac and stab_*)
