host=comp034.hpc start=Thu Oct  8 10:10:21 SAST 2026
A_svp_d2674_qp075 orca_exit=0 1 Thu Oct  8 10:11:05 SAST 2026
A_svp_d290_qm1 orca_exit=0 1 Thu Oct  8 10:11:53 SAST 2026
A_svp_d290_qm05 orca_exit=0 1 Thu Oct  8 10:12:41 SAST 2026
A_svp_d290_q0 orca_exit=0 1 Thu Oct  8 10:13:29 SAST 2026
A_svp_d290_qp05 orca_exit=0 1 Thu Oct  8 10:14:17 SAST 2026
A_svp_d290_qp075 orca_exit=0 1 Thu Oct  8 10:15:01 SAST 2026
A_svp_d290_qp1 orca_exit=0 1 Thu Oct  8 10:15:46 SAST 2026
A_svp_d320_qm1 orca_exit=0 1 Thu Oct  8 10:16:37 SAST 2026
A_svp_d320_qm05 orca_exit=0 1 Thu Oct  8 10:17:24 SAST 2026
A_svp_d320_q0 orca_exit=0 1 Thu Oct  8 10:18:10 SAST 2026
A_svp_d320_qp05 orca_exit=0 1 Thu Oct  8 10:18:55 SAST 2026
A_svp_d320_qp075 orca_exit=0 1 Thu Oct  8 10:19:38 SAST 2026
A_svp_d320_qp1 orca_exit=0 1 Thu Oct  8 10:20:22 SAST 2026
A_svp_d350_qm1 orca_exit=0 1 Thu Oct  8 10:21:07 SAST 2026
A_svp_d350_qm05 orca_exit=0 1 Thu Oct  8 10:21:55 SAST 2026
A_svp_d350_q0 orca_exit=0 1 Thu Oct  8 10:22:43 SAST 2026
A_svp_d350_qp05 orca_exit=0 1 Thu Oct  8 10:23:28 SAST 2026
A_svp_d350_qp075 orca_exit=0 1 Thu Oct  8 10:24:13 SAST 2026
A_svp_d350_qp1 orca_exit=0 1 Thu Oct  8 10:24:59 SAST 2026
end=Thu Oct  8 10:24:59 SAST 2026
