580
     59.6973245921999975      31.7894278939000010      84.8813154484000023      -0.0640817867403363
     61.9893071032999998      30.7658256869000013      87.2840699175999930      -0.0643911259883256
     62.7845340350000001      26.7392920365999984      85.1253697804000069      -0.0629717669446594
     59.7533133937999992      31.6625705882999995      80.8670971425000005      -0.0671258273094768
     60.5412025194000023      34.1148094221999969      82.9501515484000009      -0.0695641897454626
     59.4727363276000034      29.1888417904999997      83.3935606338000071      -0.0623219519664646
     61.8342286298000019      33.9092695956000014      85.8482693395000069      -0.0688818338107495
     61.2637449202999989      26.9666638676000012      82.0818904867000043      -0.0633628069130676
     63.5421705372000005      23.0231194238999990      77.4432141175999931      -0.0635775831447973
     61.5269818607999994      28.9109424660000016      74.1294662130000006      -0.0700551200330262
     62.7839595582999976      25.0188023486999995      74.2455690879999963      -0.0663951543292756
     60.3750256850999989      26.4865052809000012      75.2333647670999994      -0.0644832555377945
     61.1619567195999991      24.4131262721000013      79.6876076591999976      -0.0613921963002979
     60.0049266297000017      30.1037091640999996      77.8282193315999962      -0.0675154083403102
     61.7085713001999991      33.2702511936999983      78.8116100592999942      -0.0744665154811130
     63.0794352241000027      32.1263717069000023      74.8592084698999969      -0.0781717812966720
     62.4796853281999987      36.9986522232999988      85.2400402430999975      -0.0739187905012626
     61.3571143917000015      35.8217724515000029      80.7026267308000058      -0.0751956734898327
     62.1148302623999982      39.3129845237000026      83.3969470227000045      -0.0774434898836605
     61.9623274854000030      38.6560817550000024      79.3480805907999951      -0.0810338880744093
     63.8747301858999990      41.4563665419999978      81.5366572958999996      -0.0869177010413713
     66.3925538498999970      41.6033683267000001      79.5296568021000070      -0.1001228175283826
     64.2936446429999933      38.2287882528000011      77.0371649150000053      -0.0902163163815750
     66.9557772322000062      20.8103636748000014      78.4854093385999931      -0.0638598064400897
     65.2118984056999977      21.2262507909000000      83.3976235445999947      -0.0599646148962170
     62.8447709406000001      23.2793133555999994      83.2665993931999964      -0.0601272201134160
     63.6247156581000013      21.1720893544000006      80.7619660165999989      -0.0596782817704513
     62.8112320836999984      35.6079971990999979      76.7138365777999951      -0.0819103789241842
     63.7762036522999978      32.8869599610999970      88.8332786213999981      -0.0675490045958158
     67.8309168963999980      20.4287146140999987      81.4395858512999951      -0.0626382174728457
     65.2133138103999954      34.8657449561000021      74.1949489980000010      -0.0893734337017422
     63.5609600826999994      36.3101966997000005      91.4141945669999956      -0.0666486732795826
     64.2240592628999991      29.6974483121999988      92.6688214453999990      -0.0603205012073893
     65.5116713083999969      34.5586588138000010      96.3684873015999983      -0.0608242493764894
     63.1205745589000031      32.8882903282000001      94.5001227756000048      -0.0594997279651435
     63.2726993906999979      39.6410655218000016      87.3589465304000043      -0.0747005478935092
     64.7921146746000005      38.1599360864000019      89.5693401219999998      -0.0731155389546378
     67.1903243527000029      28.5934344849000013      91.4229685648000014      -0.0640150093175396
     63.9718715503000013      41.4650517226999966      84.9094345710999931      -0.0817217944386917
     63.9153649638000019      29.2591452664000009      71.1741766517999963      -0.0757869324850660
     64.7746951804000020      24.1798509370999994      72.1374795922999965      -0.0683676703452711
     65.9209840678000063      26.6019996640999992      69.3794963214999996      -0.0746217827431765
     68.6105535885999984      22.9535170362999992      73.9263905890999951      -0.0714494620118620
     64.7081031263000028      28.0483694796000016      88.0773031882999931      -0.0643130619463528
     65.1765718679999964      41.4879740988999970      88.6374236405000033      -0.0778711905449301
     67.6846728918999929      30.4067342853000007      68.5924670211999938      -0.0867049676169449
     65.6303990127999981      31.6678958361000014      71.0621159006000056      -0.0846038531372075
     68.2293656211000012      32.8089974256999994      70.5183000043000021      -0.0950490621617135
     67.3887512506999968      43.7737790958000019      88.9840749757999987      -0.0834439263833726
     66.5660080189999945      44.5295617769000032      85.9536650271000013      -0.0887579309299253
     70.1517989870999941      44.6257242633000004      87.9427773745999986      -0.0945193825138890
     66.3529905465999974      23.1459629514999996      75.7962291014000016      -0.0681544878907676
     69.3758623784000008      21.5543695835000015      76.2759946250999974      -0.0688991354682980
     68.7589121965999936      25.7108880358000000      69.1983264012000063      -0.0778517288917149
     68.3850903808999959      40.1366934054000026      74.0815484311000034      -0.1141438637484571
     65.9472361412999959      37.6374873218000019      74.5830401344999956      -0.0972446488970160
     66.4397837716000055      41.2096779319999982      76.6455173141000046      -0.1039626603520070
     65.2396773777000050      25.2204266630000014      86.1674629562999996      -0.0632590797177213
     65.3584806711999988      38.5321384069000032      92.5244917332999961      -0.0692413905140450
     66.4493646823000006      37.3704803780000034      95.7700942289999944      -0.0645669124165869
     66.5938928157000021      27.7348998428999991      95.5277614374000024      -0.0575516237205580
     64.8043846653999935      30.8916927759999993      96.1413857014999991      -0.0578191693406120
     67.4587882752999946      30.5659285820999997      99.1388558364999994      -0.0561751880338335
     68.9222374343000013      28.1971381580999996      98.2173517452000056      -0.0565484734913979
     68.8167604884999946      21.8526930664000005      86.3811645093999942      -0.0621228623549710
     67.8540528117000008      35.6262028192999978      71.6011923642000028      -0.1011887289271076
     68.1785093153000048      44.7589329378999992      83.6090441985000012      -0.1010194153243926
     66.8531745596999940      40.7186553105999991      94.4735759049000023      -0.0691489549216593
     68.4510815021999974      43.5869211003000032      93.7301709290999980      -0.0741692112408607
     69.0319057922999946      40.4668417637000033      96.3302940497000009      -0.0683485023761841
     71.0095286057999999      22.6539614520000008      90.5729263513999996      -0.0609770607062199
     67.2003947025000059      23.9720869030000010      88.4186991957000004      -0.0616409694576658
     68.8420336838999987      26.2761485426999997      92.2149224909999958      -0.0619430382517159
     71.5973637793999984      21.9675392737000017      87.8721261891000012      -0.0632599314497235
     72.2800764256000008      24.7211516081999996      92.2025712420000048      -0.0628010706216191
     68.5158310734999958      39.3600235830000003      66.5866381576000066      -0.1121407386538671
     67.1810117831000042      34.0496044269999985      67.0631061094999978      -0.0933311585981604
     67.0819901412999968      36.8430313984000009      67.6545582185000001      -0.1000031564244352
     68.3678334031999952      37.6331655185000002      63.7237448588000035      -0.1029015148588357
     72.0820955030000050      42.6272445439999998      98.0406434679999990      -0.0689144254501275
     70.2382539511000061      41.7976057021000003     102.0511579110000042      -0.0594984772283018
     68.5097499352000057      34.9381460278999967     100.5034439803999931      -0.0579025025354469
     67.7039254202999956      37.7679067608999972     101.7762991557000021      -0.0567909675333698
     67.4123463693999980      39.7946170967000015      99.3029161776999985      -0.0609964717397506
     69.4937151397000008      42.2404799951000030      99.2463528993999944      -0.0638347584096302
     68.0849319741000016      44.0168110859999970      79.1345434437999984      -0.1119332304694254
     70.5319211492000022      20.2465998308999993      84.5174317018000067      -0.0627004319275066
     71.8018661464000019      18.8492192719000009      78.1998887493000012      -0.0652984593313946
     74.8760988407999974      19.6508240287000007      82.7874669276999953      -0.0662950728586709
     74.7505813509000063      20.1511384329000016      77.9383771285999956      -0.0705848325177776
     73.0881251481000049      21.9150294575999993      76.2203592023000027      -0.0740268089619880
     71.6822446016000043      18.1812521575000012      81.5122401464000035      -0.0622648946636679
     72.7109679661000001      46.0205763689000023      77.4862620755999956      -0.1553747486574686
     69.0001980800000041      44.3561491817999993      76.4247028322999995      -0.1237142841232624
     71.0196480885000057      45.7568348714999971      80.2801066764999973      -0.1286391362419508
     71.1379411558999948      28.4760843906999987     100.7019275701999987      -0.0550782840428394
     68.9977395463999983      32.0446070428000027     101.2125560987999933      -0.0555978717559302
     70.2878479200000044      27.4064201127000011      67.4510933110999957      -0.0844478750799809
     71.8495571611999964      46.4593423975000022      91.8468775677999929      -0.0857336371224049
     69.1013815682999990      34.7528697330999989      62.0571728327999992      -0.0956042002502500
     68.1918262143999954      33.2243365213000033      64.4883317733000041      -0.0922554656198731
     71.9022842956999995      46.4000238986999989      86.0650303591000068      -0.1081853348598258
     70.4037769402000038      40.5503487551000035      68.6086260680999942      -0.1283486748593408
     69.0993727895999967      39.0908302261999978      71.2506916570000044      -0.1158605740408234
     71.0187882631999940      40.8312073904999977      65.7564531848999962      -0.1318607555940901
     71.1140455708000019      39.5675684089000015      62.1282964497999970      -0.1175561898648834
     70.6172177110999968      44.2656218583000012      96.2373063029999969      -0.0716734620223614
     73.9669063143000045      44.7153407388000019      96.2985334250000022      -0.0756011885639749
     73.2823398467999993      25.8596378169999994      68.0880651397999941      -0.0858923364895681
     76.2955589583000062      22.8478889123999984      71.8101941687999954      -0.0813008360308407
     71.1021629738000058      22.5422975434000001      70.5902418727000054      -0.0741934695228954
     74.3616587350000060      21.3564264554000012      73.4405798318999956      -0.0748940115497474
     73.9661693211999989      22.6350150592999988      70.0375140284999986      -0.0779828467857531
     75.7037837059999958      45.5949817302999989      93.8097170548000037      -0.0855672849863431
     70.2361147813000031      32.1488481077999992      61.6676322763999991      -0.0915343257375740
     71.9543349082999981      27.7629188101000004      63.2751276886000014      -0.0854271341328721
     69.1364000805999979      29.6404182716000015      65.0702350969000065      -0.0862275525374976
     70.1046918976999933      33.0693959978000009     107.2331588477999986      -0.0494883897711391
     69.7683055539000065      31.5917247609999983     104.0749958633000034      -0.0522534528262346
     68.7301713540000065      29.1250616485999991     106.0560220732999994      -0.0483800618899348
     69.6867298624000000      27.2677935936000004     108.0348656497999968      -0.0460012382643611
     73.0936582658000020      27.0720009736000016     102.6148404966999976      -0.0526810588033273
     71.7371959435999997      25.4105671125999990     107.3120095544000066      -0.0464064608234072
     70.0587847843000020      27.0658272388000007     104.4995095784999961      -0.0494050550346712
     68.8898399719000025      39.2656147622999967     104.5368259976000047      -0.0542832900303618
     70.9442064475999956      42.1270378542999993     105.1281552745000027      -0.0552701491362373
     70.2138689269999929      35.0157627434000034     104.9520328124000059      -0.0530232150962373
     70.6186898076999938      42.9229526462000024      74.2567203610999940      -0.1360437592623676
     71.5221678027999985      43.2234776598999986     108.3944086957999957      -0.0512564324974356
     71.4246825082999948      40.2125054325999969     112.0564727842999986      -0.0466452953877652
     71.9593974842999984      36.1161218407000035     111.4477221236000020      -0.0466340549715785
     69.1452742337999950      37.3882438023000034     108.8674014415999949      -0.0486729159930124
     69.1792911912999955      40.4977539014000030     109.0724820647999991      -0.0490945079631553
     73.6431811345999989      27.1343241368000001      65.5215734725999965      -0.0889021937664092
     71.7978202431000057      37.5369217738999978      60.0857672177999973      -0.1083097907976116
     72.0488590023000057      34.4759341688999967      59.9969274195999986      -0.0999701221062299
     74.9259705994000029      46.4345113979999979      80.1439481394999973      -0.1668709852771766
     74.5475869851999988      37.7303579055000000     112.5093097127000021      -0.0465915374462891
     73.9421074401000027      46.8773951395999973      83.9633205781999976      -0.1295133732113376
     74.5536832413000070      38.7846813880000028      60.3785122295999983      -0.1257297875662111
     69.9679191997999936      28.8253586657000014     115.5394702175999981      -0.0405024858784859
     70.6923588856000009      34.4823535681000024     115.3722993874999929      -0.0422536638025273
     69.6186997268000027      32.3330170232000000     113.7508691359000039      -0.0428095302378422
     73.7320077046999955      31.3265999842000014     119.6791776676000012      -0.0388133424683570
     72.1294595952000037      27.6856271274999983     117.5345049663999930      -0.0391780600384495
     71.0676320107999970      30.8366677347000007     118.6310543760999963      -0.0390043511662213
     73.1932354869999955      35.7622101780999984     114.2709066100999991      -0.0441076594249727
     72.7511756659999946      34.3831089386000031     118.1804019708999931      -0.0403978383226988
     72.2725439777999981      24.8264055663000001      97.0807836081999938      -0.0568972778279431
     75.1993761554000031      23.8551336513000010      94.9155469088999979      -0.0599528321963816
     77.9662524767000065      25.7373347509999988      95.8956117188999997      -0.0620737617484397
     77.0761235059000001      25.0936676232000018      93.1479633594999967      -0.0649038847375212
     75.0564429508000046      24.9255405916999990      97.8596285052999946      -0.0573766202633479
     75.0493545885999964      20.5307522585999997      86.6659726720999970      -0.0645086267510191
     70.6296634465000039      26.9129521857999983     111.7944093636999980      -0.0429295177710829
     69.8820254845000051      30.0454337940999991     110.9142751537000038      -0.0446253720309797
     73.9472418257000044      46.8897048147000035      88.3696986008000067      -0.1046465898065820
     76.9152549119999946      46.6419560683999990      89.7200457696000058      -0.1056591416501975
     74.8562510488000044      31.7256723184999991      59.3621306654999970      -0.0971191959200084
     73.3149924222000067      29.7472331433999990      60.7005838990000015      -0.0903175360271327
     70.7967567979000023      32.7463378914000032     110.4165836891999959      -0.0463193866656746
     70.5492688337999994      41.5364928137000007      71.7364041483999983      -0.1306638870221910
     77.5450552305999992      27.2204238322000016     102.8506877486999969      -0.0539320706389317
     75.8727611142000029      24.7236762821000013     104.4940218142999981      -0.0498784589436889
     73.1377965956999958      44.5850479113999967     106.0804694584000032      -0.0552301944939577
     71.2023543560000007      44.9224017948000025     103.0954280512000025      -0.0588455359598159
     72.1504676790000019      45.4183528216000028     100.3212914026999982      -0.0645491406296874
     71.8281201095999933      45.3712192759999979      72.4230474248000036      -0.1630192530777741
     75.6095317326000043      46.8468212629000007     104.4844862568999986      -0.0588607632583313
     79.3568130145999930      30.5108487386999983     104.6021557148000056      -0.0543207508690076
     72.0865023439999959      44.7031255500000029      67.6364640922000007      -0.1691595488067161
     77.3857021967999970      22.7436969803000011      74.9586704178999952      -0.0812568263790254
     79.8054641999000012      24.2628798279000009      76.4938705830000032      -0.0874023766717125
     78.4223302851000028      21.2854672445000013      77.7049147107999971      -0.0762067258040924
     76.4547343577000049      22.8508425541000015      91.0324415715000015      -0.0641154938443407
     73.9529053344000005      22.2862377822000006      89.5433318232999937      -0.0636294082252897
     77.7017494197999952      21.2844675794999993      81.0596375439999974      -0.0731254755910618
     73.5944243144000012      44.2536428853000032      64.3045918257000011      -0.1634991698729493
     75.9740938908999937      46.8047124986999989      66.2504748015000047      -0.2154298890200437
     73.6733090360999938      48.0321443302999995      70.9042897654999962      -0.1941451732234825
     75.1768430627000015      28.5301248847999993     118.9138877750999939      -0.0388905151040588
     76.3761425435999968      42.4645202390999970      97.5923154257999954      -0.0738096806802764
     80.2028433396999958      40.6407286800000023      96.7317984613000021      -0.0776422618046722
     75.5360743039999960      21.7123865808999987     106.0462956535999979      -0.0463874604055392
     73.0854058323999993      22.0015675695000006     110.6048703176000032      -0.0423480051759064
     78.6009207294000021      20.8409243235000012     110.2220552959999935      -0.0429182771574830
     78.9549268783000002      22.4091172145999984     106.1899526233000017      -0.0472557646208567
     74.9286445616999970      20.5808167691999984     108.6556406370000047      -0.0434842667397155
     75.1866261742000006      21.8379909981999987     112.5792805969000057      -0.0411848729084046
     72.6760798449000021      22.6522588089000010     107.8472914481999965      -0.0447466255833784
     72.3104046379999943      24.5168722288000005     111.6976591724999963      -0.0424531216943649
     77.2896606528999968      25.4772631015999984     100.3010959009999965      -0.0556097308152248
     75.0490182174000040      43.4583384749000032      61.8883995150000032      -0.1547590409305641
     74.6685880299999951      48.2552491599999982      77.5188447311000033      -0.1742000295425594
     78.9445182676000030      48.7642468550000032      76.5580437878000026      -0.2517965164053440
     75.1402900929000026      49.4447636396999997      74.8471841435000016      -0.1834213620588176
     72.5668517929999979      47.2342887897999972      74.5571225425999984      -0.1638936198757577
     74.5419064688999953      42.8909047830999981     112.8945038993000054      -0.0469101899205269
     75.0370449135999991      45.5009565240999976     110.7597352521000005      -0.0496067346956894
     76.7116822901000006      40.8610348254999991     113.6501920941000066      -0.0463389291164069
     76.6809458968999991      45.8458768703999979     107.1559975562000062      -0.0549639386039060
     78.4025656409999954      45.6777630670000008      92.5266781463000001      -0.0941367439603544
     77.2753970012000053      20.2066245673000005      84.7010242508000033      -0.0670670060505563
     78.2634364548000008      21.1684686394000003      88.2937713002999942      -0.0654431351316047
     78.0714932066999978      43.4158385373999991     113.1143621796999952      -0.0473861536059590
     79.4102261196999990      45.5250335229000029     108.6310382943999997      -0.0533923340555900
     79.3293231706000057      22.7290402655999983     114.7087164373999997      -0.0404538125236047
     75.6176915693999945      23.1916168417000002     116.2913354967000004      -0.0391525835095416
     72.5790008414000027      25.9748279543999985     114.6254248748000037      -0.0408321765164104
     74.8703124998999954      25.8453401501999984     117.6166400168000052      -0.0390070219574241
     78.6304892720000055      37.1946130287999992     113.7509806296999955      -0.0458940392288931
     75.6755020668999947      34.3176185948000025     120.4549895544000009      -0.0390909272052986
     80.2619312918999981      34.6766495250999967     119.6817004517999976      -0.0401499102621905
     76.2632389747000019      37.5947757349999989     117.8464798299000051      -0.0417890449350682
     78.1594637310000024      32.5601772047999987     120.7707797746000011      -0.0387792868136123
     80.1642589144999960      36.8399416963999968     117.7059220107999948      -0.0421785089587257
     76.8150880962000002      24.2357641496999996      66.5826829611000051      -0.0848424249448483
     78.4193142824999967      22.9129219426000006      69.1202693795000016      -0.0831856034811196
     80.6441680573000070      24.4564803656999992      68.1007754368000064      -0.0899236554744860
     78.9303037486999983      26.0328274244000006     105.0999586731000051      -0.0507130316889248
     76.8827686325000030      47.7664734227000025      83.3703056658000037      -0.1527963863687312
     78.8765240368000065      47.5552266237000012      85.6528678929000051      -0.1407279183712014
     77.9150257846000045      25.9170004493999997      60.4911814725000028      -0.0850090928090506
     79.2451793415000054      24.9197315740000001      64.4717437584999971      -0.0878496727783133
     74.6482791448000000      25.8545053212000013      62.6046661358999970      -0.0836319957015546
     75.1367109518999996      27.3795671063999997      60.2650379633999975      -0.0857147944200376
     81.2310016761000071      35.8640947548000000     114.7779408797999992      -0.0447784460905134
     81.3530118345999966      45.7547410550999984      85.7485655067000039      -0.1487795620409109
     78.1128082860000035      47.1012275137999978      80.2799006963000039      -0.2117320392468720
     79.7674126774000030      46.2522983490000001      88.5501863300000025      -0.1190529928977480
     82.9340265164999977      42.3987275391000011      86.8578176543999945      -0.1334602122414958
     83.0052710759999997      42.5846198846000021      90.1171546786000022      -0.1088081266601133
     74.7804352420999976      51.0905581284999997      72.1236883720000037      -0.1726873228924628
     75.8966283534000041      51.2311896467999972      68.9870625946000047      -0.1830668982195913
     77.6578397467000059      49.6915183901000006      67.1583823142999989      -0.2159094302151239
     77.0291562561999967      51.6228032325999990      74.6391687758000018      -0.1863145449980301
     76.0421637106999952      50.4915603434999980      95.6650405817999996      -0.0780732848721915
     75.0390347950000063      48.8591545633000024     100.3259911512000002      -0.0662575917225849
     77.2594987364000048      48.7658455632000027      93.5517807957999992      -0.0874792525293735
     73.9584290035000009      47.4596405037000011      97.1198839287000055      -0.0732485285555660
     78.6536724303999932      43.6046826349000014      94.6471755829000045      -0.0853008270163551
     80.8537046544000049      25.6008625195999997      94.1413601863999929      -0.0653407640875692
     80.6075546163000070      52.6116382609000013      73.0399881579999999      -0.2113498427330107
     77.3990001986000067      52.8984419741999972      70.9181017728000000      -0.1792043123685136
     76.7048906148999947      45.8926797140000033      63.1052734475999983      -0.1845051873692753
     76.6287516650999976      39.4316725438999995      58.2706665084999997      -0.1266885135135567
     79.1849802304000008      45.6488899435999969      61.4758987879000003      -0.1911039027583126
     75.7033377306999995      34.6820087879999974      58.4639741387000029      -0.1068906447483782
     84.2716388218999981      39.9499790290999997      86.1321628748000023      -0.1313432177198148
     83.8080172272999988      39.5806509818999999      89.5135232854999998      -0.1072756941827793
     78.0290140561999976      43.1976810103999966      57.9952786298999996      -0.1428038380598888
     79.1561146659999935      31.6262387163999996      55.9505100725000020      -0.0950222490058543
     82.5071789896000070      23.1609654861000003      91.2057237754000028      -0.0661072519411015
     79.3792327236999995      23.6227086931000017      92.3814489245999937      -0.0646347426249072
     82.0704841006999999      21.9612389272000001      88.5913993639999973      -0.0674857936750324
     76.6957273336000043      51.4042658707000015     102.9615919875000003      -0.0610956472477420
     80.6415583457000054      27.8325835587000014     101.6486708418999996      -0.0565822048601370
     77.6171633948000022      53.7675099488999990     107.5977984847999949      -0.0531958138065485
     75.6737616292000013      50.4993686912999991     106.5299918073999947      -0.0550675607108237
     77.2550786672999976      48.5992435405999998     109.1860186919000029      -0.0520321782419519
     81.0789373154999993      49.7582654017000010     110.6838041720999968      -0.0504802589127658
     78.4901619995000033      54.2644304051000006     104.3887659664000012      -0.0580500040135536
     78.5379153752000008      51.3829478717999990     110.2477990330999944      -0.0504634336117755
     79.1378202286999937      26.1161756788999995     119.1995406452000026      -0.0384065657351695
     84.1995193192999949      35.6960149665000017      95.1100677432000055      -0.0781580361145746
     83.7813664216999996      25.7260776532999991      74.0421381956000033      -0.0965752047265038
     82.7781713656000022      25.7612813588000016      70.7941659834999939      -0.0973381251789354
     79.8025748089000047      24.3416795119000007      73.6240155337000033      -0.0893323514594888
     80.8421924437000001      48.1865462819000001      92.9853108642000024      -0.0932550686143427
     80.6625702089999947      50.6977766919999979      94.3517887340999977      -0.0856579431425404
     82.9600348153000056      27.5573865423999997      93.4466685671000050      -0.0697992146356796
     82.6381351108999951      47.3273086618999983     108.9843849288999991      -0.0531256805699991
     82.9984775111000062      38.2506580517000003      95.7478710513999971      -0.0792757259905574
     80.9897762638999978      41.2713812650000023      93.0015681768999940      -0.0919674376054003
     76.6968687281000001      54.4206408244999977      98.5097603858000070      -0.0684673063637562
     77.2669763821999993      54.9756042145000023     101.4166786308999946      -0.0624793526220118
     78.0843074386999945      52.7377321172999984      95.8081079570000043      -0.0775485354808989
     85.3731714390000036      37.4641011829000021      92.2696980884999931      -0.0897847704746706
     79.5679256430999970      40.0666355938000009     113.2464011139999940      -0.0470668237100300
     82.0363537596000043      41.4590688501999978     112.6742506661999954      -0.0480863760429195
     82.9641260719999991      38.5815982052000024     113.0071901497999960      -0.0472722631928701
     84.9995310370999988      38.3004050883000033     110.9139709078000067      -0.0496224761421615
     84.2536183949000019      41.7755318128999988     110.5368269539000039      -0.0507743057984054
     84.0996737569000032      43.8716347766999988      84.1746920992000014      -0.1681251629722329
     81.7950338610999950      26.2935774854999984      58.2389871419999992      -0.0852273349683204
     78.4953247308999948      28.1399871750000017      57.0587493271999975      -0.0863062472584488
     81.2894943646000030      29.6800099207999999      55.8546197066999994      -0.0904773672292931
     80.2330600581999960      20.0058544090999995      82.6297201610999963      -0.0697977378821744
     81.2674658287999989      22.7188754294999988      78.9001361629999991      -0.0808024477930074
     85.5860906455999952      33.6405618984000014      97.9145855164999972      -0.0685583360109230
     80.3191578640000046      56.4696423680000024      96.9928905627999995      -0.0717039379286826
     79.1998070206000051      56.9309471585999987     100.1919018642000054      -0.0641007250753782
     81.8136098675999932      54.1248287873999985      95.2208831649000018      -0.0794960404894960
     83.5638211658999950      26.2753113941000009      64.8925233753000015      -0.0959203262615924
     80.8242287083999997      25.6981758491000001      61.6788156747999992      -0.0883332185355918
     83.8973615822999932      26.4981516620999997      60.8662939709000028      -0.0910291708378796
     84.6963358405999998      28.0614237067999994      58.5675651379999991      -0.0923917202144660
     85.6237547742999965      29.9160763809999999      96.3582506559999956      -0.0674227611334719
     82.1604463960999993      29.1107035106000005     121.1806405546000036      -0.0379396269642895
     85.0615253879000051      32.9791993763000022     117.7494631872999946      -0.0414340652262948
     84.9092701649999952      28.4625482834999985     118.7516056661000050      -0.0395037898408219
     84.2938393227999967      31.2543784363999997     120.2313102479999998      -0.0391098054459480
     78.4777918532000029      28.9168308522000004     120.3466855785000007      -0.0383059261308483
     82.8221226125999976      34.7665664669999970     118.0194634571000023      -0.0416166057315870
     80.9286965404999989      26.0862329706000011      99.1801954822999932      -0.0584272345954546
     83.9866738120000065      26.8280241203999985      98.2024663736000036      -0.0607828151791647
     85.2503505881000052      30.3964768527000011     100.1442165186000040      -0.0612168259187729
     81.8356119472999950      26.0398250797999999     105.1849679966999958      -0.0509208799729013
     81.9498043093000064      22.1073582098000010     106.0337440936000064      -0.0474521228542715
     82.5807743682999984      20.4472887308999987     110.1989212704000067      -0.0429682836842327
     85.1351415535000058      22.4072085913000016     109.0489908809999946      -0.0449183135453652
     82.8920878275999939      21.5552105115999986     113.0018705710999996      -0.0413683122846007
     85.9653492029000006      33.0764031017000022      83.5717863609000062      -0.1124742586143297
     85.8474624265000017      39.9498713146999975     106.3381562736999939      -0.0563534266392001
     82.1561151440999993      44.1389308485999976     108.6607013232000014      -0.0535863190919463
     84.3525115352999961      35.4262339049000019     112.5456737099000009      -0.0470261400089007
     84.9609976345000035      31.6818779186999997     102.8148490953000049      -0.0579955424957794
     82.4064093512999989      30.1145051686999992     103.6137269774999936      -0.0557469300120466
     85.6813914168999986      27.6306455498000005      68.3256925137000053      -0.1054645403345651
     83.8777632341000015      25.4908747978999983      67.6197513556000018      -0.0950253927317153
     85.5815042806000008      28.3832270350999991      65.5029955763999965      -0.1066032336249121
     82.1040229575000069      20.4081222699999998      85.7101001342000046      -0.0678997845812077
     84.6325254630999950      21.0611359827000015      83.6317983892000001      -0.0716275465043994
     83.1534879544999939      21.0786386247999999      80.9087032396000012      -0.0745338397232000
     84.3084809198000045      22.0538997513000012      86.4175719703000027      -0.0705393497236457
     82.3669802185000037      23.7319953265000017     118.2238278741999977      -0.0384771669520898
     82.6164240490000026      26.3518339582999985     119.7840574598999979      -0.0382030484702658
     79.0186125338999972      23.9733322324999989     117.3105403114000040      -0.0390396015951295
     86.4081214506000066      36.2896875035999997     106.8710155386999929      -0.0542556920052348
     84.5445209237999933      34.3289210459000032     115.2977742637000063      -0.0439487811269235
     86.3766178287000059      31.3410185934999994     115.1057308600999960      -0.0432259735751330
     83.0994625782000043      44.0059546101999999      57.9860870027000033      -0.1718688267328101
     78.5749747915999990      39.4654438370000022      55.9007724845000027      -0.1199985353656325
     80.0125536017999934      42.2572059597999967      55.8182519300000024      -0.1316863148311045
     81.8531032509999932      45.7430946739000035      59.9161378541000005      -0.1974165995350088
     85.7747589986000065      35.6612818027999978     109.8708440518000060      -0.0501115932346190
     77.6388328827000009      36.6150076119999994      56.6544556799999981      -0.1118475804061347
     85.9866142893999950      32.1321259225000020      94.4559012976999952      -0.0744606561620946
     86.3325154035999986      34.4770283201999987      91.6674291878999981      -0.0860289594495081
     85.5549479613000017      24.0550269766999989     114.9579769645000056      -0.0408884005406569
     86.0556724359999947      26.3690984949000011     116.7193055208000061      -0.0403565969036190
     78.9398430855000015      47.7856257955999979      65.0481328617999992      -0.2281840390237537
     81.3201702866000034      47.5345775878000012      62.7486934918999992      -0.2367577414987050
     82.7614586289000016      53.9881467964000024      67.6933183882999998      -0.2007705858917248
     79.1967135391000028      52.9030812514999980      67.7268081123000059      -0.1907477112131453
     82.1238650803999946      51.9983635960999990      64.5688907921999942      -0.2278523356017690
     79.5643710684999945      50.6752984013999992      64.8145683988000059      -0.2106589816376800
     84.9080418430999941      47.5318204776000002      82.4057555060999931      -0.1952728804045023
     80.4787017600999945      49.2802195287000018      79.1742994992000035      -0.2425738176533834
     80.0607170481000026      47.7013931493999976      82.4731865985999946      -0.1898672969445414
     79.4956379549000047      33.9304439753000011      53.8405648658999993      -0.0956387319750300
     82.3527732585999956      35.3338187450999968      52.6587075559000013      -0.0977131238323476
     81.8199517879999974      31.9805396625999983      53.9264472428999966      -0.0923571713646192
     85.0241144824999964      34.6611254260999999      53.4994050741999985      -0.0999294049180124
     81.1986098829000014      39.1876465578000008      53.7273702791000005      -0.1122867233278937
     85.7019346281999930      37.9297599021000025      54.4032156612000009      -0.1153036996099974
     84.7038153759999943      52.7892403784999971      71.3313357135999979      -0.2234138563212849
     85.7222359544999932      52.6369227946999985      68.3906537343000025      -0.2352201046093025
     86.7578171346000033      46.9572946441999974      79.8633049329999949      -0.2326407447218113
     86.8741278794000067      43.9129838710000016      81.0448976813000002      -0.1992388616097074
     86.8175192477000053      35.2103534976999981      86.1385766047999937      -0.1091458660575109
     87.2412751828999973      36.4258176945999992      57.0124812760999973      -0.1232832404676456
     87.3224332448999974      36.6747116148999979      60.0931069135000016      -0.1445247138951871
     87.2119806505999975      39.5368584718000022      56.6766089377999975      -0.1375485155843057
     83.8934611879000016      40.2532479249000019      54.0240440313000008      -0.1201641337391726
     84.8425288225000003      42.5874015612999983      55.9323422468999993      -0.1446544418892044
     85.3060219157000006      37.4914492974000026      87.7298052557000005      -0.1108089991326624
     81.5053974485999930      56.2885234704000013     109.7472540824000049      -0.0500895570470066
     82.4857721735999974      58.0707353885999993     106.8948223067999947      -0.0530605624882821
     79.5984428281000049      56.5469094843000022     106.6677981854000024      -0.0538074866070160
     87.3452932601999947      36.9027372910000011      83.8870531271000033      -0.1273392465116912
     82.0501978922000035      45.6859493600000022      91.7929655749999966      -0.1005009030723611
     88.3518728155000019      29.7524752433000010      81.0360726609000039      -0.1018100608999450
     87.9690842500999963      30.4613152410000012      66.2541748849999976      -0.1174574906678370
     85.0017061117000026      26.1793624467999990      91.8517643991999932      -0.0702277975750594
     86.2765889628999929      28.1481224453999985      74.8425448662000008      -0.1071907141813400
     88.6875467325999978      29.4751390571999998      78.2081544108000060      -0.1061002003554545
     84.9493361354000029      48.6806132518999988     110.4206995124000059      -0.0509988573214883
     82.8520823284000016      53.4867080053000024     112.1999785759000048      -0.0480288969903246
     80.3538022105999943      53.6521157211000030     110.4297097259999987      -0.0499584251425667
     83.9458991942999972      50.8517326683000022     112.1828425406999941      -0.0485496217506833
     88.5341954686000037      31.6291356663999998      57.3963432059000027      -0.1010811002933361
     86.9553199565000057      30.9238143383999997      55.0515239560999987      -0.0927167915100551
     84.2401692149999946      30.2956429635999989      54.3171688779999968      -0.0892829141764784
     88.2939262577999955      30.2281948635999989      74.7046855759000010      -0.1166944165126234
     87.4925709447999935      41.9968395130999994      83.8092361006000033      -0.1510686833207338
     84.9144121094000042      52.3773481432000025      75.1359663998999991      -0.2400195320357650
     88.3247722551000010      48.4956506516000019      77.8840966392999974      -0.2337242821193666
     88.0973305043000039      50.4029340844000018      75.7176089414000018      -0.2390691857312230
     81.7748364697000056      51.5825936430000027      77.0498978887000021      -0.2403088916852809
     84.4930863618999979      50.2284802503000023      79.7312414321999938      -0.2335841301581407
     86.2079012027000005      51.5124432348999974      77.7391641046999951      -0.2300134071645328
     84.8909738379999936      45.4683247357000013     108.8621990258999972      -0.0533173456949148
     87.5930476756000047      27.7794935967999983      70.9979578135999958      -0.1055811839038654
     88.7529879436000044      30.2142600242000015      69.8451172462000045      -0.1176997365650259
     86.1229164454999960      22.9814868706000013      88.4282479811000002      -0.0694300575739968
     87.6086719301000016      23.6031878235999990      85.0299442871999958      -0.0750755265226930
     86.6400456315000014      33.4458558708999973     104.6371572194999970      -0.0561429572143290
     88.3876887921999952      38.2525439981999966     104.3383310695000006      -0.0585775137513140
     89.0924261947999980      35.5362480826999985     101.0056632282999942      -0.0628407841894196
     87.3052613047999984      32.9845605289999995     101.1479633746999980      -0.0613179851686101
     84.5353311864000005      28.0644793937000010     104.9909611677999948      -0.0525190428088735
     89.4341453453999975      26.8563775691999993      87.0157892983999943      -0.0785069201164719
     87.7398642671000033      26.7899820465999987      90.4157616204000050      -0.0731096412775099
     88.1952504358999931      28.8499194344000003      83.9640084385000023      -0.0915841310003174
     82.5396369232000069      58.0608143271999992      98.2111421056000040      -0.0676916821404081
     80.3727731697999985      58.3076767919000005     102.8540495711999938      -0.0586776067801251
     89.3216272805999978      31.0673050121999985      86.3992661947000045      -0.0910620958935624
     88.9229177736999929      25.5147722727000001      83.2655751616999993      -0.0819018629556689
     84.0486757216999933      51.4744975369999977      94.3728459507999986      -0.0853294404952090
     89.5101728013000013      32.8083114551999984      64.6712383516999978      -0.1268091155116169
     88.9615210962000020      35.0441445380999994      62.4446592569999979      -0.1386585785111745
     85.3105232430000058      58.3770505227000029      97.6482683226000034      -0.0684107815301256
     83.1955608139000020      60.7297707168999992     100.0285520599999955      -0.0616817153166180
     83.6202729503000057      61.1132924959999997     103.6843025740000002      -0.0557226452704627
     85.2347962534999937      59.2541422739000012     106.1660003463999971      -0.0533830288023776
     86.2586290070999979      21.6321299182000004      79.6048981321000042      -0.0768264042495650
     87.0018166644999980      22.2302470909000007      82.5485318634000009      -0.0751138964118896
     88.4683649740999982      25.7564625575000008      77.4609227397999973      -0.0911856870302605
     89.0130671520000050      23.6098056440000015      81.0552325926999941      -0.0794547998340329
     84.5463652963999976      23.7421658316999995      76.5594743104000059      -0.0866337125074841
     86.2514688354000043      28.2812063981000001      61.6438614131999998      -0.0992660171697963
     89.2040201836999955      30.4285058184000015      62.7937577874999988      -0.1089772612620621
     88.7138082546999982      33.1167997741999969      60.3440757528999967      -0.1178669110615580
     87.7283898509000011      30.2920487047999991      60.0922508676000007      -0.1038309979829215
     89.4754131815000022      46.7923045578000014      67.5742373050999987      -0.2607063830421996
     88.8577373449000021      33.1916744972999993      89.2055111775000000      -0.0889657199967413
     89.7330300768999933      29.3159164146000002      88.8211503600000043      -0.0802266058482468
     88.9131119854999952      30.1103194256999984      91.4581647113000002      -0.0766013926024796
     86.6564219968999936      29.2930677376000013      92.9864749353999969      -0.0730153609085251
     89.7304335933999937      37.7749365415999989      73.2789912524000044      -0.1753509397132618
     88.1750114704999959      51.1517436764999971      68.1596120554000038      -0.2458946823613530
     89.8003364473999994      50.0385212145000011      64.8264320985000069      -0.2357874559330710
     84.3803339709999989      49.7115211396999968      60.9255123141999988      -0.2268461983368066
     87.2639386665999979      48.3783213443999998      61.0426639872000010      -0.2410687515286973
     87.7817160286000018      52.5349210549999981      65.4891684514000048      -0.2283642336027203
     86.3709562095999956      51.9925205633999994      62.3862553856000019      -0.2208903548521590
     86.8560356427999949      55.6313523605999976      94.4848386718000057      -0.0790530027578846
     83.2325540898000042      56.6294527153999994      95.5895006752000000      -0.0755137885054715
     89.9261411756999962      34.5216882145000028      67.0535875596000039      -0.1431980082500441
     86.5791624395999975      47.7361244233999997      92.5380089432999995      -0.0946481499303173
     86.3336927028999952      45.2240568647000032      90.9879668702999993      -0.1031910403829617
     85.9275773597999972      42.0712040101999989      91.3629924413999959      -0.0997605185071064
     88.8624352037000023      46.0154646601000010      92.7361769487999936      -0.0918007336660356
     83.6570224515999996      47.8842638230999995      93.1364624872000064      -0.0932877997872055
     88.7991841851000032      42.1743131293000033      59.9058690831000007      -0.1903783745718322
     86.2328059015000008      43.0421584512000024      58.4552152588000027      -0.1827140073493290
     84.7998153460000026      46.4385554117000012      59.7116090309000001      -0.2175137127653439
     87.8309131550000046      45.4014208768000032      59.6192902471999986      -0.2104438261728045
     90.2368820481000000      40.4783709820000013      74.8682375806999971      -0.1886002988342916
     88.7508109792999988      27.3521358439000011     114.2470072455000007      -0.0424492436494721
     85.1646855296000069      39.6716639650000005      94.3296071304999941      -0.0851019744352923
     88.6699590527999959      42.0212868982000032      92.7272101989999982      -0.0906866687054899
     89.7281885989000045      43.1081911464999976      78.9134946359999958      -0.1846247065902240
     89.6391012466000063      33.4486054222000035     109.5054730907999954      -0.0492269747353609
     90.2164975737999981      29.5703963648000006     107.9332286271999948      -0.0491845273162674
     87.3437021108999971      33.2441673057999978     112.5152831366000044      -0.0462155820280494
     88.3207868230000059      30.4424293195000004     104.8117716802999979      -0.0538110121829374
     88.7964875460999963      33.8794346016999981     106.7498236315999947      -0.0529850607741968
     87.6767927724999936      27.7816497740999999     105.7448087693999952      -0.0511254386906557
     89.7009236324000057      30.5951399664000014     111.3271387081999961      -0.0461802103555184
     84.9706257883999996      25.4539703390999996     106.2139899378999957      -0.0494134198974443
     87.5773667293999978      23.9624568593999996     107.5184413316000018      -0.0469900510551171
     87.2438962327999974      22.8503039821999998     112.0881143562999966      -0.0425085325136108
     89.9141810999000057      25.1963213183000008     109.3015395312999942      -0.0456812236987161
     90.2662351617999974      26.4175170542000011     111.8780335180999970      -0.0438997119343885
     84.8793161182999967      42.7026842952000010     106.7612678122000034      -0.0563320122271818
     90.2592356167999981      43.1466036066000029      66.7312154237999948      -0.2400729750407322
     87.5207203031000063      51.7662542221000024     112.2643350841999990      -0.0480575453490242
     90.6455806464999938      46.0888786249999995      64.5078394147000012      -0.2425913315960990
     90.6008413837000006      43.0687657932000008      63.4098103494999989      -0.2248899394563040
     88.4580773058000034      44.8763567314000014     108.0689374093999930      -0.0539735562569716
     90.8828111779999972      34.6496755762999982      71.7872623439999984      -0.1415391687444529
     89.2956038640000003      31.8402653025000006      72.2563395775000004      -0.1271109665560752
     84.7104426451000023      58.4129666549000035     112.4140259489000044      -0.0463983380575805
     87.4199034216999991      54.8836236917000022     113.9599181835999957      -0.0455995612058584
     85.5642208466999961      59.9503532328999995     109.9656969580999970      -0.0484093560351018
     84.2619615350999993      55.7188221074000012     113.4056464333999941      -0.0461636110223287
     87.4981966591000031      57.7013317522999998     113.3585828076000013      -0.0454710434510779
     87.7559458352999968      50.5143523286999994      93.1249937400999954      -0.0890709886961378
     88.4248540332000061      59.7377836256000023     108.3742850037999972      -0.0499947099498481
     89.7847745538999931      58.6190998554000018     110.9989764519000062      -0.0472948894030543
     89.7315768776000056      33.8649668595000009      81.4573549448000023      -0.1168228019746511
     88.8448399650000056      50.5952061448000023      72.7475133770000042      -0.2228979605208501
     90.3656536461000002      48.8563483201999986      70.1001263196999957      -0.2187054187886961
     91.6831479285999933      37.9133136167999965      65.1183626384000007      -0.1585902872815836
     91.1998164919999965      39.1814236900999973      61.6071119118999988      -0.1584037298205754
     88.6766694698000038      39.2122318929000002      59.7684368708999969      -0.1604895352984723
     91.8527621745000005      34.7562428940000032      74.7491753948000053      -0.1331190023065467
     91.4347226605000003      36.9062295045999988      69.9553600808999931      -0.1564485778970681
     92.3825241786999953      39.5518591167000011      68.9551432328999994      -0.1688986811918927
     91.5346457015999988      39.7114937196000000      71.9185208213999942      -0.1758318269971557
     92.0774052410999957      33.5586649534999992      78.7013577759999947      -0.1162155955568949
     90.0840240026000032      45.3949901391999973      77.2694783793999989      -0.2028274565742976
     92.2573865237000064      46.0095139128999975      74.6748146772000041      -0.1838130504498867
     91.3826777170000071      45.9380558144000020      70.1187873637999957      -0.2104181281455801
     91.3731686157999974      48.7106183212000019      74.3559914467000027      -0.1929016861098507
     92.4888137065999985      37.2903635549999990      78.6982567355999976      -0.1324510810064385
     89.7039868781999985      40.9956589048999973      81.7725536806999997      -0.1511015590972118
     90.0189758546000007      36.4246158289000022      82.7649980857000003      -0.1223845964458263
     91.8531552375000047      40.2390825389000000      78.9986060047999956      -0.1494188941050965
     92.5892053997999938      42.4258715631999976      70.4928642925000020      -0.1822534529924855
     87.5100849253000064      47.7890858839000003     109.4936320677999930      -0.0520578023122957
     90.9971320413999933      37.1721271792999985      98.2645230852999987      -0.0685065310467206
     87.3104051389999967      37.7704937958000002      94.9024076440999949      -0.0801196677394715
     89.9871906635000016      38.6764416628000021      94.6146533985999980      -0.0798272343942976
     87.5306716001999945      36.2648168197999965      97.7739502186999943      -0.0708043767640758
     90.2990351357999970      47.3676977754999982     108.7730152975999971      -0.0524929672101546
     86.5126421950999998      62.0037786250000025     102.8108882295999962      -0.0560864994419070
     91.1977283447999980      61.6656405052000025     105.2146310254999975      -0.0521429375391409
     87.5583258502999939      61.4092443728000035     105.8870692315999946      -0.0522683077331187
     89.8891422304999992      61.9365761894000002      99.2423504597999937      -0.0605694623931319
     91.8569120127999952      62.2311428969999980     101.5841442581999985      -0.0561787593067082
     86.6130055423000016      60.7788204446000009      99.2734232242000019      -0.0625965691031696
     89.3397100684999970      59.0358732529999983      97.4944351784999981      -0.0667138954575814
     89.1741058213000031      62.9707778694999973     102.1461960104000042      -0.0557233572304576
     92.2196638135000057      40.0049265916999985     104.3517537932000039      -0.0577498484818975
     91.0499026396000062      38.6444618299000027     101.6449669789000012      -0.0625026830959974
     89.3935672591999975      42.0722150136000010     106.7057155372999944      -0.0555249712501302
     91.5247340887000007      57.1250201279000009      97.7540589629000038      -0.0668369396591677
     93.1143999362000017      55.5351917639000021      95.8751781117999968      -0.0709609898573764
     91.3463855293999956      54.9428155788000012      93.6699056775999992      -0.0787225304961758
     89.1450777402999961      53.1113668500000031      92.8254551633999938      -0.0858945917099927
     89.5433601691999996      56.7588970559000003      94.9287901085999977      -0.0748088371294200
     91.5323969276000042      49.6262737106000031     110.9684176930000064      -0.0491567596146880
     90.4591346113000014      53.9402082275000012     113.5738868483999937      -0.0457827678769918
     92.9406944337000027      57.5755119063000009     111.6002740333999981      -0.0463515848379945
     95.4924991503999934      55.6648401948000000     109.8013852833999948      -0.0480433782122334
     93.8240959798999938      52.3289258044000007     112.3008162443999964      -0.0466582426862687
     93.1987667530000010      59.1870910163999966     107.9136964193999972      -0.0496354605877176
     93.4294474942000051      52.2789104267000013      93.0527400670000020      -0.0806706315465879
     90.1734326083000042      49.5802910080999979      91.7994076508999939      -0.0922036418249128
     91.1504171649000057      43.9926150344999982      92.6030117378000028      -0.0887820273989330
     96.9457985911000009      50.6729627001000011     107.6178617056000064      -0.0511243182984886
     95.9391302187000008      52.3599343181999970     109.7700914210000036      -0.0487171279541152
     93.8681530516000038      48.1192361319000028     109.2555832850000002      -0.0506931305995622
     96.9668841536999935      53.4744531322999990     107.1697377538000069      -0.0510436470936684
     94.0799894451999990      44.3848749065999968     107.2263142601999988      -0.0533431134759823
     93.1420220610000058      37.5174689345000019      95.6422032433000027      -0.0729115010396635
     93.5437910342999999      40.0008939164000026      93.2872153778999973      -0.0805397482741750
     96.1746713351000011      39.3463400771000025      95.5324082735999980      -0.0710230236390856
     94.7357621577999964      37.5878423304000009      98.1551419655999950      -0.0660933399405166
     94.5662367289999963      39.0469621271000022     101.1973097894999967      -0.0613739061417107
     97.0932520202999996      39.9867360893000026      98.4921386909000063      -0.0644809902473074
     97.4868025752000023      49.7309513022999994     104.2392961996000054      -0.0554245526203245
     96.7522698628999933      46.4346455685999970     106.8418400591999955      -0.0526320578840949
     98.1718849379000034      47.6163422519000008     102.0015299270999947      -0.0585435887542887
     97.0195016841999944      49.7438278951999990     100.0614408512000040      -0.0623058178861817
     95.8927601224000057      56.1003502256000033     106.2756252406999948      -0.0517820299290812
     96.0698009912999993      61.3319678078999999     104.5624790278999967      -0.0513150400886220
     97.6646201215999952      58.1972185285000023     104.8971117060000040      -0.0517229288917886
     95.5970123360000059      56.6150530033999999      97.6120309371000019      -0.0644328381783623
     97.7672832653999961      60.4541220560999975     101.3512563170999954      -0.0547316585166229
     94.6794804486000032      60.8955658264999968      98.5192524793999951      -0.0601630512746492
     97.6900312669999948      57.7467002938999983      99.2511339060999944      -0.0593169832562119
     96.8642342379999945      40.5890295563999999     102.7040204455000065      -0.0578452427381801
     95.3828553589000023      41.4463377662000028     105.7545748733000011      -0.0544470294419113
     97.7567763888999934      43.2447597538999986     104.9834816322999984      -0.0544449144464245
     98.8732435105000036      43.7800378682999991     101.7570919806999967      -0.0583604049398798
     95.0020736823999954      44.2493305305999982      91.7226167456000070      -0.0849839269376895
     98.7997785228999987      51.5064395754000017      95.4620764516999998      -0.0681948247193267
     99.8849914663999954      48.6528305004000003      95.8456605917999980      -0.0670644770028708
     94.8687761906000020      53.2071003686000026      95.4175658457999987      -0.0720922864661988
     98.5006197810999993      46.8163002984000016      91.7723203185999949      -0.0781407457881311
     94.1880345285999994      48.5569854880000022      90.2864986935999951      -0.0909108935201930
     99.2372387510000067      49.8277033832000029      92.8369012337000044      -0.0735756085677499
     92.6573281319000017      46.2244721339000009      91.5256373777999954      -0.0904113693767670
     97.0942932593000023      49.0900923072000026      90.5978423886000002      -0.0832972251502699
     96.3695701145999948      51.6347803159000023      91.7277435722999996      -0.0800543425156226
     98.9759576768999949      55.1677780091999992     104.7946809984999987      -0.0523359380744828
    100.2242804292999949      54.3658179837999995     101.2311887970000015      -0.0563207794223191
     98.9075552653000045      52.8537102704000006      98.6132285527999954      -0.0619341199279142
     98.9164445363000056      57.3213286430000011     101.8116691569999972      -0.0551766900431980
     99.4538882765999972      51.3817271087999998     101.8007956736999944      -0.0571351666820510
     99.6913909286000006      42.2868141865999974      99.4148843322000033      -0.0610587657196904
    100.8527106965999991      45.3744488176999994      98.5995431572000030      -0.0615245138020706
    101.2228626642999956      43.8010043780999965      95.7676338057000009      -0.0656301914303015
     97.5997326003000012      42.8627573145000014      92.2637700181000042      -0.0781717365635011
    100.0453158193000007      44.4414249567999988      93.2626546091999984      -0.0720995835733724
     99.5646696832999964      41.0774405765000026      95.5401750473999982      -0.0675221372492643
