NEB log file generated by ORCA
All quantities are given in atomic units. Unless stated otherwise. 
iteration       : 0
climbing        : yes
zoom on         : no
nim             : 10
barrier         :   0.01468724 (image:  6) 
distance        :   0.00000000    1.82669948    3.65341019    5.43879807    7.25847660    8.12835568    8.94344861    9.90882154   11.93905412   14.30918206 
energy          : -1076.35637348  -1076.35847881  -1076.35924951  -1076.35982701  -1076.35681042  -1076.34727426  -1076.34168624  -1076.35481651  -1076.38317713  -1076.39068712 
max(|Fr_perp|)   :   0.00000000    0.00224545    0.00583207    0.00823403    0.01147381    0.00970800    0.00216140    0.00678609    0.00919158    0.00000000 
Fr_paral         :   0.00000000    0.00063565    0.00058776   -0.00064127   -0.00922766   -0.01757667    0.00075324    0.02921116    0.00928040    0.00000000 
max(|Fsp_paral|) :   0.00000000    0.00000004    0.00019711    0.00013195    0.01223954    0.00833736    0.00484282    0.02606720    0.00439501    0.00000000 
max(|Fsp_perp|)  :   0.00000000    0.00000000    0.00000000    0.00000000    0.00000000    0.00000000    0.00000000    0.00000000    0.00000000    0.00000000 
max(|FNEB|)      :   0.00000000    0.00225714    0.00586106    0.00824035    0.01557010    0.01090881    0.00635070    0.01936824    0.00721335    0.00000000 
max(|Force|)     :   0.00148034    0.00221467    0.00584010    0.00829004    0.01340607    0.01573961    0.00192122    0.01999200    0.01038743    0.00188590 
ksp              :   0.01000000    0.01000000    0.01000000    0.01000000    0.06576340    0.10000000    0.10000000    0.01946299    0.01000000 
max(|step|)      :   0.00000000    0.00083405    0.00216576    0.00304495    0.00575342    0.00403100    0.00234669    0.00715690    0.00266546    0.00000000 
angle (deg.)     :    8.1292  7.8737  8.8259  17.3720  17.7973  30.8203  44.9949  12.8601 
>
iteration       : 1
climbing        : yes
zoom on         : no
nim             : 10
barrier         :   0.01466900 (image:  6) 
distance        :   0.00000000    1.82669901    3.65332646    5.43954147    7.27510722    8.14149165    8.95345416    9.89362085   11.93450996   14.31133430 
energy          : -1076.35637348  -1076.35850104  -1076.35932101  -1076.35994154  -1076.35690757  -1076.34731290  -1076.34170448  -1076.35440676  -1076.38324961  -1076.39068712 
max(|Fr_perp|)   :   0.00000000    0.00193941    0.00508656    0.00730708    0.01118032    0.00949945    0.00209793    0.00647583    0.00867565    0.00000000 
Fr_paral         :   0.00000000    0.00063070    0.00051643   -0.00050965   -0.00924653   -0.01784134    0.00089350    0.02919312    0.00926647    0.00000000 
max(|Fsp_paral|) :   0.00000000    0.00000031    0.00019297    0.00018753    0.01205023    0.00847076    0.00419615    0.02259401    0.00589426    0.00000000 
max(|Fsp_perp|)  :   0.00000000    0.00000000    0.00000000    0.00000000    0.00000000    0.00000000    0.00000000    0.00000000    0.00000000    0.00000000 
max(|FNEB|)      :   0.00000000    0.00193681    0.00509208    0.00727847    0.01523562    0.01075741    0.00238908    0.01609051    0.00783004    0.00000000 
max(|Force|)     :   0.00148034    0.00185602    0.00507441    0.00732904    0.01312320    0.01570092    0.00182755    0.01986926    0.00989238    0.00188590 
ksp              :   0.01000000    0.01000000    0.01000000    0.01000000    0.06559013    0.10000000    0.10000000    0.02206657    0.01000000 
max(|step|)      :   0.00000000    0.01214083    0.03173487    0.04540612    0.09559923    0.06752764    0.01668583    0.10000000    0.04959164    0.00000000 
angle (deg.)     :    8.3684  8.0569  9.8291  20.8973  25.6987  34.8001  44.9879  20.4923 
>
iteration       : 2
climbing        : yes
zoom on         : no
nim             : 10
barrier         :   0.01456146 (image:  6) 
distance        :   0.00000000    1.82711472    3.65266679    5.45084926    7.55159318    8.36476785    9.03559563    9.71131747   11.87690221   14.40432773 
energy          : -1076.35637348  -1076.35846074  -1076.35930110  -1076.36028178  -1076.35776769  -1076.34758393  -1076.34181202  -1076.34912677  -1076.38332163  -1076.39068712 
max(|Fr_perp|)   :   0.00000000    0.00839418    0.01501313    0.01489896    0.01293033    0.01028722    0.00391787    0.00527065    0.00577840    0.00000000 
Fr_paral         :   0.00000000    0.00043020   -0.00025527    0.00090333   -0.00902587   -0.02186886    0.00027908    0.02657231    0.00743498    0.00000000 
max(|Fsp_paral|) :   0.00000000    0.00000673    0.00013122    0.00115499    0.00942363    0.00641420    0.00021227    0.02651270    0.02479449    0.00000000 
max(|Fsp_perp|)  :   0.00000000    0.00000000    0.00000000    0.00000000    0.00000000    0.00000000    0.00000000    0.00000000    0.00000000    0.00000000 
max(|FNEB|)      :   0.00000000    0.00847141    0.01511969    0.01554896    0.01880320    0.01240913    0.00392259    0.02910175    0.02727295    0.00000000 
max(|Force|)     :   0.00148034    0.00851081    0.01512034    0.01518984    0.01137068    0.01598394    0.00399455    0.01635185    0.00610897    0.00188590 
ksp              :   0.01000000    0.01000000    0.01000000    0.01000000    0.06433651    0.10000000    0.10000000    0.05485429    0.01000000 
max(|step|)      :   0.00000000    0.02730256    0.04872937    0.05011287    0.06060098    0.03999348    0.01264214    0.09379226    0.08789819    0.00000000 
angle (deg.)     :    8.4886  7.5900  9.2302  23.7456  28.9157  34.3937  50.1153  15.9798 
>
iteration       : 3
climbing        : yes
zoom on         : no
nim             : 10
barrier         :   0.01467986 (image:  6) 
distance        :   0.00000000    1.82807643    3.65232305    5.45123842    7.65097155    8.43020700    9.06314980    9.90675428   11.67282406   14.48783425 
energy          : -1076.35637348  -1076.35778428  -1076.35717773  -1076.35776823  -1076.35627371  -1076.34676131  -1076.34169362  -1076.35373279  -1076.38053907  -1076.39068712 
max(|Fr_perp|)   :   0.00000000    0.02393621    0.04295298    0.05142257    0.04142034    0.02722711    0.01314212    0.01313494    0.01417897    0.00000000 
Fr_paral         :   0.00000000    0.00002509   -0.00042311   -0.00201111   -0.00910338   -0.01961859   -0.00055693    0.03155606    0.01085805    0.00000000 
max(|Fsp_paral|) :   0.00000000    0.00001700    0.00011827    0.00203409    0.00899032    0.00445530    0.00903376    0.02033460    0.00492340    0.00000000 
max(|Fsp_perp|)  :   0.00000000    0.00000000    0.00000000    0.00000000    0.00000000    0.00000000    0.00000000    0.00000000    0.00000000    0.00000000 
max(|FNEB|)      :   0.00000000    0.02393935    0.04298981    0.05068180    0.03640922    0.02657415    0.01306583    0.01749216    0.01201855    0.00000000 
max(|Force|)     :   0.00148034    0.02393332    0.04301466    0.05170584    0.04295720    0.02876862    0.01321841    0.01958601    0.01581904    0.00188590 
ksp              :   0.01000000    0.01000000    0.01000000    0.01061168    0.06893076    0.10000000    0.10000000    0.02618968    0.01000000 
max(|step|)      :   0.00000000    0.01679778    0.03020373    0.03676609    0.03201803    0.02329143    0.00945885    0.01146319    0.01842869    0.00000000 
angle (deg.)     :    8.6224  8.1457  9.9367  24.5123  30.1515  34.0684  50.1291  16.3153 
>
iteration       : 4
climbing        : yes
zoom on         : no
nim             : 10
barrier         :   0.01446262 (image:  6) 
distance        :   0.00000000    1.82911180    3.65709882    5.46909947    7.71058094    8.47179398    9.09602042    9.93057614   11.65466432   14.52411988 
energy          : -1076.35637348  -1076.35864227  -1076.35988419  -1076.36119038  -1076.35840911  -1076.34781945  -1076.34191086  -1076.35381556  -1076.38046876  -1076.39068712 
max(|Fr_perp|)   :   0.00000000    0.00457484    0.00585668    0.00680765    0.00791790    0.00597875    0.00134882    0.00387189    0.01275074    0.00000000 
Fr_paral         :   0.00000000    0.00046343    0.00013191    0.00043636   -0.01024655   -0.02397992    0.00026079    0.03229239    0.01157738    0.00000000 
max(|Fsp_paral|) :   0.00000000    0.00000484    0.00007700    0.00163766    0.00754877    0.00681840    0.00908657    0.02084764    0.00435053    0.00000000 
max(|Fsp_perp|)  :   0.00000000    0.00000000    0.00000000    0.00000000    0.00000000    0.00000000    0.00000000    0.00000000    0.00000000    0.00000000 
max(|FNEB|)      :   0.00000000    0.00457241    0.00588459    0.00733911    0.01290622    0.00756446    0.00144887    0.01874642    0.01022836    0.00000000 
max(|Force|)     :   0.00148034    0.00457836    0.00583106    0.00686263    0.01050540    0.01574784    0.00129790    0.01936698    0.01456120    0.00188590 
ksp              :   0.01000000    0.01000000    0.01000000    0.01000000    0.06323121    0.10000000    0.10000000    0.02591779    0.01000000 
max(|step|)      :   0.00000000    0.00408167    0.00726245    0.01014902    0.01806714    0.00995749    0.00215929    0.00762251    0.01824655    0.00000000 
angle (deg.)     :    8.6358  8.1816  10.1201  25.7303  31.2443  34.3898  49.9007  17.2925 
>
iteration       : 5
climbing        : yes
zoom on         : no
nim             : 10
barrier         :   0.01443327 (image:  6) 
distance        :   0.00000000    1.82965994    3.65825256    5.47653979    7.76048047    8.50785564    9.11685371    9.93529318   11.62060249   14.54954852 
energy          : -1076.35637348  -1076.35871411  -1076.35996416  -1076.36130461  -1076.35854348  -1076.34778715  -1076.34194021  -1076.35345790  -1076.38031489  -1076.39068712 
max(|Fr_perp|)   :   0.00000000    0.00494220    0.00925974    0.00950775    0.01022586    0.00871629    0.00306270    0.00434239    0.01108895    0.00000000 
Fr_paral         :   0.00000000    0.00053258   -0.00003342    0.00067391   -0.01054568   -0.02441511    0.00018830    0.03234125    0.01180445    0.00000000 
max(|Fsp_paral|) :   0.00000000    0.00000460    0.00004967    0.00176955    0.00710173    0.00656187    0.00922033    0.01860555    0.00495058    0.00000000 
max(|Fsp_perp|)  :   0.00000000    0.00000000    0.00000000    0.00000000    0.00000000    0.00000000    0.00000000    0.00000000    0.00000000    0.00000000 
max(|FNEB|)      :   0.00000000    0.00494254    0.00924704    0.01015341    0.01463291    0.01015470    0.00304426    0.01683962    0.00834302    0.00000000 
max(|Force|)     :   0.00148034    0.00499358    0.00925555    0.00960261    0.01016024    0.01570278    0.00308114    0.01918878    0.01303810    0.00188590 
ksp              :   0.01000000    0.01000000    0.01000000    0.01000000    0.06354084    0.10000000    0.10000000    0.02818036    0.01000000 
max(|step|)      :   0.00000000    0.01341520    0.02581867    0.03527930    0.09003877    0.04887307    0.01153248    0.02926286    0.10000000    0.00000000 
angle (deg.)     :    8.9377  8.3895  10.9282  33.1068  37.7259  36.6946  49.1209  22.9425 
>
iteration       : 6
climbing        : yes
zoom on         : no
nim             : 10
barrier         :   0.01437061 (image:  6) 
distance        :   0.00000000    1.83330496    3.66629255    5.51767855    8.02597206    8.70374173    9.25191072   10.01297442   11.46574125   14.72971070 
energy          : -1076.35637348  -1076.35848612  -1076.35943115  -1076.36099750  -1076.35847577  -1076.34734140  -1076.34200286  -1076.35205203  -1076.37879850  -1076.39068712 
max(|Fr_perp|)   :   0.00000000    0.01512558    0.02655148    0.02868227    0.02701226    0.01611722    0.00699670    0.00640563    0.00661572    0.00000000 
Fr_paral         :   0.00000000    0.00024936   -0.00069647    0.00134211   -0.01142100   -0.02521430   -0.00018379    0.03193614    0.01280539    0.00000000 
max(|Fsp_paral|) :   0.00000000    0.00000140    0.00008908    0.00248117    0.00611551    0.00528431    0.01022110    0.01245707    0.00573694    0.00000000 
max(|Fsp_perp|)  :   0.00000000    0.00000000    0.00000000    0.00000000    0.00000000    0.00000000    0.00000000    0.00000000    0.00000000    0.00000000 
max(|FNEB|)      :   0.00000000    0.01530397    0.02689072    0.02997317    0.03087468    0.01697848    0.00709498    0.01167585    0.00979382    0.00000000 
max(|Force|)     :   0.00148034    0.01532521    0.02677627    0.02924076    0.02525293    0.01571820    0.00707685    0.01856812    0.00934479    0.00188590 
ksp              :   0.01000000    0.01000000    0.01000000    0.01000000    0.06659373    0.10000000    0.10000000    0.03704074    0.01000000 
max(|step|)      :   0.00000000    0.01445533    0.02539955    0.02831107    0.02916259    0.01603697    0.00670155    0.01102839    0.00925072    0.00000000 
angle (deg.)     :    8.9412  8.1218  10.7373  34.0615  37.1812  36.7513  48.4585  24.0344 
>
iteration       : 7
climbing        : yes
zoom on         : no
nim             : 10
barrier         :   0.01430237 (image:  6) 
distance        :   0.00000000    1.83351397    3.66603230    5.51808411    8.03977761    8.70947449    9.25105256    9.99328828   11.44184055   14.72872353 
energy          : -1076.35637348  -1076.35886525  -1076.36038949  -1076.36210837  -1076.35920575  -1076.34744987  -1076.34207111  -1076.35163570  -1076.37886381  -1076.39068712 
max(|Fr_perp|)   :   0.00000000    0.00390593    0.00715579    0.00835533    0.01017730    0.00730969    0.00204245    0.00296124    0.00620789    0.00000000 
Fr_paral         :   0.00000000    0.00114580    0.00168493   -0.00013926   -0.01296583   -0.02595953   -0.00007855    0.03135205    0.01300240    0.00000000 
max(|Fsp_paral|) :   0.00000000    0.00000430    0.00009424    0.00251790    0.00598656    0.00540680    0.00962321    0.00926741    0.00671701    0.00000000 
max(|Fsp_perp|)  :   0.00000000    0.00000000    0.00000000    0.00000000    0.00000000    0.00000000    0.00000000    0.00000000    0.00000000    0.00000000 
max(|FNEB|)      :   0.00000000    0.00390530    0.00711531    0.01086104    0.01390208    0.00782867    0.00204595    0.00824133    0.00850231    0.00000000 
max(|Force|)     :   0.00148034    0.00376034    0.00682755    0.00830296    0.00933174    0.01537065    0.00203894    0.01850643    0.00905292    0.00188590 
ksp              :   0.01000000    0.01000000    0.01000000    0.01000000    0.06615330    0.10000000    0.10000000    0.03981327    0.01000000 
max(|step|)      :   0.00000000    0.00304224    0.00500986    0.00677189    0.01012406    0.00495544    0.00098389    0.00838647    0.00774388    0.00000000 
angle (deg.)     :    9.0175  8.2123  10.8853  35.1576  36.6478  36.8693  47.9445  24.9126 
>
iteration       : 8
climbing        : yes
zoom on         : no
nim             : 10
barrier         :   0.01428785 (image:  6) 
distance        :   0.00000000    1.83359979    3.66675008    5.52658373    8.06508134    8.72765527    9.26206803    9.98989373   11.42888036   14.74089348 
energy          : -1076.35637348  -1076.35888494  -1076.36045497  -1076.36222722  -1076.35924486  -1076.34732811  -1076.34208563  -1076.35126541  -1076.37881637  -1076.39068712 
max(|Fr_perp|)   :   0.00000000    0.00270834    0.00515145    0.00657373    0.00577697    0.00310971    0.00119422    0.00195076    0.00624861    0.00000000 
Fr_paral         :   0.00000000    0.00099588    0.00128493    0.00012140   -0.01325469   -0.02587055   -0.00006660    0.03081565    0.01323599    0.00000000 
max(|Fsp_paral|) :   0.00000000    0.00000194    0.00012897    0.00254913    0.00611596    0.00498892    0.00929126    0.00677992    0.00746619    0.00000000 
max(|Fsp_perp|)  :   0.00000000    0.00000000    0.00000000    0.00000000    0.00000000    0.00000000    0.00000000    0.00000000    0.00000000    0.00000000 
max(|FNEB|)      :   0.00000000    0.00270924    0.00513432    0.00654211    0.00880098    0.00394748    0.00119086    0.00582868    0.00920252    0.00000000 
max(|Force|)     :   0.00148034    0.00278924    0.00505223    0.00655619    0.00947821    0.01514185    0.00119757    0.01816242    0.00935164    0.00188590 
ksp              :   0.01000000    0.01000000    0.01000000    0.01000000    0.06697729    0.10000000    0.10000000    0.04217601    0.01000000 
max(|step|)      :   0.00000000    0.02112424    0.03348967    0.06023592    0.09607969    0.04704185    0.01210957    0.08751531    0.09750330    0.00000000 
angle (deg.)     :    9.8198  8.8707  12.4012  50.4714  29.7785  38.8698  43.0588  36.4517 
>
iteration       : 9
climbing        : yes
zoom on         : no
nim             : 10
barrier         :   0.01430528 (image:  6) 
distance        :   0.00000000    1.83549242    3.67522509    5.62187325    8.36023306    8.95626274    9.41335411    9.99821079   11.31212670   14.94850736 
energy          : -1076.35637348  -1076.35834716  -1076.35971198  -1076.36179872  -1076.35847610  -1076.34547786  -1076.34206819  -1076.34762696  -1076.37728726  -1076.39068712 
max(|Fr_perp|)   :   0.00000000    0.01321974    0.02339369    0.02001277    0.02165597    0.01546002    0.00385326    0.00880656    0.00839784    0.00000000 
Fr_paral         :   0.00000000   -0.00054356   -0.00130939    0.00191940   -0.01647651   -0.02138451   -0.00034366    0.02330273    0.01547572    0.00000000 
max(|Fsp_paral|) :   0.00000000    0.00001837    0.00052289    0.00292315    0.00815537    0.00062659    0.00628592    0.01526482    0.01595305    0.00000000 
max(|Fsp_perp|)  :   0.00000000    0.00000000    0.00000000    0.00000000    0.00000000    0.00000000    0.00000000    0.00000000    0.00000000    0.00000000 
max(|FNEB|)      :   0.00000000    0.01322736    0.02359692    0.02267699    0.02102442    0.01554368    0.00384673    0.01671600    0.01299153    0.00000000 
max(|Force|)     :   0.00148034    0.01315790    0.02314981    0.02065738    0.02360108    0.01523102    0.00385979    0.01484133    0.01342839    0.00188590 
ksp              :   0.01000000    0.01000000    0.01000000    0.01000000    0.07854851    0.10000000    0.10000000    0.06502771    0.01000000 
max(|step|)      :   0.00000000    0.01434880    0.02968258    0.04720456    0.08466761    0.03913685    0.01183151    0.06472427    0.10000000    0.00000000 
angle (deg.)     :    10.4757  9.2487  13.6811  67.5049  23.7664  40.6934  41.5290  48.7118 
>
iteration       : 10
climbing        : yes
zoom on         : no
nim             : 10
barrier         :   0.01428360 (image:  6) 
distance        :   0.00000000    1.83910838    3.68515273    5.71240625    8.64149452    9.20695437    9.61423456   10.11057372   11.30118247   15.27454381 
energy          : -1076.35637348  -1076.35807934  -1076.35925730  -1076.36150527  -1076.35766356  -1076.34421617  -1076.34208988  -1076.34542129  -1076.37507082  -1076.39068712 
max(|Fr_perp|)   :   0.00000000    0.01662060    0.02964399    0.02577486    0.03007327    0.02497682    0.00520026    0.01136338    0.00954040    0.00000000 
Fr_paral         :   0.00000000   -0.00111162   -0.00216007    0.00292373   -0.02021832   -0.01573526   -0.00067404    0.01617551    0.01836286    0.00000000 
max(|Fsp_paral|) :   0.00000000    0.00003011    0.00089137    0.00323492    0.00957910    0.00466054    0.00439863    0.02472514    0.02216828    0.00000000 
max(|Fsp_perp|)  :   0.00000000    0.00000000    0.00000000    0.00000000    0.00000000    0.00000000    0.00000000    0.00000000    0.00000000    0.00000000 
max(|FNEB|)      :   0.00000000    0.01678065    0.03024530    0.02831448    0.02977965    0.02462290    0.00526594    0.02702267    0.01741246    0.00000000 
max(|Force|)     :   0.00148034    0.01664898    0.02950840    0.02624594    0.03114896    0.02401473    0.00524088    0.01294287    0.01658440    0.00188590 
ksp              :   0.01000000    0.01000000    0.01000000    0.01000000    0.08667170    0.10000000    0.10000000    0.07906921    0.01000000 
max(|step|)      :   0.00000000    0.01948035    0.03511121    0.03286976    0.03457065    0.02858428    0.00611313    0.03137012    0.02021380    0.00000000 
angle (deg.)     :    10.0166  8.5999  13.4435  67.7158  22.7633  39.1193  41.1557  47.2850 
>
iteration       : 11
climbing        : yes
zoom on         : no
nim             : 10
barrier         :   0.01409450 (image:  6) 
distance        :   0.00000000    1.83986794    3.68440364    5.70568310    8.63067934    9.16170823    9.58355812   10.12963671   11.21424016   15.23439706 
energy          : -1076.35637348  -1076.35906333  -1076.36084847  -1076.36320585  -1076.35816546  -1076.34492769  -1076.34227898  -1076.34690273  -1076.37464893  -1076.39068712 
max(|Fr_perp|)   :   0.00000000    0.00913759    0.01603798    0.01808924    0.02198491    0.01719574    0.00399133    0.00639141    0.00753355    0.00000000 
Fr_paral         :   0.00000000    0.00155977    0.00270046   -0.00058906   -0.02304283   -0.01844967   -0.00046233    0.02075373    0.02158461    0.00000000 
max(|Fsp_paral|) :   0.00000000    0.00002034    0.00085925    0.00315092    0.00722972    0.00109324    0.00618328    0.01221177    0.01472458    0.00000000 
max(|Fsp_perp|)  :   0.00000000    0.00000000    0.00000000    0.00000000    0.00000000    0.00000000    0.00000000    0.00000000    0.00000000    0.00000000 
max(|FNEB|)      :   0.00000000    0.00913064    0.01569747    0.02122627    0.02259678    0.01709733    0.00397241    0.01342434    0.00989149    0.00000000 
max(|Force|)     :   0.00148034    0.00895442    0.01552119    0.01788385    0.02078404    0.01706285    0.00401026    0.01287873    0.01553793    0.00188590 
ksp              :   0.01000000    0.01000000    0.01000000    0.01000000    0.08308673    0.10000000    0.10000000    0.07047519    0.01000000 
max(|step|)      :   0.00000000    0.00578140    0.00924971    0.01277744    0.01235888    0.00887862    0.00216567    0.01744587    0.01229007    0.00000000 
angle (deg.)     :    10.0990  8.7706  13.6842  68.2359  21.6824  38.3035  40.7442  46.7735 
>
iteration       : 12
climbing        : yes
zoom on         : no
nim             : 10
barrier         :   0.01407484 (image:  6) 
distance        :   0.00000000    1.84023801    3.68730138    5.71998469    8.64828092    9.15753213    9.58628174   10.16072463   11.17853104   15.23448597 
energy          : -1076.35637348  -1076.35913777  -1076.36115025  -1076.36367384  -1076.35812027  -1076.34527602  -1076.34229863  -1076.34757684  -1076.37401652  -1076.39068712 
max(|Fr_perp|)   :   0.00000000    0.00444626    0.00722229    0.00695487    0.00780744    0.00360447    0.00110276    0.00229914    0.00686319    0.00000000 
Fr_paral         :   0.00000000    0.00131430    0.00180018    0.00017739   -0.02413068   -0.02020567   -0.00025706    0.02264926    0.02293104    0.00000000 
max(|Fsp_paral|) :   0.00000000    0.00002979    0.00090535    0.00311645    0.00582549    0.00093031    0.00726065    0.00557440    0.01097598    0.00000000 
max(|Fsp_perp|)  :   0.00000000    0.00000000    0.00000000    0.00000000    0.00000000    0.00000000    0.00000000    0.00000000    0.00000000    0.00000000 
max(|FNEB|)      :   0.00000000    0.00443684    0.00686741    0.01005810    0.00821296    0.00346603    0.00109570    0.00654209    0.00701332    0.00000000 
max(|Force|)     :   0.00148034    0.00429475    0.00688070    0.00701660    0.01373219    0.01202990    0.00110982    0.01304333    0.01535383    0.00188590 
ksp              :   0.01000000    0.01000000    0.01000000    0.01000000    0.08096142    0.10000000    0.10000000    0.06624909    0.01000000 
max(|step|)      :   0.00000000    0.00591747    0.01042659    0.01825731    0.01287383    0.00397314    0.00182348    0.02468761    0.02046078    0.00000000 
angle (deg.)     :    10.2775  8.9748  14.1617  69.9739  19.0273  37.4308  39.1069  47.0362 
>
iteration       : 13
climbing        : yes
zoom on         : no
nim             : 10
barrier         :   0.01406069 (image:  6) 
distance        :   0.00000000    1.84087185    3.69332696    5.74789931    8.67887322    9.15399268    9.58866158   10.20419300   11.10867887   15.23689498 
energy          : -1076.35637348  -1076.35916113  -1076.36125482  -1076.36384448  -1076.35748798  -1076.34538952  -1076.34231279  -1076.34851284  -1076.37265715  -1076.39068712 
max(|Fr_perp|)   :   0.00000000    0.00356238    0.00270186    0.00307322    0.00334499    0.00251234    0.00093915    0.00184953    0.00549008    0.00000000 
Fr_paral         :   0.00000000    0.00103034    0.00101859    0.00056484   -0.02561320   -0.02052036   -0.00018043    0.02475220    0.02460797    0.00000000 
max(|Fsp_paral|) :   0.00000000    0.00005062    0.00098940    0.00301471    0.00436962    0.00300704    0.00911772    0.00388264    0.00556506    0.00000000 
max(|Fsp_perp|)  :   0.00000000    0.00000000    0.00000000    0.00000000    0.00000000    0.00000000    0.00000000    0.00000000    0.00000000    0.00000000 
max(|FNEB|)      :   0.00000000    0.00356267    0.00272409    0.00461562    0.00353683    0.00278423    0.00093420    0.00327454    0.00531396    0.00000000 
max(|Force|)     :   0.00148034    0.00354909    0.00271024    0.00298512    0.01503251    0.01207742    0.00094411    0.01428104    0.01531836    0.00188590 
ksp              :   0.01000000    0.01000000    0.01000000    0.01000000    0.08030640    0.10000000    0.10000000    0.06031455    0.01000000 
max(|step|)      :   0.00000000    0.00463514    0.00669434    0.01674652    0.01399925    0.00527673    0.00275381    0.00864560    0.02312849    0.00000000 
angle (deg.)     :    10.4376  9.0826  14.8130  72.7857  14.8429  36.9155  34.5054  50.1285 
>
iteration       : 14
climbing        : yes
zoom on         : no
nim             : 10
barrier         :   0.01403790 (image:  6) 
distance        :   0.00000000    1.84166143    3.70169901    5.78481172    8.71387889    9.15889294    9.59115637   10.22037039   11.03478617   15.24599787 
energy          : -1076.35637348  -1076.35921297  -1076.36132880  -1076.36397274  -1076.35668189  -1076.34531224  -1076.34233557  -1076.34890084  -1076.37144279  -1076.39068712 
max(|Fr_perp|)   :   0.00000000    0.00211478    0.00384099    0.00407524    0.00561210    0.00650981    0.00129729    0.00136918    0.00817723    0.00000000 
Fr_paral         :   0.00000000    0.00104670    0.00099592    0.00054032   -0.02690523   -0.02008706   -0.00010758    0.02547529    0.02602408    0.00000000 
max(|Fsp_paral|) :   0.00000000    0.00008047    0.00109321    0.00289980    0.00339494    0.00408372    0.00999585    0.00871363    0.00225007    0.00000000 
max(|Fsp_perp|)  :   0.00000000    0.00000000    0.00000000    0.00000000    0.00000000    0.00000000    0.00000000    0.00000000    0.00000000    0.00000000 
max(|FNEB|)      :   0.00000000    0.00213673    0.00415226    0.00544199    0.00560546    0.00685015    0.00129441    0.00799425    0.00829920    0.00000000 
max(|Force|)     :   0.00148034    0.00223198    0.00397977    0.00416333    0.01551567    0.01180815    0.00130017    0.01518887    0.01577134    0.00188590 
ksp              :   0.01000000    0.01000000    0.01000000    0.01000000    0.08091597    0.10000000    0.10000000    0.05790870    0.01000000 
max(|step|)      :   0.00000000    0.01040070    0.02108448    0.05232709    0.03675816    0.01759022    0.00834544    0.01247767    0.05953799    0.00000000 
angle (deg.)     :    10.9582  9.4894  16.8928  83.0180  9.3295  35.9498  16.2747  66.0580 
>
iteration       : 15
climbing        : yes
zoom on         : no
nim             : 10
barrier         :   0.01398518 (image:  6) 
distance        :   0.00000000    1.84446383    3.72903676    5.89847410    8.81475010    9.20215310    9.61659550   10.23721065   10.90253839   15.33544247 
energy          : -1076.35637348  -1076.35928627  -1076.36153316  -1076.36440086  -1076.35432763  -1076.34501205  -1076.34238829  -1076.34886837  -1076.36836272  -1076.39068712 
max(|Fr_perp|)   :   0.00000000    0.00262914    0.00546489    0.00536885    0.00949776    0.00500791    0.00160754    0.00453079    0.02674775    0.00000000 
Fr_paral         :   0.00000000    0.00098932    0.00074345    0.00056062   -0.02802007   -0.01875934    0.00016476    0.02507675    0.02805492    0.00000000 
max(|Fsp_paral|) :   0.00000000    0.00017644    0.00140234    0.01580792    0.01927241    0.00519299    0.01049581    0.01280018    0.00294969    0.00000000 
max(|Fsp_perp|)  :   0.00000000    0.00000000    0.00000000    0.00000000    0.00000000    0.00000000    0.00000000    0.00000000    0.00000000    0.00000000 
max(|FNEB|)      :   0.00000000    0.00267314    0.00599847    0.02040632    0.02040950    0.00520116    0.00160761    0.01238924    0.02639302    0.00000000 
max(|Force|)     :   0.00148034    0.00273307    0.00560322    0.00518665    0.01643791    0.01101312    0.00160746    0.01496271    0.02549154    0.00188590 
ksp              :   0.01000000    0.01000000    0.01000000    0.02316581    0.08311513    0.10000000    0.10000000    0.05829823    0.01000000 
max(|step|)      :   0.00000000    0.01418692    0.02715390    0.07797299    0.03053799    0.02860559    0.01159507    0.02895000    0.08099628    0.00000000 
angle (deg.)     :    11.6906  10.0561  19.5088  98.9210  29.2350  34.9276  25.3587  95.1628 
>
iteration       : 16
climbing        : yes
zoom on         : no
nim             : 10
barrier         :   0.01391898 (image:  6) 
distance        :   0.00000000    1.84930176    3.76868508    6.08911315    8.94728791    9.33820275    9.72297129   10.30624784   10.96493975   15.68575367 
energy          : -1076.35637348  -1076.35935604  -1076.36182473  -1076.36502260  -1076.35218777  -1076.34445850  -1076.34245450  -1076.34820936  -1076.36505084  -1076.39068712 
max(|Fr_perp|)   :   0.00000000    0.00445479    0.00438009    0.00533945    0.00814029    0.00917145    0.00098741    0.00337761    0.02581867    0.00000000 
Fr_paral         :   0.00000000    0.00107895    0.00107448    0.00020141   -0.02497639   -0.01579812    0.00043514    0.02308646    0.02505770    0.00000000 
max(|Fsp_paral|) :   0.00000000    0.00031001    0.00198127    0.02853372    0.04091067    0.00244821    0.01004666    0.00922572    0.00324495    0.00000000 
max(|Fsp_perp|)  :   0.00000000    0.00000000    0.00000000    0.00000000    0.00000000    0.00000000    0.00000000    0.00000000    0.00000000    0.00000000 
max(|FNEB|)      :   0.00000000    0.00445773    0.00512620    0.03217385    0.04166670    0.00925797    0.00098900    0.00906483    0.02551120    0.00000000 
max(|Force|)     :   0.00148034    0.00446219    0.00457898    0.00536230    0.01560600    0.00959693    0.00098582    0.01339516    0.02490734    0.00188590 
ksp              :   0.01000000    0.01000000    0.01000000    0.03706476    0.08704216    0.10000000    0.10000000    0.06278910    0.01000000 
max(|step|)      :   0.00000000    0.01753725    0.03353533    0.09651774    0.03742689    0.03534281    0.01431713    0.03588417    0.10000000    0.00000000 
angle (deg.)     :    12.6566  10.7713  23.1666  115.8379  56.2169  33.7558  58.5040  122.4481 
>
iteration       : 17
climbing        : yes
zoom on         : no
nim             : 10
barrier         :   0.01385869 (image:  6) 
distance        :   0.00000000    1.85673147    3.81992364    6.32812143    9.12621893    9.57587571    9.93034747   10.47314613   11.35134101   16.42985227 
energy          : -1076.35637348  -1076.35935765  -1076.36201769  -1076.36557528  -1076.34939650  -1076.34381878  -1076.34251479  -1076.34733329  -1076.36038693  -1076.39068712 
max(|Fr_perp|)   :   0.00000000    0.00817424    0.00533566    0.00783335    0.00848418    0.01410906    0.00105046    0.00602535    0.02326225    0.00000000 
Fr_paral         :   0.00000000    0.00109228    0.00133163    0.00018179   -0.01713583   -0.01161005    0.00068696    0.02001887    0.01396059    0.00000000 
max(|Fsp_paral|) :   0.00000000    0.00047385    0.00270559    0.04464301    0.05990993    0.00301897    0.00928486    0.00320609    0.00413275    0.00000000 
max(|Fsp_perp|)  :   0.00000000    0.00000000    0.00000000    0.00000000    0.00000000    0.00000000    0.00000000    0.00000000    0.00000000    0.00000000 
max(|FNEB|)      :   0.00000000    0.00820722    0.00541219    0.04902238    0.06341897    0.01438352    0.00106223    0.00596581    0.02354268    0.00000000 
max(|Force|)     :   0.00148034    0.00820923    0.00537123    0.00789814    0.01384525    0.01447106    0.00105694    0.01151277    0.02319391    0.00188590 
ksp              :   0.01000000    0.01000000    0.01000000    0.05540603    0.09155680    0.10000000    0.10000000    0.06872155    0.01000000 
max(|step|)      :   0.00000000    0.01294127    0.00853402    0.07729924    0.10000000    0.02268016    0.00167494    0.00940697    0.03712246    0.00000000 
angle (deg.)     :    12.7081  11.5477  20.2822  117.4426  54.0713  33.0311  55.8586  120.4964 
>
iteration       : 18
climbing        : yes
zoom on         : no
nim             : 10
barrier         :   0.01384102 (image:  6) 
distance        :   0.00000000    1.85856434    3.82852932    6.52235521    9.17516391    9.78819739   10.15396697   10.70918969   11.56763102   16.60613868 
energy          : -1076.35637348  -1076.35951245  -1076.36220968  -1076.36556401  -1076.35326388  -1076.34383193  -1076.34253246  -1076.34777119  -1076.36121152  -1076.39068712 
max(|Fr_perp|)   :   0.00000000    0.00258902    0.00320962    0.01051121    0.00963710    0.01907263    0.00163604    0.00396051    0.02825699    0.00000000 
Fr_paral         :   0.00000000    0.00131707    0.00170188   -0.00092085   -0.01396823   -0.01145646    0.00061179    0.02122373    0.01562346    0.00000000 
max(|Fsp_paral|) :   0.00000000    0.00049655    0.00358263    0.01844602    0.01290457    0.01028936    0.00942977    0.00057242    0.00275868    0.00000000 
max(|Fsp_perp|)  :   0.00000000    0.00000000    0.00000000    0.00000000    0.00000000    0.00000000    0.00000000    0.00000000    0.00000000    0.00000000 
max(|FNEB|)      :   0.00000000    0.00272771    0.00449270    0.02641513    0.01368384    0.01765370    0.00163413    0.00397265    0.02851694    0.00000000 
max(|Force|)     :   0.00148034    0.00275121    0.00346728    0.01023517    0.01074880    0.01810481    0.00163796    0.01223767    0.02781782    0.00188590 
ksp              :   0.01000000    0.01000000    0.01000000    0.03021986    0.09155031    0.10000000    0.10000000    0.06593565    0.01000000 
max(|step|)      :   0.00000000    0.00349112    0.00959552    0.06963468    0.06478273    0.02587782    0.00229528    0.00869497    0.03867268    0.00000000 
angle (deg.)     :    12.7725  11.9214  19.2241  119.3186  52.3577  32.0236  51.6164  117.3547 
>
iteration       : 19
climbing        : yes
zoom on         : no
nim             : 10
barrier         :   0.01384254 (image:  6) 
distance        :   0.00000000    1.86140050    3.84548230    6.70040597    9.19819178    9.89300801   10.30085420   10.86658861   11.71027054   16.69772081 
energy          : -1076.35637348  -1076.35951671  -1076.36227851  -1076.36554871  -1076.35563650  -1076.34444238  -1076.34253094  -1076.34797835  -1076.36266902  -1076.39068712 
max(|Fr_perp|)   :   0.00000000    0.00313716    0.00200841    0.00661596    0.00992208    0.01963667    0.00212676    0.00456724    0.03665134    0.00000000 
Fr_paral         :   0.00000000    0.00139953    0.00160600   -0.00027921   -0.00488420   -0.01435536    0.00054632    0.02161383    0.01637185    0.00000000 
max(|Fsp_paral|) :   0.00000000    0.00054706    0.00431450    0.00295078    0.01265587    0.01070156    0.00780862    0.00111006    0.00210731    0.00000000 
max(|Fsp_perp|)  :   0.00000000    0.00000000    0.00000000    0.00000000    0.00000000    0.00000000    0.00000000    0.00000000    0.00000000    0.00000000 
max(|FNEB|)      :   0.00000000    0.00312336    0.00487092    0.00808197    0.01636534    0.01799757    0.00212875    0.00466936    0.03691088    0.00000000 
max(|Force|)     :   0.00148034    0.00311936    0.00199587    0.00656666    0.00978592    0.01844710    0.00212476    0.01241909    0.03602760    0.00188590 
ksp              :   0.01000000    0.01000000    0.01000000    0.01479161    0.08757239    0.10000000    0.10000000    0.06458260    0.01000000 
max(|step|)      :   0.00000000    0.00274446    0.00637921    0.01486423    0.01312278    0.01702870    0.00129992    0.00287243    0.02336950    0.00000000 
angle (deg.)     :    12.8649  12.1538  18.7067  119.3412  51.8574  31.6720  49.1209  115.3081 
>
iteration       : 20
climbing        : yes
zoom on         : no
nim             : 10
barrier         :   0.01383028 (image:  6) 
distance        :   0.00000000    1.86305340    3.85702536    6.73850162    9.18233044    9.85221615   10.28762359   10.85487032   11.69511668   16.65313501 
energy          : -1076.35637348  -1076.35954629  -1076.36231697  -1076.36566432  -1076.35638266  -1076.34517622  -1076.34254320  -1076.34803915  -1076.36481905  -1076.39068712 
max(|Fr_perp|)   :   0.00000000    0.00109543    0.00179629    0.00292777    0.00966073    0.00514819    0.00034516    0.00120738    0.00773279    0.00000000 
Fr_paral         :   0.00000000    0.00132262    0.00150360   -0.00051884   -0.00677995   -0.01758373    0.00058159    0.02173617    0.02050213    0.00000000 
max(|Fsp_paral|) :   0.00000000    0.00058410    0.00439840    0.00153635    0.01603697    0.00643752    0.00643528    0.00146669    0.00204723    0.00000000 
max(|Fsp_perp|)  :   0.00000000    0.00000000    0.00000000    0.00000000    0.00000000    0.00000000    0.00000000    0.00000000    0.00000000    0.00000000 
max(|FNEB|)      :   0.00000000    0.00104924    0.00458737    0.00378181    0.01857747    0.00779487    0.00048079    0.00121666    0.00806188    0.00000000 
max(|Force|)     :   0.00148034    0.00105741    0.00152554    0.00302973    0.00953489    0.01078487    0.00035778    0.01227484    0.01475927    0.00188590 
ksp              :   0.01000000    0.01000000    0.01000000    0.01000000    0.08286572    0.10000000    0.10000000    0.06423530    0.01000000 
max(|step|)      :   0.00000000    0.00391075    0.00948500    0.00678237    0.02974627    0.02048339    0.00092929    0.00268021    0.01640928    0.00000000 
angle (deg.)     :    12.9824  12.2775  18.5672  117.8835  50.8670  31.6641  45.5092  112.2844 
>
iteration       : 21
climbing        : yes
zoom on         : no
nim             : 10
barrier         :   0.01382956 (image:  6) 
distance        :   0.00000000    1.86559217    3.87479682    6.75177508    9.14163254    9.74056364   10.20904539   10.77577293   11.61332186   16.52952280 
energy          : -1076.35637348  -1076.35955220  -1076.36236176  -1076.36574582  -1076.35674533  -1076.34568463  -1076.34254392  -1076.34801011  -1076.36560703  -1076.39068712 
max(|Fr_perp|)   :   0.00000000    0.00183018    0.00182310    0.00463759    0.00877185    0.00791337    0.00105316    0.00205985    0.01610357    0.00000000 
Fr_paral         :   0.00000000    0.00125383    0.00148509   -0.00051580   -0.01342945   -0.01930587    0.00051744    0.02167049    0.02101189    0.00000000 
max(|Fsp_paral|) :   0.00000000    0.00064128    0.00430098    0.00170694    0.01171960    0.00043559    0.00477743    0.00144860    0.00229237    0.00000000 
max(|Fsp_perp|)  :   0.00000000    0.00000000    0.00000000    0.00000000    0.00000000    0.00000000    0.00000000    0.00000000    0.00000000    0.00000000 
max(|FNEB|)      :   0.00000000    0.00184134    0.00434943    0.00547572    0.01069201    0.00789562    0.00104713    0.00215509    0.01630769    0.00000000 
max(|Force|)     :   0.00148034    0.00184163    0.00155630    0.00472577    0.00914845    0.01195520    0.00106015    0.01208784    0.01564339    0.00188590 
ksp              :   0.01000000    0.01000000    0.01000000    0.01000000    0.07956086    0.10000000    0.10000000    0.06442709    0.01000000 
max(|step|)      :   0.00000000    0.00403527    0.01942441    0.01151000    0.04452793    0.03084625    0.00189611    0.00238731    0.02963800    0.00000000 
angle (deg.)     :    13.1812  12.3784  18.9102  112.2932  46.7003  32.0268  38.3412  106.2330 
>
iteration       : 22
climbing        : yes
zoom on         : no
nim             : 10
barrier         :   0.01382533 (image:  6) 
distance        :   0.00000000    1.87128604    3.91176812    6.78229033    9.06256762    9.54951853   10.06577679   10.63170414   11.47095748   16.30353195 
energy          : -1076.35637348  -1076.35956117  -1076.36245092  -1076.36587138  -1076.35670937  -1076.34662303  -1076.34254815  -1076.34793884  -1076.36721404  -1076.39068712 
max(|Fr_perp|)   :   0.00000000    0.00318526    0.00222392    0.00449930    0.00906853    0.00888126    0.00121009    0.00226175    0.02616929    0.00000000 
Fr_paral         :   0.00000000    0.00126769    0.00157279   -0.00022970   -0.01991550   -0.02210431    0.00040836    0.02149889    0.02122592    0.00000000 
max(|Fsp_paral|) :   0.00000000    0.00075687    0.00411350    0.00206844    0.00586569    0.00870810    0.00239826    0.00113446    0.00306392    0.00000000 
max(|Fsp_perp|)  :   0.00000000    0.00000000    0.00000000    0.00000000    0.00000000    0.00000000    0.00000000    0.00000000    0.00000000    0.00000000 
max(|FNEB|)      :   0.00000000    0.00319710    0.00436283    0.00419764    0.00965681    0.00945427    0.00120464    0.00233762    0.02642677    0.00000000 
max(|Force|)     :   0.00148034    0.00319565    0.00223877    0.00442786    0.01724989    0.01364335    0.00121554    0.01195308    0.02563785    0.00188590 
ksp              :   0.01000000    0.01000000    0.01000000    0.01000000    0.07347337    0.10000000    0.10000000    0.06490775    0.01000000 
max(|step|)      :   0.00000000    0.00896308    0.04162777    0.01832606    0.06684670    0.02086835    0.00384129    0.00519610    0.05578489    0.00000000 
angle (deg.)     :    13.6404  12.7251  19.8150  87.5253  28.9518  33.8255  25.6022  94.8096 
>
iteration       : 23
climbing        : yes
zoom on         : no
nim             : 10
barrier         :   0.01381397 (image:  6) 
distance        :   0.00000000    1.88509899    3.98988373    6.82706455    8.91657755    9.31402328    9.84216710   10.40855601   11.26714053   15.93487672 
energy          : -1076.35637348  -1076.35962209  -1076.36264352  -1076.36595237  -1076.35657238  -1076.34637310  -1076.34255951  -1076.34783761  -1076.37007648  -1076.39068712 
max(|Fr_perp|)   :   0.00000000    0.00236179    0.00287955    0.01407734    0.01325099    0.02831356    0.00223168    0.00525985    0.03028751    0.00000000 
Fr_paral         :   0.00000000    0.00118188    0.00141834    0.00007861   -0.02595825   -0.02093322    0.00013479    0.02137587    0.02125265    0.00000000 
max(|Fsp_paral|) :   0.00000000    0.00098598    0.00363237    0.00261705    0.00373299    0.01283623    0.00188883    0.00016391    0.00503157    0.00000000 
max(|Fsp_perp|)  :   0.00000000    0.00000000    0.00000000    0.00000000    0.00000000    0.00000000    0.00000000    0.00000000    0.00000000    0.00000000 
max(|FNEB|)      :   0.00000000    0.00227448    0.00393590    0.01532131    0.01377693    0.02875994    0.00223126    0.00522024    0.03139850    0.00000000 
max(|Force|)     :   0.00148034    0.00218528    0.00281640    0.01406427    0.02072715    0.02805532    0.00223210    0.01208431    0.02773877    0.00188590 
ksp              :   0.01000000    0.01000000    0.01000000    0.01000000    0.07515391    0.10000000    0.10000000    0.06561245    0.01000000 
max(|step|)      :   0.00000000    0.00775741    0.03121955    0.01992705    0.04270645    0.01910441    0.00273798    0.00514030    0.04728210    0.00000000 
angle (deg.)     :    13.9376  12.6221  21.7397  65.0322  23.9670  35.1840  18.7132  87.2191 
>
iteration       : 24
climbing        : yes
zoom on         : no
nim             : 10
barrier         :   0.01379245 (image:  6) 
distance        :   0.00000000    1.89715432    4.05024532    6.83683224    8.81949265    9.21952937    9.72835492   10.29641864   11.17950551   15.73121229 
energy          : -1076.35637348  -1076.35967353  -1076.36281611  -1076.36634831  -1076.35618745  -1076.34679784  -1076.34258103  -1076.34784849  -1076.37241825  -1076.39068712 
max(|Fr_perp|)   :   0.00000000    0.00076274    0.00120165    0.00250162    0.01271421    0.00201643    0.00040178    0.00086251    0.01657165    0.00000000 
Fr_paral         :   0.00000000    0.00135016    0.00160247    0.00008617   -0.02534097   -0.02342505    0.00009710    0.02146753    0.02180761    0.00000000 
max(|Fsp_paral|) :   0.00000000    0.00115184    0.00314041    0.00196952    0.00255119    0.01240886    0.00291835    0.00061884    0.00649879    0.00000000 
max(|Fsp_perp|)  :   0.00000000    0.00000000    0.00000000    0.00000000    0.00000000    0.00000000    0.00000000    0.00000000    0.00000000    0.00000000 
max(|FNEB|)      :   0.00000000    0.00141604    0.00326448    0.00355247    0.01043143    0.01171360    0.00040126    0.00130615    0.01676893    0.00000000 
max(|Force|)     :   0.00148034    0.00087633    0.00118753    0.00248551    0.02195222    0.01394728    0.00040229    0.01221405    0.01643453    0.00188590 
ksp              :   0.01000000    0.01000000    0.01000000    0.01121388    0.07248402    0.10000000    0.10000000    0.06562817    0.01000000 
max(|step|)      :   0.00000000    0.00219446    0.00427887    0.01016929    0.01858732    0.02936466    0.00055578    0.00146449    0.01048492    0.00000000 
angle (deg.)     :    13.9937  12.4713  22.3940  64.8217  16.3379  35.7621  18.1198  86.7042 
>
iteration       : 25
climbing        : yes
zoom on         : no
nim             : 10
barrier         :   0.01378988 (image:  6) 
distance        :   0.00000000    1.90105022    4.05907826    6.81048220    8.82824358    9.26473019    9.72200049   10.29263148   11.15033438   15.69797239 
energy          : -1076.35637348  -1076.35968185  -1076.36283955  -1076.36639005  -1076.35652969  -1076.34579831  -1076.34258360  -1076.34790260  -1076.37210479  -1076.39068712 
max(|Fr_perp|)   :   0.00000000    0.00110635    0.00128365    0.00281454    0.00682034    0.00495858    0.00033047    0.00068604    0.00501167    0.00000000 
Fr_paral         :   0.00000000    0.00142116    0.00176274   -0.00008398   -0.02763987   -0.02064757    0.00010049    0.02162034    0.02406153    0.00000000 
max(|Fsp_paral|) :   0.00000000    0.00115712    0.00294053    0.00256150    0.00641868    0.00636997    0.00569473    0.00057551    0.00551215    0.00000000 
max(|Fsp_perp|)  :   0.00000000    0.00000000    0.00000000    0.00000000    0.00000000    0.00000000    0.00000000    0.00000000    0.00000000    0.00000000 
max(|FNEB|)      :   0.00000000    0.00142512    0.00369141    0.00385180    0.00823581    0.00634922    0.00032997    0.00070098    0.00552591    0.00000000 
max(|Force|)     :   0.00148034    0.00098555    0.00163378    0.00280046    0.01909147    0.01228500    0.00033097    0.01233295    0.01310861    0.00188590 
ksp              :   0.01000000    0.01000000    0.01000000    0.01000000    0.07901913    0.10000000    0.10000000    0.06528542    0.01000000 
max(|step|)      :   0.00000000    0.00473348    0.00887191    0.03160075    0.04249074    0.05615012    0.00102398    0.00275417    0.02564018    0.00000000 
angle (deg.)     :    14.1281  12.2419  24.3219  66.0892  9.8079  37.1018  17.4082  86.1545 
>
iteration       : 26
climbing        : yes
zoom on         : no
nim             : 10
barrier         :   0.01378651 (image:  6) 
distance        :   0.00000000    1.90977787    4.07490542    6.72675305    8.87131829    9.35426348    9.71499147   10.28559357   11.08593482   15.63570554 
energy          : -1076.35637348  -1076.35970133  -1076.36288529  -1076.36645300  -1076.35527651  -1076.34434536  -1076.34258696  -1076.34790680  -1076.37046483  -1076.39068712 
max(|Fr_perp|)   :   0.00000000    0.00089353    0.00099722    0.00272214    0.00508086    0.00745027    0.00116623    0.00142125    0.01134790    0.00000000 
Fr_paral         :   0.00000000    0.00141426    0.00166017   -0.00017413   -0.02702931   -0.01480599    0.00010147    0.02167954    0.02716150    0.00000000 
max(|Fsp_paral|) :   0.00000000    0.00115087    0.00241338    0.00355091    0.00325654    0.00376654    0.01089260    0.00260290    0.00356785    0.00000000 
max(|Fsp_perp|)  :   0.00000000    0.00000000    0.00000000    0.00000000    0.00000000    0.00000000    0.00000000    0.00000000    0.00000000    0.00000000 
max(|FNEB|)      :   0.00000000    0.00150721    0.00275632    0.00527322    0.00482102    0.00724102    0.00116663    0.00204416    0.01131220    0.00000000 
max(|Force|)     :   0.00148034    0.00099820    0.00117452    0.00273395    0.01450130    0.00893160    0.00116582    0.01224045    0.01591941    0.00188590 
ksp              :   0.01000000    0.01000000    0.01000000    0.01716113    0.08852098    0.10000000    0.10000000    0.06527150    0.01000000 
max(|step|)      :   0.00000000    0.00587854    0.01615314    0.01542906    0.01179486    0.01310180    0.00167273    0.00437365    0.01632597    0.00000000 
angle (deg.)     :    14.3588  12.3812  25.0232  61.2188  12.4422  36.3809  15.1680  82.3057 
>
iteration       : 27
climbing        : yes
zoom on         : no
nim             : 10
barrier         :   0.01377978 (image:  6) 
distance        :   0.00000000    1.91964583    4.10562924    6.77105053    8.86048936    9.32303395    9.70430809   10.26903275   11.07751159   15.57521936 
energy          : -1076.35637348  -1076.35972990  -1076.36296996  -1076.36656896  -1076.35523934  -1076.34470364  -1076.34259370  -1076.34777352  -1076.37093675  -1076.39068712 
max(|Fr_perp|)   :   0.00000000    0.00111876    0.00109982    0.00203900    0.01327885    0.00169144    0.00162223    0.00150016    0.00467741    0.00000000 
Fr_paral         :   0.00000000    0.00140628    0.00177495   -0.00006618   -0.02786244   -0.01636262    0.00005049    0.02129938    0.02825277    0.00000000 
max(|Fsp_paral|) :   0.00000000    0.00120237    0.00237712    0.00335301    0.00182188    0.00099267    0.00941731    0.00160773    0.00448891    0.00000000 
max(|Fsp_perp|)  :   0.00000000    0.00000000    0.00000000    0.00000000    0.00000000    0.00000000    0.00000000    0.00000000    0.00000000    0.00000000 
max(|FNEB|)      :   0.00000000    0.00157425    0.00308535    0.00476810    0.01332021    0.00203777    0.00162169    0.00150058    0.00463043    0.00000000 
max(|Force|)     :   0.00148034    0.00111672    0.00159653    0.00205308    0.01645038    0.00959008    0.00162277    0.01182050    0.01668383    0.00188590 
ksp              :   0.01000000    0.01000000    0.01000000    0.01740739    0.08621931    0.10000000    0.10000000    0.06616899    0.01000000 
max(|step|)      :   0.00000000    0.01154837    0.02870335    0.03381656    0.02006847    0.01938651    0.00290600    0.00786201    0.02413857    0.00000000 
angle (deg.)     :    14.7691  12.8060  25.7667  58.1365  16.4884  34.9898  14.0810  76.2896 
>
iteration       : 28
climbing        : yes
zoom on         : no
nim             : 10
barrier         :   0.01376168 (image:  6) 
distance        :   0.00000000    1.93926150    4.15882851    6.86647024    8.87295040    9.31398209    9.72729395   10.28202328   11.09447156   15.51342766 
energy          : -1076.35637348  -1076.35978072  -1076.36311558  -1076.36670349  -1076.35551077  -1076.34521637  -1076.34261180  -1076.34754235  -1076.37091215  -1076.39068712 
max(|Fr_perp|)   :   0.00000000    0.00105386    0.00099614    0.00324878    0.00553808    0.00369110    0.00039563    0.00111452    0.00459625    0.00000000 
Fr_paral         :   0.00000000    0.00136745    0.00167780    0.00006711   -0.02836579   -0.01807661   -0.00002997    0.02057821    0.02981879    0.00000000 
max(|Fsp_paral|) :   0.00000000    0.00126932    0.00242105    0.00147755    0.00255400    0.00268804    0.00713025    0.00022978    0.00566202    0.00000000 
max(|Fsp_perp|)  :   0.00000000    0.00000000    0.00000000    0.00000000    0.00000000    0.00000000    0.00000000    0.00000000    0.00000000    0.00000000 
max(|FNEB|)      :   0.00000000    0.00156677    0.00266134    0.00359434    0.00396597    0.00382145    0.00039565    0.00088584    0.00541864    0.00000000 
max(|Force|)     :   0.00148034    0.00106791    0.00108102    0.00325108    0.01945571    0.01061451    0.00039561    0.01150296    0.01837438    0.00188590 
ksp              :   0.01000000    0.01000000    0.01000000    0.01564203    0.08296633    0.10000000    0.10000000    0.06775469    0.01000000 
max(|step|)      :   0.00000000    0.01169798    0.02288681    0.02139949    0.02189879    0.00746027    0.00273668    0.00709429    0.02540273    0.00000000 
angle (deg.)     :    15.1408  13.0595  26.9020  62.7698  15.2010  33.9517  13.8454  72.5180 
>
iteration       : 29
climbing        : yes
zoom on         : no
nim             : 10
barrier         :   0.01375448 (image:  6) 
distance        :   0.00000000    1.95981868    4.20147631    6.92852307    8.93279281    9.36161357    9.77561163   10.32165535   11.09900966   15.48424862 
energy          : -1076.35637348  -1076.35983142  -1076.36323874  -1076.36683706  -1076.35525979  -1076.34525663  -1076.34261900  -1076.34736812  -1076.36952950  -1076.39068712 
max(|Fr_perp|)   :   0.00000000    0.00151437    0.00103751    0.00263862    0.00514951    0.00443124    0.00226771    0.00206782    0.00775950    0.00000000 
Fr_paral         :   0.00000000    0.00137656    0.00172727   -0.00014030   -0.02797589   -0.01788278   -0.00007633    0.02007940    0.03169965    0.00000000 
max(|Fsp_paral|) :   0.00000000    0.00127970    0.00240823    0.00251150    0.00043231    0.00333951    0.00660138    0.00055148    0.00512121    0.00000000 
max(|Fsp_perp|)  :   0.00000000    0.00000000    0.00000000    0.00000000    0.00000000    0.00000000    0.00000000    0.00000000    0.00000000    0.00000000 
max(|FNEB|)      :   0.00000000    0.00157376    0.00274237    0.00419455    0.00483926    0.00459221    0.00226853    0.00208654    0.00786655    0.00000000 
max(|Force|)     :   0.00148034    0.00151225    0.00119953    0.00262722    0.01956340    0.01062201    0.00226689    0.01117775    0.01961091    0.00188590 
ksp              :   0.01000000    0.01000000    0.01000000    0.01728721    0.08274116    0.10000000    0.10000000    0.06892494    0.01000000 
max(|step|)      :   0.00000000    0.04971415    0.09845547    0.09779701    0.06974824    0.02382897    0.01172889    0.02951406    0.10000000    0.00000000 
angle (deg.)     :    16.6611  14.1907  31.7510  82.9020  26.6861  30.7042  23.7578  55.9785 
>
iteration       : 30
climbing        : yes
zoom on         : no
nim             : 10
barrier         :   0.01369261 (image:  6) 
distance        :   0.00000000    2.04804506    4.38686274    7.21879414    9.17851440    9.61756124   10.03688151   10.54736016   11.22757792   15.48749243 
energy          : -1076.35637348  -1076.36004417  -1076.36375523  -1076.36728006  -1076.35454177  -1076.34535685  -1076.34268087  -1076.34670241  -1076.36367369  -1076.39068712 
max(|Fr_perp|)   :   0.00000000    0.00085777    0.00171477    0.00384241    0.00814244    0.00703866    0.00098725    0.00141593    0.01189463    0.00000000 
Fr_paral         :   0.00000000    0.00139254    0.00152861   -0.00090141   -0.02223576   -0.01702325   -0.00019147    0.01806165    0.03297815    0.00000000 
max(|Fsp_paral|) :   0.00000000    0.00133390    0.00244849    0.00496270    0.00415861    0.00315233    0.00443480    0.00053732    0.00389379    0.00000000 
max(|Fsp_perp|)  :   0.00000000    0.00000000    0.00000000    0.00000000    0.00000000    0.00000000    0.00000000    0.00000000    0.00000000    0.00000000 
max(|FNEB|)      :   0.00000000    0.00155524    0.00277718    0.00739017    0.00953886    0.00751980    0.00102613    0.00143396    0.01246330    0.00000000 
max(|Force|)     :   0.00148034    0.00086440    0.00207821    0.00416837    0.01790386    0.01163526    0.00103184    0.00992004    0.02049561    0.00188590 
ksp              :   0.01000000    0.01000000    0.01000000    0.02214820    0.08243072    0.10000000    0.10000000    0.07356969    0.01000000 
max(|step|)      :   0.00000000    0.00208657    0.00372597    0.00991493    0.01279770    0.01008885    0.00137669    0.00192385    0.01672124    0.00000000 
angle (deg.)     :    16.7198  14.3115  31.2459  81.7478  23.2040  31.1821  22.1058  57.4133 
>
iteration       : 31
climbing        : yes
zoom on         : no
nim             : 10
barrier         :   0.01369089 (image:  6) 
distance        :   0.00000000    2.05193146    4.39358065    7.23829776    9.16701185    9.62183788   10.03579660   10.54624193   11.21855972   15.49459396 
energy          : -1076.35637348  -1076.36005409  -1076.36377878  -1076.36731897  -1076.35527410  -1076.34528989  -1076.34268259  -1076.34671762  -1076.36359063  -1076.39068712 
max(|Fr_perp|)   :   0.00000000    0.00081089    0.00131805    0.00467471    0.00746568    0.00772974    0.00138560    0.00127966    0.01479396    0.00000000 
Fr_paral         :   0.00000000    0.00149788    0.00198327   -0.00083682   -0.02261539   -0.01699926   -0.00018316    0.01812478    0.03303688    0.00000000 
max(|Fsp_paral|) :   0.00000000    0.00132956    0.00249421    0.00157529    0.00262021    0.00204983    0.00470969    0.00087043    0.00351277    0.00000000 
max(|Fsp_perp|)  :   0.00000000    0.00000000    0.00000000    0.00000000    0.00000000    0.00000000    0.00000000    0.00000000    0.00000000    0.00000000 
max(|FNEB|)      :   0.00000000    0.00169868    0.00349332    0.00595659    0.00746158    0.00765121    0.00138741    0.00126069    0.01486614    0.00000000 
max(|Force|)     :   0.00148034    0.00106156    0.00199081    0.00444760    0.01620678    0.01102648    0.00138379    0.00997857    0.02134457    0.00188590 
ksp              :   0.01000000    0.01000000    0.01000000    0.01722697    0.08286035    0.10000000    0.10000000    0.07347488    0.01000000 
max(|step|)      :   0.00000000    0.00161955    0.00275841    0.00373395    0.00741062    0.00383303    0.00050075    0.00092889    0.00499087    0.00000000 
angle (deg.)     :    16.7609  14.3381  31.1855  80.7068  20.8466  31.4835  21.0066  58.3819 
>
iteration       : 32
climbing        : yes
zoom on         : no
nim             : 10
barrier         :   0.01368847 (image:  6) 
distance        :   0.00000000    2.05477458    4.39873374    7.24823033    9.16200764    9.62050368   10.03171001   10.54175648   11.20925284   15.49579930 
energy          : -1076.35637348  -1076.36006074  -1076.36379419  -1076.36735720  -1076.35559826  -1076.34530438  -1076.34268501  -1076.34672261  -1076.36369335  -1076.39068712 
max(|Fr_perp|)   :   0.00000000    0.00064692    0.00094611    0.00320439    0.00688797    0.00429356    0.00068017    0.00090156    0.00688660    0.00000000 
Fr_paral         :   0.00000000    0.00148299    0.00191917   -0.00086006   -0.02344067   -0.01727058   -0.00016477    0.01815420    0.03366624    0.00000000 
max(|Fsp_paral|) :   0.00000000    0.00132756    0.00250644    0.00013144    0.00534780    0.00175298    0.00483075    0.00104381    0.00328909    0.00000000 
max(|Fsp_perp|)  :   0.00000000    0.00000000    0.00000000    0.00000000    0.00000000    0.00000000    0.00000000    0.00000000    0.00000000    0.00000000 
max(|FNEB|)      :   0.00000000    0.00167186    0.00327148    0.00330181    0.00624182    0.00419737    0.00068205    0.00088125    0.00689600    0.00000000 
max(|Force|)     :   0.00148034    0.00103015    0.00172504    0.00297067    0.01544614    0.01061519    0.00067829    0.00998797    0.02122314    0.00188590 
ksp              :   0.01000000    0.01000000    0.01000000    0.01509694    0.08277791    0.10000000    0.10000000    0.07345325    0.01000000 
max(|step|)      :   0.00000000    0.00720913    0.01225419    0.01124589    0.03043616    0.01516236    0.00152048    0.00365326    0.01592204    0.00000000 
angle (deg.)     :    16.9423  14.4420  31.1771  76.3654  12.7516  32.9097  16.5608  62.8101 
>
