NEB log file generated by ORCA
All quantities are given in atomic units. Unless stated otherwise. 
iteration       : 0
climbing        : yes
zoom on         : no
nim             : 10
barrier         :   0.01928410 (image:  5) 
distance        :   0.00000000    1.42225683    3.22359910    4.79642655    5.44729319    5.99518557    6.42396386    7.04681434    9.38821531   11.26489806 
energy          : -1076.09862736  -1076.10099653  -1076.10066160  -1076.09635147  -1076.08517502  -1076.07934326  -1076.08234995  -1076.09838175  -1076.12157781  -1076.12539891 
max(|Fr_perp|)   :   0.00000000    0.00269231    0.00295312    0.00318847    0.00372821    0.00188243    0.00218800    0.00550765    0.00508393    0.00000000 
Fr_paral         :   0.00000000    0.00066110   -0.00135494   -0.01078111   -0.02625173   -0.00071393    0.01685333    0.03427704    0.00524109    0.00000000 
max(|Fsp_paral|) :   0.00000000    0.00095560    0.00341601    0.00515909    0.00427258    0.00551422    0.00541928    0.01567511    0.00230163    0.00000000 
max(|Fsp_perp|)  :   0.00000000    0.00000000    0.00000000    0.00000000    0.00000000    0.00000000    0.00000000    0.00000000    0.00000000    0.00000000 
max(|FNEB|)      :   0.00000000    0.00274125    0.00396139    0.00471509    0.00519828    0.00609095    0.00554375    0.01821658    0.00480843    0.00000000 
max(|Force|)     :   0.00159365    0.00273378    0.00323955    0.00580476    0.01540763    0.00193699    0.00871756    0.01881732    0.00571114    0.00142980 
ksp              :   0.01000000    0.01000000    0.02062089    0.07277403    0.10000000    0.10000000    0.08598796    0.01108166    0.01000000 
max(|step|)      :   0.00000000    0.00082839    0.00119711    0.00142487    0.00157089    0.00184065    0.00167529    0.00550494    0.00145308    0.00000000 
angle (deg.)     :    7.3374  5.9938  34.3043  46.9909  31.5876  12.5364  77.1828  10.3700 
>
iteration       : 1
climbing        : yes
zoom on         : no
nim             : 10
barrier         :   0.01927227 (image:  5) 
distance        :   0.00000000    1.42340174    3.22799478    4.80167370    5.44948003    5.99203718    6.42768078    7.03949833    9.37869879   11.25788772 
energy          : -1076.09862736  -1076.10102514  -1076.10068806  -1076.09634823  -1076.08515108  -1076.07935509  -1076.08242039  -1076.09817382  -1076.12161799  -1076.12539891 
max(|Fr_perp|)   :   0.00000000    0.00211977    0.00309341    0.00310488    0.00206967    0.00107919    0.00147684    0.00336070    0.00455307    0.00000000 
Fr_paral         :   0.00000000    0.00071532   -0.00140589   -0.01092694   -0.02624120   -0.00085131    0.01705890    0.03456480    0.00524952    0.00000000 
max(|Fsp_paral|) :   0.00000000    0.00096083    0.00342099    0.00513688    0.00404764    0.00499119    0.00454078    0.01367629    0.00306642    0.00000000 
max(|Fsp_perp|)  :   0.00000000    0.00000000    0.00000000    0.00000000    0.00000000    0.00000000    0.00000000    0.00000000    0.00000000    0.00000000 
max(|FNEB|)      :   0.00000000    0.00213070    0.00405085    0.00467253    0.00488690    0.00119779    0.00449178    0.01550572    0.00382481    0.00000000 
max(|Force|)     :   0.00159365    0.00212189    0.00340187    0.00577097    0.01517314    0.00125108    0.00871648    0.01900014    0.00516033    0.00142980 
ksp              :   0.01000000    0.01000000    0.02064336    0.07293320    0.10000000    0.10000000    0.08568531    0.01211801    0.01000000 
max(|step|)      :   0.00000000    0.00586163    0.01118492    0.01289552    0.01347865    0.00348285    0.01236450    0.04271183    0.01052575    0.00000000 
angle (deg.)     :    7.4501  6.3815  37.3110  43.8632  31.3247  13.4678  74.1862  12.6818 
>
iteration       : 2
climbing        : yes
zoom on         : no
nim             : 10
barrier         :   0.01926517 (image:  5) 
distance        :   0.00000000    1.43410052    3.26902214    4.85016828    5.47108957    5.99958888    6.45897921    6.98548582    9.29833293   11.20725983 
energy          : -1076.09862736  -1076.10102098  -1076.10071254  -1076.09617088  -1076.08464155  -1076.07936219  -1076.08284254  -1076.09598276  -1076.12163921  -1076.12539891 
max(|Fr_perp|)   :   0.00000000    0.00424355    0.00481303    0.00325578    0.00664071    0.00316728    0.00408410    0.00967604    0.00539771    0.00000000 
Fr_paral         :   0.00000000    0.00081246   -0.00162085   -0.01234466   -0.02550148   -0.00065319    0.01809471    0.03516349    0.00503974    0.00000000 
max(|Fsp_paral|) :   0.00000000    0.00101267    0.00369920    0.00473288    0.00348476    0.00327397    0.00095090    0.00425526    0.01052687    0.00000000 
max(|Fsp_perp|)  :   0.00000000    0.00000000    0.00000000    0.00000000    0.00000000    0.00000000    0.00000000    0.00000000    0.00000000    0.00000000 
max(|FNEB|)      :   0.00000000    0.00508113    0.00719565    0.00427609    0.00661771    0.00316590    0.00408111    0.01030761    0.00818047    0.00000000 
max(|Force|)     :   0.00159365    0.00441394    0.00456446    0.00740855    0.01474783    0.00316865    0.00948803    0.02268534    0.00565618    0.00142980 
ksp              :   0.01000000    0.01000000    0.02147580    0.07533672    0.10000000    0.10000000    0.08374106    0.02235465    0.01000000 
max(|step|)      :   0.00000000    0.00419039    0.01334651    0.01395851    0.01364728    0.00809027    0.00950034    0.02531106    0.01326272    0.00000000 
angle (deg.)     :    7.7252  6.9561  40.9643  40.1839  31.3082  14.8359  71.5067  14.5118 
>
iteration       : 3
climbing        : yes
zoom on         : no
nim             : 10
barrier         :   0.01924753 (image:  5) 
distance        :   0.00000000    1.44645096    3.31700979    4.90387927    5.49832480    5.99633201    6.48896163    6.96101805    9.21696929   11.18132721 
energy          : -1076.09862736  -1076.10101545  -1076.10074159  -1076.09594040  -1076.08420486  -1076.07937983  -1076.08319540  -1076.09468092  -1076.12145534  -1076.12539891 
max(|Fr_perp|)   :   0.00000000    0.00401879    0.00430147    0.00360392    0.00496581    0.00192885    0.00301898    0.00634490    0.00630815    0.00000000 
Fr_paral         :   0.00000000    0.00075000   -0.00166028   -0.01386615   -0.02481331   -0.00115517    0.01899510    0.03543785    0.00480583    0.00000000 
max(|Fsp_paral|) :   0.00000000    0.00107391    0.00405667    0.00401947    0.00216662    0.00025774    0.00537754    0.01404367    0.01444247    0.00000000 
max(|Fsp_perp|)  :   0.00000000    0.00000000    0.00000000    0.00000000    0.00000000    0.00000000    0.00000000    0.00000000    0.00000000    0.00000000 
max(|FNEB|)      :   0.00000000    0.00443806    0.00662490    0.00375279    0.00492208    0.00192468    0.00588297    0.01876059    0.01180754    0.00000000 
max(|Force|)     :   0.00159365    0.00401300    0.00467361    0.00895910    0.01453122    0.00193303    0.01029100    0.02426745    0.00644631    0.00142980 
ksp              :   0.01000000    0.01000000    0.02256404    0.07743856    0.10000000    0.10000000    0.08215867    0.02845324    0.01000000 
max(|step|)      :   0.00000000    0.02111631    0.06945073    0.07044294    0.06636735    0.04358074    0.03959241    0.10000000    0.07474838    0.00000000 
angle (deg.)     :    9.1183  9.8889  64.2285  22.2905  34.0746  29.9102  54.9937  23.7881 
>
iteration       : 4
climbing        : yes
zoom on         : no
nim             : 10
barrier         :   0.01910056 (image:  5) 
distance        :   0.00000000    1.51161535    3.56905730    5.17816909    5.69679824    6.04062970    6.68814892    6.96885347    8.91143133   11.19340750 
energy          : -1076.09862736  -1076.10082988  -1076.10067226  -1076.09443581  -1076.08229897  -1076.07952680  -1076.08459259  -1076.08973847  -1076.12002072  -1076.12539891 
max(|Fr_perp|)   :   0.00000000    0.00951324    0.00969848    0.00883185    0.00534368    0.00151294    0.00511805    0.01342628    0.01253275    0.00000000 
Fr_paral         :   0.00000000    0.00026640   -0.00188293   -0.02054332   -0.01979417   -0.00381806    0.02184605    0.02537012    0.00337773    0.00000000 
max(|Fsp_paral|) :   0.00000000    0.00139764    0.00649938    0.00138602    0.00624399    0.01535232    0.02193180    0.03734560    0.02564717    0.00000000 
max(|Fsp_perp|)  :   0.00000000    0.00000000    0.00000000    0.00000000    0.00000000    0.00000000    0.00000000    0.00000000    0.00000000    0.00000000 
max(|FNEB|)      :   0.00000000    0.00949509    0.00898186    0.00918463    0.00701938    0.00211716    0.02181612    0.05057232    0.02472079    0.00000000 
max(|Force|)     :   0.00159365    0.00955626    0.00978875    0.01451861    0.01228147    0.00188538    0.01288025    0.02535773    0.01268693    0.00142980 
ksp              :   0.01000000    0.01000000    0.02976707    0.08694832    0.10000000    0.10000000    0.07610839    0.05197792    0.01000000 
max(|step|)      :   0.00000000    0.01877528    0.01776043    0.01816138    0.01387990    0.00418640    0.04313846    0.10000000    0.04888206    0.00000000 
angle (deg.)     :    9.1995  10.0559  64.4945  21.2697  33.3168  17.8891  59.1539  18.0291 
>
iteration       : 5
climbing        : yes
zoom on         : no
nim             : 10
barrier         :   0.01902369 (image:  5) 
distance        :   0.00000000    1.52319827    3.62411465    5.18327957    5.68589773    6.05968926    6.61645972    7.12691398    8.82763198   11.24964360 
energy          : -1076.09862736  -1076.10122668  -1076.10096014  -1076.09490590  -1076.08285128  -1076.07960367  -1076.08318877  -1076.09543082  -1076.11948778  -1076.12539891 
max(|Fr_perp|)   :   0.00000000    0.00407128    0.00409939    0.00412211    0.00378299    0.00209335    0.00351464    0.00924216    0.01009017    0.00000000 
Fr_paral         :   0.00000000    0.00079900   -0.00203627   -0.02047562   -0.02120238   -0.00355969    0.01869601    0.03548893    0.00781189    0.00000000 
max(|Fsp_paral|) :   0.00000000    0.00148121    0.00530197    0.00025399    0.00302053    0.00882202    0.00671244    0.00017841    0.00605754    0.00000000 
max(|Fsp_perp|)  :   0.00000000    0.00000000    0.00000000    0.00000000    0.00000000    0.00000000    0.00000000    0.00000000    0.00000000    0.00000000 
max(|FNEB|)      :   0.00000000    0.00401453    0.00591077    0.00429384    0.00466213    0.00207828    0.00824153    0.00939836    0.01085368    0.00000000 
max(|Force|)     :   0.00159365    0.00403908    0.00410869    0.01246851    0.01367596    0.00210843    0.01020487    0.02306448    0.01103942    0.00142980 
ksp              :   0.01000000    0.01000000    0.02760603    0.08463574    0.10000000    0.10000000    0.08303907    0.02512267    0.01000000 
max(|step|)      :   0.00000000    0.00509013    0.01324113    0.00826945    0.00983313    0.00440951    0.02114013    0.02318537    0.01706879    0.00000000 
angle (deg.)     :    9.3305  10.4568  64.8018  20.4405  32.3984  14.0698  60.3690  17.8855 
>
iteration       : 6
climbing        : yes
zoom on         : no
nim             : 10
barrier         :   0.01899813 (image:  5) 
distance        :   0.00000000    1.53609099    3.67587735    5.19173796    5.68281179    6.07859538    6.59157460    7.16593143    8.79872507   11.28116101 
energy          : -1076.09862736  -1076.10134568  -1076.10102204  -1076.09505359  -1076.08320161  -1076.07962923  -1076.08266555  -1076.09694118  -1076.11951166  -1076.12539891 
max(|Fr_perp|)   :   0.00000000    0.00218651    0.00323795    0.00347949    0.00300826    0.00424111    0.00238760    0.00412741    0.00507087    0.00000000 
Fr_paral         :   0.00000000    0.00087134   -0.00199050   -0.01961257   -0.02202075   -0.00323310    0.01698052    0.03652309    0.00759760    0.00000000 
max(|Fsp_paral|) :   0.00000000    0.00154746    0.00473077    0.00001309    0.00070230    0.00556237    0.00107512    0.01064876    0.00150462    0.00000000 
max(|Fsp_perp|)  :   0.00000000    0.00000000    0.00000000    0.00000000    0.00000000    0.00000000    0.00000000    0.00000000    0.00000000    0.00000000 
max(|FNEB|)      :   0.00000000    0.00222743    0.00531696    0.00344582    0.00299578    0.00427327    0.00242868    0.00890512    0.00482704    0.00000000 
max(|Force|)     :   0.00159365    0.00219256    0.00349199    0.01025674    0.01255168    0.00420894    0.00845483    0.02205004    0.00587093    0.00142980 
ksp              :   0.01000000    0.01000000    0.02693005    0.08307650    0.10000000    0.10000000    0.08561598    0.01798794    0.01000000 
max(|step|)      :   0.00000000    0.00510941    0.01540289    0.00674818    0.00572748    0.00525906    0.01250120    0.01246780    0.01136178    0.00000000 
angle (deg.)     :    9.6201  10.9737  65.2198  19.4778  31.4056  12.0819  60.3077  19.5036 
>
iteration       : 7
climbing        : yes
zoom on         : no
nim             : 10
barrier         :   0.01901306 (image:  5) 
distance        :   0.00000000    1.55272607    3.73572669    5.20175547    5.68430708    6.09968319    6.58197429    7.16635268    8.77318758   11.29965298 
energy          : -1076.09862736  -1076.10136911  -1076.10101390  -1076.09512693  -1076.08342815  -1076.07961430  -1076.08234096  -1076.09664786  -1076.11942377  -1076.12539891 
max(|Fr_perp|)   :   0.00000000    0.00211906    0.00344565    0.00283171    0.00258446    0.00395388    0.00296882    0.00190552    0.00586421    0.00000000 
Fr_paral         :   0.00000000    0.00084485   -0.00216805   -0.01893048   -0.02248613   -0.00289566    0.01593216    0.03640017    0.00710024    0.00000000 
max(|Fsp_paral|) :   0.00000000    0.00161794    0.00424187    0.00030707    0.00113800    0.00313172    0.00134834    0.01074902    0.00197578    0.00000000 
max(|Fsp_perp|)  :   0.00000000    0.00000000    0.00000000    0.00000000    0.00000000    0.00000000    0.00000000    0.00000000    0.00000000    0.00000000 
max(|FNEB|)      :   0.00000000    0.00206684    0.00483179    0.00283292    0.00257450    0.00395067    0.00294445    0.00925614    0.00553702    0.00000000 
max(|Force|)     :   0.00159365    0.00211194    0.00398278    0.00994297    0.01309733    0.00395709    0.00767075    0.02113714    0.00627834    0.00142980 
ksp              :   0.01000000    0.01000000    0.02656962    0.08194682    0.10000000    0.10000000    0.08709310    0.01937012    0.01000000 
max(|step|)      :   0.00000000    0.01236420    0.03588715    0.01146780    0.01072189    0.01236844    0.02315293    0.03146354    0.02461670    0.00000000 
angle (deg.)     :    10.2139  12.4068  66.3640  17.7925  29.5278  10.7855  60.0967  23.7837 
>
iteration       : 8
climbing        : yes
zoom on         : no
nim             : 10
barrier         :   0.01903450 (image:  5) 
distance        :   0.00000000    1.59357183    3.87572986    5.22701941    5.69540673    6.15040971    6.57345398    7.16067154    8.71948545   11.34611032 
energy          : -1076.09862736  -1076.10141040  -1076.10093864  -1076.09520237  -1076.08382642  -1076.07959286  -1076.08181582  -1076.09509451  -1076.11912334  -1076.12539891 
max(|Fr_perp|)   :   0.00000000    0.00396705    0.00389854    0.00372655    0.00266793    0.00346413    0.00294582    0.00636452    0.00538367    0.00000000 
Fr_paral         :   0.00000000    0.00079139   -0.00238434   -0.01730297   -0.02312208   -0.00210382    0.01398364    0.03444886    0.00590355    0.00000000 
max(|Fsp_paral|) :   0.00000000    0.00177221    0.00325495    0.00109676    0.00450848    0.00145788    0.00515751    0.00604237    0.00539184    0.00000000 
max(|Fsp_perp|)  :   0.00000000    0.00000000    0.00000000    0.00000000    0.00000000    0.00000000    0.00000000    0.00000000    0.00000000    0.00000000 
max(|FNEB|)      :   0.00000000    0.00411574    0.00468157    0.00377933    0.00466951    0.00346158    0.00504649    0.00902584    0.00841545    0.00000000 
max(|Force|)     :   0.00159365    0.00396140    0.00451574    0.00892094    0.01357141    0.00346669    0.00676879    0.02040772    0.00642472    0.00142980 
ksp              :   0.01000000    0.01000000    0.02619424    0.07998263    0.10000000    0.10000000    0.08948928    0.02670421    0.01000000 
max(|step|)      :   0.00000000    0.03642571    0.10000000    0.01974433    0.02576011    0.03519814    0.04548417    0.07483205    0.07539100    0.00000000 
angle (deg.)     :    11.6656  18.5515  69.0766  15.7917  26.9114  19.9220  61.2709  35.6552 
>
iteration       : 9
climbing        : yes
zoom on         : no
nim             : 10
barrier         :   0.01909706 (image:  5) 
distance        :   0.00000000    1.71850254    4.26455574    5.30724183    5.76411312    6.29853928    6.60629838    7.18481666    8.58399458   11.52690394 
energy          : -1076.09862736  -1076.10159032  -1076.10078454  -1076.09528758  -1076.08424055  -1076.07953030  -1076.08106162  -1076.09069006  -1076.11792705  -1076.12539891 
max(|Fr_perp|)   :   0.00000000    0.00611018    0.00763699    0.00903119    0.00657420    0.01304362    0.01367557    0.01233008    0.01858218    0.00000000 
Fr_paral         :   0.00000000    0.00076745   -0.00316051   -0.01465571   -0.02343156    0.00071150    0.00950644    0.02620870    0.00562575    0.00000000 
max(|Fsp_paral|) :   0.00000000    0.00213576    0.00041799    0.00481795    0.00968624    0.01022735    0.01135003    0.00748062    0.01418370    0.00000000 
max(|Fsp_perp|)  :   0.00000000    0.00000000    0.00000000    0.00000000    0.00000000    0.00000000    0.00000000    0.00000000    0.00000000    0.00000000 
max(|FNEB|)      :   0.00000000    0.00615734    0.00777310    0.00917437    0.00932184    0.01329338    0.01285030    0.01131493    0.01869076    0.00000000 
max(|Force|)     :   0.00159365    0.00622821    0.00784328    0.00931276    0.01411383    0.01333275    0.01348339    0.01893286    0.01943233    0.00142980 
ksp              :   0.01000000    0.01000000    0.02574866    0.07777392    0.10000000    0.10000000    0.09280192    0.04747306    0.01000000 
max(|step|)      :   0.00000000    0.00832161    0.01050529    0.01239910    0.01259841    0.01796592    0.01736709    0.01529206    0.02526044    0.00000000 
angle (deg.)     :    11.7351  19.0738  68.1288  15.0124  27.3064  19.2289  61.2597  34.2786 
>
iteration       : 10
climbing        : yes
zoom on         : no
nim             : 10
barrier         :   0.01912961 (image:  5) 
distance        :   0.00000000    1.72987067    4.26901309    5.31138986    5.77880441    6.28868033    6.63140313    7.19836729    8.52378916   11.50756439 
energy          : -1076.09862736  -1076.10164502  -1076.10088144  -1076.09518497  -1076.08378759  -1076.07949775  -1076.08144627  -1076.09214551  -1076.11765741  -1076.12539891 
max(|Fr_perp|)   :   0.00000000    0.00751740    0.00939837    0.01151780    0.00772095    0.01634387    0.01517254    0.00868392    0.02204977    0.00000000 
Fr_paral         :   0.00000000    0.00081498   -0.00323336   -0.01700180   -0.02273736    0.00077921    0.01085007    0.02908137    0.00790191    0.00000000 
max(|Fsp_paral|) :   0.00000000    0.00209323    0.00058206    0.00546748    0.00747150    0.00750599    0.00857677    0.00128219    0.00919537    0.00000000 
max(|Fsp_perp|)  :   0.00000000    0.00000000    0.00000000    0.00000000    0.00000000    0.00000000    0.00000000    0.00000000    0.00000000    0.00000000 
max(|FNEB|)      :   0.00000000    0.00756284    0.00942363    0.01164780    0.00766859    0.01631639    0.01413570    0.00804299    0.02251218    0.00000000 
max(|Force|)     :   0.00159365    0.00752206    0.00935350    0.01127916    0.01330956    0.01637136    0.01452310    0.01817984    0.02190862    0.00142980 
ksp              :   0.01000000    0.01000000    0.02619559    0.07981739    0.10000000    0.10000000    0.09083273    0.04049546    0.01000000 
max(|step|)      :   0.00000000    0.00304246    0.00403641    0.00903237    0.00927837    0.00485254    0.01291939    0.01061866    0.01281461    0.00000000 
angle (deg.)     :    11.7752  19.7299  67.2457  14.5614  27.3762  18.2815  60.7564  33.5341 
>
iteration       : 11
climbing        : yes
zoom on         : no
nim             : 10
barrier         :   0.01901217 (image:  5) 
distance        :   0.00000000    1.74009353    4.27355322    5.31631272    5.78988646    6.28023433    6.65032535    7.20343611    8.47633878   11.49135298 
energy          : -1076.09862736  -1076.10169673  -1076.10098214  -1076.09508884  -1076.08346554  -1076.07961519  -1076.08186650  -1076.09305421  -1076.11764030  -1076.12539891 
max(|Fr_perp|)   :   0.00000000    0.00388825    0.00485184    0.00578447    0.00468245    0.00854360    0.00866601    0.00603021    0.01166531    0.00000000 
Fr_paral         :   0.00000000    0.00084776   -0.00327126   -0.01886020   -0.02194599    0.00009371    0.01304803    0.03116160    0.00987607    0.00000000 
max(|Fsp_paral|) :   0.00000000    0.00205492    0.00078541    0.00586949    0.00565789    0.00550212    0.00620646    0.00182762    0.00624480    0.00000000 
max(|Fsp_perp|)  :   0.00000000    0.00000000    0.00000000    0.00000000    0.00000000    0.00000000    0.00000000    0.00000000    0.00000000    0.00000000 
max(|FNEB|)      :   0.00000000    0.00393994    0.00488807    0.00666230    0.00565483    0.00854174    0.00826140    0.00622387    0.01189530    0.00000000 
max(|Force|)     :   0.00159365    0.00389387    0.00480372    0.00937809    0.01308361    0.00854546    0.00823784    0.01793562    0.01154442    0.00142980 
ksp              :   0.01000000    0.01000000    0.02675069    0.08177318    0.10000000    0.10000000    0.08934274    0.03638222    0.01000000 
max(|step|)      :   0.00000000    0.00985021    0.01044994    0.02856545    0.02684293    0.00622311    0.03383922    0.02894040    0.02735937    0.00000000 
angle (deg.)     :    11.9159  22.4319  64.1554  14.1144  28.7916  18.5043  57.6125  33.0932 
>
iteration       : 12
climbing        : yes
zoom on         : no
nim             : 10
barrier         :   0.01895107 (image:  5) 
distance        :   0.00000000    1.77513673    4.29203756    5.33947748    5.81740865    6.25846294    6.69863397    7.20467947    8.34751062   11.45092035 
energy          : -1076.09862736  -1076.10177297  -1076.10112798  -1076.09421678  -1076.08261923  -1076.07967629  -1076.08288390  -1076.09429951  -1076.11693002  -1076.12539891 
max(|Fr_perp|)   :   0.00000000    0.00150982    0.00218668    0.00246279    0.00239184    0.00108160    0.00453355    0.00364074    0.00738138    0.00000000 
Fr_paral         :   0.00000000    0.00087913   -0.00348222   -0.02300033   -0.01971224   -0.00011308    0.01634070    0.03447074    0.01219853    0.00000000 
max(|Fsp_paral|) :   0.00000000    0.00192574    0.00229632    0.00463987    0.00165333    0.00004227    0.00056522    0.00468139    0.00149311    0.00000000 
max(|Fsp_perp|)  :   0.00000000    0.00000000    0.00000000    0.00000000    0.00000000    0.00000000    0.00000000    0.00000000    0.00000000    0.00000000 
max(|FNEB|)      :   0.00000000    0.00229005    0.00253551    0.00396511    0.00238190    0.00108144    0.00451735    0.00538493    0.00670328    0.00000000 
max(|Force|)     :   0.00159365    0.00147935    0.00329034    0.01314055    0.01110951    0.00108177    0.00866151    0.01940092    0.00942814    0.00142980 
ksp              :   0.01000000    0.01000000    0.03094614    0.08602377    0.10000000    0.10000000    0.08476681    0.03055329    0.01000000 
max(|step|)      :   0.00000000    0.00871476    0.00799708    0.01777487    0.01396240    0.00287374    0.01290545    0.01202228    0.01240320    0.00000000 
angle (deg.)     :    12.1414  24.7470  62.0934  13.8305  29.7902  17.8969  53.5904  34.7834 
>
iteration       : 13
climbing        : yes
zoom on         : no
nim             : 10
barrier         :   0.01895439 (image:  5) 
distance        :   0.00000000    1.80423210    4.31927272    5.36284195    5.83062742    6.24854887    6.71392584    7.19551819    8.28034744   11.43563209 
energy          : -1076.09862736  -1076.10181335  -1076.10116965  -1076.09341700  -1076.08225384  -1076.07967297  -1076.08324569  -1076.09424923  -1076.11670871  -1076.12539891 
max(|Fr_perp|)   :   0.00000000    0.00264660    0.00346539    0.00714198    0.00359433    0.00531698    0.00535010    0.00515756    0.00701285    0.00000000 
Fr_paral         :   0.00000000    0.00085046   -0.00370605   -0.02458314   -0.01840329   -0.00021707    0.01743056    0.03473951    0.01210449    0.00000000 
max(|Fsp_paral|) :   0.00000000    0.00184860    0.00362387    0.00257249    0.00041219    0.00230567    0.00330472    0.00378314    0.00070670    0.00000000 
max(|Fsp_perp|)  :   0.00000000    0.00000000    0.00000000    0.00000000    0.00000000    0.00000000    0.00000000    0.00000000    0.00000000    0.00000000 
max(|FNEB|)      :   0.00000000    0.00258870    0.00341120    0.00717256    0.00360485    0.00531403    0.00541201    0.00508389    0.00698877    0.00000000 
max(|Force|)     :   0.00159365    0.00263958    0.00353314    0.01462007    0.01045184    0.00531994    0.00897368    0.02033497    0.00776346    0.00142980 
ksp              :   0.01000000    0.01000000    0.03474003    0.08774541    0.10000000    0.10000000    0.08303590    0.03078842    0.01000000 
max(|step|)      :   0.00000000    0.01362657    0.01490119    0.02360025    0.01878572    0.00397539    0.01228513    0.01681974    0.01712689    0.00000000 
angle (deg.)     :    12.5115  28.4004  59.2907  13.0617  31.1647  16.9238  46.5987  38.5074 
>
iteration       : 14
climbing        : yes
zoom on         : no
nim             : 10
barrier         :   0.01892866 (image:  5) 
distance        :   0.00000000    1.85088650    4.37148526    5.40225638    5.85207582    6.24106633    6.73021409    7.18579808    8.19904720   11.42909443 
energy          : -1076.09862736  -1076.10187842  -1076.10121702  -1076.09227061  -1076.08186995  -1076.07969870  -1076.08362237  -1076.09402954  -1076.11652268  -1076.12539891 
max(|Fr_perp|)   :   0.00000000    0.00158673    0.00205271    0.00214574    0.00198752    0.00312195    0.00102423    0.00526614    0.00491441    0.00000000 
Fr_paral         :   0.00000000    0.00082833   -0.00408906   -0.02643007   -0.01689412   -0.00019111    0.01844523    0.03473646    0.01120178    0.00000000 
max(|Fsp_paral|) :   0.00000000    0.00174487    0.00554520    0.00061541    0.00079183    0.00494810    0.00598982    0.00263177    0.00000647    0.00000000 
max(|Fsp_perp|)  :   0.00000000    0.00000000    0.00000000    0.00000000    0.00000000    0.00000000    0.00000000    0.00000000    0.00000000    0.00000000 
max(|FNEB|)      :   0.00000000    0.00221027    0.00437269    0.00216259    0.00190421    0.00312044    0.00629167    0.00470594    0.00489434    0.00000000 
max(|Force|)     :   0.00159365    0.00158020    0.00323990    0.01575785    0.00953015    0.00312346    0.00964285    0.02164782    0.00656376    0.00142980 
ksp              :   0.01000000    0.01000000    0.04022442    0.08967637    0.10000000    0.10000000    0.08134416    0.03186124    0.01000000 
max(|step|)      :   0.00000000    0.03347769    0.04448052    0.04180270    0.03709102    0.00974882    0.01010179    0.03231432    0.03905574    0.00000000 
angle (deg.)     :    13.5912  37.0046  54.7597  13.0802  33.8265  16.7754  29.8216  50.2255 
>
iteration       : 15
climbing        : yes
zoom on         : no
nim             : 10
barrier         :   0.01888581 (image:  5) 
distance        :   0.00000000    1.96795946    4.53357913    5.50446240    5.91935058    6.25757954    6.75918019    7.19649229    8.09745831   11.49119383 
energy          : -1076.09862736  -1076.10204255  -1076.10115442  -1076.08987253  -1076.08126610  -1076.07974155  -1076.08367230  -1076.09335663  -1076.11597374  -1076.12539891 
max(|Fr_perp|)   :   0.00000000    0.00156842    0.00225214    0.00827627    0.00703841    0.00057867    0.00917869    0.00737596    0.00715452    0.00000000 
Fr_paral         :   0.00000000    0.00084145   -0.00551799   -0.02727414   -0.01368342   -0.00025405    0.01850562    0.03288770    0.00670169    0.00000000 
max(|Fsp_paral|) :   0.00000000    0.00155666    0.00922209    0.00683604    0.00254893    0.00824800    0.00747306    0.00193277    0.00090657    0.00000000 
max(|Fsp_perp|)  :   0.00000000    0.00000000    0.00000000    0.00000000    0.00000000    0.00000000    0.00000000    0.00000000    0.00000000    0.00000000 
max(|FNEB|)      :   0.00000000    0.00221841    0.00735810    0.00811326    0.00694344    0.00053321    0.00945923    0.00588268    0.00639575    0.00000000 
max(|Force|)     :   0.00159365    0.00156416    0.00390998    0.01561895    0.00773637    0.00062871    0.00983929    0.02286320    0.00728286    0.00142980 
ksp              :   0.01000000    0.01000000    0.05172101    0.09273478    0.10000000    0.10000000    0.08126809    0.03511756    0.01000000 
max(|step|)      :   0.00000000    0.05548448    0.07859062    0.04562727    0.04490593    0.01279552    0.02350986    0.04532222    0.05507689    0.00000000 
angle (deg.)     :    15.7249  51.5218  53.0288  19.3491  37.0563  23.1712  18.4075  71.4781 
>
iteration       : 16
climbing        : yes
zoom on         : no
nim             : 10
barrier         :   0.01884710 (image:  5) 
distance        :   0.00000000    2.15615032    4.83226836    5.69034735    6.07551618    6.36028427    6.84149239    7.29205353    8.15194884   11.77423216 
energy          : -1076.09862736  -1076.10225795  -1076.10062286  -1076.08692299  -1076.08072743  -1076.07978026  -1076.08308020  -1076.09206326  -1076.11511751  -1076.12539891 
max(|Fr_perp|)   :   0.00000000    0.00387998    0.00429769    0.01892471    0.01083055    0.00117700    0.01157891    0.01131660    0.01261594    0.00000000 
Fr_paral         :   0.00000000    0.00068297   -0.00843256   -0.02377520   -0.00981839   -0.00033032    0.01671034    0.02769181   -0.00409296    0.00000000 
max(|Fsp_paral|) :   0.00000000    0.00134366    0.01252523    0.01235960    0.00450636    0.00999162    0.00540616    0.00098505    0.00032589    0.00000000 
max(|Fsp_perp|)  :   0.00000000    0.00000000    0.00000000    0.00000000    0.00000000    0.00000000    0.00000000    0.00000000    0.00000000    0.00000000 
max(|FNEB|)      :   0.00000000    0.00386002    0.01202818    0.01796428    0.01070955    0.00115924    0.01162639    0.01024936    0.01231795    0.00000000 
max(|Force|)     :   0.00159365    0.00387750    0.00562600    0.01777253    0.01068595    0.00119476    0.01145447    0.02243713    0.01442793    0.00142980 
ksp              :   0.01000000    0.01000000    0.06589152    0.09547700    0.10000000    0.10000000    0.08424189    0.04134534    0.01000000 
max(|step|)      :   0.00000000    0.03419917    0.05469920    0.01373839    0.01265233    0.00742982    0.02864949    0.01989217    0.03035011    0.00000000 
angle (deg.)     :    17.4053  61.5417  55.5241  22.8510  37.2093  23.7516  23.7202  82.1148 
>
iteration       : 17
climbing        : yes
zoom on         : no
nim             : 10
barrier         :   0.01881880 (image:  5) 
distance        :   0.00000000    2.27379059    5.05150822    5.79831202    6.18641741    6.46634536    6.90023201    7.38275483    8.29687375   12.02911118 
energy          : -1076.09862736  -1076.10243910  -1076.09985792  -1076.08665956  -1076.08078636  -1076.07980856  -1076.08244812  -1076.09133801  -1076.11521720  -1076.12539891 
max(|Fr_perp|)   :   0.00000000    0.00231352    0.00524127    0.00614930    0.00328554    0.00500834    0.00385067    0.00985039    0.01147837    0.00000000 
Fr_paral         :   0.00000000    0.00064995   -0.01104495   -0.02363724   -0.00967055   -0.00036090    0.01472946    0.02621536   -0.00689110    0.00000000 
max(|Fsp_paral|) :   0.00000000    0.00128279    0.00995292    0.00848955    0.00484490    0.00766229    0.00066122    0.00046598    0.00177783    0.00000000 
max(|Fsp_perp|)  :   0.00000000    0.00000000    0.00000000    0.00000000    0.00000000    0.00000000    0.00000000    0.00000000    0.00000000    0.00000000 
max(|FNEB|)      :   0.00000000    0.00285337    0.01055176    0.00873820    0.00603195    0.00500856    0.00355046    0.00955917    0.01310618    0.00000000 
max(|Force|)     :   0.00159365    0.00238353    0.00713022    0.01341398    0.00635471    0.00500813    0.00794193    0.02044658    0.01451924    0.00142980 
ksp              :   0.01000000    0.01000000    0.06723542    0.09532374    0.10000000    0.10000000    0.08737644    0.04486097    0.01000000 
max(|step|)      :   0.00000000    0.02149613    0.06200330    0.02959543    0.02210231    0.00477907    0.04412179    0.03429050    0.03869988    0.00000000 
angle (deg.)     :    19.3092  69.2396  57.4769  22.0104  34.0862  16.8832  25.9980  84.2898 
>
iteration       : 18
climbing        : yes
zoom on         : no
nim             : 10
barrier         :   0.01880872 (image:  5) 
distance        :   0.00000000    2.35055129    5.23287841    5.80287965    6.20895795    6.53506413    6.90030333    7.42637190    8.40814986   12.16114369 
energy          : -1076.09862736  -1076.10250015  -1076.09857937  -1076.08835059  -1076.08118290  -1076.07981864  -1076.08169656  -1076.09111018  -1076.11615826  -1076.12539891 
max(|Fr_perp|)   :   0.00000000    0.00367816    0.00474564    0.00934659    0.00552996    0.00311520    0.00232820    0.01081429    0.00829450    0.00000000 
Fr_paral         :   0.00000000    0.00058867   -0.01285534   -0.02415478   -0.01167067   -0.00020689    0.01190106    0.02803699    0.00169649    0.00000000 
max(|Fsp_paral|) :   0.00000000    0.00148516    0.00198186    0.00269368    0.00286666    0.00186333    0.00593673    0.00129161    0.00319097    0.00000000 
max(|Fsp_perp|)  :   0.00000000    0.00000000    0.00000000    0.00000000    0.00000000    0.00000000    0.00000000    0.00000000    0.00000000    0.00000000 
max(|FNEB|)      :   0.00000000    0.00368593    0.00419376    0.00940013    0.00552536    0.00311631    0.00577225    0.01090861    0.00869234    0.00000000 
max(|Force|)     :   0.00159365    0.00367881    0.00707063    0.01386752    0.00795001    0.00311409    0.00605708    0.01899123    0.00820968    0.00142980 
ksp              :   0.01000000    0.01022964    0.05917448    0.09347201    0.10000000    0.10000000    0.09101412    0.04596983    0.01000000 
max(|step|)      :   0.00000000    0.00591083    0.01928547    0.02921870    0.02978846    0.00487672    0.01029195    0.02746376    0.03047070    0.00000000 
angle (deg.)     :    19.7140  65.0517  51.8951  16.7549  31.2346  12.5114  27.9789  78.5574 
>
iteration       : 19
climbing        : yes
zoom on         : no
nim             : 10
barrier         :   0.01879144 (image:  5) 
distance        :   0.00000000    2.33515597    5.21731527    5.70563325    6.10517381    6.47660391    6.84398664    7.36721582    8.34187756   12.02960970 
energy          : -1076.09862736  -1076.10252889  -1076.09837682  -1076.08976570  -1076.08172697  -1076.07983592  -1076.08180660  -1076.09153856  -1076.11663402  -1076.12539891 
max(|Fr_perp|)   :   0.00000000    0.00299895    0.00981331    0.01335215    0.00298617    0.00068880    0.00505681    0.02266122    0.00519438    0.00000000 
Fr_paral         :   0.00000000    0.00059406   -0.01197644   -0.02550255   -0.01446306   -0.00012126    0.01211224    0.03018750    0.00910411    0.00000000 
max(|Fsp_paral|) :   0.00000000    0.00220753    0.00315463    0.00654853    0.00043076    0.00018941    0.00552456    0.00239329    0.00261454    0.00000000 
max(|Fsp_perp|)  :   0.00000000    0.00000000    0.00000000    0.00000000    0.00000000    0.00000000    0.00000000    0.00000000    0.00000000    0.00000000 
max(|FNEB|)      :   0.00000000    0.00298159    0.00948986    0.01358954    0.00299083    0.00068350    0.00525934    0.02273372    0.00585354    0.00000000 
max(|Force|)     :   0.00159365    0.00299791    0.00923732    0.01539170    0.00844383    0.00069409    0.00601021    0.02192793    0.00802575    0.00142980 
ksp              :   0.01000000    0.01119994    0.05244218    0.09094299    0.10000000    0.10000000    0.09056157    0.04395119    0.01000000 
max(|step|)      :   0.00000000    0.00315785    0.00685581    0.01484225    0.00521826    0.00073784    0.01524518    0.01175835    0.01335101    0.00000000 
angle (deg.)     :    19.6158  65.2712  47.8348  15.0934  31.4978  12.5365  25.1778  78.7282 
>
iteration       : 20
climbing        : yes
zoom on         : no
nim             : 10
barrier         :   0.01878386 (image:  5) 
distance        :   0.00000000    2.34598422    5.20840748    5.72151747    6.10862255    6.46949931    6.86727861    7.36621256    8.30850705   12.00986034 
energy          : -1076.09862736  -1076.10255436  -1076.09867785  -1076.08933018  -1076.08162144  -1076.07984351  -1076.08219333  -1076.09214545  -1076.11661021  -1076.12539891 
max(|Fr_perp|)   :   0.00000000    0.00132536    0.00191303    0.00505823    0.00251707    0.00041617    0.00210287    0.00288287    0.00334807    0.00000000 
Fr_paral         :   0.00000000    0.00059869   -0.01208165   -0.02671414   -0.01403058   -0.00015229    0.01343781    0.03238084    0.01007294    0.00000000 
max(|Fsp_paral|) :   0.00000000    0.00128234    0.00029212    0.00449033    0.00036016    0.00175745    0.00232818    0.00295504    0.00072558    0.00000000 
max(|Fsp_perp|)  :   0.00000000    0.00000000    0.00000000    0.00000000    0.00000000    0.00000000    0.00000000    0.00000000    0.00000000    0.00000000 
max(|FNEB|)      :   0.00000000    0.00186217    0.00192770    0.00534058    0.00252035    0.00040941    0.00212105    0.00333058    0.00346621    0.00000000 
max(|Force|)     :   0.00159365    0.00138793    0.00485523    0.01604385    0.00800029    0.00042293    0.00675910    0.01901307    0.00659237    0.00142980 
ksp              :   0.01000000    0.01000000    0.05454605    0.09148131    0.10000000    0.10000000    0.08874119    0.04105710    0.01000000 
max(|step|)      :   0.00000000    0.01467291    0.01550540    0.02280769    0.00828873    0.00338803    0.01073937    0.00760707    0.01128379    0.00000000 
angle (deg.)     :    20.1244  71.2267  42.9540  14.2342  31.7891  13.3742  23.8886  81.8599 
>
iteration       : 21
climbing        : yes
zoom on         : no
nim             : 10
barrier         :   0.01877255 (image:  5) 
distance        :   0.00000000    2.39767177    5.26753901    5.79197366    6.15695059    6.50488485    6.92709085    7.39973782    8.33175492   12.08195118 
energy          : -1076.09862736  -1076.10262154  -1076.09865293  -1076.08841208  -1076.08149999  -1076.07985481  -1076.08251794  -1076.09206688  -1076.11652306  -1076.12539891 
max(|Fr_perp|)   :   0.00000000    0.00080691    0.00121718    0.00188132    0.00163481    0.00146474    0.00149954    0.00294986    0.00154567    0.00000000 
Fr_paral         :   0.00000000    0.00058485   -0.01220190   -0.02701833   -0.01341819   -0.00016678    0.01439084    0.03247843    0.00976827    0.00000000 
max(|Fsp_paral|) :   0.00000000    0.00116985    0.00097173    0.00161892    0.00062609    0.00357779    0.00051121    0.00137552    0.00048353    0.00000000 
max(|Fsp_perp|)  :   0.00000000    0.00000000    0.00000000    0.00000000    0.00000000    0.00000000    0.00000000    0.00000000    0.00000000    0.00000000 
max(|FNEB|)      :   0.00000000    0.00135720    0.00193790    0.00247727    0.00163087    0.00146384    0.00147922    0.00276795    0.00164542    0.00000000 
max(|Force|)     :   0.00159365    0.00080071    0.00471791    0.01626870    0.00757226    0.00146563    0.00726218    0.01932416    0.00493927    0.00142980 
ksp              :   0.01000000    0.01000000    0.05897446    0.09211265    0.10000000    0.10000000    0.08723238    0.04145250    0.01000000 
max(|step|)      :   0.00000000    0.01864662    0.01941954    0.01779053    0.00511822    0.00406991    0.00604343    0.00957319    0.01021377    0.00000000 
angle (deg.)     :    21.0012  78.2934  37.5722  13.2146  31.2423  13.7990  26.7903  84.1735 
>
iteration       : 22
climbing        : yes
zoom on         : no
nim             : 10
barrier         :   0.01875812 (image:  5) 
distance        :   0.00000000    2.46245189    5.34782915    5.86141059    6.20622640    6.55180340    6.98280022    7.44283104    8.38283691   12.17120683 
energy          : -1076.09862736  -1076.10269892  -1076.09839562  -1076.08780094  -1076.08148637  -1076.07986924  -1076.08265387  -1076.09190331  -1076.11644142  -1076.12539891 
max(|Fr_perp|)   :   0.00000000    0.00070825    0.00285857    0.00222765    0.00082357    0.00033434    0.00096169    0.00865311    0.00158836    0.00000000 
Fr_paral         :   0.00000000    0.00055545   -0.01225287   -0.02717763   -0.01326202   -0.00016854    0.01466843    0.03240895    0.00995851    0.00000000 
max(|Fsp_paral|) :   0.00000000    0.00183934    0.00010149    0.00000430    0.00145870    0.00411650    0.00166618    0.00007126    0.00078445    0.00000000 
max(|Fsp_perp|)  :   0.00000000    0.00000000    0.00000000    0.00000000    0.00000000    0.00000000    0.00000000    0.00000000    0.00000000    0.00000000 
max(|FNEB|)      :   0.00000000    0.00213279    0.00286588    0.00221355    0.00114752    0.00033564    0.00184710    0.00869576    0.00147959    0.00000000 
max(|Force|)     :   0.00159365    0.00062839    0.00483594    0.01643931    0.00742723    0.00034169    0.00737434    0.01946481    0.00473772    0.00142980 
ksp              :   0.01000000    0.01111189    0.06194430    0.09224110    0.10000000    0.10000000    0.08663953    0.04226148    0.01000000 
max(|step|)      :   0.00000000    0.03816329    0.03631495    0.02915155    0.00898549    0.00774658    0.00975974    0.01628364    0.01885149    0.00000000 
angle (deg.)     :    22.6429  91.5886  32.5060  12.2530  30.2913  15.5300  32.8939  88.3892 
>
