host=comp034.hpc  start=Wed Sep  9 15:52:35 SAST 2026

############ cvt_global at def2-SVPD
read 1448 sites from /home/18660916/system_development/phase2b_charge_design/04_grid/grid_cvt_global_sites.tsv
  shell 3.0 A: 365 sites
  shell 4.0 A: 479 sites
  shell 5.0 A: 604 sites
  standoff 2.997 - 5.017 A

wrote 1448 points to cvt_global_points_bohr.xyz (Bohr) and the row order to cvt_global_row_order.tsv
------------------------------------------------------------------------------
                      ORCA ELECTROSTATIC POTENTIAL GENERATION
------------------------------------------------------------------------------

GBW file                           ... svpd_reactant.gbw
File with points to evaluate V(r)  ... cvt_global_points_bohr.xyz
Output file                        ... vR_svpd_cvt_global.out

Reading the GBW file               ... done
Reading the positions              ... done (1448 positions)
Electrostatic potential evaluated in     2.250 sec

Maximum memory used throughout the entire VPOT-calculation: 3.4 MB
------------------------------------------------------------------------------
                      ORCA ELECTROSTATIC POTENTIAL GENERATION
------------------------------------------------------------------------------

GBW file                           ... svpd_ts.gbw
File with points to evaluate V(r)  ... cvt_global_points_bohr.xyz
Output file                        ... vTS_svpd_cvt_global.out

Reading the GBW file               ... done
Reading the positions              ... done (1448 positions)
Electrostatic potential evaluated in     2.422 sec

Maximum memory used throughout the entire VPOT-calculation: 3.4 MB

Dv MAP: 1448 sites
  range   -0.006439 to +0.006727 Eh
          -4.041 to +4.221 kcal/mol per +1e
  mean    -0.000065 Eh   sd 0.002281 Eh
  stabilising (Dv < 0): 873/1448 = 60.3%

   shell   sites      min Dv      max Dv   max |Dv| kcal   stabilising
----------------------------------------------------------------------
     3.0     365   -0.006439    0.006727           4.221   226 (61.9%)
     4.0     479   -0.004496    0.004785           3.003   293 (61.2%)
     5.0     604   -0.003341    0.003604           2.262   354 (58.6%)

  most stabilising: idx 159, shell 3.0 A, (57.6325, 31.3273, 61.6608), -0.006439 Eh = -4.041 kcal/mol per +1e
  most destabilising: idx 196, shell 3.0 A, +4.221 kcal/mol per +1e

  best achievable single charge: -4.221 kcal/mol

wrote dv_grid_svpd_cvt_global.tsv

############ cvt_per_shell at def2-SVPD
read 1448 sites from /home/18660916/system_development/phase2b_charge_design/04_grid/grid_cvt_per_shell_sites.tsv
  shell 3.0 A: 365 sites
  shell 4.0 A: 479 sites
  shell 5.0 A: 604 sites
  standoff 2.997 - 5.017 A

wrote 1448 points to cvt_per_shell_points_bohr.xyz (Bohr) and the row order to cvt_per_shell_row_order.tsv
------------------------------------------------------------------------------
                      ORCA ELECTROSTATIC POTENTIAL GENERATION
------------------------------------------------------------------------------

GBW file                           ... svpd_reactant.gbw
File with points to evaluate V(r)  ... cvt_per_shell_points_bohr.xyz
Output file                        ... vR_svpd_cvt_per_shell.out

Reading the GBW file               ... done
Reading the positions              ... done (1448 positions)
Electrostatic potential evaluated in     2.387 sec

Maximum memory used throughout the entire VPOT-calculation: 3.4 MB
------------------------------------------------------------------------------
                      ORCA ELECTROSTATIC POTENTIAL GENERATION
------------------------------------------------------------------------------

GBW file                           ... svpd_ts.gbw
File with points to evaluate V(r)  ... cvt_per_shell_points_bohr.xyz
Output file                        ... vTS_svpd_cvt_per_shell.out

Reading the GBW file               ... done
Reading the positions              ... done (1448 positions)
Electrostatic potential evaluated in     2.449 sec

Maximum memory used throughout the entire VPOT-calculation: 3.4 MB

Dv MAP: 1448 sites
  range   -0.006439 to +0.006727 Eh
          -4.041 to +4.221 kcal/mol per +1e
  mean    -0.000065 Eh   sd 0.002281 Eh
  stabilising (Dv < 0): 873/1448 = 60.3%

   shell   sites      min Dv      max Dv   max |Dv| kcal   stabilising
----------------------------------------------------------------------
     3.0     365   -0.006439    0.006727           4.221   226 (61.9%)
     4.0     479   -0.004496    0.004785           3.003   293 (61.2%)
     5.0     604   -0.003341    0.003604           2.262   354 (58.6%)

  most stabilising: idx 159, shell 3.0 A, (57.6325, 31.3273, 61.6608), -0.006439 Eh = -4.041 kcal/mol per +1e
  most destabilising: idx 196, shell 3.0 A, +4.221 kcal/mol per +1e

  best achievable single charge: -4.221 kcal/mol

wrote dv_grid_svpd_cvt_per_shell.tsv

========================================================================
Difference potential at def2-SVPD, on all three candidate grids
========================================================================
grid                 N       min       max   stabilising  best |Dv|
Poisson           1448    -4.035     4.216   873 (60.3%)      4.216
CVT pooled        1448    -4.041     4.221   873 (60.3%)      4.221
CVT per shell     1448    -4.041     4.221   873 (60.3%)      4.221

kcal/mol per unit positive charge; negative is stabilising
(Sokalski 1985: negative catalytic activity indicates rate enhancement)

The two constructions differ by 0.005 kcal/mol in the best
achievable single charge. They sample the same surface at different
points, so agreement here means the extremes are a property of the
substrate field rather than of either sampling, and the placement rule
selected in X.3.6 does not change what the design can reach.

end=Wed Sep  9 15:52:46 SAST 2026
