host=comp050.hpc start=Tue Sep 15 14:51:32 SAST 2026

=== preparing the point list from the production grid
read 1448 sites from /home/18660916/system_development/phase2b_charge_design/04_grid/grid_poisson_sites.tsv
  shell 3.0 A: 365 sites
  shell 4.0 A: 479 sites
  shell 5.0 A: 604 sites
  standoff 2.993 - 5.047 A

wrote 1448 points to points_bohr.xyz (Bohr) and the row order to row_order.tsv
  1448 points

=== superposing each test frame onto the reference reactant
  02450: reactant RMSD to reference after superposition 0.208 A
  04085: reactant RMSD to reference after superposition 0.295 A
  09025: reactant RMSD to reference after superposition 0.385 A
  09900: reactant RMSD to reference after superposition 0.243 A
  10775: reactant RMSD to reference after superposition 0.344 A
  11630: reactant RMSD to reference after superposition 0.269 A
  12485: reactant RMSD to reference after superposition 0.189 A
  14155: reactant RMSD to reference after superposition 0.268 A
  17505: reactant RMSD to reference after superposition 0.257 A
  19185: reactant RMSD to reference after superposition 0.320 A

=== single points at the production level, def2-SVPD with CPCM
  02450 done
  04085 done
  09025 done
  09900 done
  10775 done
  11630 done
  12485 done
  14155 done
  17505 done
  19185 done

=== evaluating the difference potential on the production grid
Traceback (most recent call last):
  File "<stdin>", line 37, in <module>
NameError: name 'pv' is not defined

end=Tue Sep 15 15:25:02 SAST 2026
