233
     69.3540136608000068      35.5997488714000028      69.5931331506999982      -0.1381607043525097
     67.5870470094999973      35.1308481144999973      65.9416402089999991      -0.1298815495704293
     68.1053207851000053      36.5556921641000017      67.7687625341000057      -0.1337777437149121
     71.7080257173000035      35.2458423405999994      70.5867359699000048      -0.1603065062126081
     70.6976899256000024      36.8481981962999967      70.1197932566000048      -0.1532084111224830
     68.3901770746000039      34.1205677593999965      68.2011091412999946      -0.1285232506578442
     68.9461953126999987      38.9487891246999993      67.5752484127000059      -0.1446530399575998
     72.5901341156999962      38.9601220620000035      69.5707395863999949      -0.1796512428743817
     70.3228951382999981      38.7549763198000008      69.1549856815999959      -0.1534756440071909
     70.4896375300999978      40.5494322322999992      66.5375886573000059      -0.1615605541519649
     68.5000574273000069      39.0076440408999972      65.4396114174000019      -0.1465199317897135
     71.6245791981999957      40.2719137511000014      68.1217765560000004      -0.1688798910463696
     70.0252283312999992      33.1564918445999979      69.4519517263999973      -0.1363332200582086
     69.1364296100999951      32.0597672389000010      67.3036192330999938      -0.1280026496238769
     73.0733672883999930      33.3061797917000035      70.2113289556999973      -0.1711381139680306
     71.4959363228999933      31.7132510540000006      69.0184746070000017      -0.1439087709040336
     70.2929871392999956      39.9047025397999988      63.0045694836000010      -0.1723114071676601
     69.3833755720000056      38.1993428760000029      62.0360967234000000      -0.1644624221470643
     68.6467060559999993      36.2065793207000013      62.1970851811000003      -0.1523062539324513
     68.3077405921000036      38.2076035312000002      63.6605702053999991      -0.1486127696737540
     67.6746847693000007      37.0574637563000024      65.0955420306000008      -0.1376465647810168
     71.5399621497000027      40.7790891400999982      64.1780854734000030      -0.1820203825878419
     67.8054796037999949      35.4339514122999972      63.9338545310000015      -0.1373455238401249
     73.4226128109999934      31.5790782575000009      68.8882273466000044      -0.1649587221536635
     68.6794009544999966      31.8474238247999999      65.4477479077000055      -0.1277133507997963
     68.9962332177999969      33.2093788033999999      62.2136552178999978      -0.1433258923523155
     67.9161245550999979      33.3632461540000023      64.5579732198000045      -0.1295741546822526
     69.1366832142000050      31.6973934893999996      63.5529216246000033      -0.1345818583116589
     71.1888509398000053      30.1075583420000008      63.8591003339999972      -0.1427439594291258
     72.1823493467999953      30.0945890437999992      67.0270836513000035      -0.1451194274507355
     70.1140761502999936      30.4998157481999996      65.6478233386999932      -0.1325499124609486
     71.2297802158000053      31.2065064037999988      61.9762546254000029      -0.1538809639362970
     76.0580678320999937      37.0127251500000014      73.7979665018000048      -0.2227565136337546
     79.3654968981000053      39.0616952187000024      74.4920107518999970      -0.2404259692961226
     77.5088275978000070      38.9268234258000021      74.0598811110999975      -0.2310833767299094
     74.8741890624000064      36.0883935294000011      71.9651568024000028      -0.2214013293100390
     75.8194064497999989      38.7205257596000010      72.5463060279000018      -0.2278432866180395
     76.3866769257000016      31.9033074407999990      70.7112938707000040      -0.2168994407626084
     75.5280321431999937      33.1322224403999996      71.8876160797999972      -0.2108977625936177
     76.9290057923000035      34.7897234467999965      74.7236681929999946      -0.2094407311993685
     75.4856990434000039      34.6612392553000035      73.1776381150999953      -0.2119404638205964
     77.2838221797999978      32.9122237771999977      74.1241113364999933      -0.2036832223804055
     81.9996696410999988      35.9815537555000020      75.0698792551000054      -0.2281272728140387
     80.0281428517999984      34.9713017364000009      75.6299034239000036      -0.2114096349788959
     78.0361106767000052      37.0119086066999969      75.0820455583999973      -0.2243847254521327
     80.0893826968000013      37.0089152557000034      75.4099555976000033      -0.2278092299710170
     79.4890416613999946      32.8546969909999973      74.9212320989000062      -0.2018009209476990
     82.2096326631999972      32.1474806295999969      73.4065463658999988      -0.2095439270692889
     82.3129098920999951      33.9324706915000007      74.6493665448000030      -0.2140091228352237
     80.5343993787000016      31.2460120042999989      73.1392193276000029      -0.2050922935135642
     78.3790421555000023      31.1666664052000009      72.6119497101000064      -0.2062175374123587
     83.8356926778999991      33.9524106941999975      72.9056710934000023      -0.2304252857087050
     78.6255810876999988      40.5684714503999970      73.0845971781999992      -0.2399139790738829
     72.1171296010000020      32.9447334469000026      60.4581998733000034      -0.1804276864281746
     70.1756699670000046      34.4691562472999991      60.9495634068999976      -0.1664507131538464
     75.9716845983000013      40.0845118890999998      70.9466673034000053      -0.2268367554695097
     77.5485912469000027      41.1892045685999975      71.3163541087999988      -0.2328117369334439
     73.0229061595999980      36.8321513169999974      70.7003329224999959      -0.1850494357020533
     74.4144999833000043      38.5268805864999990      70.8628902604999951      -0.2098140910949873
     81.8081789119000007      31.0394273526000006      71.5059092103000040      -0.2163878590717676
     79.5643246921000014      30.5763458571999998      71.2323810526000045      -0.2156410068177337
     83.3995761065000067      32.1537689665999977      70.6410691578000041      -0.2316241978824269
     74.8268761071999933      41.5477351752000033      70.1470981716000068      -0.1914267348287169
     73.8520824863000058      43.0027898618999984      68.5968933191000048      -0.1713864954720492
     72.4714991088000033      42.2855219468999977      67.1064019325000061      -0.1685849511581790
     73.1133840356000064      41.0276826678000006      69.1280420756000069      -0.1778228185724551
     75.2382781860000023      44.4267719387000000      67.4045585892999952      -0.1716239029125752
     75.6876746706000034      31.0496101465000010      68.8332588667000067      -0.1965933156902739
     72.7212758369000056      40.0211199976000032      61.3285297211999989      -0.2030177849845831
     78.8984179616000034      43.6786074251999992      68.3366492257000004      -0.2089173318341757
     77.1420283663999982      43.5097780102000016      69.3497133463000068      -0.1948319607777549
     72.4275713477999972      42.7702111109000001      64.8018861601999987      -0.1697752076161052
     73.6926628590999968      44.2056781504999989      65.1927056493999970      -0.1658923669065668
     71.9214605133000049      38.4906173273000007      60.1554114774000013      -0.1944558120851365
     74.1038150545000036      38.9168718935000015      60.1015196358999972      -0.2223737534885384
     74.2650103425999930      43.0448817377999973      61.8596175643999970      -0.1839862070001068
     76.1228023823999962      44.7178021834000035      63.0410475234999979      -0.1780677181619019
     75.6510027093000019      45.0812654651999978      65.5363194323000045      -0.1700714931707044
     74.5117820219000038      40.9974302271999989      60.8595276093000024      -0.2111703524792325
     71.7360013902000020      36.4190681888999990      59.4957006854999975      -0.1897324295912615
     73.8147679003999997      36.3508531096000027      59.0919082595000020      -0.2146022986345315
     72.3103912042000019      34.6167039071000033      59.4871701264000023      -0.1913963062279187
     77.3316468895000071      45.1694315465000003      64.6545024525999992      -0.1793954253590844
     78.6755351178999973      44.7591623467000019      66.4551728351000008      -0.1914679148004659
     80.4491994360000007      43.3317727286000007      66.9193832155000052      -0.2250757120997928
     74.2866658947999952      33.9126313359000022      59.5947472587999982      -0.2132725613920847
     81.1678610092999975      40.1913218549999982      74.2467950057999957      -0.2391964799144066
     80.4012580599000017      41.6731123925000020      73.0333182437999966      -0.2339768840838197
     81.9509085846000005      42.6391240881999991      72.4161676318999952      -0.2284909244111564
     83.2052526084000021      38.0430779244000021      74.6105337066999965      -0.2400079619108517
     84.4146784147999938      40.0963823673999968      73.9929000762000015      -0.2321448532731107
     84.1156575612999973      41.8574757726999991      72.9212061823999989      -0.2302626175582922
     80.0773301750000002      43.2560786272999991      70.2235948497999942      -0.2233438505450209
     85.2167800019000055      34.0838473019000006      70.3662670605999949      -0.2466364246500756
     85.1468137229999940      35.7145649718000016      73.2070515086000029      -0.2339441721703714
     86.5079322687000030      35.4970425962999983      71.4019852609999930      -0.2352001917232975
     85.8342747725999970      38.8267834195000034      73.6125410351999960      -0.2285419041230004
     87.0349987501000015      38.0013378290000006      72.3271568273000014      -0.2289670333775398
     86.3829601651000019      40.3921036135999998      72.4602786341000069      -0.2283771762643205
     84.3175115399999981      42.9720400901999966      71.1823603799000040      -0.2268601929674645
     83.2916903368000021      43.9631960633000034      69.4342618879999947      -0.2175567740177016
     81.3359094171999999      43.9058851902000029      68.8336317963999988      -0.2191396564924979
     85.1521103938000010      43.2784493234999985      69.2512109100999993      -0.2209703450297127
     85.2629973099000011      43.0644133922999970      67.3005181935999985      -0.2226560895612781
     82.8964644567000022      43.4099870492999997      66.1136252804000009      -0.2264512211379923
     88.3008776765999954      38.5875764313000005      69.9780442400000027      -0.2196666887394265
     87.1563734810000028      41.8285529078000025      69.5185965120000020      -0.2173733144592571
     87.8570128088999951      40.7951822092000000      67.9199426736000049      -0.2171042011655189
     77.2067263986999990      29.7998309510000006      68.3271116208999985      -0.2017676837777422
     74.9498932233999966      29.4484226914000011      67.7768244964999980      -0.1696465738369461
     75.7308987594000058      27.8741405266999998      66.3937053437999936      -0.1626236556233387
     73.9212786551999983      28.5875395503999989      66.1610510355999963      -0.1538949769546178
     72.5809286363000012      29.6370936140000012      62.1990250616999987      -0.1539275400093825
     72.8292932153999999      28.8261532570999996      63.9626190764000029      -0.1486278983403118
     73.6547258110999934      31.0391069146000014      60.0587409083999972      -0.1746913727775556
     78.2849868985999962      28.3010394904999991      66.6773695406999991      -0.1882410911730030
     78.1553004378999958      27.4896904163999984      62.8434368228000011      -0.1713490963828104
     79.6645921248999969      28.3550440210000012      65.1459011715000003      -0.1956106820300594
     78.0097043660999958      27.3666416034000015      64.7581367674000035      -0.1716332801440874
     75.0741978948999957      27.3909701892000008      62.9746039738000007      -0.1535319736905834
     74.0704546476000019      28.9800416540999990      60.8851297240000022      -0.1593845292700458
     75.9826916071999960      28.3856347269999993      60.5840495919999995      -0.1661789053377962
     75.2468716411000003      29.9786955141999982      59.6133919640000016      -0.1760192353188152
     80.7160830719000018      28.4060736417999991      67.8207055929999996      -0.1977656448705023
     81.8694088401999949      29.5764571188000005      69.5703656319000032      -0.2073245866611533
     79.0302946327999933      29.6139541989999984      69.6155401339999997      -0.2086063884236857
     84.1134231710999956      30.5761819103000008      68.5400652688999941      -0.2162954871802416
     82.7553159274000052      28.9106321538000017      64.7838085923000051      -0.2036319230523453
     82.7550322416000057      28.7151172883999983      66.9391632691000069      -0.2000962519802485
     79.9451792951000044      45.2808862985000005      64.0390890601999985      -0.1898866442905316
     83.5169486758999966      43.6884685467000011      64.1886632875000060      -0.2177565159676469
     81.9901154249999990      44.9654975699000019      63.5215070725000004      -0.1991901834724885
     81.0758847327000041      44.4945056811000015      65.4782199548999984      -0.2051875778164547
     76.5031127488000067      39.1212610261000009      58.1383233536000006      -0.2267336010828487
     82.3749989263999964      44.7868689781999976      61.5145850752000030      -0.2053107203809308
     84.7305021529000015      42.0662401498999969      62.7962511090999982      -0.2425586696975444
     83.8845759861000033      43.5527520527000007      61.7394312967999994      -0.2269353762518662
     79.9081455527999935      45.5047788724000029      61.8940294681000012      -0.1867073704309234
     76.7774068848000013      44.3445819384999993      60.0646576848999985      -0.1829377194102566
     79.0135829625999975      44.9236975459999996      59.2167529768999970      -0.1884477397389315
     76.7968636057999987      41.6395237652999981      57.7080660688000009      -0.2043645935664919
     75.4587190950000064      42.8527818075000013      60.3635517530999977      -0.1925070327820197
     80.9930820203999957      44.4532525388000010      58.8123952458999995      -0.2094238319989845
     78.7575538039999969      43.6314832994000028      57.7502534352000012      -0.2009952756352416
     88.6436440779999941      40.4451203953000018      65.7487378720000066      -0.2026033818309667
     76.3225655462999981      35.4914461636999974      57.8739602627000025      -0.2341719829818185
     89.6437382340999989      38.6020301125000032      67.1352728023999958      -0.1948612315997025
     85.8504066614000010      42.4224927320999967      65.0841549680000071      -0.2211969868679624
     86.3448643178000026      31.6820924330000011      67.8606301046999931      -0.2127744656725898
     85.1360908732000041      32.4594547211000020      69.2287202775000026      -0.2324853144218331
     89.0826081164999977      36.5891227174999969      69.0825272546999969      -0.2029259393474376
     87.1812761964999936      34.4634365958999993      69.8726192298999962      -0.2224213228016882
     89.5782579725999994      38.8911636242999990      64.8958571707999994      -0.1951134188589059
     88.1966107312999981      40.7425129789000025      63.6585140645999985      -0.2078547354256948
     87.3157533610000058      40.2151188636999990      61.6113516978999982      -0.2333454960239170
     89.8559655088999989      35.1164036588000030      67.4776510794000046      -0.1882586159003807
     88.3171041811000066      33.1802581455999999      68.0499684848000044      -0.1994000683167911
     89.6069949727999955      37.5258962480000022      63.3201365404000001      -0.1978084614106113
     89.9100355600999990      34.7327159749000032      64.0866667564000068      -0.1883703341294360
     89.1386005296999997      33.1104227442000010      64.6872885340000039      -0.1906371757676961
     90.3267287700000026      36.8790443076999992      65.6382947222000013      -0.1862941597440777
     89.0637279955000025      35.6612892329000033      62.3064585827999977      -0.2043212438689608
     88.4966361299999988      37.6527955481999967      61.3751603771000021      -0.2192015919288330
     88.7288175360999958      39.2035393897999995      62.4809927565000010      -0.2097734613361926
     75.9901671549000071      33.2234630835000004      57.4898784025999987      -0.2097276781654607
     77.3625829494999948      34.1737247087000000      56.5807626850999981      -0.2325412611988664
     81.1643950609000058      27.9677603085999991      60.6475646307999980      -0.1827083041988544
     82.3722275937000035      28.7435680456999982      59.3918557892000010      -0.1940198006657283
     80.0819932047999998      28.2427414940000006      62.8326941341000023      -0.1885170428688827
     78.7085907375000033      27.9322156415999991      60.3597148830000023      -0.1750117325256824
     82.1921847068000062      28.6214938355999990      62.4392406337999972      -0.1949009320493875
     83.8405994454000023      29.5895477100999997      60.7257944608999978      -0.2042127664598539
     81.2664651199000048      30.3115585369999998      56.5910719342000021      -0.2205077022883017
     77.9366798835000054      30.3170792043000006      56.6508568723999986      -0.1917209498367693
     81.1564744036000008      28.8672095014000014      57.9251294449000014      -0.1931480213949026
     77.4406202790000009      29.1184562362999984      58.1290698402999979      -0.1780409368143250
     77.7276996886999996      32.1804459379999983      56.1159187642999981      -0.2121216781756026
     79.5448890587999955      31.5716977692000000      55.7923229268999989      -0.2272083979680719
     75.8563788932000023      30.9982261333999993      58.1284663854000030      -0.1876444395429662
     79.1826132942999976      29.0199801525999987      57.3661365557000025      -0.1852337698468940
     88.9005293917000046      33.2766409632999967      62.4230882203999968      -0.1943572197833809
     88.0868288024000066      31.7490292212000007      66.1462193655000021      -0.1931238481608304
     88.3876838712999984      31.2104605687999985      63.7468472251999998      -0.1845313344433546
     84.3598370288000012      29.6581593651000013      66.4756806464999954      -0.2058542572254680
     86.8135009811999936      29.7706609532999984      65.0500129562999945      -0.1857665594896183
     86.1581462351000056      29.3919304259999983      62.3513405902999978      -0.1860275327557197
     87.8298476222999938      31.7896726359999988      61.1589020337999969      -0.1961019403602720
     86.3170643756999993      30.8349253141000013      60.3952618272999970      -0.2036570269451889
     84.5532891040000010      28.7750857296000007      63.7904840436000029      -0.1899676714413729
     83.3047894906000010      43.9733795363000013      57.5586794154000003      -0.2224401832258014
     85.6756468922000067      42.8592361887999971      60.3350763981000000      -0.2325733213944137
     85.4914779374999938      43.1329758728999977      57.8934899715999975      -0.2279958132369355
     78.0625075264999992      35.5942324732000017      55.4846280247000010      -0.2379133468172299
     79.3963833770999940      42.9044758500999990      55.1608477914999966      -0.1960311303945037
     81.3922950429000025      43.9921947312000015      56.6059241672000013      -0.2093014621924727
     81.5593833372000034      42.7696253439000031      54.2714267616999990      -0.2014586108716969
     83.3634321043000028      41.7169552984999967      53.9341373557000026      -0.2149479565460357
     87.6901277278000038      38.8901789713000028      59.0302897911000031      -0.2434617082777457
     86.8191790430000054      41.8523795022000016      58.9125103160000023      -0.2340375161715293
     83.6828870437000063      43.1406384002999985      55.6113430293000022      -0.2188302089041567
     78.0177625440999947      41.2020980660999996      54.5179875231999986      -0.1927555695298615
     83.1118521890000039      37.7449993258999967      53.0741511296999988      -0.2370847248265910
     78.0111079649000061      37.1775011520999996      54.2225674291999979      -0.2132595739041960
     76.7177208832000019      37.4794504178000025      57.0441171699999998      -0.2270508142996679
     79.8593701105999969      37.2022219640999978      53.0433653011000033      -0.2176473085792505
     81.1494374980999993      40.6235762159999965      52.7858262561999965      -0.1993678852850405
     77.8068699832000021      39.1705698983000019      53.9272427949999980      -0.1971581475229911
     76.7507109502000020      39.6183587311999972      55.7471659356999965      -0.2026982219716960
     81.3189706739999991      38.3357741833999981      52.5341180411000011      -0.2130690644866124
     86.3771688397000048      41.2260692983999988      56.1119363647000000      -0.2335097762461267
     87.3488642915999947      40.2788212387999991      57.5033970198999995      -0.2386826897565477
     86.6912723531000040      39.2746020506000022      55.7242776556999999      -0.2441576394465788
     84.9984615629000047      39.7791436449000031      54.0500893968999989      -0.2336525601779567
     86.0624615465000034      31.0407796436999988      58.0875900695999974      -0.2121608670662738
     85.1111008413000008      31.1113479107000011      56.2064127573000007      -0.2190390943254616
     84.3827189228999970      30.2388474462999994      58.4436405577000002      -0.2162170080511654
     83.2085601810999975      30.6063333375000006      55.9726180420000006      -0.2230231551780282
     87.5859015026999970      32.4536560399999985      58.7805054302000016      -0.2088200929575859
     88.5556015968000025      34.5127934877000015      58.7607472573999985      -0.2099760874646943
     88.5350910199999959      36.3774053946999985      59.3475211463999983      -0.2198020751937388
     88.0809795023999982      37.2347247785000022      57.5485296644000002      -0.2302909845207086
     85.0723740195000033      32.5072510363999996      54.5159766928000025      -0.2256648718844314
     81.2027102608000035      31.3107972775000007      54.8950534084000026      -0.2251506936615719
     86.8366026518999945      37.2453158661000003      55.3820374491999985      -0.2419269291050821
     86.7983224702999934      33.0717491747000025      55.8291582259999970      -0.2207598743632069
     83.7263590798000052      34.4529493773000013      52.9077083811000008      -0.2282865814546238
     80.4758327778999956      35.2447280445000004      53.0547861423999976      -0.2287709353740262
     81.6933215916999984      33.0821897387000021      53.1901541557000002      -0.2236452242200766
     78.8825810353000065      34.2595271981999971      54.3272070929999984      -0.2300211535008660
     83.2052838449999967      32.0998247177000025      53.8743821377000032      -0.2231476559734968
     88.1474049199999996      34.8570694200999966      56.8309894480999986      -0.2155704350605205
     85.5918944640999939      35.2008940640999981      53.7897772367999991      -0.2330350862841897
     85.0471868207000057      37.7362359914000010      54.1799071061000035      -0.2541204001743900
