233
     63.7882360404000011      35.5114173070999968      95.6112995545999951      -0.1366396032361692
     62.2242914109000012      33.4834494118000023      92.4305978738999983      -0.1271518420103863
     62.6332623612999981      35.5642786845999979      93.4983321864000061      -0.1311149579923931
     66.0875673169999942      35.6824594767999983      96.7678847928000039      -0.1596483487711193
     65.0928231511000064      36.9040702906000035      95.6170115322999976      -0.1512528120284653
     62.9112483814000001      33.5533230209000024      94.9394007662999968      -0.1272474791886609
     63.4667347497000023      37.6716746260999997      92.3426346166999963      -0.1418745716531742
     66.9974528836000047      38.6367479107000023      94.3081031294999974      -0.1767840450868707
     64.7574459485999938      38.2080803827999986      93.9157745079999984      -0.1509576529895931
     65.0528077536999945      38.7239035277999974      90.7940233780000057      -0.1592935914166844
     63.1361558482999996      36.8041283745999976      90.3674056727000021      -0.1434702659815095
     66.1024597093000068      39.1793964432999999      92.3957466286999960      -0.1666183174472611
     64.4830295419999970      33.2606390799999971      96.5553470055999981      -0.1365759273061684
     63.7191490666999982      31.3292871563999995      95.0405972255999956      -0.1281345820606408
     67.4846107144999934      33.8080441082000007      97.3176261930999971      -0.1729578701166883
     65.9849742092000042      31.8137384812999997      96.8459829698000050      -0.1459033195740513
     65.0516744380999938      36.6331806662999995      87.8673445664000070      -0.1707189820378296
     64.2075325536000037      34.6520764946999975      87.6769895986000023      -0.1620613932189343
     63.4770892368999995      32.8960875949999973      88.6375422476999972      -0.1491346381602892
     63.0457276543999967      35.3185360351999975      89.0919150380999980      -0.1455332938812965
     62.3441141979999998      34.8693977917000026      90.8493958237999948      -0.1343137476798031
     66.2273743484000050      37.9595291844999991      88.6124403393999955      -0.1810892346118340
     62.5487001612000029      32.9106681075000012      90.4973445857000058      -0.1340761496074396
     67.9167571365999976      31.6933833227000008      96.8738816213000007      -0.1683642588492429
     63.3644722193999996      30.3349808990999996      93.4331823150999980      -0.1272736774797298
     63.8459982822000001      30.2017919100999990      89.9453387238000062      -0.1414629262721565
     62.6398507577000032      31.3058147752000018      91.9484559049000012      -0.1276756342210792
     63.9244215370000006      29.4072526379999992      91.8059884591000070      -0.1339136635222911
     65.9680459039000056      28.1591311232000017      92.8540846874000039      -0.1437773466907153
     66.7891176707999961      29.5230007621000006      95.7676780612000016      -0.1477301814779022
     64.7955676796999995      29.2428307700999994      94.2538798858000035      -0.1335611086231161
     66.1029472265999942      28.3542603586000013      90.6865523981000052      -0.1538898113199458
     70.2455223512999964      38.7731861668000022      99.1164079995999998      -0.2237611057496647
     73.4963592584999930      41.0186926139000008      99.0224772326999982      -0.2407189167562773
     71.6667098320999969      40.6586584842999983      98.6042599214000006      -0.2307060134506234
     69.1687677805000050      37.1232719130000035      97.7997714402000042      -0.2206749584354366
     70.0629447907000014      39.7792412679999998      97.2469923991999963      -0.2248824222332182
     70.7757471697999989      32.8483472448000029      98.5190583653999994      -0.2249865126872841
     69.8463380344000058      34.4350015588999980      99.0190219888000058      -0.2170753835344748
     71.0806124528999987      37.1809883334000020     100.9397904898000036      -0.2159668420444181
     69.7238093100999947      36.3653777646999998      99.5313458892999989      -0.2164183494471459
     71.4802998239999994      35.2379618912000012     101.2141376285999996      -0.2128191203882732
     76.1167966560000053      38.5548042313999986     100.9776323069999933      -0.2289458180433357
     74.1249658002000018      37.8211579736999965     101.8235206585000014      -0.2178803374993237
     72.1513089123999976      39.3761293230000007     100.3677873662000053      -0.2277707043553789
     74.1838530258000048      39.5728934547000009     100.7595886502000013      -0.2305373319782653
     73.6396111622999996      35.5892709569999965     102.0601047010000002      -0.2112317132373018
     76.4428549242000059      34.3852760846000010     101.1176271103000062      -0.2176257357274984
     76.4664931641000010      36.5314305141999967     101.4849418283999967      -0.2188802538673560
     74.7907932874000068      33.4070597636999977     101.1832103614000005      -0.2157677627345844
     72.6676502897000063      33.0480795292999971     100.6416655933000044      -0.2172923969517093
     78.0810241759999997      35.8528973223000023      99.9708014245999976      -0.2295774766608414
     72.8230745121999945      41.7620081979000020      97.0749576360999953      -0.2430448236031602
     67.0588827744000042      29.3075706398999998      88.6151521105999933      -0.1800258834615889
     65.0831958384000018      30.8387424332000002      88.3206311814000031      -0.1643288566457581
     70.2919003229000054      40.3377843594999987      95.2275618298999973      -0.2246158377170850
     71.8388445936000011      41.5404868362999977      95.1633823622999984      -0.2376026064854262
     67.3833590293999976      37.2043624538000017      96.2551215135000007      -0.1828031479714820
     68.7523547182999977      38.8474088333000012      95.7439317702999944      -0.2060081725515790
     76.1523020369999983      32.5632199184000015      99.8538790645000063      -0.2258854474779746
     73.9297558073999994      31.9623340710000008      99.7010119994999968      -0.2266546322633349
     77.7803021438000002      33.2503507381000034      98.6707825050000054      -0.2366216212866448
     69.1818070860000063      41.2882059689000016      93.8292373209000061      -0.1919146368580069
     68.2820611174000049      41.9171622268000021      91.7639496782000066      -0.1725014053781670
     66.9889747578999959      40.5943208023999986      90.6593834598999990      -0.1685654576855011
     67.5294839345999947      40.3344211583999979      93.0513505968999937      -0.1768565100514046
     69.7206975421999999      42.7392200955999968      90.1436189471999967      -0.1744283261824293
     70.1851018960999937      31.2573050310999996      97.1537226800000013      -0.2012474085848410
     67.5660465840000057      36.0971902392999979      86.4147967076000043      -0.2052133268940821
     73.3302764544999945      42.5656604377999983      91.4725220257000018      -0.2202987666936327
     71.5229657468999989      42.7921072533999975      92.3791953627000026      -0.2010652993860607
     67.0661731459999970      40.0520187396000011      88.3686204735000018      -0.1705809607354141
     68.2983286926999966      41.5538287628999967      88.1683172299999995      -0.1677304171568146
     66.8413740570999977      34.1905100597000029      85.9700835291999965      -0.1957378034083241
     69.0204451352999939      34.6171114475000010      85.8399715713999996      -0.2261033912020345
     69.0578390218000067      39.1037067378000032      85.6774233625999955      -0.1867842612455082
     70.8374827407999987      41.1737309008999972      86.1175358779999982      -0.1812794525547119
     70.2291378787000014      42.5493414759000004      88.1956827597000057      -0.1730376141283401
     69.3724463247999950      36.8335192376000009      85.6573030593999931      -0.2146965693149987
     66.7061811001999985      32.0305458177000020      86.2479442596000041      -0.1900407742799288
     68.8041399888000029      31.8580460814999995      86.0075608842000037      -0.2164898810041755
     67.2926847596999949      30.4131317707999997      87.0343911374999948      -0.1914143479915111
     71.9542889212000034      42.3034870059999975      87.4384847909000058      -0.1831589415066119
     73.2018104927000053      42.7370099388000000      89.3019541383000046      -0.1977800982384075
     74.9576849947000028      41.6948715373999974      90.4108589125000037      -0.2395868440816855
     69.2651059006999930      29.8797249088999983      87.5222278310999968      -0.2139496703992982
     75.3014531063000021      41.9891926107000018      98.4024212304999963      -0.2384153683157297
     74.5912232400000050      42.7915537207000014      96.6395544411000031      -0.2413414714075266
     76.1651946199999941      43.4485468065999996      95.7415319451999949      -0.2350748647360135
     77.3310897908999948      40.2599112827999974      99.7397257483000033      -0.2292681106760011
     78.5578232768999953      41.8904154120999976      98.3624739712000036      -0.2183543881851016
     78.3048893600000042      43.0194111527000018      96.6301967686000012      -0.2234462234625418
     74.4084935653999935      43.0199340134999986      93.4115970011999934      -0.2396379476505608
     79.5962575946000044      34.9328787230000017      97.6836888160000001      -0.2370839741409227
     79.3617033647000056      37.6135933711999968      99.5526310213000016      -0.2189890287630991
     80.8197708543000033      36.6894109837000002      98.0767753548999934      -0.2163804778963740
     80.0046594407999976      40.6216900917999979      98.6247895902999971      -0.2091717825159076
     81.2787296749999939      39.3637111383999994      97.8701075076999985      -0.2065285266047567
     80.6038831633999990      41.5641361002999972      96.9420186427000061      -0.2100805143493130
     78.5925936928999960      43.2945844370999993      94.5935109185000016      -0.2258536327571825
     77.6557988951999931      43.4182447543999999      92.5446889950000013      -0.2251448067753845
     75.7357442393000042      43.0538594622000019      91.9366318218000060      -0.2336305064788196
     79.5280944881999972      42.7754020403000013      92.7563750932999938      -0.2203765150147099
     79.7456224386999963      41.7558837484999970      91.0900697774000037      -0.2231144950505151
     77.4442827289999940      41.4947800388999966      89.7618099840999975      -0.2346450686737995
     82.6654959866000070      38.9326618954000025      95.5559055177999994      -0.2018089786053636
     81.5250088316000046      41.6359923763000026      93.7076079362000058      -0.2069066766122525
     82.3180923255000039      40.0421139834000002      92.7354892169999943      -0.2063803465251066
     71.7378999271000026      29.9559563820000001      97.2985024880999987      -0.2065232067074092
     69.5165617684999972      29.3380874387000006      96.8473989303000025      -0.1729944174095266
     70.3820081896000005      27.3488095724000004      96.3041415004999948      -0.1652062671889603
     68.5826829093000043      27.8423688698000014      95.7069657546999935      -0.1562641001250391
     67.4509533185999999      27.0686449787999983      91.6184096285000038      -0.1547718940914145
     67.6093572550000061      27.0918568320000013      93.5687794595999947      -0.1501388517263802
     68.6289878614999935      27.4587662845999994      89.1365679923000016      -0.1748848033258970
     72.9140321339999957      27.9303494806999986      96.4958193673000011      -0.1916696443685026
     72.9971661927000071      25.5629451811000017      93.3712983489999999      -0.1733923086700937
     74.3739031159000064      27.3686491696000012      95.1523567099000047      -0.1989746650985786
     72.7492625616000055      26.2611884091999990      95.1470841718000031      -0.1741058928025456
     69.9142350360999956      25.4392042095000015      93.3904566491000026      -0.1549335440872195
     69.0137684080000042      25.9593463104000008      90.7794868457000064      -0.1600178161125978
     70.9435498399000011      25.3495834002999985      90.8484205034999945      -0.1669492700603925
     70.2501751923999933      26.3567199593999995      89.2589685619000051      -0.1761064640478072
     75.2790647827000043      28.5824945286999998      97.5957309604000045      -0.2019154476183456
     76.3280938886999962      30.4187757179999991      98.7310183210999952      -0.2127114812572177
     73.4904900434000012      30.3888028810999984      98.6255560277000001      -0.2153934475973465
     78.6174721347999963      30.9509864651000015      97.4771970495000062      -0.2181466223824486
     77.4757394545000011      27.8078474831000015      94.7303626308000020      -0.2076595849573000
     77.3604422651000050      28.5470720102999991      96.7611343023999950      -0.2034978316237570
     74.5963999410000014      42.2192389263000010      86.9548950262999938      -0.1936805938227248
     78.1658460514999973      40.9466944580000032      87.9323346898000011      -0.2184542583716862
     76.6684371629999930      41.7737655962000005      86.7154368836999936      -0.2009943266487380
     75.6531842818999962      42.1525847604000035      88.6421268043999930      -0.2116241536572314
     71.5207628659999983      34.0378070645000008      84.0891541440999930      -0.2338452065953813
     77.1623456787999942      40.7704001188999996      84.9958173084000066      -0.2043728196017973
     79.4640334719999970      38.9227498536000027      87.4209577772000017      -0.2341861755056378
     78.6661071301000021      39.7936463970999981      85.7939883258000009      -0.2207116778376328
     74.6736823014000066      41.5089713285999977      84.9196241812000068      -0.1892803919121295
     71.6544052687000033      39.5901485796999992      83.6172155999999944      -0.1871695417025165
     73.9290273162999938      39.8191302874000002      82.7070163635000029      -0.1930135902760277
     71.8198364682999966      36.1418012166000011      82.6411134993000047      -0.2132512414926389
     70.3318852159000016      38.3289621795000031      84.4622554544999957      -0.1965512197441193
     75.9306871540999992      39.2795872052999968      82.6329126820999988      -0.2131690213790982
     73.7615214637000065      38.0192465124999970      81.9206642280000068      -0.2098260869068991
     83.2232121960999933      38.8255844472000007      90.9588980359000061      -0.1962490363145584
     71.3799405522999990      30.6362619571999986      85.3882696242999941      -0.2325968834092915
     84.1597501554000047      37.7767461855000022      93.0427608375999995      -0.1875452906592656
     80.4562788749999953      40.2502841661999966      89.3878608727000028      -0.2182212597276880
     80.8746154445999963      31.7280277750000010      96.4945930093000044      -0.2110598616990043
     79.5883758798999992      32.9774236101999989      97.3441187108000037      -0.2300866569168232
     83.5082828866000000      36.7669081900000023      95.6339537505999999      -0.1922262270050368
     81.5818601120000011      35.1239710043000031      97.1661099387000036      -0.2115858971941726
     84.2132699344000031      37.0845642681000029      90.8931357424999931      -0.1904513821816725
     82.8876322543000015      38.1931196302999965      88.9230465960999936      -0.2019262301390636
     82.1222689972999973      36.8200752392000012      87.2575448097999953      -0.2228920024475194
     84.3773608045000003      34.7750347246999993      94.8467090039000027      -0.1835059070902876
     82.8233140770000063      33.2216208767000012      96.1179859339000018      -0.1954162720144872
     84.3365118549999977      35.1805005581000003      90.0522854902999939      -0.1951631783884817
     84.6170964149000042      32.9881857044999975      91.9486731337999998      -0.1878387672195405
     83.8256324063000022      31.7532063720999993      93.1470489613000012      -0.1908344748909663
     84.9345060106000034      35.6016725033000014      92.4554726883999933      -0.1826226905870101
     83.8617169377999971      33.0468336097000019      89.9057369627000043      -0.2051346019355798
     83.3319307114000054      34.4361119076000008      88.1898583827999971      -0.2162792285790314
     83.4933033679999994      36.3158910280000029      88.5390993352000066      -0.2045459577960305
     71.0845074979999936      28.4114368273999993      85.9921133704999932      -0.2066651377152660
     72.4973797864000034      28.9248960731000011      84.8288570973000020      -0.2237652386930726
     76.1170403698999962      25.1501910349000006      91.3216459176999962      -0.1855869286493910
     77.3854968118999977      25.3536881307000002      89.9119832085000041      -0.1981225450022617
     74.9163575519999938      26.2960568093999996      93.1292276653999949      -0.1914988795767449
     73.6806652588000048      24.9238071824999992      90.9639834442999984      -0.1763732659979365
     77.0420355385000022      26.5332429788999988      92.7092241096000009      -0.1992054936562155
     78.7738009575000007      26.7290032026999995      90.8242934186000070      -0.2120968680168396
     76.4217130182999966      25.5494361649999995      86.6625988763999970      -0.2166143829121729
     73.0935986788999941      25.4823829338000003      86.5614393750000062      -0.1878396522963062
     76.2498788589000043      24.8065433699000017      88.4782350880000052      -0.1939293271554483
     72.5267800503000046      25.0117709177999998      88.3849323697999978      -0.1771516219520812
     72.9008821918999956      26.9346842875000014      85.2747194291000028      -0.2041385611403346
     74.7370721140000001      26.2995948087000002      85.3250555956000056      -0.2156484242156171
     70.9318782365999994      26.6657743730000014      87.5109090443000071      -0.1862126241153561
     74.3080652149999992      24.6493872974000006      87.8174769308999998      -0.1837115482410336
     83.7090081605000051      30.9342368755999999      91.0194688401000036      -0.1977601505420239
     82.7060959884999960      31.1108750064000006      94.9969527121999988      -0.1927124286878286
     83.1397868437999961      29.6126045484999985      93.0722048039999947      -0.1870659745750896
     78.9813487593000048      29.2502140455999999      96.0142766719999941      -0.2082635649455291
     81.5075677890000065      28.8178421594999996      94.7907883281999943      -0.1878785255463153
     81.0015172437999951      27.3089751872000015      92.4836271938000039      -0.1912389208712870
     82.7184856343999968      29.0203066426000014      90.4614928904999971      -0.2035211781359934
     81.2557994192000024      27.7876900724000002      90.1087785704000055      -0.2141396947048548
     79.3256181009000017      27.3156389255999983      93.9730953294999978      -0.1939975431913403
     78.3099862063999979      38.3802254978999997      81.8106247465999985      -0.2225052843380979
     80.5351570330000044      38.6217356073999980      84.9027030255000028      -0.2210947210321432
     80.4811863675000012      37.8262220264000035      82.5715142285999946      -0.2204767378184798
     73.2455927590000044      29.7646134121999992      83.2654313541000022      -0.2279265650990645
     74.5442532665999948      36.2796153590999992      79.9199945856999960      -0.2069993916015314
     76.4516373720999951      37.9363106308000013      80.8539582491000033      -0.2167186999566724
     76.7530027566999991      35.8428836096000012      79.2730677553000049      -0.2109794609473177
     78.5798908506999965      34.7999728305000033      79.4995347960000061      -0.2221778779553443
     82.6446357046999935      34.5353004346999981      85.5069907353999952      -0.2337645269870574
     81.7607855093000069      37.1396520105000008      84.0987232524000063      -0.2215564882349348
     78.7984400039999997      36.8102118002000012      80.4231794554000032      -0.2224397475667530
     73.2141965827999996      34.4258803801999989      80.0010543822999978      -0.2024946044887930
     78.4026734129000005      30.8336488740000014      80.4029567696999976      -0.2359094805011210
     73.2514248928000029      30.6590648580999989      81.4482629062000001      -0.2124707187999597
     71.8055214092999989      32.0936584080000031      83.8097181578000061      -0.2299916477332538
     75.1604417745000006      30.2343163626999996      80.4570792714000049      -0.2150715469915720
     76.4387636814000047      33.2579113074000006      78.8261188629000031      -0.2074250439626777
     73.0496066620000022      32.3306921653000003      80.3230143260000062      -0.2030848913969070
     71.8936467760999989      33.4784373374000026      81.7281992752999997      -0.2103776404203739
     76.6375084601999959      31.0861111978000011      79.5810502906000039      -0.2151442816266833
     81.4749827043000039      35.3697315114999995      81.8147464286000030      -0.2273400059988706
     82.3766827104000043      35.1326246213000033      83.5201352740999994      -0.2280958180169730
     81.8230900996999964      33.4486604558999971      82.3101976895000007      -0.2389150935707640
     80.2196803102000047      33.1439734129000030      80.5048390629000039      -0.2356174605790340
     81.1247400759999948      26.9856183541000014      87.9242758915000024      -0.2235258898654120
     80.2758675686000061      26.2220378357999984      86.1507890971000023      -0.2245878674102109
     79.4338282278999941      26.3622820412999985      88.5105108650000005      -0.2260076220767573
     78.3922745073000016      25.6100933166000004      86.0673520749000005      -0.2224457448710133
     82.5987071989000015      28.6029554519000015      88.0184158996000008      -0.2203317861336949
     83.5537498653999933      30.4858421108000002      87.1678942823999989      -0.2176094461190914
     83.4886522157000002      32.4215604298999978      86.9028306496000056      -0.2222999056412434
     83.1263957765000043      32.4192403445999986      84.8912767630999952      -0.2301456289324584
     80.3187821582999959      26.7652731219000017      84.0269545570999981      -0.2250001811221765
     76.4426901663999985      25.7307036545999992      84.7015472097999975      -0.2148620836247055
     82.0007622284999940      31.4715515251000006      82.8720914193000056      -0.2415269200153123
     81.9673546360999978      27.8846480250000006      85.0522401534000068      -0.2280007248610225
     79.0480960857999975      27.8025703630999992      81.6831549597000048      -0.2192880208861148
     75.7889550027999945      28.4862680471000012      81.3295684169000026      -0.2159915365291827
     77.0123337779999986      26.6229899842000002      82.4289840195999943      -0.2108252303682807
     74.1362012852000021      28.0891554726000017      82.8258416709000045      -0.2154045215799645
     78.4919275936999981      26.0693224770999983      83.5351003125000062      -0.2155006467846121
     83.2479599618000066      29.9651340994999984      85.2588444274999944      -0.2222710272349158
     80.8580521055999952      28.9087542104000015      82.2471633754999942      -0.2303333919667239
     80.2754981161999979      31.3523578319000009      81.4946352295000054      -0.2526206510229105
