233
     62.3893621718000020      30.2422926415999989      87.5971649431999992      -0.1356662252587419
     62.8493187911000035      29.0847722950000005      83.7082028290000011      -0.1278052246022536
     61.7606352736000019      30.4868315193999990      85.2849597515999989      -0.1307696813080153
     63.9213239592000022      31.1248166077000015      89.4754923077999962      -0.1584150799959527
     62.5735157406000013      31.9833610079999993      88.3562636821000069      -0.1502401437894942
     62.9788825696999979      28.5418365375999983      86.2497216945999980      -0.1269091717194968
     61.3147103932999968      32.9728514162000010      84.9811722877000051      -0.1415310825943852
     63.2162901096999974      34.7947109401999981      88.1944612440999975      -0.1766906460689253
     61.7741136977000025      33.4553025068000025      86.9773248875000036      -0.1503238837157124
     62.1524282582999987      35.1884985121999989      84.3407452982000052      -0.1590259084607712
     61.8670850330999968      32.8861242131999987      82.8714782484999972      -0.1436652170835639
     62.4672096573000033      35.4732668448000013      86.2628743426000000      -0.1662257457785046
     64.1519256585000051      28.5178043039999984      88.1967282476999941      -0.1356281865743050
     64.9375405873000062      27.2162850405000007      86.1238178976000057      -0.1284431282613809
     66.0660414565000025      30.2021078335999995      90.0377860122000016      -0.1713280123938059
     66.1594275535999969      28.0755521060000000      88.6529930000999968      -0.1449921155614220
     63.8393711574999969      34.6954861450999985      81.2026352466999981      -0.1709339298822563
     64.3979995855000027      32.8116348586000015      80.3011792669999949      -0.1630418846569359
     64.7417103005000030      30.7224691304999986      80.5398324702999986      -0.1510038371181217
     62.8776690227999993      32.1842397786999967      81.3456615962000029      -0.1463427969036690
     62.3401986924000013      30.8096355847000005      82.6122768769999993      -0.1349708410511479
     63.8540280078999984      36.0383804176999973      82.5785198825000037      -0.1808275184777912
     63.7320071668999972      29.5472120702999987      81.9255647778999929      -0.1356498875358572
     67.7437679493999951      28.9727197933000014      89.3102635903999982      -0.1669907595255715
     65.4934805813000054      26.8802916349999990      84.3137730228999942      -0.1286191173285633
     66.4623882737000002      28.3511408875999997      81.2621374068999955      -0.1440117015356588
     64.5575802319000047      27.8130819944000010      82.9259690481000007      -0.1292995587153651
     66.7299585717999975      27.0763391099000010      82.8122170377999964      -0.1360901378175665
     68.9318797740999969      26.7794554982000008      84.1892125760000027      -0.1455312538451619
     68.3280568371999948      27.1445517961000000      87.4335041997999980      -0.1478848165983493
     67.1540943770999945      26.4722147449999987      85.3088638210000028      -0.1347517896929649
     69.2376702470999987      27.8215342041000007      82.2984365005000029      -0.1562836255906994
     64.9787809010999950      34.7559466881999981      93.7244241671999987      -0.2249150214466660
     66.1911636075000018      38.1963274287000019      95.2452697623999995      -0.2420839727661424
     65.0334644856000068      37.1318054199999992      94.1596027076000013      -0.2329957121530555
     65.3203531988000066      33.4330762969999995      91.7883220071999943      -0.2222281100555143
     64.5033692497000004      36.1423459820000019      92.1777901189000062      -0.2284670056493265
     69.0507605534999982      30.7140036342999991      92.0441386987999977      -0.2199647320398501
     67.2925878930000039      31.2597605055000010      92.5362923452999979      -0.2137535255858030
     66.3260058601999987      33.2753587557999992      95.3213078225000032      -0.2126390996428622
     65.9587762726000051      32.4820955582000011      93.3910934586999986      -0.2146576186463971
     67.7697190323000029      31.8882463941999994      95.2768142775999962      -0.2071796963696162
     69.4451162706999980      36.9215584888000024      97.3775984649000037      -0.2258218597595985
     68.2000289348000024      35.0068430274000022      97.3084875364999959      -0.2129829664187373
     65.9279058547000005      35.7299440342999972      95.6510803840999984      -0.2268528197814206
     67.3470266124000005      36.7843311789999987      96.7455318295999973      -0.2285902813022638
     69.1287234721999937      32.9543980759999968      96.8636763782999992      -0.2043968934072300
     72.1917025589000048      33.8400495623999973      96.6909806645000032      -0.2100115999497802
     70.8638722853000047      35.3585434638999985      97.5110420888999982      -0.2130228230179956
     71.4748250603999935      32.2098308675000027      95.9705713058999947      -0.2074209707422465
     70.1042385312999983      31.0409866022999985      94.6724305648999973      -0.2095946044602428
     72.7612756349000023      36.2487012660999994      96.5275694356000002      -0.2252504825009716
     65.5003579683999959      39.1568725990999980      93.4016853377000018      -0.2438094850071728
     69.7170396644000050      29.8335303399999994      80.9436712345000018      -0.1819647029208191
     67.2875895128999986      30.0966292346000017      80.3410773078999938      -0.1668881705519123
     64.6424002411999936      37.4555709946000022      90.5350481140999932      -0.2270449770968597
     65.1413794616999979      39.2029746543000002      91.2707443939000029      -0.2368661847378419
     64.0966653578000063      33.1572110469999970      89.7866502279999992      -0.1828725844557901
     64.2562599222000017      35.3197965709999977      90.1510936134999952      -0.2083534062786097
     73.2461669358000051      32.7721095906999977      95.0329764815000004      -0.2177806998713301
     71.8863451833999960      31.2188039721000017      94.0023114819999961      -0.2184250107359986
     74.2831451835999985      34.5907865556999994      94.6596926878000033      -0.2307617183615296
     63.4036461402999976      38.1403675589999978      89.0902430734000035      -0.1919599518720965
     62.6212525327999998      38.9406835730000012      87.0364912991000068      -0.1719648058979129
     62.5650131617000014      37.6761357851000014      85.2929878368999965      -0.1681592850860891
     62.7953811451999968      36.8488600780000013      87.6046431478000045      -0.1767796031344897
     63.4924027190999993      40.9307308270999997      86.2291903268999960      -0.1733635806872957
     69.7454750881999956      29.7064068076999988      90.2423232117999987      -0.1987166427989244
     66.3480407172000071      36.1373983006999993      80.6138104134000031      -0.2045135112691288
     66.2348718541999943      42.1619057906999970      88.6350659518000015      -0.2156908823681043
     64.5474375858999991      41.0558377067999984      88.8975267639000037      -0.1986904912014609
     63.2877096341999987      38.1696528904999965      83.1062558337000041      -0.1701593353639623
     63.3794529868999987      40.0351126225000016      83.6766987951999965      -0.1671342511172025
     66.9928495996000066      34.4689954100999998      79.5372405412999939      -0.1954983742967968
     68.4649670880999963      35.9735503042000033      80.2558873945999949      -0.2250721352136935
     65.8159348372000039      39.4948955979999994      81.1161855856999949      -0.1864612362642841
     65.9012945892999937      41.8364322381999969      82.5844330797000055      -0.1806101295684179
     64.2910433453999985      41.7876200457999971      84.5808775916000002      -0.1720491370345503
     67.4330518385999937      37.9246296361000006      80.7010575566000057      -0.2142777402928928
     68.1469656337999936      32.6373065260999979      79.2654662602000002      -0.1904286972296099
     69.9324076798999954      33.6823338860000021      79.7227258596000041      -0.2158032726002705
     69.4661699107000032      31.4022314320999989      79.8247542193000044      -0.1921623324700388
     65.9038010659999998      42.7795454120999992      84.4226502026999981      -0.1819030810173317
     66.3487552519000019      43.0505626801000005      86.6464612616999972      -0.1952664045218402
     68.1919036793999993      42.7395857726000017      88.0266477524999971      -0.2336067326442084
     71.2638117313999970      31.8291557446000013      80.8243402302999954      -0.2137096799816334
     67.1139848881000063      40.1102836358000019      95.5096104707999984      -0.2401095297670501
     66.3315814581000041      41.0268996894999987      93.8352243104999957      -0.2402866091891767
     67.3025615967000022      42.6863067222000012      93.6972529608000002      -0.2348235723577634
     69.5523653375000066      39.3274481747999971      97.0392155769000055      -0.2321535800840433
     69.7347166991000051      41.7354569677000029      96.5612167766999931      -0.2240159281277609
     69.1099644024999975      43.1276578870999998      95.1431714942000042      -0.2280611502448959
     66.5233961180999955      42.3324954269000031      90.8748385531000054      -0.2339685072620288
     74.8394056573000057      37.1956424967000032      94.7505132924000009      -0.2376286308370208
     72.7670837868000007      38.4204777475000014      96.9730011669000049      -0.2211807356066373
     74.6840469489000043      39.0267454127000022      95.9166321068999963      -0.2201809551712515
     71.5958094462999952      41.4120482030999995      97.0123806768000065      -0.2154206418857054
     73.4638010057999935      41.3934120665999998      96.4779919765999949      -0.2130752390192203
     71.7448801057000054      43.0835593464000013      95.8886280139000036      -0.2172118332110085
     69.4682925694000062      44.2605581752000035      93.4417834628000037      -0.2287568507324362
     68.9587431252000016      44.6479875261999979      91.2782665335000019      -0.2240162732067148
     67.7605238393000064      43.6053759623999966      89.9873940693999970      -0.2288364138571009
     70.7841680566999969      45.0439684421000024      91.9671580204000065      -0.2225475924306437
     71.8129471719999941      45.0072109975000032      90.2927710327000028      -0.2240896746357404
     70.3587944734999979      44.1197423094999976      88.2369371526999942      -0.2316625779830890
     75.1505896821000050      42.6590685788000030      94.7409506248999946      -0.2069867725539325
     72.8981457009000025      44.8430251639000019      93.2638790843000010      -0.2117339022727318
     74.6228402296000013      44.4003476839000015      92.2923287792999929      -0.2102954830287462
     71.7265822173000061      29.4574439225000013      90.6149936414000052      -0.2035234744450953
     70.4216159502000068      28.0049274815999993      89.3085256180000044      -0.1716655871243997
     72.3784272638000061      27.1337596890999997      88.6656346998999965      -0.1640963020493071
     70.7566327955999981      26.8073847856000000      87.6163238588000013      -0.1559263110038636
     70.9333208046000010      27.1799084067999992      83.3238002163000004      -0.1559532930646341
     70.7580001574000050      26.5395076635000002      85.1646485625000054      -0.1507965434235832
     71.9862883390999997      29.0308004185999984      81.5447678790999930      -0.1757614273461758
     73.9870747469000065      28.8177116308999999      89.8329536182999959      -0.1895413415761080
     75.9357601597999974      28.2312496927000005      86.4814116537999951      -0.1722838260732988
     75.6677478465999940      29.6526166109000009      88.9786152534999957      -0.1968874040649045
     75.0606072302000058      27.9643803903999988      88.1741323127999976      -0.1727157656586371
     73.5881948833000052      26.5331261556999998      85.4205360196999948      -0.1546760616778666
     72.9506913716000014      27.4567275823000010      82.8438907307999983      -0.1604549236597936
     74.8222113468000032      27.9620103485000016      83.4293147985000019      -0.1668208506578761
     73.9043049526000004      28.9785585288000007      81.9645528474000002      -0.1764259696866706
     75.2891367640999931      30.1246636298000006      91.7887115485000038      -0.1988496958608774
     74.8401222897000054      31.6449117111000007      93.5910710674999962      -0.2081554160928505
     72.6468510997000010      30.1929857191999993      92.5207960325000016      -0.2104115689612058
     76.4997708310000064      33.7140197163000011      93.3442359069999981      -0.2157377519384145
     77.8991535342999981      31.7553016775000003      89.7479701782999939      -0.2049267738995386
     77.0660348927000030      31.4917322816999992      91.7279258415999976      -0.2008069386864459
     68.0987259032000054      44.2662411716000008      84.8628184861999983      -0.1923088596289464
     71.5230714423999956      44.7673315201000008      86.6899663582999978      -0.2171336232453829
     70.0280970986000000      45.0881836001000025      85.2514859199000057      -0.1999223432526325
     68.7210593095999940      44.1218701254000010      86.7495736707000020      -0.2089853078472448
     71.0323784888000063      37.4881727595999976      79.3801811063000002      -0.2355321254662535
     71.2718416562999977      45.2271222184999999      83.6261936623999986      -0.2042757086452713
     73.8356799705999975      44.0815031298999997      86.2160149875000030      -0.2331339338265206
     72.9232773705000028      44.9536975795000018      84.6510948073999998      -0.2201353860269428
     68.8852317338999995      44.5340426276000017      82.8722228480000069      -0.1890272774946720
     67.8623115829000056      41.9939717939999966      80.2272545722999979      -0.1877487900988726
     69.6426829998000017      43.6925154318999986      80.2219763113999988      -0.1944458126269488
     70.2119564213000018      39.8058868270999966      78.6264124062000036      -0.2160737211971533
     67.4603070147999944      40.0215515459000031      80.2684064078000006      -0.1967782666154072
     71.5492654415999993      44.3431376734000011      80.7168240562999983      -0.2153738378400796
     70.7104346991999932      42.5240953117000018      79.0469485559000020      -0.2131533641260521
     76.3260051819000012      44.6103305167000030      90.7078418993999946      -0.1973276899557277
     72.7802850852999939      34.3139468421999965      79.7637869289000037      -0.2335712535688970
     77.3874364985999961      43.5000480568999990      92.6978885431999942      -0.1885654821079203
     73.5267167779999937      44.8666373705000012      88.6457705406999992      -0.2185704506983974
     77.9469453810999937      35.8512431170999974      93.3885278289999974      -0.2103758735226133
     76.0606830094999964      35.8210030294000035      94.0035041626999970      -0.2295026441081411
     77.1049122514999965      41.4050525740000026      94.6187313447999969      -0.1941052071682723
     76.3582910477000070      38.5665066118000013      94.9969686846999934      -0.2132510673898871
     78.1611503672999959      43.8128157045999984      90.5987431286999936      -0.1900953683628117
     76.7417492788000004      44.7242809338000029      88.5932523705999984      -0.2015715874585560
     77.2120223404999990      43.9073144914000011      86.5060683598999987      -0.2207777221685507
     79.1018703226999946      40.6263721934000017      93.7536151981999950      -0.1833246692971322
     78.6317555043000027      38.1482520636999993      94.0403442119999937      -0.1951474108846245
     79.5277892638000026      42.7357080390000021      89.4499117519000038      -0.1933303547576468
     80.7906198021999984      40.4801909063999972      90.7912393417000061      -0.1856957056071789
     80.7378212545000054      38.6686850387999996      91.3420139394000046      -0.1885782193125785
     79.3914292620000026      42.4561749120000016      91.9426128387000006      -0.1819084917352782
     80.4617270403000049      40.9094502358000014      88.6805067888000025      -0.2016341339013046
     79.4605544010999978      42.3516902138999995      87.2408526194000018      -0.2127684634740046
     78.4038885731000050      43.7440905050999973      88.0322176906999943      -0.2028279135725271
     73.7999767794999997      32.2258533896999992      79.7207822788000016      -0.2080007556299304
     74.7698295758000029      33.7924630122999972      79.2537346356999990      -0.2271385202610130
     78.9328164172000015      30.3077268091999983      85.5808826253999939      -0.1838651380278229
     80.0121127137000059      31.6554139246000013      84.7706970230999985      -0.1958605216869760
     77.0357331990000063      29.8787911547999983      87.0772411533999957      -0.1897048155300265
     77.2096345390999943      29.0086162805000001      84.3733844578000003      -0.1755678957426490
     78.6224888002000029      31.3204822824999987      87.4708151906999944      -0.1965974048572399
     80.1396263823999959      33.0824552249999968      86.3826781827000048      -0.2077933971997723
     79.6137982085000004      32.5397840198000026      81.5172480651999933      -0.2181906031370762
     77.0573085167000045      30.8038650127999993      80.2754670484000030      -0.1893740270927893
     79.6604695496999966      31.1921149522999990      82.9523652752999965      -0.1933241860536121
     76.6288817323000018      29.4575224268000007      81.6435671401000036      -0.1774874719816655
     76.2198356436999944      32.3060509198000005      79.3567484989000036      -0.2072486666478888
     78.0358884266999979      32.7505211467999970      79.8876574482000024      -0.2201068649185203
     74.5091406334999959      30.2318644445999993      80.6686578560999976      -0.1869493160560118
     78.3280838077999988      30.3171424802000011      81.6519380344000041      -0.1841947211904991
     81.4511499121000071      38.7877861843999980      89.1768611579999941      -0.1938875288160080
     79.9752120530000070      36.8945152137999983      92.5077085390000065      -0.1911130336850295
     81.4998151678999960      36.7006399747999978      90.5646299592000048      -0.1841274390746417
     78.0239129435999956      33.1534535077000001      91.7542908142000044      -0.2059265957631595
     80.4459244532999946      34.5940203134000015      91.4017581401000001      -0.1854811783931236
     81.2954682388999998      34.0506683211999999      88.7866475950000051      -0.1876725659830552
     81.9082915328999945      37.0191843739999982      87.9045914748000001      -0.1983810553720229
     81.5545063765000009      35.4506803692000005      86.8101358043000033      -0.2081706914211026
     79.7581735456000018      32.6229192253000022      89.5775048608000048      -0.1911121298884630
     74.0784831346999937      45.1972987414999992      80.5770397918000043      -0.2243228631860781
     75.2263401647000052      45.3609100014000006      84.2138400361999970      -0.2199893204031707
     76.0045282829999991      45.6077047627999974      81.8892515790000033      -0.2201038913789333
     75.0802097782000004      35.4170372291999982      78.2669871196000031      -0.2332482827402433
     72.6654285043999977      42.3546508722999988      77.0999117184999960      -0.2116199161059384
     73.0276419860000061      44.2579518980000017      78.9710846322000037      -0.2203547324507191
     74.7564945728999959      43.4087113607999981      77.1648920111999956      -0.2153134871979034
     76.7850745104999959      43.4688060801999967      77.7629909855999983      -0.2256621666412446
     79.2543957979000027      43.0901477478999979      84.5777396467999978      -0.2293580437569336
     77.1985113156000011      45.1640637435000016      83.5681520871000032      -0.2195940486901229
     75.6105782662999957      44.7728443959000018      79.1275372646999955      -0.2248853504454011
     72.7262797822999971      40.2139107323000005      76.3090364945000061      -0.2070204692851316
     78.9025272900999965      39.9928428751000027      77.6473340193000041      -0.2416359303931390
     74.8122145149999938      36.7955664074999973      76.8075302294000011      -0.2174641594680278
     72.4676843645000019      36.2508747122000017      78.7903705589999959      -0.2321712822360791
     76.7112713660000054      37.8343022175999977      76.4585134242999942      -0.2213758012834113
     76.1322338811000066      41.4335189832999973      76.0756042897999976      -0.2122331681584750
     73.8118550675000051      38.3999370906999999      76.0819073889999942      -0.2076171988174913
     72.0076695449999988      38.1483117877000026      77.2263313869000001      -0.2140191176580650
     77.4856607873999934      39.5845697104999985      76.3508475625999949      -0.2207837353733577
     78.3747229501999954      44.5257560569000006      80.9913437055000003      -0.2261600198974794
     78.9753570414000023      44.1635079281000031      82.8039795416000004      -0.2251471792939359
     79.7323538967000047      43.0448639453000013      81.1361244975000062      -0.2367393492868963
     78.9220156234000001      42.6663473858000017      78.8726859596000054      -0.2371192459972900
     82.2546668410000024      35.5968690698000003      84.5918139757999938      -0.2178801629200251
     82.3081550042000032      35.2449875997000035      82.5128205657999985      -0.2224134043515935
     81.2173121239000011      34.0210614471999975      84.4125711005000028      -0.2213339466174951
     81.2108137629000026      33.8323211844000014      81.6586680903999991      -0.2230789733038314
     82.4234654528000021      37.5643483897000010      85.5393121885000056      -0.2136809525659302
     82.1634631334000005      39.8253301668000006      85.5059073398000038      -0.2116186677383514
     80.9853563406000063      41.3765255038999982      85.6713136725000055      -0.2168481181862720
     80.9970848325999953      41.9506362787999976      83.7097216126999939      -0.2253004220963337
     82.3257033273000047      36.4897884430999966      80.7078877946999995      -0.2262163870694387
     79.8082963708999955      33.4338942004999993      79.7731841237000054      -0.2194507301486457
     80.9802576745999971      41.4075553742000011      81.2710632902000043      -0.2394467431768508
     82.7950602054000058      37.8124353701999993      82.4549742749999979      -0.2246350408202442
     81.0470746214000002      37.5168907316000002      78.3639179280999940      -0.2250056973700101
     78.1295188339999953      36.4881502878999981      77.0817214175999936      -0.2236003571123710
     80.0507439568000052      35.2754673649000026      78.0894265283999971      -0.2173233970301141
     76.8525765889999946      34.7601869141999984      77.7970451067999988      -0.2220789667175964
     81.3832976212000005      35.1970808900999970      79.4813299422000057      -0.2197621027115559
     82.5167047237000020      39.9922732042000035      83.5421186423999984      -0.2173836344128155
     81.7185770165999941      39.0880310212999973      79.7417030035000067      -0.2327432151424613
     79.8999077617000069      40.9457957122999971      79.3981641928999977      -0.2549081330252410
