233
     68.2210572947000031      33.2612478586000009      80.3489515283000060      -0.1346501365442094
     67.1906417027999936      31.7685343684999992      76.6903329481999947      -0.1295382775857661
     67.2825565671000021      33.6297905424000021      78.1615370047999960      -0.1315050886050013
     70.3654626985999982      33.3863945908000019      81.7771437128999992      -0.1553154710562090
     69.3737415639999995      34.7249481306999996      80.7617020307999951      -0.1486679177776615
     67.6141938027000009      31.4067762092000002      79.2321076837999954      -0.1268082618676427
     68.0133564796999934      35.9795823122000016      77.5166797530000053      -0.1422663993240256
     71.2175324598999993      36.8221807683000009      80.0234082166000036      -0.1753170643924680
     69.0814124229000015      36.3022387911999971      79.3009400903000028      -0.1500103166653606
     69.6332157535999983      37.4324883246000013      76.3826030112000041      -0.1595328105081588
     67.9688042410000008      35.4862769340999975      75.3910943767999981      -0.1450905983198272
     70.4678028377000061      37.6515083381000011      78.1518556863999976      -0.1660558199321187
     69.0386448130000048      30.9324292862000014      80.9389692687000064      -0.1338339213805053
     68.6249749037999948      29.2756900372999986      79.0174613199999953      -0.1283802821270221
     71.8801628188000024      31.5570774392999986      82.1330385580999973      -0.1671025155110293
     70.6405087270999985      29.5795044171999990      81.1325014088999978      -0.1426910828417345
     70.1310422778999936      35.9524501809000014      73.1425060868999992      -0.1709249530977441
     69.5110687454999976      33.9851231350000020      72.4953265234999975      -0.1637445833979410
     68.8667766442000016      32.0247959718000033      73.0260910172000024      -0.1530381786979884
     68.1537978126000041      34.2723657165999995      73.8632739845999993      -0.1479916112510011
     67.3289044141999966      33.4386456522000017      75.4147851999999972      -0.1369579591770496
     71.0891360078999952      37.1984513740000011      74.2498343186999961      -0.1804294341223418
     67.7611049619000028      31.6070006952999982      74.7360386309999996      -0.1381722998316324
     72.5622797734999949      29.6085448116999999      81.3627223425999944      -0.1639438978724357
     68.5325597730000027      28.5855234281000001      77.2248786053999936      -0.1297924636655132
     69.3695903841999950      29.1663344273000007      73.8519425087000059      -0.1461080896704132
     67.8664140946000032      29.7645155979000009      75.8690635037000050      -0.1312787725823270
     69.3410360844000024      28.0363203564000010      75.5317380767999964      -0.1378379501646254
     71.3840765860000062      26.7742781835999999      76.5641859618000069      -0.1465309228882052
     71.7715628245999966      27.6105288758999983      79.7538355947000071      -0.1471774110375978
     69.9762874906000008      27.4716750052000016      77.9925781504000071      -0.1353109755701443
     71.7139285826000048      27.3940777285000010      74.4998419509999934      -0.1575034309075942
     73.9413257206999930      36.2834209016000031      85.1203734377999979      -0.2196094084375115
     76.9460983921999997      38.7537466739999985      85.8188679338999947      -0.2393104150950691
     75.2120152717999986      38.3382443515000020      85.1315100437000041      -0.2288815344484210
     73.1702140417000066      34.8390611188999983      83.4073758087999977      -0.2162773474691324
     73.8466169056000012      37.6137936889000031      83.4586470443999957      -0.2237635441561885
     75.1144050731000021      30.6457773053000011      83.5133449037000020      -0.2153558890033285
     73.9868341702999999      32.0278902559999992      84.1838555515000024      -0.2081162522735180
     74.7448825621000026      34.4400535735999966      86.7057713125000049      -0.2080609611317996
     73.6227448826000028      33.8073343861999973      85.0234143291999942      -0.2089173243437088
     75.3063563947000034      32.5182374142000015      86.6640833355999973      -0.2029218742928656
     79.5907613927000028      36.1730087281000010      87.5811445150999930      -0.2281969643542059
     77.6074458952000015      35.1353571129000031      88.0403752367000010      -0.2117786212276016
     75.6437511418999975      36.7816925963999992      86.6743960210000068      -0.2232893595210470
     77.5975637850000055      37.0585885420000025      87.3296858300000025      -0.2277739464274084
     77.3251298714999962      32.8686131354999986      87.8057900870999930      -0.2022249860777503
     80.3139285320000056      32.0937312812000002      86.9917360782999936      -0.2106699420087601
     80.0875435036000027      34.1237116512999989      87.7463135891999997      -0.2147165304602829
     78.7689501902000018      30.9942387826000001      86.6840444239000050      -0.2060369852783808
     76.7564565482000063      30.5804554670000002      85.8423042967999947      -0.2063293017178776
     81.9041142077000046      33.8794631911000010      86.3320461426999941      -0.2304056752722730
     76.3994351792999993      39.8035802304000015      83.9755904664999946      -0.2379854107589239
     72.7717596274000016      28.8015100442999987      72.7639156356000001      -0.1814523293769899
     70.6928740406000031      30.2002955080000000      72.5268450750999989      -0.1680213052663273
     74.2187435207000021      38.5678476698000026      81.6164218603999956      -0.2229815004813407
     75.6372046182000020      39.8783457131000034      81.9543742564000013      -0.2304350785111584
     71.5481873843999949      35.0758784317999996      81.7064494249000006      -0.1795497973959819
     72.7911954749999950      36.8893059781999995      81.6680179819999950      -0.2048965182660076
     80.3330479985000068      30.5327202779999993      85.3904091689999944      -0.2177324189803365
     78.2074990969999959      29.7995022128999985      84.8721649984999971      -0.2164018510341918
     81.9943231491999995      31.5613060342000011      84.5511077950999947      -0.2331484495331573
     73.1643868824999970      39.6798428924999982      80.2963012724000009      -0.1890380939825391
     72.4165935803000025      40.6227236129000033      78.2907282984999995      -0.1699163291543933
     71.3777001538000064      39.4402854004000005      76.8194742009000038      -0.1670159291300415
     71.7006510496999994      38.7670138981999983      79.1697109937999954      -0.1752420797278607
     73.9204870844999959      41.8527452749999966      77.0272898871999985      -0.1708830378172017
     74.8235690428000026      29.3066784242000011      81.8202272796000045      -0.1963195317831623
     72.8182217256999991      35.9065922846000021      71.9193086469999940      -0.2012277584340278
     77.3792143217000046      41.7107903221999976      78.7131786620000042      -0.2087652514486233
     75.4771436663999964      41.6149418982000014      79.4291723744999985      -0.1938890702554144
     71.7359547133000035      39.3580917529000018      74.4929867081999930      -0.1687594188917494
     72.8265808066000062      40.9626077717000001      74.7162020675999941      -0.1652373507405489
     72.3344455788000005      34.0705541008999973      71.0513951620000057      -0.1922073459598757
     74.4624256008000032      34.6845071281000017      71.2564106150999947      -0.2206258005678272
     74.0698401594000018      39.1068629779000005      71.9242451233999986      -0.1840117740240004
     75.5823334672000016      41.1866284183999980      72.9404983079000004      -0.1781878769856515
     74.6365697141000055      42.0830302102000005      75.1502668792000037      -0.1697194294794482
     74.6088863408999998      36.9152040840999973      71.5252534250000025      -0.2112151361836290
     72.3875586758999958      31.8937633351999992      70.9110733560000028      -0.1875757485815086
     74.5057307967000071      31.9366699613000016      70.8892167250999989      -0.2109772347721446
     73.0506840494000045      30.2062845077000013      71.4506967237999930      -0.1895948996962069
     76.4443519148999968      42.1245782096999974      74.5670545833000062      -0.1793419777607941
     77.4509806249999997      42.2871770666000018      76.6108330608000045      -0.1914103843448558
     79.1826134244000031      41.1921956699999967      77.7068627600000070      -0.2256981996475851
     75.0079639639999982      29.7457792456999996      72.0589260531999969      -0.2099005184302278
     78.6985275368000003      39.9647572476999997      85.6017297926999987      -0.2371992401891827
     78.0910458545999973      41.0337918067000018      83.9452153048000014      -0.2324097354916947
     79.6734574504999955      41.9736277175000012      83.3723695797000062      -0.2275781326502688
     80.7467492506000042      38.1752061569000034      86.8266857349999981      -0.2373227829814759
     81.9363317490000043      40.1323127363000012      85.9239850456000056      -0.2294419859326613
     81.7461045590000026      41.5509170480000023      84.4104571541000013      -0.2289665625652937
     78.2086359356000003      41.8657586997999971      80.8148382369000018      -0.2231823655465011
     83.7232816753000009      33.5403971101000025      84.1074305493999930      -0.2458591928060780
     83.0387379715999998      35.7830480348999984      86.3956849989999967      -0.2314668271602596
     84.7209976474999991      35.2788353971999982      84.9555475623999996      -0.2331932497629623
     83.4687494595000032      38.9547749890000006      86.1161025140000049      -0.2258773888594376
     84.9302457616000055      37.9704215231000006      85.2973303427999952      -0.2269717647253895
     84.1358221241000024      40.2484838417000006      84.7159871344999971      -0.2271660955606158
     82.2062684625999935      42.2357829259999988      82.5063060880000023      -0.2273204841538803
     81.4703615581999969      42.6783718058999995      80.4198967914000065      -0.2185944997194671
     79.6660936857000053      42.2881330992999978      79.5358994810000013      -0.2198583776165162
     83.3668623463999978      42.1562462539000009      80.7268466491999988      -0.2224385501363280
     83.8493314773999998      41.4978508290000008      78.9388174646999943      -0.2241605260087844
     81.7289683487999952      41.3175958476999980      77.3263094710000018      -0.2270272254987713
     86.5763347471000060      38.1046946148999979      83.1209073848999935      -0.2197377811007861
     85.3624937977999991      41.0155438513000021      81.6792217524999984      -0.2185829190809709
     86.4027928357999997      39.7067549751999991      80.5306164444999979      -0.2186549363923902
     76.4758325154000005      28.1282632787000004      81.9039792128999977      -0.2024926682442079
     74.3828429186000051      27.4360898121999988      81.0916430105999950      -0.1706173195330667
     75.4913986914999953      25.6635160008999996      80.2976412761999967      -0.1637525468736509
     73.7203336676000021      26.1197834409999992      79.5955445449999957      -0.1556127561061977
     73.0835540857000012      26.0630164650999987      75.3309178325000062      -0.1563133404517085
     73.0440075989999968      25.7217730417000006      77.2574593131000000      -0.1510538693107044
     74.4580757342999959      27.0163374726000001      73.1170146686000066      -0.1749063705768350
     77.9214106850999997      26.3946953230999988      80.8862776959000058      -0.1893248920699051
     78.5498441514999968      24.6888734039000006      77.4121750862999960      -0.1721327135435846
     79.5562665291000002      26.2195924449000017      79.6420077145999983      -0.1967890427506447
     78.0583288240000002      25.0095292503000017      79.2446618161999936      -0.1726201355643227
     75.5079333606999938      24.3213590768000003      77.0490561727999932      -0.1545378234035510
     74.8245359195999953      25.2630755590999989      74.4907971413000070      -0.1601123193338374
     76.7888690882000020      24.8053815570999987      74.6711590932000036      -0.1662855223685913
     76.1604734137000037      26.0425517502999995      73.2234095588000002      -0.1753983972058784
     80.0887021950999980      27.0064888966999987      82.3549622225999940      -0.1988735010495635
     80.8318917516999988      28.6659385349999987      83.9218585955999998      -0.2085190985648975
     78.0359543158999998      28.4335048424999997      83.4828544010999991      -0.2093579390986129
     83.1704036601000070      29.6087435033000013      83.0621786200999992      -0.2184728907177274
     82.6256351466000041      26.9748704912000008      79.6719108254000048      -0.2054617083876309
     82.2359646448000063      27.2968385954999988      81.7762571291000029      -0.2016242145608036
     79.1167009999000044      42.3435909008999971      74.3873569224000022      -0.1897736093322440
     82.6798599650999932      41.1914639328999996      75.5241088276000028      -0.2158071747606076
     81.2362392335000010      42.1173002746999998      74.3133625417000019      -0.1981354553951622
     80.0017209608000002      42.0359923317000010      76.1452277318999933      -0.2051251811555641
     77.1696730047000017      34.6527457721999994      69.7324858477000049      -0.2307521030747353
     81.9960428934000021      41.5067586142999971      72.5084479548000047      -0.2033931471554631
     84.2171292193000056      39.4129121802999975      74.8052864640000053      -0.2346329908752232
     83.5024904522999947      40.5158420806999970      73.2837694906999957      -0.2206848298472313
     79.4663049533999981      42.0478181431999971      72.2794964934000035      -0.1870233766578213
     76.7972743291999933      40.1847289827000012      70.3048175419999950      -0.1849656447935732
     79.1171132058999973      40.7634848900000009      69.7232765568000019      -0.1917581343949770
     77.4008113068999961      37.0135463535999989      68.7393827208999966      -0.2112752450848276
     75.5291194745000070      38.6840004335000032      70.7445218380999989      -0.1938523270141896
     81.1598664838000019      40.4077350765000034      69.7852549001000000      -0.2131877655176631
     79.2083511386999959      39.1417125368000001      68.6063524013000006      -0.2089803676283442
     87.5965706729000004      38.9311119280000000      78.6789321690000065      -0.2028395109320211
     77.2389552111999933      31.0641027082999983      70.3608822257999975      -0.2295881661251702
     88.4206609997000044      37.5768851931999990      80.6299817093999991      -0.1952501683297907
     84.8718983169000012      40.4098171086000022      77.0841160036000019      -0.2203719215975983
     85.4256875986000068      30.7361174681000016      82.5083536310999932      -0.2153670736395537
     83.9435583374999936      31.6928132028999983      83.4167160108000019      -0.2344733721810410
     87.6181679459999998      36.0378253646999980      82.8984091017999987      -0.2027876173901539
     85.7216699360999996      33.9835588496000014      83.8685298523000000      -0.2220110501797645
     88.7563202497999981      37.3189997380000023      78.4110413804999951      -0.1949997702430331
     87.5297419114999968      38.6790302575000027      76.5366657348999979      -0.2055576853938703
     87.0741317491000046      37.5973126020000024      74.5701372431000067      -0.2250082685607104
     88.7548548207000039      34.3100883939000028      81.8661889077000069      -0.1887553853430823
     87.2440966300000014      32.4230544441000035      82.6414394534999985      -0.2005639930848773
     89.1511910649000043      35.6287516866999994      77.2556994858999957      -0.1977232798011457
     89.4581144107000057      33.1406903435999993      78.7377949687000012      -0.1900205517185949
     88.6779766794000039      31.6392224495000001      79.5890723238999982      -0.1930453531881060
     89.4622689744000041      35.6239525399999977      79.7483886020000057      -0.1867037047919879
     88.9076941739999995      33.5328462100999971      76.6663516869000006      -0.2062393896797001
     88.4158724191999994      35.1810472788000013      75.1842749229000020      -0.2173963242229178
     88.3541183876999980      36.9648391513999997      75.8884431654999929      -0.2070671056223041
     77.1074281259000003      28.7483416934000005      70.5082130277999966      -0.2049439546642926
     78.5709945435999941      29.5862994820000011      69.6313927823999990      -0.2229559169490596
     81.8836792652000014      24.9264714313000013      75.6992400121999935      -0.1838507343440394
     83.2595806748999934      25.4974588930999992      74.5082696532000028      -0.1960671481908935
     80.4012125505999933      25.6037449638999988      77.5337951024000063      -0.1896044434214605
     79.5295941002000006      24.5822142250999995      75.0248026263000014      -0.1751126517683321
     82.5239955000999998      26.0841876118000009      77.4149061640000014      -0.1969042852337068
     84.4066623977000035      26.7758221939999999      75.8125628179000017      -0.2090690232361609
     82.6092515458999941      26.2401343828000009      71.2600085532999969      -0.2161225939379587
     79.3309334333000038      25.9319745984999983      70.7612678022999972      -0.1872567454243121
     82.3322739025000061      25.1496110275000007      72.8761749224999988      -0.1926044508829978
     78.6350606480000067      25.0751278179000003      72.3889841137000047      -0.1762406204308924
     79.1238672734999966      27.5855325960999984      69.7489256469000054      -0.2038878602366943
     80.9999058007000059      27.0992869437000010      69.8955899428000009      -0.2162326071509764
     76.9786353121999980      26.7358788465999986      71.6531056414000034      -0.1851077374961054
     80.4911172000000050      24.9705070294999985      71.9761730582000041      -0.1828543635738544
     88.8555863253999973      31.2396802933999993      77.3485968603999936      -0.1981230437337196
     87.4493117191999971      30.5658022912000007      81.1467137591999972      -0.1955888031403781
     88.2190802846999986      29.5060743877000000      79.0438609921999955      -0.1877587915595775
     83.8452181539000065      28.2563313112000003      81.3648938138999966      -0.2082466524562303
     86.5110389655999938      28.2685404134000002      80.3856583473999962      -0.1885450219538516
     86.3895080126000039      27.1982456709000004      77.7980999255999990      -0.1898391755991451
     88.1205921521000022      29.3974741494000007      76.3378243537000003      -0.2019363235320508
     86.8300068802000027      28.1448150977999987      75.5972590822999990      -0.2110969589962686
     84.5813899667000015      26.7853122241999984      79.0580176890999979      -0.1926155007366805
     83.6867054151999952      39.8742105755000011      69.0949582018999990      -0.2245213109350956
     85.5580957069000050      39.6888876800000006      72.4167369759999957      -0.2227719291674468
     85.8156658031000035      39.3565167950999992      69.9891078574000005      -0.2229026678900059
     79.3839077208999981      30.7682362613999985      68.3463069751000063      -0.2277858536056918
     80.3552283978000048      37.8880671793000019      66.4258225316000050      -0.2073049837058356
     81.9861203410000030      39.4783303207000031      67.8632842126000071      -0.2179575551496722
     82.6497968713999995      37.7597340316999990      65.9716096105999981      -0.2125755273391494
     84.5396207824999948      36.8398998763999970      66.2143873562000067      -0.2247553653918040
     87.9925080520000051      35.7417216086000025      72.5035290355999962      -0.2345616581360730
     86.9988036346999962      38.4910518633000009      71.5031339721000023      -0.2237245983877916
     84.4643571782000038      38.6449290879000031      67.5098211985000063      -0.2250987611014281
     79.2145059368999966      35.9546606568000016      66.0103152140000020      -0.2021083154384478
     84.6683583615999993      32.7723867123999995      66.3487983189999966      -0.2381044729875690
     79.4816265344999948      31.9942113624999998      66.7370790061000037      -0.2121875316575572
     77.6725752562999929      32.8276607717999980      69.1366335473999953      -0.2274783179607134
     81.5125049387000047      31.9204343974999993      65.9141017259999984      -0.2159676166619953
     82.6399927645999952      35.2930585050999994      65.0250331275999969      -0.2086904754914745
     79.2276900373999950      33.8303967350000008      65.9214857539000008      -0.2026493089869685
     77.8293553742000057      34.5906928778999969      67.3687994463000024      -0.2088716658157939
     82.9774309965000043      33.0389164927999985      65.3871324115000050      -0.2164949223178159
     87.1189630288999979      37.1783089926000017      68.9160275145000014      -0.2300950952933931
     87.8655688160999944      36.6882841392000003      70.6423209814000046      -0.2300340966560217
     87.6051871109000047      35.2312308053000010      69.0881826357999955      -0.2409203083196694
     86.2276230562000023      35.1553946699999997      67.0832778814999955      -0.2384007119422158
     86.9973099558000058      27.7716487287999989      73.3026340390999991      -0.2202975831817895
     86.4092097598000066      27.3002713226999987      71.3326501173000054      -0.2228421305463737
     85.3267999250000031      26.9156955294999989      73.5636758722999957      -0.2228331376607802
     84.6134363776999976      26.5695315574999995      70.9196392125000017      -0.2217458809954618
     88.2865679993000043      29.4513703623999987      73.8626069307999984      -0.2172641092223735
     89.1296708816999939      31.5322599747999988      73.4886662441000027      -0.2155805339947481
     88.8992646675000060      33.4714872057000008      73.5770549745000011      -0.2213284948829219
     88.7409964273000043      33.8289177073000005      71.5708698509999977      -0.2294966370204214
     86.6090535417000069      28.2448521548999985      69.3640341299999932      -0.2249315130784755
     82.8071428872000013      26.7975540103000007      69.3814069568999940      -0.2157766317241787
     87.9216259035000007      33.2030998469000025      69.2950714446999996      -0.2418862270434481
     88.0280059034000004      29.2715905226000004      70.7620271419999938      -0.2261479141224729
     85.4811467275000041      29.6116434640999984      67.1182084577999944      -0.2211056149683852
     82.2216405412000029      30.0918932362999989      66.5186701838999994      -0.2177932264583617
     83.5086000226000067      28.1537050702999991      67.3929340801000052      -0.2126170946788033
     80.4758794768000030      29.2845625624999997      67.7139368435999955      -0.2165701751669999
     84.9184409165000034      27.5152443216999991      68.5435666660000038      -0.2165444137534021
     89.0686148544999980      31.3673536239000015      71.4941252683999977      -0.2204365235812009
     87.1070888443999962      30.7272164431999997      68.0823133022999940      -0.2312429582925617
     86.3624097597000002      33.2165008694000008      67.7276549788000040      -0.2547739452846596
