233
     65.0325131642999992      30.9221364546999986      97.3744800385999980      -0.1340680949430055
     64.8350130462000038      30.6770565122000001      93.3030712781000062      -0.1298248149271739
     64.4736088843999937      31.9546444047000016      95.2714006387000012      -0.1298858830486900
     66.8596985522000011      30.6471930398999994      99.1743880456999989      -0.1558726649192774
     65.9401403330000022      32.2090192102999993      98.4522593223999962      -0.1475967595299164
     64.8252449160000026      29.5165727432000011      95.6320337421999938      -0.1276586865977301
     65.0718358281000064      34.4101201540999995      95.5615628644000026      -0.1405860696153152
     67.6693820304000013      34.4959062435999968      98.8028277307000025      -0.1757922074992120
     65.7617846106000030      34.1669258296999985      97.5346981488000040      -0.1484474506140412
     66.7176666322999949      36.2107306818000012      95.2968881662999934      -0.1593664219727895
     65.4620783364999994      34.6402251574999980      93.4265661990000069      -0.1446421767092012
     67.1921977126999934      35.8664106356999994      97.1759901740000060      -0.1659027303732596
     65.9571356337000054      28.5589464811999996      97.3551754948999957      -0.1364164330323678
     66.0649133530999961      27.6108309182000013      94.9682189866999948      -0.1325500569210032
     68.4591407059999995      28.8568751494000004      99.2370417192999952      -0.1700737564707335
     67.6239042958000027      27.2746757970000004      97.4349215068999968      -0.1480269474606288
     67.9384355046999957      35.8940964344999998      91.9285000728999933      -0.1746647250428772
     67.6445322409000056      34.2274512171999987      90.5833239266000021      -0.1685414350216021
     67.1128917073999958      32.1801040631999982      90.3275235732999988      -0.1576569374950747
     66.0403274653999972      34.0020484403000012      91.6657718785999975      -0.1495814543393443
     65.0352102895000002      32.6769760187999978      92.6740614482999945      -0.1367658225782762
     68.5515637737999981      36.7407499927000032      93.5421573660999996      -0.1832747287833669
     65.7630261414000046      31.1858018755000010      91.5564294755999981      -0.1402126763094156
     69.4596803685000026      27.2941970755999996      98.0485941462000028      -0.1705067129552038
     66.3676073345999953      27.5441653759000005      93.0702844902999971      -0.1345019041743161
     67.7394768136000067      29.2284836834000004      90.2961710202000063      -0.1523706604371924
     65.8440842323999931      29.0784929289000011      92.0486340056999950      -0.1346663880321390
     67.5197572535000035      27.6096513309000002      91.4922334885999931      -0.1438844911961024
     69.4572862288000010      26.1514735856999998      92.4681498303000069      -0.1538727140487364
     69.1758661469999936      25.9080843441999988      95.7673754972000069      -0.1542941390346684
     67.7519424161999950      26.2916463136999994      93.7254050930000062      -0.1416208629198596
     70.0921370243000013      27.4254304580000010      90.8163422247999961      -0.1657045365138394
     69.4652832775000064      32.4109969719999995     103.9132346057999996      -0.2096501621652536
     72.0332871024999974      34.6195690683000024     105.9495617997000068      -0.2285885371960461
     70.5023222697000023      34.3918102076000025     104.8286604214000022      -0.2215394428890161
     69.1644683087999965      31.5823795260999987     101.7136772040000068      -0.2108416857832989
     69.5412112422999940      34.2087008154000003     102.7718792909000030      -0.2221998160326084
     71.4643545562000071      27.6575972941999986     100.8882409328000023      -0.2115888778502413
     70.1023320150000018      28.7026434421999994     101.7152899180999981      -0.2010589038332480
     70.1477288571999935      30.1790178858999987     104.9666720809999987      -0.1944973490135116
     69.4172351789000004      30.0941789544000002     102.9794547042999966      -0.1989569539831813
     70.8956647577000041      28.3982693459999993     104.4376213942999954      -0.1908114022670997
     74.5584173846000056      31.6982836872999982     107.3096640979999989      -0.2117822519777590
     72.6378612610999994      30.4982797488000017     107.0053471302999952      -0.1961352056636425
     70.8001507520999951      32.4314446297999979     105.8572572148000006      -0.2085767415443005
     72.5656902696999992      32.5466137892000020     106.9495329213000048      -0.2113911932175707
     72.6294033714000022      28.4255082138000006     106.0172138311999959      -0.1891110035522487
     75.7781582275000005      28.0662848250000003     105.6269002861999979      -0.2008259262897454
     75.2182792173999957      29.7270522475999996     106.9191250214999940      -0.2011712308099636
     74.4314745662999968      27.0749386795000007     104.6812830690000027      -0.1972266564416163
     72.6558788501999970      26.8896527996999986     103.3611305289000057      -0.1980883110934997
     77.2759939202999959      30.0244028368000002     105.9007284032000058      -0.2193152474041451
     71.7277553322000045      36.1961008044999986     104.4596420003999953      -0.2378870025847171
     71.3015309299999984      29.3607850992000010      89.8649846638000014      -0.1911551451461708
     69.1713481180999992      30.6858430183000017      89.6622256782000022      -0.1767457938482409
     70.1439909762000013      35.7268087300000019     101.4397772689000021      -0.2306397699633660
     71.3404337400999964      36.9029626511999993     102.4540925526000024      -0.2390740070782851
     67.8617963027000002      32.3068779327999991      99.8810967328000032      -0.1796575939838565
     68.9047177358999932      34.0751022202000016     100.6689820727000040      -0.2074716499819473
     76.2419165482999972      27.1187250374000008     103.6549906926999967      -0.2135985365435378
     74.3288896788999978      26.5217841776999990     102.5112539697999949      -0.2129092303337359
     77.9170816720999966      28.4235282395000013     103.5385390218000055      -0.2290567317505818
     69.2408235150000024      37.1725178336999988     100.3511389509999958      -0.1938297031235070
     68.7785092836000018      38.6942528231000011      98.6361666470999978      -0.1731672342720110
     68.1458881182000056      38.0241536476000022      96.6886539120000066      -0.1691229610838487
     68.1033253845999980      36.6289007009999992      98.7215489925000043      -0.1776130900633355
     70.3564468576000053      40.3228203398999980      98.1578294897000063      -0.1748457818941489
     71.6193997367000037      26.9387269345000000      98.8379714146999930      -0.2011654531261744
     70.7936806199000017      36.3466828018000001      91.3268446725000018      -0.2072805196013991
     73.4495160599999934      39.7574479841999988     100.3800903382999934      -0.2158240580853636
     71.4683596219000066      39.3651242676000024     100.6266830456000037      -0.1999122692000608
     68.9257608087000051      38.7224341985999985      94.5787133827000019      -0.1715809245444913
     69.7929834403999934      40.2022440148000015      95.5124423806000067      -0.1685331682694908
     70.6599492058000038      34.8811844726999993      89.8460408548999965      -0.1994993162800061
     72.6439140460000061      35.4683876822000030      90.6623401463999983      -0.2260798190327531
     71.6993298323999966      39.4101563691000010      92.5930337535999968      -0.1882563752811013
     72.7885208219999953      41.0932715141000031      94.4974016869000053      -0.1826045797068669
     71.3740062908999988      41.1812151544000002      96.6357414505999941      -0.1736667442352520
     72.5168266393000067      37.4911104553999976      91.6432466090000020      -0.2158307657320808
     70.9536832805000017      32.8742084281999993      89.0418663104999979      -0.1956864922740422
     73.0258825021000035      32.9964320596999983      89.4661581842999993      -0.2178345292799904
     71.6725504164000000      31.1275373217999984      89.1461904226000001      -0.1983529643801383
     73.2442663508000038      41.4753987492999983      96.4759834318000031      -0.1837000889938274
     73.8430397362999997      40.9938073626999966      98.6268693848000026      -0.1965440891151857
     75.4477590300000003      39.6615146625999984      99.6509248824000053      -0.2334834087074178
     73.5232962971000035      30.5621642012999999      89.9635309866000057      -0.2197012407286358
     73.6668765393000058      35.8956725637999980     106.4858909051000069      -0.2276893645013836
     73.2661186347000069      37.4269172033000004     105.1627914806000064      -0.2302078649025390
     74.8247043544999997      38.5577478919000001     105.2494097856999957      -0.2256598781910100
     75.6270566228999996      33.8765538813999996     107.4753736701999998      -0.2219597595595904
     76.7598848084000025      36.0620753214000018     107.4962915067000040      -0.2186432638824112
     76.7067549557999939      37.8910873638999988     106.5006593343999981      -0.2235894299677632
     73.8651827200999946      39.2434272938000035     102.5461772106000069      -0.2290162840355769
     79.4923739256000061      30.4981922826999998     104.1017192722000004      -0.2377499967340544
     78.1854282893999937      31.8404339323999999     106.7895570903999953      -0.2196437548517753
     80.1422501180000069      31.8961396199000013     105.6380497977000061      -0.2262682327484367
     78.3415278556000061      34.9413893010000010     107.6157754904999990      -0.2159029578505365
     80.0175816176000012      34.3322198879999974     106.8443693275000044      -0.2207720401089901
     79.1190982071999969      36.6454655281999990     106.8604608729999939      -0.2228087547395905
     77.4336407370000046      39.1784976411000017     105.0443643055999985      -0.2293309684760327
     77.0473174540999963      40.2548979265000000     103.0994570100999965      -0.2249429575274213
     75.4807681733000067      40.1130301147000026     101.7899086438000040      -0.2267562942309436
     78.8992609488999932      39.7280586177000004     103.6057120658000059      -0.2303925352839755
     79.7604632048000042      39.7101241684000001     101.8389867356000025      -0.2349847880159519
     77.9956465998999988      39.9943611903999994      99.8557456127000052      -0.2356749920289971
     82.0088422458999986      35.2309372303000004     105.2037464727000042      -0.2234376112510326
     80.7928381770999948      38.4090264148000031     104.5359187779999957      -0.2257621935243019
     82.1487333416999945      37.5869772109000024     103.2709176028999991      -0.2288759595573300
     73.3380098226000001      25.8569826553000013      98.8810981012999974      -0.2083488663616553
     71.5060011578000001      25.3964178746999991      97.4842359032000019      -0.1762954747338306
     72.9105845530999943      24.0226233861000011      96.4159724706999981      -0.1690351134432291
     71.2594533745999996      24.6213454178999989      95.5481655361000008      -0.1613332355572368
     71.4140841693999988      25.9444631540000010      91.4467998493000067      -0.1631808169216544
     71.0605399362000014      24.9888889962000000      93.1175654161999944      -0.1572770466576348
     73.0650076248000033      27.6190967910999987      89.9738599827999934      -0.1824496035998404
     75.1089699910999968      24.6052613674000007      97.6862908455999985      -0.1968471181580842
     76.5223348192999993      24.1568562994000011      94.0564866165999973      -0.1778762679449226
     76.9512393876999994      24.9057177158000016      96.8102817768999984      -0.2067247237759542
     75.6778028665000022      23.8410622031999999      95.7563263071999984      -0.1789228825832172
     73.6482694573000032      23.8219940661999985      92.9851514849000012      -0.1594001900573758
     73.3491331554999988      25.5262188742000014      90.7704987933000069      -0.1657846121809783
     75.2839590920000035      25.1041203670999984      91.1934650760999972      -0.1710447944673721
     74.8082327264999947      26.7248577302000001      90.1125651037999944      -0.1811091296187630
     76.9028471446000026      24.7772315051000014      99.6815124209999937      -0.2056308148015606
     77.1814122095999977      25.8558423154000003     101.8076046784999988      -0.2118567862622260
     74.5483287166999986      25.6820487612000008     100.7584700974999947      -0.2123735272548508
     79.5314292003999981      27.1101899539999991     101.7830902191000035      -0.2188446864127229
     79.8739518646000022      25.7169134170000007      97.7002683747000020      -0.2138871473477408
     79.0797230034000052      25.3167522208000015      99.6732994080999930      -0.2081888730019745
     75.8697655805000011      41.8351537873000012      96.9221196752999958      -0.1939281393206382
     79.2648337171000037      40.5000167719000004      98.3386735052999938      -0.2209909324459769
     77.9794971186999959      41.7204095005999989      97.2136527347999930      -0.2022267220809386
     76.4480462597999946      40.9992170849000033      98.6352420526000060      -0.2103904783649178
     75.5718350382000068      36.0336485130999975      89.7903866828000048      -0.2361725265079180
     79.1103553177999999      41.7629493076999978      95.5027671497000057      -0.2076950202507604
     81.0758723077999974      39.1110032921000013      97.4254761204999937      -0.2378744410745242
     80.5424593797999933      40.6261842867999974      96.2163962908999935      -0.2244967615645628
     76.6228241505999961      42.2597860308000008      94.9459187025999967      -0.1915406217784721
     74.5539996827999971      41.0549433687000018      91.9857663188000032      -0.1902752429856172
     76.8715785788999995      41.8737225807999991      92.1007854205000029      -0.1974245129801915
     75.7431223167999974      38.5961816171000009      89.6594558623000069      -0.2174862178262806
     73.3827489697000033      39.4493730319000022      91.6631854099999970      -0.1989665619139895
     78.8944325913000029      41.5894576625000028      92.4620267524999946      -0.2190527008833705
     77.3242469113999960      40.7124221556999970      90.5735453613000061      -0.2152886869441772
     83.7290870175000066      37.5042797346999990     101.5530393463999985      -0.2091047752496014
     75.8825576599000016      32.4422616868999967      89.2580022461000056      -0.2317255106141296
     84.3168098952999969      35.6148088727999976     103.1035653556999989      -0.2008673552138465
     81.2048933848000019      39.3274952650999978      99.9851813507000031      -0.2277919332641964
     81.7262972182000027      28.4354973887000000     102.0832808347999929      -0.2099683717104792
     80.0165855486000055      28.9884395384999998     102.9248490578000030      -0.2265418322503745
     83.2739319292000033      33.3894848126000028     104.5591756973999935      -0.2052374757567765
     81.4468803567999942      31.0652459830999987     104.4263363122999948      -0.2179418617786393
     85.0725677379000018      36.1111583158999991     101.0334601562999950      -0.1987346139660033
     84.0765765456000054      37.9667875267999975      99.4739399508000020      -0.2081796755908520
     84.0943138813999980      37.5747839754000026      97.2176273354999978      -0.2246991056614913
     84.7447088777000062      32.1371596947999976     103.2898815677999949      -0.1898223111558774
     83.3137369508000063      30.0482959013000013     103.1074857243999929      -0.1978583000559269
     85.8360841007999937      34.9085074118000023      99.5108473046999933      -0.1992642435141736
     86.1153837715999941      32.0843516994999973     100.1646013981000038      -0.1909410835899266
     85.3471942024000043      30.3602324520000018     100.3226882668000002      -0.1930074548035616
     85.6896726093000041      34.0971366834999969     101.8837216680000068      -0.1894423178279414
     85.9128517754000001      33.1147616833000029      98.2554492337000056      -0.2072391605748987
     85.5361147562999946      35.1395791237000026      97.2998392260000031      -0.2174296325476348
     85.1709132963000002      36.5902778541000018      98.5013719996999981      -0.2077630959057224
     75.9573704272000043      30.2032282635000016      88.6392234518000066      -0.2082527148617555
     77.4648288747000038      31.3334300731999988      88.3877745391999952      -0.2222513849002876
     80.0707792114999961      25.0604536449999991      93.2215553685000060      -0.1870497160566451
     81.5758698900999946      26.0386159681000002      92.5770072432000006      -0.1966025331738308
     78.2208388406999973      25.0457499219999988      94.8338530463000069      -0.1972200771669836
     77.9237582653999965      24.8738899320999991      92.0088761802000050      -0.1786870248142591
     80.2716264879999954      25.6130018841999991      95.3067826451000002      -0.2029996469296034
     82.3350379456999946      26.8578514239999997      94.4219210618999938      -0.2107761119327574
     81.4537861822000053      27.7824831231000005      89.6667292589000056      -0.2108600615400889
     78.3670626350999981      27.5398250687000008      88.4402182524000011      -0.1868323173955595
     80.9985927663000069      26.2130616944999986      90.7656682334000067      -0.1914036290711039
     77.4766875830000004      26.1724610396999999      89.5381406576999979      -0.1781117219428250
     78.1833721529000059      29.4256132940000015      87.9797536373999947      -0.2025159460625883
     80.0407452675000002      28.9845099620000006      88.3445258527000021      -0.2112531207234962
     75.8241200533000068      27.9233282717999991      89.0413102097000007      -0.1891206226926219
     79.3778614594999965      26.2744565552999987      89.5002037718000025      -0.1824217248079485
     85.9662883886000060      30.7243611196000010      98.1558836781999986      -0.1989008027103392
     83.9697255626000043      28.7926621744999984     101.1790753483000032      -0.1937382110115955
     85.2089176668000050      28.5092687964000007      99.0526587015999951      -0.1879563791056373
     80.6333844537000033      26.4141052274000003      99.9212820320999953      -0.2116718255485193
     83.4177945351000005      26.8407170752000006      99.5597373029000039      -0.1889555322235914
     83.8737005549999992      26.6749990116000006      96.7992216954999947      -0.1912744582903212
     85.6132301945000052      29.2910670728000007      96.4895646634000030      -0.2025308812529723
     84.6090438705000025      28.3061007121999992      95.1461909031000062      -0.2113065148878288
     81.9175196198000037      25.8082071868999989      97.4694647495999931      -0.1963145001247000
     81.5447929229000010      41.4012142094000026      92.1683816860000036      -0.2258364039463991
     82.7929058840999943      40.2023416867999970      95.5706719636999935      -0.2239453177838513
     83.5174412246000060      40.6940943939000022      93.2677556143000004      -0.2215500668257739
     78.3753810529999981      32.8993884859999994      87.7336209669999931      -0.2266581171879878
     78.9657544126999937      40.2847278058999976      88.3908416918000057      -0.2091388314448306
     80.1431930142999960      41.3717339275000029      90.5558122470000058      -0.2202638611180490
     81.3058385017999967      40.3933553505999967      88.3962976319999996      -0.2108420321163269
     83.2023967841000029      39.5118990408000030      88.7165659215000062      -0.2191520371651450
     85.5514536306999958      36.5334384872000015      94.9046539727000038      -0.2320472598648493
     84.4870061631999931      39.4220257905000011      94.6399454884000022      -0.2218531620021356
     82.7148272817999981      40.7881908457000009      90.4702189981999965      -0.2223265192253461
     78.1170169100000038      38.5557697421999990      87.1651567768000035      -0.2037120961919268
     83.7083183680999952      35.6326175960000029      87.5876186981000018      -0.2305702919060622
     78.6404608506999949      34.5880904467000008      86.6472522634999933      -0.2117567201020467
     76.3531696984999968      34.5239597666000009      88.7660615712999999      -0.2300391184275608
     80.7838757055999963      34.8599205323000021      86.2743140635000003      -0.2128154645343621
     81.7127840355999950      38.3750268560999999      86.7405993705999947      -0.2052240643355105
     78.3571400401000062      36.5800801664000019      86.4171238326999998      -0.2031026759494967
     76.6513695043999945      36.7737546712999972      87.7136360946999929      -0.2120206573211796
     82.2014469381999930      36.1402066576999985      86.4357651338000039      -0.2117943554615511
     85.2034084295000014      39.0357957468999999      91.8527522596999972      -0.2240126723601588
     85.6701078550999995      38.0331376199999980      93.4510332172000062      -0.2254387778089786
     85.8415150500999999      37.1583949758000003      91.4987028335000048      -0.2335252903575089
     84.8641419278000058      37.6960813995999970      89.3356697761000049      -0.2294531582730723
     85.2252349317000011      28.7125303910000014      92.9353831232999994      -0.2178974491984071
     85.0532990481000013      28.8931561334999998      90.8409362881999982      -0.2174149690571969
     83.6285594211999950      27.7600790342999986      92.5681417748999991      -0.2201375667994228
     83.4436411114999999      28.2756368756000001      89.8626561928000029      -0.2152488546078981
     86.2183678171000025      30.1598431717999986      94.2454188078999948      -0.2165874312921154
     86.9041593314999972      32.2765479899999974      94.7250086309000068      -0.2153204869681744
     86.4699686972000023      34.0700631308000013      95.3702092018999963      -0.2210865026214428
     86.6427720620000059      35.0600847896999994      93.5904394806999989      -0.2272845762366646
     85.5113326811000007      30.4377235709999994      89.3536111680000005      -0.2179962412426555
     81.9320959160999962      28.9319718128000005      88.1406502526999986      -0.2091645026604887
     86.3152650438999984      35.1871098586000031      91.1168028418999967      -0.2365729745554184
     86.5445577790000016      30.9982540885999995      91.2615559727999965      -0.2218123407242896
     84.6784586571999967      32.4250711338999977      87.4719109425000028      -0.2141693409559018
     81.5500248747000001      32.9603996502000030      86.4038322878000002      -0.2129317850150887
     82.8436153435000051      30.8892287285000009      86.8664878255000019      -0.2061177310493196
     79.7057618859000030      31.7447035506000006      86.9027350040999949      -0.2129691370974705
     84.0782191143999995      29.9586502766000002      88.0193174290999991      -0.2092902386499578
     87.2218890693000048      32.7730870756000030      92.8114746236000059      -0.2184751351080170
     85.9839295833999984      33.2190940122999976      89.0476527742000030      -0.2248409962741018
     85.0720862480000051      35.6591135846000000      89.3504937204999976      -0.2459652400673296
