233
     62.5566039471000011      23.0649798508999986      83.5763637517000006      -0.1331865823488894
     62.2641585821000021      22.8817634932999994      79.5074145944000037      -0.1253497932947329
     61.6947545335000029      23.9922345324999995      81.5272654215000045      -0.1267760105509659
     64.4659522067999973      23.1749699189000005      85.3073058550999974      -0.1562958854774656
     63.1848505653000032      24.4995997424999992      84.6666088810000019      -0.1466309073947940
     62.6111205886999969      21.6931143695000017      81.7959981694999954      -0.1260025775115299
     61.7231347495999998      26.5115333556999992      81.8790590427999945      -0.1358994587084492
     64.3541720663999968      27.1146179821999986      85.0372761080000004      -0.1725756937758529
     62.5259458589999966      26.3854868865999990      83.8202036181999972      -0.1453115150608326
     62.8994583100000000      28.6495381352000003      81.6217490193999993      -0.1529266490714498
     61.9675345387000007      26.8783106748000016      79.7414923348000002      -0.1376526061688264
     63.5124161912000034      28.3777108757000001      83.4724659001000049      -0.1609585494870309
     63.9983289421000023      20.9804211995000003      83.4498311669999993      -0.1359764919462965
     64.2292297812000044      20.1422024642000004      81.0307043236999931      -0.1303656016891850
     66.4353525470999955      21.8014297052999986      85.2600997498999931      -0.1707141270529444
     65.9175141690000004      20.1142148785999986      83.4342406493999960      -0.1471177072171699
     64.0297236618000056      28.7068542971999996      78.2076917078999969      -0.1656909183691226
     64.0753102752999979      27.0512068055000015      76.8183258389999963      -0.1590722273273570
     64.0191724096000030      24.9434026041999992      76.5121954167999974      -0.1484226311389332
     62.6087924524000030      26.4347061755999988      77.9431482207999977      -0.1412726261653123
     61.9748267793999972      24.8887945198999994      78.9386229790000016      -0.1302982943484619
     64.4934264076999995      29.6320093590000013      79.8280948233999936      -0.1751366538021895
     62.9824017693999991      23.6341402977000001      77.7499039674000016      -0.1330263626681312
     67.7218512255000036      20.5419616506000011      83.9896229170999931      -0.1690820623260993
     64.4658490851000039      20.1942390431000014      79.1229499388000050      -0.1307051493852889
     65.3058924591999954      22.2179752280000002      76.3636966780999984      -0.1454381090452159
     63.5646638155999995      21.5909948169999986      78.1695635484999940      -0.1295185541097759
     65.5104535955999978      20.5630665239000017      77.5121270076000002      -0.1387220614780258
     67.7674214545999973      19.5680562052999996      78.3774385824000035      -0.1496871754074984
     67.6767182420000069      19.1846731366000007      81.6741211477000064      -0.1515510777741014
     66.1252311948999960      19.2794506076999994      79.6921456480999950      -0.1382359503973181
     68.0283005554999960      20.9946697166999989      76.7491922882999944      -0.1605518896358085
     66.7766659189999956      25.3749747604999989      90.0165864402000011      -0.2189592723920875
     68.8445420837999933      28.0657964636999999      92.0420319515999950      -0.2382092111623582
     67.3649683482999961      27.5184531989000014      90.9634105029000040      -0.2304517433062205
     66.5899710023000040      24.5539888921999996      87.8015748165999952      -0.2166017169902261
     66.3932564148000068      27.1693026726999989      88.9332671819000069      -0.2272513233009228
     69.6970632576000071      21.2880932009000006      86.7746179491000049      -0.2136104973404933
     68.1641362570999974      21.9695498331000003      87.6784921370999939      -0.2064043869754695
     67.9940154418000020      23.3355598202999985      90.9736862078000001      -0.2040390367601326
     67.2266521154000003      23.1335287092000002      89.0089499617999991      -0.2068125672354064
     69.1103898738000026      21.7893283949999983      90.3627487238999976      -0.1984192055204144
     72.0240942535999977      25.7738786373000011      93.2242460423999972      -0.2181084606546619
     70.4206252614000050      24.1706951200999995      92.9416794234000037      -0.2048484629265719
     68.1448941449999950      25.6550167553000001      91.9168604174000023      -0.2197589515033869
     69.8773635577999954      26.1477296690000003      92.9557269443999985      -0.2212825872668009
     70.8509101191000070      22.1771099669999998      91.8865330035999932      -0.1961891591618237
     73.9804815134999956      22.5645341907000017      91.3848073730000010      -0.2039018169236488
     73.1039468668000012      24.0186054250999987      92.7481934382000048      -0.2060188103429592
     72.8624153725999975      21.3127036467999993      90.4502677116000058      -0.2006002019909392
     71.1275149545000005      20.7551092783999991      89.1817714393999950      -0.2019636734168238
     74.9974048992000064      24.8082331955000015      91.6753264812000026      -0.2197027848199511
     68.1276130418000037      29.5655346930000000      90.6153361260000025      -0.2444310041020312
     68.7227975210000039      23.1799406350999995      75.8242180219999966      -0.1864798408728774
     66.3388521414999985      23.9818441080999989      75.7329834081999991      -0.1684075345999929
     66.5791228209999986      28.8180711997999985      87.6334568620000027      -0.2296610971990365
     67.5112427545000031      30.2132592309000003      88.6474842857000027      -0.2409677010588833
     65.0860715518000035      25.0031983800000006      86.0361568041000027      -0.1796123452731901
     65.7240606905999982      26.9444165887000011      86.8483804679000002      -0.2069070768499000
     74.5734056667999994      21.7987922279999999      89.3690075388999929      -0.2130182138777279
     72.8062947085000047      20.8046956535999996      88.2675381811999955      -0.2125152985445329
     75.8979519247999974      23.4576537935000005      89.2424923339000031      -0.2278426097335924
     65.3265476355000061      30.0426160379000002      86.6222867442999984      -0.1926539295867506
     64.4610900893000007      31.4584194359999998      84.9739464265000066      -0.1718248174856161
     63.9249879799999974      30.7087523233000006      83.0264757473999992      -0.1658214192409329
     64.2826370322000002      29.2915085469999994      85.0126056560000052      -0.1747146656804652
     65.6027199584000016      33.4186952364999996      84.4996831992999944      -0.1748607855839683
     69.9341848863000024      20.6754331413999992      84.6978801987999930      -0.1978833805641838
     66.6790932365999964      29.8213371360999986      77.5309220526000047      -0.2033551791305754
     68.8261085922000007      33.5280840319000006      86.6027680949000001      -0.2223963359167200
     66.9992236042999991      32.6828633667999995      86.8990786793000041      -0.2022461219813554
     64.4416106248999938      31.6202622069999997      80.9169978609999987      -0.1682439064446140
     64.9806648307999950      33.2367678498999979      81.8709853327000019      -0.1671913040677264
     66.8289724649000050      28.4016824559999996      76.0076144028000016      -0.1954360997369538
     68.6547008762999980      29.4107942810999994      76.7794160103999985      -0.2262254340852223
     66.9042152197999940      32.9788448317000018      78.8679975282999948      -0.1866191327855908
     67.6497465175000059      34.8203325298999999      80.7912595930999942      -0.1825085994910829
     66.3362993682000024      34.5262815410000030      82.9751719057999964      -0.1738763457085248
     68.1038333862999963      31.3245757785999999      77.8299975174000025      -0.2143590547215908
     67.5450787189000010      26.5373276328000003      75.1288071576999954      -0.1920189338705214
     69.5484230131000061      27.1242544398000014      75.4908850311999942      -0.2185060855588290
     68.6497328132000035      25.0018520124000005      75.1526269870000050      -0.1954601971204557
     68.0812491899999941      35.2482865250999993      82.7658916484000002      -0.1850716545502653
     68.8570490280999934      34.8649069543999985      84.8796383053000056      -0.2004809210264860
     70.7632870096000062      33.9142896931999971      85.8077552661000027      -0.2448562071527149
     70.6109401071999940      24.8591150686999995      75.8917107391000059      -0.2179524142121245
     70.1603857185999971      29.6709847780000011      92.5679877415000050      -0.2344632484122116
     69.3676877794000006      31.1005541325999992      91.3094685447999979      -0.2386504727320382
     70.6266815339999994      32.5582519817999980      91.3837782301000061      -0.2349005461094027
     72.5688682639000007      28.1352682788000017      93.4276440792999949      -0.2236662953683499
     73.1688218386999978      30.5221182147000007      93.4846029229999971      -0.2174829382044869
     72.6583216993000036      32.3134871589000028      92.5519839391999994      -0.2256064470670101
     69.4318871676999976      33.0704996417000032      88.7364450207000033      -0.2405069941731099
     76.9745418592000021      25.8254375518999986      89.8234422085999995      -0.2348137263224181
     75.4984791649000044      26.7626253431999999      92.5942019681999966      -0.2148059566369689
     77.3442559950999993      27.2972110102000016      91.3836029862000032      -0.2163510586569828
     74.9691467858999943      29.7943809508999990      93.5168033365000042      -0.2095284016352146
     76.7093836435000043      29.6080256784999989      92.6729085286000043      -0.2091524710018593
     75.3044365523000039      31.6501217783000008      92.7937553677000011      -0.2147574421191010
     73.0131336312000059      33.7696013053000001      91.1165664191999980      -0.2331383624299317
     72.3151084192000013      34.7754884248999971      89.2214412128000021      -0.2335881002306621
     70.7739213205999960      34.3081388720000007      87.9583312527999936      -0.2391024588096826
     74.2566455622999939      34.6782078093999999      89.6509974382999957      -0.2319206396647857
     75.0302337985000065      34.9033754587999994      87.8581867587000005      -0.2367156879714756
     73.1723418432000017      34.8213657925999982      85.9424295761999986      -0.2454606195872522
     78.3760056370000058      30.9826292075999987      91.0003980288000065      -0.2083461830779143
     76.4371220839999950      33.8095192238000024      90.4766290013999992      -0.2175627627375576
     77.8959621725000062      33.3543861731000035      89.1428058997999955      -0.2173861007928792
     71.8558110009000046      20.0190933748000006      84.6507377492000046      -0.2021344519381003
     70.1263878689999984      19.1826187335999983      83.2983304619999956      -0.1726477412198708
     71.7669996290999990      18.1972029374999984      82.1413078461000055      -0.1648943006943870
     69.9902977879000048      18.4197243180000001      81.3465714631000054      -0.1580286045855122
     69.6785863646999957      19.8438829751999997      77.2882023533999956      -0.1594795758627807
     69.6187947254999955      18.7914404690000012      78.9369481817000036      -0.1538943909243322
     70.8423122936000027      21.8904377610999994      75.8195793944999963      -0.1792022212499838
     73.8197688930000027      19.2401545457000012      83.3596939165999942      -0.1891260719782650
     75.1575561307000015      19.2202511397000002      79.6740358824999930      -0.1732436261573902
     75.5084843224999958      19.9795246396000010      82.4360086359999968      -0.1967540452148846
     74.4743313056000034      18.6759864067000017      81.3885022260000000      -0.1731953855087252
     72.3984157634999974      18.2573351242000008      78.6840456974999967      -0.1563310826113202
     71.6304490034000025      19.9006893658000017      76.5373819698999966      -0.1629550732560396
     73.6252980940000015      19.9264873925000003      76.8845571388000053      -0.1686946126321356
     72.7484455337999947      21.4197945181999998      75.8733136760999969      -0.1789316910258272
     75.6014958715000063      19.7723104941999992      85.3015325108000013      -0.1975203977481765
     75.7062500378000038      20.8331333926999989      87.4521020644999965      -0.2059353916853368
     73.1452760994999949      20.0819835612999995      86.4819460630999970      -0.2072688268624692
     77.7021957051999976      22.5964917900000017      87.3943364210999931      -0.2146813539775927
     78.1984370953999957      21.4214712252999995      83.2589952438000012      -0.2046513324580026
     77.5940430229999976      20.8000015709000010      85.2419887384999981      -0.2000108325492391
     70.5688806583000030      36.1934858714000001      83.1400511252000030      -0.1975017427386021
     74.2319077216999972      35.6438448756999975      84.4033130791000019      -0.2274255325107735
     72.6580936581000003      36.5618784316000003      83.3605072481999940      -0.2068703928970130
     71.3893674387000061      35.4715535463000009      84.8054646340000033      -0.2171973754581593
     71.3384339177000015      30.6583440739000004      75.8340375341000055      -0.2332376387542858
     73.6821549699999991      36.9067580059000022      81.6169087004000033      -0.2109440332211996
     76.2772454138000029      34.7336537090999968      83.3877863917000042      -0.2455854888731235
     75.3636294913000029      36.1141416573000029      82.2468500204000037      -0.2303318485532504
     71.1274905183999948      36.8293281061000002      81.1560048270000038      -0.1929948431678223
     69.2787117166000002      35.2529322829999998      78.2249340661000048      -0.1885769184215782
     71.3486254959999968      36.5816886102999987      78.2932297489000035      -0.1955904120419909
     70.9108126691999985      33.1935990364999967      75.7822643402000011      -0.2125741257568752
     68.4964453972000058      33.4287673326000032      77.8869630303999969      -0.1971308565974059
     73.3950121977999999      36.7634076958999998      78.5804924156000055      -0.2177622476549157
     71.9970240085000057      35.5944838630000007      76.7149409125999995      -0.2107264072942847
     79.3856595621000025      33.6814313706999968      87.3738216026000032      -0.2035617410415771
     72.4457937382999972      27.2501021630999993      75.1739751304999970      -0.2357515018822998
     80.4512860821999993      31.9409799515999993      88.8417855675999988      -0.1922346287741874
     76.4514766145999971      34.9106657869999992      85.9478481665999965      -0.2297936494247281
     79.5434521850999943      24.3850030977000003      87.6682007952999953      -0.2101569446480056
     77.7861127797000051      24.5071592685000006      88.5813996633000045      -0.2280700774474393
     80.0047958345000012      29.4996430371999985      90.2556397399000048      -0.1953180897325009
     78.7573282513999970      26.8203174998999998      90.1043480294000005      -0.2120864523902330
     80.9924175001000037      32.6495257881000001      86.7662114760999970      -0.1944897618428385
     79.5372045219999961      34.2629994061000005      85.3011109445999978      -0.2086126207328860
     79.5577196545000049      33.9416579532000000      83.0336791782000034      -0.2301364036783440
     81.6741118007000040      28.6526371476999984      88.8996987941000043      -0.1847746430846424
     80.7557895079000048      26.2949460158000008      88.6940837652999932      -0.1955632654302839
     81.9527853031000006      31.6937730785000014      85.1813118672999963      -0.1971784120482525
     82.8988559597000005      28.9951665839999997      85.7324302834000065      -0.1878699109624922
     82.5543058174000066      27.1368792194999990      85.8579178232999993      -0.1901463299795410
     82.0882946134999969      30.8120472495999991      87.5296066350999951      -0.1846481282690977
     82.3915086797999976      29.9978802647999991      83.8656710749000069      -0.2046307655409230
     81.5228398659999982      31.9039766721999989      82.9897613116000059      -0.2178964263723842
     80.8804249086000056      33.2009267246999968      84.2494452016999986      -0.2087332575650951
     73.0094989032999990      25.1048900920999998      74.4796722605999975      -0.2106427075904236
     74.2059043160000016      26.5585366076000007      74.2178716616000003      -0.2302784314892516
     78.3683560510999939      20.9392706418999985      78.7570888948999936      -0.1846155173215145
     79.5822814777999952      22.2542181767999985      78.0976650510999946      -0.1964269525887836
     76.6348279457999979      20.4578435156000005      80.4259530615999978      -0.1903676530990488
     76.2766940540000036      20.2919975277999995      77.6077049813000031      -0.1767950122380437
     78.5169068892000013      21.4714802939000009      80.8519653864999981      -0.1969696543315305
     80.2032067693999977      23.1807070430000017      79.9435415450000022      -0.2077805766546863
     78.9505967763000029      23.9942361300999991      75.2517896159999964      -0.2200393697742928
     75.9574846593999951      23.0757330178999993      74.1165775981999957      -0.1914402116813729
     78.9110723823000058      22.3354114672999984      76.3123036878999983      -0.1944020806884179
     75.4482737321999934      21.5129659456999995      75.1965540048000065      -0.1792057790320900
     75.3275691516000023      24.8789283129999994      73.7245823603000048      -0.2100839958123348
     77.2492283579999963      24.8697948758000003      74.0154573858000049      -0.2234137239512304
     73.4195676492000047      22.8466120484999990      74.8104248815999995      -0.1893422745859432
     77.2721610819999967      22.0521623893000012      75.1016512560999985      -0.1857342956602128
     82.9892148141999968      27.6876527426999992      83.6857271977000039      -0.1954730131129683
     81.6081516017000013      25.2728711530999988      86.7054798507000015      -0.1918837622291019
     82.7965010118000038      25.3360336771999997      84.5326032300000065      -0.1849625657113023
     78.8621568461000066      22.2200060909000001      85.4765466199000059      -0.2055873707998561
     81.4578578989000022      23.2869233002999998      85.0410291411999992      -0.1857486481096462
     81.8330355893999979      23.2993481596999992      82.2634678874999992      -0.1877873201818776
     82.9112639906999931      26.2532627400999985      81.9851243747000069      -0.1988310824545518
     82.1094808017000020      25.0965776729000005      80.6425800223999971      -0.2078025624861244
     80.1558312981999990      21.9879162253000011      82.9665537406000055      -0.1911210094940223
     76.0043311127000010      37.1996459005999967      78.1967946966999961      -0.2281048090495474
     77.6246647789999997      36.2375829275000001      81.5163751022000014      -0.2309319779612053
     78.1275284265000067      36.9402096254000014      79.2090736975000027      -0.2277778178064835
     74.7061611289999945      28.3081431720999994      73.5871039490999976      -0.2349516355757491
     73.6076144902000067      35.6115941077000002      74.4683056101000034      -0.2053824472641406
     74.5860451534999953      36.8872034950000014      76.6294478086000055      -0.2185103576695706
     75.8584659673000061      36.2575277500000013      74.4030322431000002      -0.2096753246598038
     77.9177586923999996      35.8302341037000005      74.6336920225000000      -0.2211112479893842
     81.1250906866000037      33.3225450451000000      80.6425393439999993      -0.2374853496874199
     79.4156659213000040      35.8928723175000002      80.5071130306999976      -0.2295513112620924
     77.2176989331999977      36.9156217342000019      76.4430548743000031      -0.2246736564300313
     73.1325784818999978      33.7642485718999978      73.2138694390000069      -0.2003796900162058
     79.2581641990000065      32.2018145715000017      73.3620050380999942      -0.2383564117570298
     74.5338696827000007      30.0387711356000011      72.5491149894999978      -0.2147679533190079
     72.4059018993000052      29.3957315739999991      74.7362180224999975      -0.2307721598475752
     76.5413817348999999      30.8073918380999991      72.1174677806999966      -0.2182795856451065
     76.6544946562000007      34.4293517305999970      72.6696245931999982      -0.2054703276391354
     73.7915189261999984      31.9165543464999999      72.3938784372000015      -0.2021856636935393
     72.1381243926000053      31.6789172611000005      73.7495782975999958      -0.2090510247939594
     77.6317654892000064      32.3760404630999972      72.2759353482999956      -0.2158590833939762
     80.0938340161000042      35.7516338316000031      77.6873627451000033      -0.2314310059473499
     80.8397233857999993      34.8446134892000003      79.2361031492000052      -0.2331144190673822
     81.1323629505999975      34.0816981445999971      77.2515449339999947      -0.2410314167599097
     79.9750292516000059      34.4325067879999978      75.1395342989000028      -0.2355255303320707
     82.5301473307000037      25.6889141250000002      78.4279187062000034      -0.2172062888509600
     82.2407931996000059      25.8767338836999983      76.3470791936999973      -0.2224299877340457
     81.1822993084000046      24.4028670022999989      78.0803687276000034      -0.2208458040731145
     80.7797940579000056      24.9285854948000001      75.4005820768000063      -0.2240792729989423
     83.2136006303999949      27.2935747329999998      79.7527494985999965      -0.2134856353578751
     83.4123117089000061      29.4989000537999999      80.2798261756999949      -0.2128250036044861
     82.6025751441000011      31.1271294788000006      80.9972503733000053      -0.2201047342654920
     82.4744892415999971      32.1740357186999972      79.2464889744999965      -0.2291915472869004
     82.2738424630999958      27.5216530928000012      74.8976765812000025      -0.2270650793274491
     79.0927038285000066      25.2605221648000011      73.7500083916000051      -0.2221026250116314
     82.0315759265999986      32.2831788119000009      76.7900301378000023      -0.2418285522259023
     83.2231796746000043      28.2582413903000003      76.7892892480000029      -0.2247458863889040
     80.9345670275999964      29.3088871375999993      73.1098955568999997      -0.2264939304053701
     77.7281266685999981      29.1335418755000006      72.1599161740000028      -0.2247925190524320
     79.4800704363999984      27.4062959779000010      72.5127476890999958      -0.2197427332164992
     76.2333773681999958      27.5128336814000001      72.6767878959999933      -0.2248789725417648
     80.9389889600000032      26.7577470218000002      73.5944961877000026      -0.2215800142810203
     83.5334662278000053      30.1025982081000016      78.3745740222999956      -0.2184620520473004
     82.0821793994000046      30.3436766545999994      74.6687045542000050      -0.2338303775316639
     80.6461326414000013      32.4988972610999980      75.0806029231000025      -0.2545849108467380
