233
     67.1608171672999958      30.5138585637999995      90.3379801441000012      -0.1416912181967049
     66.2056719095999995      28.3106399873000001      87.0351078772000051      -0.1313234136682109
     66.2032956943999977      30.4173909398000006      88.1299864280999969      -0.1366797020666279
     69.2969465144000054      31.0123319873999996      91.6953101760000067      -0.1641216190507055
     68.2374578390000011      32.0848919645999970      90.4569818510999966      -0.1566907550698815
     66.6487998948999945      28.4545556176999987      89.5951488990999962      -0.1310886770226407
     66.8126359341000011      32.6377700004999980      87.0482969864000040      -0.1472545385088484
     69.9711813255999999      34.0957095043999985      89.3195096302000024      -0.1809713078104309
     67.8639586224999931      33.3429854493999969      88.7293167447000002      -0.1562690571048577
     68.3553937251000008      33.9309838921999969      85.6452623351000000      -0.1635812499292157
     66.7919799909000034      31.7522844788999983      85.0535696836000028      -0.1483849415724592
     69.1788394269999998      34.5200303461000004      87.3333742529000006      -0.1707996313073163
     68.0967333998000015      28.3812836926000003      91.3460235218999941      -0.1394304416084928
     67.7670322733000035      26.3744293720999998      89.7737851706999948      -0.1287086953406487
     70.9033856066999988      29.3606445035000014      92.3725551341999989      -0.1753409657115377
     69.7657710817999970      27.1707552447999987      91.7735308114999953      -0.1461527826696667
     68.9261157231999988      31.8953584807000006      82.7354379729000016      -0.1729907893497291
     68.4070764278999945      29.8129402673000001      82.4752133237000038      -0.1639680267068062
     67.8641533378000048      27.9574880085000004      83.3708903193000026      -0.1507435639941921
     67.0377830592999970      30.2837518836999990      83.7788026128999945      -0.1493290934840452
     66.2575777132000070      29.7161430670000009      85.4675373952999990      -0.1390809248671463
     69.8199944376000019      33.3736041905999983      83.5794811274000011      -0.1832317748771839
     66.7823828082999995      27.8135734714999998      85.1400835623999939      -0.1371352689635881
     71.6836949830999970      27.3387281062999996      91.9745333097000071      -0.1673746334669204
     67.7088518080000057      25.3560092662999992      88.1435524218999973      -0.1262452251077644
     68.5129273442999960      25.3339263680000002      84.7131538369999930      -0.1391018837744653
     66.9824477753000025      26.2244054423000001      86.5975147593999992      -0.1285099852423723
     68.5432455105000003      24.5396576109000009      86.5753241432999943      -0.1306121258743627
     70.6487803187999930      23.5979882246000017      87.8052410144999982      -0.1373370804051017
     70.9950827306000036      25.0369669783999989      90.7772336745999979      -0.1436540781515543
     69.2081125708999991      24.4799527642999983      89.0917680057000041      -0.1299016049683228
     70.9451926624000038      23.8346171479999995      85.6580064009000068      -0.1466435627744964
     72.7222401180000020      34.6612658725000031      94.3988981666000058      -0.2243707079791406
     75.5972886664000043      37.3661414898000004      94.5907484450000027      -0.2432446723717536
     73.8862626292000044      36.7425922183999987      94.0113319076999971      -0.2303441557286128
     72.0248452122000060      32.8840146328999978      92.9952715577999953      -0.2217108243980714
     72.5585921059000043      35.6492918415999966      92.5181482810999967      -0.2232463062412240
     74.1808649896999981      28.8880289210999983      93.8661413913000047      -0.2274002118898721
     72.9845667581000015      30.3132786002000003      94.2769585907000049      -0.2196983198959082
     73.6199774405999960      33.1911907507999970      96.2936646324999970      -0.2194630886317412
     72.5305555248999951      32.1982684414999980      94.7714567825999978      -0.2187193167838455
     74.2789065575999956      31.3263377009000017      96.6075175020999950      -0.2171822294275785
     78.3715240610000023      35.2981946268999991      96.7787345572999982      -0.2376855708533139
     76.4441273247999931      34.2673165204000014      97.4447572621999996      -0.2240996868932239
     74.3979795319999937      35.5272523726999978      95.8143408477999969      -0.2306151022104448
     76.3355107986999997      36.0198184898000022      96.3860148398999996      -0.2363307746757322
     76.2778726425000002      31.9856242279000007      97.6424956032000040      -0.2170302898727687
     79.3018403118000066      31.2222464819999992      96.9577203096000062      -0.2238212936380020
     78.9724946158000023      33.3439196037000016      97.3203389547000057      -0.2264764819421021
     77.8148729852999992      30.0085645105999994      96.8775939881000028      -0.2212218040911704
     75.8256127469999939      29.3437541318000008      96.1490717869999969      -0.2218328591141763
     80.7982603016999974      32.9295779325000026      95.9584874637999974      -0.2375213843414379
     74.9964968923000015      38.0222406074000006      92.5889377200000041      -0.2408027224799056
     71.9285920684999951      24.9420037603000004      83.6781243554000014      -0.1724549083647862
     69.7807843031999937      26.1654506671999982      83.2041328191999980      -0.1610429367439412
     72.8802849079999930      36.2576451308000003      90.5259357268000002      -0.2213616004984793
     74.2301362703999956      37.6776555926999990      90.5974928077999948      -0.2318331394097264
     70.3917372689000018      32.7155120994000015      91.2968108363999988      -0.1866150532391444
     71.5404192279000029      34.5493506589999981      90.9061300852000045      -0.2065299003563688
     79.3996774227999964      29.3911221002000005      95.6775718126999948      -0.2303371024945342
     77.3140435826999948      28.4680924365000010      95.3278696410999942      -0.2305993788219638
     81.0056725739000001      30.3255719795999994      94.6432442157999958      -0.2403311877981160
     71.7696242810999934      37.0475900356000025      89.0314994845000029      -0.1904920942129618
     70.9733263910000005      37.5582133324000011      86.8924073059999955      -0.1717956423997915
     69.9952701168000004      36.0698953981000017      85.6798216601000036      -0.1694489307599163
     70.3537248356000049      35.8672187125999997      88.1112075109000017      -0.1781282198551093
     72.4115771254000009      38.6026848973000014      85.4053163351999984      -0.1723648532401114
     73.9577514200999957      27.2418142816000000      92.4573772538000043      -0.2005024527731329
     71.6113367741999980      31.7551152788000017      81.5151232349000026      -0.2030149606241682
     75.8741274106999981      38.9533858297999984      87.0524109433000035      -0.2130276792022574
     73.9799035064000066      38.8986455881999973      87.7931038623000006      -0.1965927428202079
     70.3557545613000030      35.5700990355000002      83.4065199335999949      -0.1705106568680232
     71.3630992543999980      37.2405423036000016      83.3135791771999976      -0.1665038601668609
     71.2214646794000004      29.7668276688999995      81.0120710313999979      -0.1932768261656275
     73.3154193171999964      30.5141395268999993      81.0764728242999979      -0.2220618146092974
     72.6977700427000002      34.9579067927000011      80.9067690169000002      -0.1845091889586676
     74.1026547120000032      37.2646531054000008      81.4992648764000052      -0.1787928808079418
     73.1137427573000025      38.5117685796999965      83.5111889621999950      -0.1708147799427806
     73.3478606114999963      32.7601063898000007      80.9205352484000002      -0.2114321207621757
     71.3856644646999996      27.6078788043000003      81.2820848804000065      -0.1864126559822878
     73.4988613116999971      27.7519264734000011      81.2308874284999973      -0.2115772567258176
     72.1345116760000025      26.0872000234999994      82.1218927948000044      -0.1858325003904859
     74.9166622592999971      38.5334709011000029      82.9120649495000066      -0.1803024852445425
     75.9149854764000054      39.1273671056000012      84.8786376702000069      -0.1933857057482591
     77.7010228616999967      38.3459223867000034      86.1428497259999943      -0.2302816922802773
     74.1131608007000011      25.8477707788999993      82.7856502473999996      -0.2070661546716313
     77.2853975001000038      38.6009937107999974      94.1323468233999989      -0.2443371235022997
     76.6230060740000027      39.3079717673999980      92.3109932726000011      -0.2408528396508540
     78.1549484571000050      40.2014795218999978      91.5558332562000032      -0.2350624276987663
     79.4231898599000061      37.1783122504999994      95.6502544770000043      -0.2412880966145536
     80.5106150623000048      38.9880295168999993      94.3842880228000070      -0.2293745416170800
     80.2471600758999983      40.0856641704000012      92.6335222209000051      -0.2301494337900465
     76.6959024774999989      39.5417985885000007      89.0790792795999948      -0.2311329205670294
     82.6309417625000009      32.2701065314999980      93.8184812126000054      -0.2425273723188361
     81.8341579419000027      34.8656031637000012      95.6522544958999958      -0.2298016551223228
     83.5390571207999955      34.1846729008000025      94.3151394655999979      -0.2253065053670102
     82.1013330843999967      37.9457974426999982      94.7782128700000044      -0.2208282024248742
     83.6106967039000040      36.8995806665000003      94.1437343627000018      -0.2172173972830578
     82.7005136211000007      38.9851577566000032      93.1534961458999931      -0.2197698265445496
     80.6704921973999944      40.4227406378999987      90.6300869858000056      -0.2276149894911992
     79.9115808012000031      40.4280280593999990      88.5053344877999990      -0.2211610510109878
     78.1290436312999930      39.7888002529999980      87.7287592513000050      -0.2255234031082516
     81.8324848239000033      40.0685053941000007      88.8853604548999954      -0.2199782486649386
     82.3468165136000039      39.1108926834999977      87.2477554440000063      -0.2210704229177498
     80.2373953402999973      38.5249366404000000      85.7194846845000029      -0.2285384200650462
     85.2463666162000067      36.7048020346000001      91.9640324734999979      -0.2085742535082318
     83.8844196611999990      39.2284414479000034      90.0143516808000044      -0.2107008726903015
     84.9895040434000038      37.7809197005000001      89.1210914370000040      -0.2094641320559649
     75.6681334267999972      26.1843625736000014      92.7438043835999935      -0.2058436091010503
     73.6127287917999951      25.2479691865000007      92.0972141916000027      -0.1706328354569973
     74.8099118253000057      23.4155568121999984      91.6385528274000052      -0.1627967621676270
     73.0173901719000042      23.6425175146000015      90.8814887102000029      -0.1525546734463834
     72.3815898339999961      22.7536903608999985      86.7099786785999953      -0.1485257985053590
     72.3607787416000008      22.7789469484999998      88.6666345192000023      -0.1448207905027363
     73.7041649999000015      23.3416866069000015      84.3425849069000009      -0.1686622779458382
     77.1997604861000042      24.3650581045999992      92.0546597836000018      -0.1902016686052974
     77.9123064748000047      22.0705323070999988      88.9560188619000058      -0.1707390502191597
     78.8406248496000046      24.0413828908000013      90.8486660309000058      -0.1971695163683069
     77.4062295883999951      22.7047514899999996      90.7007444327000059      -0.1719640852588782
     74.8929189827999977      21.4894857333000004      88.6994502791000059      -0.1514812340470328
     74.1606353609000024      21.8983504696999987      86.0170741697999972      -0.1552673555205892
     76.1459085293000015      21.5816423748999995      86.2599845649999963      -0.1630744761761616
     75.4541725535000012      22.4917234394999994      84.6123487676999986      -0.1712922004013215
     79.3339016813999933      25.3496440438999997      93.3602286220999957      -0.2018055503277871
     79.9923242563999963      27.3090315528999987      94.5802894259999931      -0.2142613132215789
     77.2116362235999958      26.8585467778999991      94.2213273376000018      -0.2166885827566052
     82.2790417785000017      28.1894213640999993      93.5351073514000007      -0.2192385200534304
     81.8674020968000065      24.9415611211999995      90.7049250052999980      -0.2067094387482218
     81.4631454334000011      25.6332455448999994      92.7153799623000054      -0.2033651321647181
     77.5742097961000070      38.8483577204999975      82.6671265475000041      -0.1907466112631457
     81.1923263757999933      38.1102220146999997      83.9633099262999991      -0.2163461783596254
     79.7024948517999974      38.7186186124000002      82.6152090667000039      -0.1989418917416437
     78.4749283966999940      38.9212236453000031      84.4423402116999995      -0.2069767793162356
     76.0197674685999942      30.3322267108000005      79.5579364268999996      -0.2277643719081599
     80.4913420919999965      37.8186612144999970      80.9492030340999946      -0.2040151776364780
     82.8180166358000065      36.3075384614000001      83.5752224716000001      -0.2357661990626543
     82.0469631079999999      37.0677630249000032      81.8812000683000036      -0.2222898222804410
     77.9371112721999992      38.1797021113000028      80.6487157292000063      -0.1872750909913261
     75.3655084587999937      35.8475101573000003      79.0860505975000052      -0.1842696128549548
     77.6523620125000065      36.4221221642999993      78.3825432435999971      -0.1903891965244657
     76.1293116240999979      32.4729541462000029      78.1372519982000000      -0.2075588113719782
     74.1759910011000017      34.3945361030000001      79.8124508982999998      -0.1934143969324928
     79.7106664009999974      36.1870969419000019      78.4892502647000043      -0.2115635704848788
     77.8256414245000059      34.6260191945000031      77.5888317956000009      -0.2052863161303566
     86.2201657124000036      36.7319558243000017      87.4356808163999943      -0.1979489580465650
     76.2727655764000048      26.9336122692999993      80.8476855913999941      -0.2277784038746642
     87.1136478825000040      35.8114139600999977      89.5976108599000014      -0.1901836453814987
     83.4224539920000012      37.7463602787999974      85.6197403458999986      -0.2175485243696773
     84.4734050760999935      29.3041552633000002      92.7565587855000047      -0.2122280896307522
     82.9449067939000031      30.3390416127999991      93.4844319428000006      -0.2322019012286933
     86.3923235776999974      34.6877467217000017      92.1225913106000007      -0.1964978321294257
     84.6039157593999960      32.7599926465000024      93.4802405980999964      -0.2164031428975015
     87.4606148815999944      35.1583540657999976      87.4631331955999940      -0.1921036161845890
     86.1649236476000056      36.0788403773999988      85.3795423838000005      -0.2035009227303615
     85.7639210448000000      34.6254738955000008      83.6556367027999954      -0.2262016116050578
     87.6151556787000061      32.8559665236999976      91.4212543163999953      -0.1856941839551656
     86.2033111207999951      31.0749558406999995      92.5521816961999946      -0.1973983301898645
     87.9406050359000062      33.3030685148999979      86.6414268580000027      -0.1964722057883641
     88.3752388635000017      31.1563265025000007      88.5607627784000044      -0.1887025608045239
     87.6734042891999934      29.8043926385000013      89.6865500186000020      -0.1914814656007096
     88.2531314398000006      33.7822756615000017      89.0874397942999963      -0.1842791694196286
     87.8041587969999995      31.1242435240999988      86.4582727853999984      -0.2058722727424787
     87.2277899954000020      32.4378997848000026      84.6984110952000009      -0.2180074928233129
     87.0754092452000066      34.3168559034999987      85.0560197222000056      -0.2064027973954019
     76.2598544578000030      24.6831452549000012      81.4281908348000059      -0.2019886493080616
     77.6781172473999959      25.4136561356999984      80.3947992487999983      -0.2192284192689407
     81.2285355043999999      22.1487018227999997      87.1948912384000039      -0.1834209388696202
     82.5726887241000043      22.5539240979000013      85.9039269489999953      -0.1959828880305921
     79.7145784593000002      23.0834994107000000      88.8848873662000045      -0.1892188058844848
     78.8946850467000047      21.5664191191000008      86.6211450665000058      -0.1733837797090345
     81.8099567975000070      23.6387322387999994      88.6562538282999952      -0.1975929794017759
     83.6537817390999976      24.1103843886999982      86.9334215451000034      -0.2104823845334565
     81.8831567441000061      22.6395619663000005      82.5808400052000025      -0.2136013586936478
     78.6245499571000011      22.0794178587000012      82.1823493235000058      -0.1842752479622884
     81.6633169490000057      21.8596355755000005      84.3756483030000055      -0.1912786097120271
     77.9744277225999980      21.5099021288000003      83.9489501961000002      -0.1735939012737653
     78.3325941724999950      23.5008436552999989      80.8799370960000061      -0.2001846397350739
     80.2311254913999932      23.1453762713000017      81.0960101751000053      -0.2120898015354467
     76.2348179619999939      22.9177509169999993      82.9315635100000037      -0.1817227046851517
     79.8331386084000059      21.4226585283999995      83.5441208511000042      -0.1806025461576510
     87.8697538273000021      29.0004193474999994      87.5591141841999985      -0.1979653531584642
     86.5022091313999937      28.9825917818000001      91.4304079589000054      -0.1934629796279506
     87.3237718838000063      27.5865424075999996      89.5559380546000057      -0.1872341000773776
     83.0209943571999958      26.5777190674000003      92.1148640167999986      -0.2083176730025986
     85.6820746767999992      26.5392017343000006      91.1234913780999989      -0.1880046035526313
     85.6137298096000023      24.9970871181999996      88.7840532650999990      -0.1906314914703096
     87.2292149988000034      26.9666608797999992      86.9194756330000047      -0.2031056649284402
     86.0038564115999975      25.5341440947999985      86.4403159956000025      -0.2130555364859834
     83.8298918894000025      24.7382133137999993      90.1175090378000050      -0.1933496557955259
     82.2610232595000070      35.6605896235000017      77.8854764262000003      -0.2229103521115903
     84.1415840209999999      36.1966235307000019      81.1637105995999946      -0.2251735557838153
     84.4142357939000050      35.4273801833999968      78.8390339382000036      -0.2237570095770636
     78.4287341810999976      26.3722928440999986      78.9025399562000018      -0.2225454206109738
     79.0336801527000006      33.0440427265999972      75.6705884512000040      -0.2008423152214256
     80.5820971617000055      34.9556967584000020      76.7674134612999950      -0.2134916156985707
     81.3315149423000037      32.9477188580000018      75.2250547861000030      -0.2056274178641999
     83.2660346047999980      32.1856870338000007      75.6167325826999956      -0.2176889060873854
     86.7745939703000033      32.4630026561000022      81.9645539642999950      -0.2379558621563422
     85.6410353888000060      34.9221407515999971      80.4763535840999964      -0.2263460069979537
     83.0994584301000003      34.1958882998999982      76.5512309251000005      -0.2208878842083237
     77.9929886089999940      31.0123489835999990      75.6368765778999972      -0.1955744881300134
     83.6025644192999948      28.2275072880000018      76.5105243898999987      -0.2300306676301354
     78.4626315369999929      27.2774130417999991      77.0909696517999947      -0.2060049389663003
     76.6149001444999982      28.4552067696000002      79.3099462353000035      -0.2239975331382702
     80.4940946005000058      27.1521148275999984      76.2757028758999951      -0.2085017226302437
     81.4471738736999953      30.3497847239999992      74.7582008912000049      -0.2007348474754966
     78.1146604091999990      28.9125996140999995      75.9480200518000004      -0.1961847271772044
     76.6802324335999970      29.8602914519000002      77.2412344746000059      -0.2036152490369822
     81.8996047586000060      28.2235955288000007      75.5332895726999993      -0.2084489129152036
     85.8264557955999976      33.1543928604000016      78.1803704366000005      -0.2298388481372058
     86.5982437811999972      33.0354503999000002      79.9602102296999959      -0.2324014120170173
     86.4116626496000038      31.3011696418999996      78.7097675954999971      -0.2408260583311534
     85.0384799108000067      30.7811095457999997      76.7688957346999956      -0.2329125944942962
     86.1885299225999972      24.7453532156000016      84.2548521569000002      -0.2220939726534414
     85.6240162618999960      23.8833943325000000      82.4144048301999987      -0.2227969105488938
     84.5641159842000008      23.8711325712999987      84.6889260020000023      -0.2239794195994875
     83.8676682406999987      22.9990807219000004      82.1642214615000057      -0.2200316940270177
     87.3906209948000026      26.5627846307999995      84.4765294294000029      -0.2196525705829604
     88.1260348594999954      28.5759183826999994      83.7102301200000056      -0.2178369460381671
     87.7968810189999971      30.4832025981999983      83.4355912397000026      -0.2235683024096353
     87.6192572329999990      30.4489548538999983      81.3996980618999970      -0.2320417301417894
     85.7740539077999955      24.4500814248000005      80.3015929987000021      -0.2231769876991194
     82.0510888326000014      22.8432918148000006      80.6290934681999971      -0.2118973922156009
     86.8314708192999944      29.3664646398999984      79.2902237342999996      -0.2419646559387250
     87.1395822523000021      25.7909378800999995      81.4675425039000061      -0.2270788811823312
     84.5763198363000015      25.3123507218999997      77.8508890247999972      -0.2164641324824395
     81.2961429584999991      25.5075721673000011      77.2052925546999944      -0.2113168991104537
     82.6810377732000035      23.8350810943000013      78.4144308416999962      -0.2077005125781568
     79.5946947717999933      24.8528042219999996      78.5486018654000020      -0.2110789898135152
     84.1224082148000036      23.4955892519000002      79.6499207690000048      -0.2130253322265041
     88.0721982182000005      28.0363588021000005      81.7827725401999999      -0.2224419496649013
     86.1437472312999972      26.6691903377999999      78.5718929143999958      -0.2286149639173836
     85.2725953978000035      29.0070396248999991      77.7641667146999964      -0.2498378354487265
