233
     64.9164254968000023      32.8037119235000034      91.2156401052999968      -0.1470904104195458
     63.5430485194999974      30.3716285721000006      88.2366728311999964      -0.1340317694894093
     63.5051482500999995      32.5003497192999973      89.2875173058999962      -0.1419455389382112
     67.2175169127999936      33.6257454523000021      92.0421437832000038      -0.1707802033560046
     65.7702356790999971      34.5043097836000001      91.0726800427000001      -0.1638184555257318
     64.5315818078999968      30.6687532177999991      90.6252713818000046      -0.1343423004229276
     63.5484542084999973      34.7382807577999984      88.0787079703000018      -0.1554064223835780
     66.9136957301000024      36.6780790441000022      89.5527281770999934      -0.1895856913411471
     64.8486944299999948      35.6369732417999998      89.4680109746999932      -0.1646713720966595
     64.5441876589000003      36.1662038138000028      86.3493842161999936      -0.1742797954985136
     63.1955390382000033      33.7825271995999969      86.1485695534999962      -0.1564202155355368
     65.6418818746000028      36.9205504152999993      87.7987940993999985      -0.1809733940524421
     66.3351238209999963      30.8500874319000005      91.9970571756999931      -0.1439476475991803
     65.9310047019999956      28.7592336652999983      90.5572242708999937      -0.1311236421905715
     69.1431877681000060      32.2228857373999986      92.3440629987999984      -0.1830473787900768
     68.2051049227000021      29.8829814545999994      92.0383500049999981      -0.1520405992927980
     64.7091841784999957      34.1126846266000001      83.4010953343999972      -0.1820504969898540
     64.4301128559999938      31.9722257435999992      83.2821867952000048      -0.1698319112090338
     64.3595220101999956      30.0974260216000005      84.2920624220000008      -0.1540136102479561
     63.3414599266000025      32.3108833061000027      84.8620978044999958      -0.1556823162606520
     63.0482864211999967      31.7115153618000001      86.6889893390000026      -0.1440917836222297
     65.5636102927000053      35.7251894366999991      84.0064238687999989      -0.1948008065838795
     63.7366163005000033      29.8818797266000011      86.2634862413000008      -0.1396627141707292
     70.0780537722999952      30.3054031055000017      91.7920340833999973      -0.1765254282476860
     65.6424551551999969      27.6807332809999984      88.9914020031999939      -0.1276554022676475
     65.6431885625000007      27.6328047117000004      85.4682837981000034      -0.1400854767133364
     64.4741998335999966      28.3884569093999986      87.6474102024999979      -0.1295348578429962
     66.2017032404999952      26.9203882085000004      87.2793565131999998      -0.1319422230185641
     68.6384431717000041      26.3066538749999985      87.9993164062999966      -0.1409844040677211
     69.4524878664000056      27.8900906671000008      90.8017055204000059      -0.1501612315093528
     67.4216741756000033      27.0428140241000001      89.5760466156999939      -0.1330414154969777
     68.4055888163999981      26.4980230062000004      85.8397732333999954      -0.1488427448067604
     70.6428782050000024      37.7874482349999994      93.8597996248000044      -0.2259260025788095
     73.0951496273000032      40.8471638381999966      93.3662734462999993      -0.2411219572361407
     71.3973525753000047      39.9857650240999973      93.2000670359999930      -0.2293138960309768
     69.8913814651999985      35.8828819455000030      92.6668917575999984      -0.2257343997282693
     69.9254347274000025      38.6738795369000030      92.0598800368999974      -0.2238983717158227
     72.7069553169999949      32.2356791229000024      93.0479335044000067      -0.2404355806847462
     71.4541303806000059      33.5085700141999965      93.7123244554999957      -0.2281200136715711
     72.1365463135000056      36.5189679446000000      95.5081644082000025      -0.2239985551196586
     70.8743334396999956      35.3362926554000012      94.2842569841999989      -0.2238420758071378
     73.0945847672000042      34.7684070418000033      95.6756963426000056      -0.2249406915027468
     76.5459109465000012      39.2403999232999965      94.8731329355999975      -0.2412699007109644
     74.9766940203000019      37.9946386144999977      95.9716733730000016      -0.2288649763674666
     72.4635402597999985      38.9162214069000001      94.8459912866999986      -0.2317877137819035
     74.3957149249999929      39.6768720950000002      94.9535623639000050      -0.2377769247836685
     75.1686083387999986      35.7197892267000014      96.2188371767999939      -0.2249596259593929
     78.0330765578000012      35.3289916848000018      94.8630560904999953      -0.2334986048482719
     77.5117350582000029      37.4023719241000023      95.2762813661999957      -0.2332103376273000
     76.7441345817999974      33.9308176293000017      95.1355517381999931      -0.2330321650170610
     74.7497063465999929      32.9868477233999968      94.8884676141999961      -0.2343449997852058
     79.0198754003999966      37.1765670127999996      93.5343675641999965      -0.2439203815635143
     71.9733174595999969      41.3435032363000019      91.5513897651999997      -0.2374308145065989
     68.7560112482999983      27.6474962901999994      83.6789336504999994      -0.1720898870801513
     66.4119336610000062      28.5636412815999989      83.7023243948000015      -0.1617773102157614
     69.7020292243999933      39.2427293511000030      90.0427060943000015      -0.2223046352764708
     70.8289663006000012      40.8272640831999993      89.7918847680000027      -0.2300143380823716
     67.9536850643000037      35.4399946344000014      91.3904173285999946      -0.1934878861301250
     68.7260034095999970      37.3909824830000019      90.7329704915999997      -0.2108075074371811
     78.0839081951999958      33.4787075010999970      93.6079730810999990      -0.2441292144154836
     76.1172101746000038      32.2807749692999977      93.7535767524999955      -0.2474171813561963
     79.2725852293000059      34.5733275504999966      92.2255460717999966      -0.2492744628811217
     68.1853963708000066      39.8249187285000019      88.8377994676999947      -0.1929919698877125
     66.8634549165000038      40.1465868630999978      86.9352900110999940      -0.1757777070860094
     65.8456223430000023      38.4992168329999984      85.9907069636000045      -0.1767840775337284
     66.7700095380999983      38.4370725491000016      88.2760627741999997      -0.1843035862079834
     67.7728389500999953      41.3113200515999992      85.1499769125999961      -0.1754551179900563
     72.3941229578999952      30.5221721652000006      91.7400923367000019      -0.2146531016196214
     67.0415045191000019      34.2751355349999969      81.5974490721000052      -0.2077253156332404
     71.4389946164999969      42.1696903217000028      85.9547560001000051      -0.2110490793144884
     69.7871785650000049      41.8982682074000010      87.1112768439000007      -0.1962785831867766
     65.7452142562000006      37.9644091755000019      83.6990819585000025      -0.1781124704381938
     66.4707295767999966      39.7464919872999971      83.3650604049999941      -0.1721817499991118
     66.8192815303000032      32.2354582629999982      81.2118547793999994      -0.1950553505067791
     68.7529907210000033      33.2495315867000016      80.7879530345000063      -0.2212928683515738
     67.5199629468999944      37.5662352881000032      80.7325528176999967      -0.1910567923919562
     68.6986250404000032      40.0562897498000012      80.9696504258999994      -0.1848727964011534
     68.0328958531000012      41.2402863073000034      83.1458947109999968      -0.1748927472493236
     68.4462938333000039      35.4732405557999968      80.6124778105999980      -0.2158149227817905
     67.3297975387000065      30.1277638166000017      81.4525345955999995      -0.1855151481082409
     69.3371415929999984      30.5421956110999986      80.9160758743999935      -0.2078500956501976
     68.4474547690000037      28.7498310146000016      82.1087791703999983      -0.1836407165294407
     69.6331932657000010      41.4725213509999975      82.1483705862000022      -0.1839567382198659
     70.9620596250999967      42.2648852400999999      83.8285622060000009      -0.1936582736046883
     73.0768035586000053      41.7698388252999990      84.6541557229000006      -0.2266293378933906
     70.5388030847999943      28.7939998445999983      82.3018180637999990      -0.2048584951186978
     74.4531463173999981      42.2719259778000023      92.5233017243999996      -0.2398327793699178
     73.3059589595000034      42.8175498733999973      90.8978279899999961      -0.2350193357800787
     74.4920236127999971      43.8726062229999982      89.8044035709000070      -0.2282012131046383
     77.0511168746999999      41.1966841284000012      93.5196080552999973      -0.2405157386927979
     77.5691268452000031      43.0826253971999975      92.0245721295000010      -0.2254789293450763
     76.7701156277999957      44.0696709658000003      90.3732958427000028      -0.2241435571279933
     72.6119304353999979      42.9360395439000015      87.7340420408999933      -0.2262755247447590
     80.3912697207999969      36.6792420267000026      91.0353285295000063      -0.2428623107830976
     79.6887829376999974      39.2174066012999987      92.9842832726999973      -0.2322925195493966
     81.1218671932000035      38.7127385930999992      91.2961471538000069      -0.2262316263073139
     79.3332700627999969      42.2708603839000006      92.0499606781000068      -0.2190523676208063
     80.7862862518999947      41.4055885074999992      91.0932164129000057      -0.2164055862109144
     79.4027797835999962      43.3166529582000024      90.3235546129999989      -0.2164114529657795
     76.6787582835000023      44.3824607865999994      88.3238081663999992      -0.2213872846545364
     75.4642218479000064      44.2088002723999978      86.4303217222999933      -0.2157829067170436
     73.6548529126000062      43.3151247436000020      86.0887837979999944      -0.2208091163069135
     77.4517157086000054      44.1157299966000025      86.3613679394999991      -0.2149182586193383
     77.7055389691000045      43.1713374652999988      84.6563735519000033      -0.2163859511164468
     75.4032368499999990      42.2595934424000035      83.6580041442999942      -0.2238211803888870
     81.8960302173999963      41.3416882926999989      88.5974519616000009      -0.2073650917328269
     79.8001781769000047      43.5919012729999977      86.9946867392000058      -0.2072070393850787
     80.8586264367000069      42.2668236785000033      85.8818969053999979      -0.2068763793277615
     74.2513681630999969      29.7067432658000001      91.6334753490999958      -0.2243141632049888
     72.2483101500999965      28.4882180001000016      91.4832939958999987      -0.1814847684137924
     73.5460026052000018      26.8101874052999989      90.7750848547999993      -0.1722668247039856
     71.6147132348999946      26.7742256728999983      90.4485588409999934      -0.1598637151292301
     70.1753022933999944      25.6529039585999996      86.5413238241000045      -0.1516518436797600
     70.5954968462000068      25.7494818840000015      88.4501670124000015      -0.1494041594550115
     70.8350057329000009      26.3169536141000009      83.9291738759000054      -0.1698406543884001
     75.8176327454000045      28.0762629586999992      90.6240102902000046      -0.2069478424018598
     76.1115019699000044      25.7774116810000002      87.4612473106000010      -0.1776055529762672
     77.1705436322999958      27.9222660064999992      89.0756112763999965      -0.2147672515215593
     75.9335061084999978      26.4065021760999983      89.2709372637000058      -0.1823916218202850
     73.2191550151000001      24.8009538909999989      87.9095805159000037      -0.1559257167748065
     71.8494825904000010      25.0094681104000003      85.4643667139999934      -0.1574531998523483
     73.8622061354000010      24.9619531955999996      85.2468689091000016      -0.1650081919805952
     72.6987370067000001      25.7116144943999991      83.7957323031999977      -0.1719108870074511
     78.0395688318999987      29.3777414372000010      91.3970768479999975      -0.2196056211564006
     78.6873080380999994      31.4507659468000007      92.4189728143000053      -0.2301494540431239
     75.9843973778999953      30.6307003384999987      92.7118594984000026      -0.2357460415847061
     80.5374241742999999      32.5795572992999993      90.8699508068999933      -0.2280138181484386
     79.9362473545999990      29.2007034559999994      88.2336828701999991      -0.2192228222246619
     79.9089770382000069      29.9100019892999995      90.2781710325999995      -0.2175283296732111
     72.0986607107000026      42.1193677463000000      81.2970378318999991      -0.1923338012926159
     75.9820186599999943      41.9056889618000028      81.7324407150999974      -0.2129636311285221
     74.1572865084999933      42.2644433134000010      80.7583933814999995      -0.1990886638123470
     73.3601939155999929      42.3755662709000021      82.8171967983000030      -0.2049690349585234
     71.0417537664000065      33.3618545042999983      78.6899799005000062      -0.2339564207162610
     74.6616953166000030      41.4116489330000022      78.9622606230999935      -0.2080078068856679
     77.7050405611000059      40.3152819959000013      80.9942334959000050      -0.2300798165915552
     76.4747368306999959      40.9044261234000004      79.5172640443999938      -0.2220189605736955
     72.0811333567999952      41.4272303033000000      79.2541431726999974      -0.1929960147753462
     69.5605125738999988      38.7240669999000033      78.3411471823999932      -0.1933104521716498
     71.5294364046000055      39.5628599895999997      77.1268300898999968      -0.2014326564875315
     70.5368282590000035      35.4432787901999973      77.2666804609000053      -0.2199330812686302
     68.7736100638000067      37.1579115643000009      79.3319470474999946      -0.2011098676489720
     73.5707145315000020      39.6005695411000005      76.7594041818999955      -0.2239021578369158
     71.7586194284999976      37.7755044978000001      76.3275648131999986      -0.2202852017321799
     81.8048815213000040      41.3228612085000009      83.9664339099000046      -0.1943195149772663
     72.0361860093999979      30.0760260857000006      79.9116497369000029      -0.2227505242221071
     83.2809782302999935      40.6084749162999969      85.8718052531999945      -0.1879628092446115
     78.5577950978999979      41.8967960291999972      82.8346761438999977      -0.2123513524866443
     82.3273393205000019      33.9387078681000034      89.5999455632999968      -0.2118765265134712
     80.8785700301999952      34.7938190915999996      90.6520617296000069      -0.2323552099068689
     83.3091449022000035      39.4974911093000003      88.5030377990999995      -0.1951510261556830
     82.1516699077999988      37.4072992084999996      90.2492334762000041      -0.2152351436553133
     83.2196610903999954      39.9253228752999973      83.7195014363000070      -0.1880961590533037
     81.3733695768000018      40.5905435000999972      81.9827945922999959      -0.1975540196274572
     80.7915042412000020      39.0331271606000030      80.4077342468000040      -0.2163693297478435
     84.5764662227000059      37.8141997202000013      87.5527550041999945      -0.1834112038132254
     83.7110373358000004      35.9095682395999987      88.9907093191000058      -0.1953198626322035
     83.7463200238999974      38.1179807046000008      82.8229407997000067      -0.1911076585968736
     84.8900323356999991      36.1199859427999996      84.6065319206999931      -0.1846072162754417
     84.6504889519000017      34.7322532616000004      85.8732247899999948      -0.1881233637545598
     84.5378423127999952      38.7260913846999983      85.1281491186999943      -0.1810636884019790
     83.8667590574000030      35.9344644442000032      82.6918205842000020      -0.1996969239733275
     82.7347450763000012      37.0946905671999971      81.1020323511999948      -0.2095395757851861
     82.4156703290999957      38.9502993150999970      81.4714743620999968      -0.1992802623299941
     72.4585985692000065      27.8664977825000015      80.4958647012000057      -0.1983816109570053
     73.4938831606999941      28.7347695393999985      79.1589639464999948      -0.2140505222450848
     78.9004253777000031      26.2174671816000000      84.9846945981000061      -0.1838896587952288
     79.8496508772000055      26.7440548982999999      83.4165051660999950      -0.1903748694345389
     77.6973301817999982      27.0117967450000016      86.9705450131999953      -0.1984367089616050
     76.5975851949999935      25.3165212398000001      84.9668262345000045      -0.1746945682900503
     79.5918483661999971      27.8246126396999998      86.2625207629999977      -0.2028585011434512
     80.9161736931999940      28.4653390281000007      84.1587314757999962      -0.2050132368248487
     78.4194877869000067      26.6135221217000009      80.3402591158999968      -0.2002395127197918
     75.2613956352000031      25.6214130126000015      80.7052905033000059      -0.1789232366614737
     78.7194964095999978      25.8803669726000010      82.1431539797000028      -0.1840247907215371
     75.1116117204999938      25.0399551609000000      82.5780844788999957      -0.1711354920309720
     74.4929282109000042      26.9426108916000011      79.4945630078999983      -0.1940631850768355
     76.4211188951999958      26.8444403443000006      79.2711597085999955      -0.2018139046277074
     73.0132147775999982      26.1710546398000012      81.9775012309000033      -0.1797751922203616
     76.8244609223999930      25.1788380011000008      81.7576190198000035      -0.1753847239000947
     84.4658195420000055      33.8803313710999987      83.7634770030000055      -0.1924800903212365
     84.0269217018000063      33.8324793533000019      87.8454484235000024      -0.1917174860945767
     84.5824636796999982      32.4844563190999978      85.8425096717000002      -0.1842330344149676
     81.1482290324999980      31.0247808123000013      89.3289262929999950      -0.2168246884914158
     83.4954692210999951      31.2935885802000016      87.7529003915999937      -0.1884617263221013
     83.1068675367999958      29.6679556821999988      85.5029969256000015      -0.1880760701951036
     83.9769625904999941      31.7579566126999993      83.3028847345999992      -0.1955708211375455
     82.8793708974999959      30.1616840115000002      83.1285051976999938      -0.2032302293766932
     81.7234431751000017      29.2310541975000007      87.2125149273000062      -0.1967768157013303
     75.9647940470999998      39.3862203771999972      75.5895705961000033      -0.2237558913309883
     78.4498713665000054      40.2852670967999984      78.3439790871999975      -0.2184531364869304
     78.2893980950999975      39.4701536228999998      76.0244890029999993      -0.2148317940146143
     73.7503782422000000      29.7252129957999998      77.5272532033999937      -0.2208145771543837
     72.7020781108000023      36.2916397888999995      74.1945631998000010      -0.2079384280413361
     74.1867826320000034      38.4279391898000000      74.8923588920000043      -0.2203181295939807
     74.8304944146999986      36.4768443409000014      73.2336435537999932      -0.2052928597137420
     76.8879994819999979      35.9871515255999981      73.1758147868000037      -0.2090544281141682
     81.6743132476999989      36.9571392158999998      78.5453635094000049      -0.2230679815581347
     79.9120935865999940      39.1905268435999972      77.3397030381999997      -0.2136207016497931
     76.6683572983999966      37.9928574905000005      74.1090054414000008      -0.2151642012864468
     71.9643546756000063      34.1424863547999990      74.4156027773999966      -0.2011132362751269
     77.9486200338999993      32.1426673722999965      73.9969899509000015      -0.2204687169651720
     73.2503420256000055      30.5577026234999991      75.7498665338000023      -0.2063312055996906
     71.8124964540999997      31.5696571056999993      78.3254664019000018      -0.2249040112101870
     75.0418866828999995      30.6656746538999982      74.4905367445000053      -0.2061283386741390
     75.1862543453000001      33.8999327106999999      72.7715259994999997      -0.1976087307879038
     72.4351981039999941      32.0895035901000014      74.7056543878999975      -0.1985872164133013
     71.2171079308999992      32.8918516637999971      76.2869832211000016      -0.2095271302146653
     76.0849059668999956      31.8811878007000011      73.4372818970999930      -0.2035795244953089
     79.8085267773000027      37.3758340950000019      75.0754115171999956      -0.2127659389058270
     80.9725891590999964      37.4254584370999979      76.6310881830000028      -0.2151781364995049
     80.7427613115000042      35.6354291755000006      75.4695704471999989      -0.2215901296660405
     79.0481889561999935      34.8686596280999979      73.8999953736000066      -0.2166669218160990
     82.6682353492000033      29.3210917803999997      80.9648568833000013      -0.2057386548350433
     81.8225349066999996      28.3240781920000018      79.3096681274000019      -0.2040580013842028
     81.3175686849999977      28.2609877866999994      81.7669052396999945      -0.2084310641840030
     80.1908109132999982      27.2109241827000012      79.4761782251000000      -0.2027435853792063
     83.6331344270000017      31.2859751800999994      80.8912110843999983      -0.2057575778610374
     83.8974891790000044      33.3468498227000012      79.9618737079999988      -0.2057543856513533
     83.2607221675999938      35.1836454382999975      79.7564193731000017      -0.2124987492562553
     82.6323643032999939      35.0494559114999973      77.8161246238999951      -0.2179255300729697
     81.4118214116000019      28.8248384792000003      77.2148714902999984      -0.2050402393614288
     78.1114629078000036      26.7630737588000009      78.4007291305999985      -0.1988525650177877
     81.5400111975999948      33.7948072062999998      75.9520173965999987      -0.2257815219738077
     82.8126993823999982      30.3745010023000006      78.0260982881000018      -0.2086142859550542
     79.5846195815999948      29.4311288457000018      75.0987971347000069      -0.2043080100591155
     76.2479089901000009      29.1753068677000016      75.2228298261999981      -0.2059443674787929
     78.0832910755000000      27.7433286017000000      76.0934539016000002      -0.1971373603444810
     74.9995353491000003      28.3571748905999996      76.9258712876000033      -0.2062274614105561
     79.7995104567999931      27.6404710963999989      76.9670958133000056      -0.1981936702052050
     83.4812103117999982      32.7321143125999967      78.1023232774000036      -0.2077587869583635
     81.0772017108999989      31.0058889748000013      75.4304869200000070      -0.2136350983736239
     79.7387367407000056      33.1788982145999967      74.8276529568999962      -0.2342654545585088
