233
     68.4055728440000053      30.0032241098999997     106.5118794458999929      -0.1341978731146796
     70.0624381148000026      28.6659870436000013     103.0273372559999956      -0.1287713212506958
     69.2341841665000004      30.4890654213999994     104.3030899312999935      -0.1273932435868019
     69.0025833076999930      29.9080603248000010     109.0195459942000014      -0.1572737112891538
     69.0494807463999933      31.3474970942000013     107.7034226659999945      -0.1453501474385348
     68.6171081112999985      28.2295177716000012     105.1466295693000035      -0.1294627775533552
     70.3430105166000033      32.7700568516000033     104.5006069421999939      -0.1330929012883946
     71.0189250545000021      33.2751416151999990     108.5685833900000006      -0.1679056501327985
     69.9238448366999990      32.9662099167999969     106.5534731726999951      -0.1417684231880774
     72.3816928832000031      34.0827625455000032     104.8768887167999964      -0.1480551342104164
     71.7313236308999933      32.3140174700999978     102.8794767596999975      -0.1356065577885985
     71.7965157798000035      34.1976172780999974     106.7528248946999980      -0.1554992653547576
     68.4643786098999954      27.6002504438000003     107.3256519380999947      -0.1397544420831593
     69.3769339584000022      26.0171950203999991     105.5175372317000040      -0.1358836430311943
     69.7583007422999941      27.9411105490999994     110.1716651608000035      -0.1742566676846060
     69.4219856212999957      26.1018644148000014     108.4533294226999942      -0.1521641459087437
     74.8682431276999978      32.6102582643000005     102.7355407164999974      -0.1626364920982972
     74.7434197638999933      30.7185726338999991     101.6965369259999932      -0.1583282258403926
     73.7980502184999949      28.8189594655999990     101.5030115268999964      -0.1505325153451587
     72.8376264080000055      31.1105553274999984     101.7978986290000023      -0.1408788582266034
     71.1298597883999975      30.3344623640999984     102.3116477906000057      -0.1313068673651046
     74.8840207064999959      33.7457345560000022     104.2870184124000019      -0.1704404295611219
     71.8016312935999963      28.4806967775000004     101.9729832642999980      -0.1365444636790745
     70.6679639748000028      25.9491197840000005     109.9268476608999947      -0.1742927653158404
     70.4918646794999972      25.3647562435000005     104.0929402980000020      -0.1363475092773125
     73.4358162540000023      25.9144548045999983     102.2366967277999947      -0.1498231175176024
     70.9990022350000061      26.6200860010000007     102.7368555326000035      -0.1345730129029370
     72.2040543283000034      24.7676240963000005     103.3623086430999933      -0.1440007607168852
     72.9165766195000060      23.3065701776999994     105.4093423515000012      -0.1545104487076596
     71.0726337237999957      24.0567267172000001     108.0664959694999965      -0.1569941139958200
     70.9565116708999994      24.1107012064999999     105.5509594203000034      -0.1438651890034421
     74.6006678671000003      23.9230863742000004     104.1690946102000055      -0.1642537688350316
     69.4982354787999981      32.4118260372000009     114.1030712448000060      -0.2215709897156355
     71.3561314084000031      34.5822753379000005     116.8337186659999958      -0.2405928045072816
     70.5363146441000026      34.3395089336000012     115.1245924962999965      -0.2322232355651206
     70.0202926216000066      31.0703390052000010     112.2207805758000063      -0.2185512799927203
     70.6394144818000029      33.7693032693999982     112.9219014150999953      -0.2276247429099190
     71.1225365889000045      26.7136618542999997     113.3066718208000054      -0.2173219865843450
     69.9232813139999934      28.1845195940999993     113.1346219069999961      -0.2100176105684479
     68.8962240657999985      30.4789653614000002     115.6711353350000024      -0.2075397542586774
     69.1884921452000015      29.9776539454999984     113.6332153671999947      -0.2100956553497966
     69.2226290428999960      28.5141563793999993     115.8793505059999944      -0.2018729138504902
     71.9332179390000022      31.7419074670999990     119.7249728877000052      -0.2210187692616898
     70.1137599914000020      30.8861695334000004     118.6394133735999930      -0.2080362060980114
     69.7088037973000070      32.7273131638999999     116.4306541202000034      -0.2230843131800722
     70.7026688895000035      32.8121660157000008     118.2550696745000067      -0.2245505568645978
     69.9364418795999967      28.6590540583999989     118.1089647551000041      -0.1991975094024045
     72.6259163352000030      27.6221467047000004     119.4828619647000068      -0.2057819273897348
     72.0640087711000064      29.6531710301000011     120.0311846649999978      -0.2083957912986207
     71.6454420123999967      26.6753394047999990     118.1290739370000011      -0.2028837152825318
     70.7279897415999983      26.4623637366000004     116.1184032955000021      -0.2049345895185155
     74.3387826633999964      29.2620525234999995     120.2105415617999995      -0.2212676450290250
     72.2752945085999983      35.7050298766000012     115.1926140295999943      -0.2447848289115075
     76.6372962001999980      25.2514289440999988     103.7208051229000034      -0.1869435363102703
     75.3642111959999994      26.8403655121000000     102.2412431396000017      -0.1707185739147317
     72.2222514893000067      34.7114398049000030     111.8974520016000014      -0.2274810269690821
     73.1020741833000045      35.8796177915000030     113.2031782545000027      -0.2390793624062688
     70.0111389804000055      31.4813714806000000     109.8945879794000007      -0.1784746129078432
     71.0488375780000041      33.1720155467999973     110.8432553694999996      -0.2050663372810160
     73.6412686102000009      26.0895793237000007     118.2094155558000068      -0.2143562094528466
     72.4022740223999932      25.5643595734999991     116.3350675333000055      -0.2147823612022943
     75.4845457051000039      26.9717052164999984     118.7980020330000031      -0.2283858278406274
     72.4180972775999976      35.9355676583000019     110.2993046090000036      -0.1900735032887493
     73.2950698686999971      36.9728664727999998     108.3952373639999962      -0.1692628539660657
     73.4722165531999991      35.9134682651000006     106.5275267903000014      -0.1624272001013747
     72.0660773145999940      35.1789855369000009     108.4155184067000022      -0.1710271631065829
     75.3244814839000014      38.0763161212000014     108.5818196512999947      -0.1726934926142878
     71.9873385785000011      25.4321204248999990     111.7723355530000049      -0.2017936185384688
     77.6590451534000010      32.3330950037000022     103.6595823220000057      -0.2009856438744571
     76.6886374242999977      37.5895343565999980     112.1493521815999941      -0.2187606790757108
     74.8079427402000050      37.6601599912999987     111.3762375592999945      -0.1996264843700537
     75.3150679024000027      35.8322760678000023     105.0629610149999991      -0.1656664249036002
     76.0511306420000039      37.3252601725999966     106.0842210861000012      -0.1654082271936552
     77.7916581780000058      30.5626956286999985     102.5611974950000018      -0.1935278503635605
     79.2390958446000013      30.9735130474000009     104.1993128386999956      -0.2253431500962098
     78.7538584009000004      35.4030220304999972     104.7482684962999997      -0.1861439414373098
     79.2843254775000048      37.3184656877999998     106.6706397157000055      -0.1815575076577165
     77.1398818433000031      38.2664766979999982     107.7116579727999977      -0.1721152015879284
     79.2919040422000023      33.1768468001000016     104.6600381179000010      -0.2144323446104597
     77.7998603820000056      28.3926416217000011     102.3337605175999983      -0.1905346775750463
     79.3617378516999992      28.2391502623000008     103.7571195716000005      -0.2161611079174399
     77.8175860314999994      26.6432380118000012     103.0533341720999942      -0.1939029274550848
     78.8581354932999972      38.1486053293999987     108.5139360035999943      -0.1831755860601643
     78.2079385323000054      38.1873285081000020     110.7031172753000021      -0.1974422177703747
     78.6597255363000016      36.9205638963000027     112.5978503525000036      -0.2393899330750386
     78.8033150594000062      25.9943125244999997     104.7912026000999930      -0.2145613991620383
     72.8522087313999975      35.6285026450999993     117.9525861979000041      -0.2367558942822399
     73.6007882233000004      36.7732965570000019     116.4082466061999952      -0.2393812382802327
     75.1997239764999961      37.5705019039999968     117.1316678630000041      -0.2348201385716209
     73.4066564126000003      33.6389874296000002     120.1049428903999967      -0.2265987303713022
     75.0030600370999991      35.4902175348999975     120.3959476725000002      -0.2196384901848845
     75.9786524511000039      36.9422406110999972     119.2649128883000031      -0.2263683890642341
     75.8693176196999985      37.6362594309999992     114.2601482886999946      -0.2376249166430409
     77.1625150947999998      28.7880945476000001     119.7920327645999947      -0.2354272664062282
     75.2330790238000020      31.0510251154999999     121.1670285361000055      -0.2167084266159449
     77.4124864703999975      30.4139297157999984     121.2171929744999943      -0.2173368968982388
     75.9211631242000067      34.1729073262999989     121.4884625890999956      -0.2113716966894010
     77.4880622082000059      33.0692279091000003     121.8078840343000024      -0.2102603575833175
     77.4372887882999947      35.4193941736999989     121.0124109943999997      -0.2154015713523947
     77.6523015825000016      37.6091123802999974     118.2349789098000059      -0.2312390648865090
     78.5640555999000014      38.1484049017999993     116.2428906011000009      -0.2293745552476043
     77.8286127544999999      37.9401656673000005     114.3442383709000012      -0.2345129473098027
     79.7073315460999936      37.4481577669000032     117.7146659263000004      -0.2277347541842989
     81.2401818977999994      36.7739449728999972     116.6855321789000044      -0.2306851674393542
     80.7831887573999978      36.8146973527000014     114.0553021133000016      -0.2386244959334256
     80.1801748893000052      33.0818736330000007     121.3422398560999937      -0.2074709909432322
     80.4469205139999985      36.1134719609000001     119.6799616180999948      -0.2148351468899197
     81.9127964962000021      34.7306732348000011     119.4486180380000064      -0.2139617060927677
     73.0666701202000013      24.1043952383000004     112.8667945411000062      -0.2050179585004823
     72.0543325337000056      23.6213002385999999     110.8024807331999995      -0.1760912302794466
     73.3012905567999979      21.7652699409000014     110.8424781731000053      -0.1669102453617732
     72.5151028245000049      22.3940659539999984     109.1619081687999966      -0.1611767791429664
     74.9554734120000035      22.4587310016000004     105.6071702670000008      -0.1617648010476316
     73.5931769662000050      22.0946114463000001     106.9640558252999938      -0.1568817707747545
     77.5226150135000012      23.3125466004000010     104.9905011127000023      -0.1787834706915259
     74.7141699380999995      22.2591864743000016     112.9745880756999981      -0.1905809993742036
     77.4424272158999969      20.5531860068000007     110.7339808780999988      -0.1727761321436247
     76.7445352939000003      21.9512922157000006     113.1601684694000056      -0.1970311236420965
     75.8530840012000027      20.8913439626999988     111.7645401664999980      -0.1737055762149051
     75.4506842928999930      20.4748158993999994     108.3787820244999978      -0.1570983396802745
     76.7514114296999992      21.5130289057999988     106.1141023702000012      -0.1631713814662028
     78.0342018487999951      20.8724782904999984     107.5440543555999966      -0.1677792620373975
     78.6349268297000066      22.1835651501999997     106.1506302747999939      -0.1774475023426234
     75.3284724327999982      22.6458055322000007     115.5633399475999994      -0.1984114615220243
     74.8981503027000031      24.2061498513999993     117.3357441149999971      -0.2067262969110573
     73.1453380334999963      24.2405466306999990     115.1018053827999950      -0.2093755300327924
     77.2441635759000036      24.9403359928999997     118.3622728512000037      -0.2147902197446161
     79.0059957825999959      22.4180167345000001     115.3189476417000066      -0.2038895025635341
     77.3056134181999965      22.7440731412999995     116.6174725587000012      -0.2000281287788859
     80.9419361695999982      38.1213228566000026     110.2106203727000064      -0.1947991793577071
     82.6981175221000058      36.6271410286000005     113.3727321635000038      -0.2209792654083902
     82.5247537292000004      37.7004565490000019     111.5768872074000058      -0.2027449484823709
     80.3707608261999980      37.7073731572999975     112.0735190193999955      -0.2129030197057507
     82.2504087469999945      30.7129011721000005     104.9180756929000040      -0.2409571131475694
     84.2741136846999979      37.0484004485999989     110.7269801683000026      -0.2063697636315762
     84.2060660883000054      34.7242879148000014     113.7579461775000027      -0.2348343205502399
     84.7864236653999939      35.9108037335999981     112.2421816420999932      -0.2212631465198722
     82.6170186243000018      37.8251146086999981     108.8842948167999936      -0.1914611698680311
     81.9093478205000025      36.2466507238000020     105.4928590659999941      -0.1904367549166253
     84.0309799432999966      36.6160792383000029     106.6832373419999982      -0.1982784241143243
     83.2330030905000058      33.0562830008000006     104.5229452309999942      -0.2229365962782026
     80.5978221807999944      34.8638134958000023     104.8437023215000039      -0.1986048068240400
     85.4575855684000061      36.0714701663000028     108.0873162386999979      -0.2194391326480662
     84.7650892574000068      35.0092741360000019     105.8084514406999972      -0.2200790752599158
     84.0009119971000047      33.8746618767000029     118.8465544806999930      -0.1999556835281560
     81.6643668467000055      27.1245412258999998     105.1594651286000044      -0.2332822099490812
     83.1929011831999929      32.4215502021000006     120.7320873525000025      -0.1902240949109473
     83.1874023886999936      35.6228527995000022     115.9420962395000032      -0.2231196485453157
     79.3316342476999949      25.8615435875999999     119.5696843716000046      -0.2099419920306609
     77.6869968315999984      26.9382972916000014     119.2997486035000065      -0.2283757022692914
     80.9717200208999941      30.9307172518000009     121.7332039541999933      -0.1944282156654982
     78.8082561227000014      29.0473633966000016     121.0050198395999956      -0.2120737979779221
     84.9357558823000005      32.1659731075000010     119.3178716442999985      -0.1918673181293737
     85.3983424713999995      33.6610897487000003     117.2159436312999929      -0.2035916952483507
     86.3443547499999937      32.6550611830000008     115.3889528515999956      -0.2217508412616453
     82.4042268156999995      29.1201844287000000     121.6213746219000029      -0.1838383427663075
     80.6646035989000012      27.3703721910999995     121.0245756242999988      -0.1950259111900383
     85.9134883371000058      30.4633829610000006     118.6158015843000015      -0.1952220217498475
     84.9824129435999964      27.9362603125000000     119.7239567805000036      -0.1872056639934350
     83.7460423107000054      26.5014150045999983     119.7066232128999985      -0.1897009433843184
     84.4403135405000000      30.3934452147000016     120.6493099461000043      -0.1831542951579141
     86.0162872563000036      28.4079151225999986     117.8648517333000001      -0.2044633419795758
     86.7638348863000033      30.1160444797000011     116.5692925583000061      -0.2157397704302024
     86.3420690232999988      31.8874278277999998     117.1741847058000019      -0.2046700457132307
     81.3337340496999985      24.8290736647999992     105.0069349772000038      -0.2065683843168706
     83.0473808735000034      25.5403041540999993     105.4199475819000043      -0.2232832474827067
     81.0551228923999929      20.5053596772999995     111.7592606192000062      -0.1820256754409346
     82.9035827506999965      20.9635080450000011     111.8633662989000044      -0.1925266791657538
     78.7624837510000049      21.2904706477999994     112.1457912233999963      -0.1891122764731783
     79.7785459870000011      20.3908598949999984     109.6444705634000059      -0.1746564130516663
     80.4192559490000036      21.5735665660999985     113.5336419910999979      -0.1951769930995866
     82.9247321030999984      22.1108007362999999     113.6894172436000048      -0.2057102176940315
     84.6873823278999964      21.8105392508000016     109.1017920672999963      -0.2094731323275223
     82.6191802177000056      21.8151703780000013     106.4915060635999993      -0.1855907719923007
     83.3201573747000026      20.7270002781000002     110.0153514568000048      -0.1888084267397936
     80.9521864297000064      21.0029725563000014     107.1467557399000015      -0.1757724130104243
     83.2543667964999941      23.4953729106000004     105.7329386340000070      -0.2022062581917510
     84.4940987571000051      22.8350796201999984     107.0762715198000024      -0.2110001903094272
     80.3424596477999984      22.8207838870999993     105.6082008282999993      -0.1862113519041628
     82.5809713461000001      20.7326181871999999     108.0955827062999930      -0.1805544714238518
     85.3801248664999974      26.1197849497000014     118.1590308486999987      -0.1961052880574954
     81.7257839386000029      25.5240545684000004     119.9333784760000015      -0.1914156551163586
     83.6595253546999942      24.4282115232000017     118.8391532755999975      -0.1849173165461497
     78.8151488113999932      23.5560065377000001     117.4786403479999990      -0.2052259678401995
     81.4273901628999965      23.3350828174000000     118.5709038659999948      -0.1853935850477217
     83.0411315747000032      22.3184736064000013     116.5171016449999968      -0.1874091312129931
     85.4266152967999943      24.3686334538000011     116.7853831319000051      -0.2002419105236939
     84.9179228203999941      23.2520370370999991     115.2761958102999955      -0.2086964148701522
     80.8396664927000046      22.0567782633000000     116.1820423813999952      -0.1903408954030379
     87.7398232609999980      35.3159124563999995     109.2563314531000032      -0.2260405535611394
     86.8285569452000061      34.9094082749000023     112.9407592886000060      -0.2192819700169739
     88.6524548712999945      34.5899590304999975     111.3154764110000059      -0.2191101924039156
     84.5849304242999978      26.6603066770999995     105.1186443396999977      -0.2304473776709823
     87.0155266924000017      33.6865132435999968     104.8987813821999993      -0.2193120682714635
     87.3167294394000066      35.0974995317999969     107.1733002484999986      -0.2256707863364014
     88.9909133035999957      33.3524685277999993     106.1129004534000018      -0.2207914665638349
     90.1500197436999997      32.2578245878000018     107.5038343938999930      -0.2284184424361495
     88.3155968460000054      30.7525569479999987     114.3631923108000024      -0.2312048316745408
     88.4325839494999997      33.5964997543999999     113.1609614954000023      -0.2182637696949712
     89.3164606683999978      34.0429950491000000     108.5335380389000051      -0.2269254044569671
     86.3549874527000014      31.8735404072999984     103.6786288291000062      -0.2142824696654184
     89.9164059744000070      28.1943880227999983     107.3888957177999970      -0.2415072701964736
     85.8245692512000034      27.8952295230999994     104.0986248722999932      -0.2191044200253689
     82.9175892550999976      28.8578996805999992     104.6884552815999996      -0.2354014441799563
     87.8623008830000032      27.6453351524999995     104.8683029460000000      -0.2217251615610127
     89.4862027700000056      30.9113889602000000     105.2317590339000049      -0.2166963392079353
     86.3020087536999938      29.7587359261000017     103.4656570788000067      -0.2126189862595780
     84.3395822054999940      30.6243355414999989     103.6321693261999997      -0.2203396042806816
     89.3546463347000071      28.6306294906999987     105.5588153138999985      -0.2224337649926422
     90.2081911078000047      32.3160831195000000     111.2534488720999946      -0.2247605498822836
     89.5470448073999989      31.7338155085999993     112.9859279315000009      -0.2244479423173313
     90.3324463608999935      30.3299916265000000     111.5651633643000054      -0.2367478915170480
     90.6906952674000024      30.4114974525000008     109.1593180992999947      -0.2370381840794753
     86.5829431602000028      22.8984109517000007     113.6839636014999968      -0.2171231494340695
     87.4700923136000057      22.5123678566000009     111.8097084800999994      -0.2183732638921967
     85.1372467642000004      22.1974318118999996     112.6789796926999969      -0.2175411652040911
     86.3999437271999966      21.9574861068000011     110.2360983318999956      -0.2152418409757910
     87.2385715133000019      24.4429352096999999     115.0917338197999982      -0.2165296604266089
     88.2289605553999934      26.4418484264999982     115.5436532638999978      -0.2162996207615677
     88.1131218368000049      28.3925946246999992     115.5953495443999941      -0.2217671974320048
     89.3864258747999969      28.7923429462999998     114.0472919695999963      -0.2299684844632779
     89.0129420732999961      23.4628981832000001     110.5753154681000012      -0.2220924221559937
     86.1449818424000000      22.3744900059000003     107.9032993542000014      -0.2099498275646106
     90.3045173049000027      28.2784527212000008     111.7811720702000002      -0.2431795233534224
     89.1538472284999983      24.3330892011000017     112.6356346840999976      -0.2255236068535584
     89.8011533839000009      24.9609997851999985     108.2691412044000003      -0.2207151202691815
     87.8611117054999937      25.7502781077000016     105.6561458771000019      -0.2188081802356585
     88.0909905518000045      23.6885202801000005     107.0248992554000012      -0.2098948866735419
     85.7263324444000006      25.0910846284999991     105.2869462541000019      -0.2158753250418464
     88.2973757781000046      22.9053196509000010     108.7751108809000016      -0.2124919593417456
     89.5349231752000065      26.3123795809000001     114.0314313554000023      -0.2218759644346289
     90.3939986501000021      25.9067461248999997     110.1590584887999995      -0.2325707314665699
     90.2371709229999936      28.4592846399000017     109.5786977274999998      -0.2557932117099853
