233
     72.1404642475999935      33.0302875981999975      81.2092213279999982      -0.1331376554239281
     70.9520256784000054      31.9660477084999997      77.4501726458999968      -0.1251262316185766
     70.9217487038000058      33.5678539550999986      79.2024466872999966      -0.1267611766430594
     74.3851052440000018      33.2924204806000006      82.4529022784000034      -0.1558589213771864
     73.0959149237999952      34.5855497087000003      81.7657608698000047      -0.1466384171577335
     71.7029305652000062      31.2942536348999987      79.8492805483000012      -0.1258599870339800
     71.2117852694999982      36.0777164299000006      78.9059675184000042      -0.1360537097497705
     74.5072434223999949      37.0505375400000005      81.2413428866999965      -0.1729576104845698
     72.4084092398999957      36.2969082947999979      80.6230818571000043      -0.1455556857586320
     72.4573944670000003      37.9385235534000032      77.9025410983000057      -0.1532736874299623
     71.0088159988000029      35.9164917944000024      76.7388822913000013      -0.1376672289436041
     73.4387756329000041      38.0199378363999969      79.6069539348000035      -0.1614780395333444
     73.3621087596000052      30.8090179928000012      81.3254635467999947      -0.1356980467285815
     72.9956943005999932      29.4215859450000004      79.1926547682000006      -0.1301207236276340
     76.1898642690999992      31.7104721424999987      82.3653628470000001      -0.1696822686811643
     75.1622715322999966      29.7305416790000017      81.1518800744999993      -0.1466518612551795
     72.8142438585999940      37.0786796025999976      74.4283650626999957      -0.1659015288018342
     72.4326953027999991      35.1583808756999971      73.5116002223000038      -0.1591869836829218
     72.1559327267000015      33.0598147106000013      73.7547634880999965      -0.1483292627067918
     71.2065644501000037      35.0002085644999994      75.0174413807000064      -0.1411825748156126
     70.6937753649000058      33.8115649730999976      76.4689575130999941      -0.1301240460080599
     73.6881100668999949      38.2825783079000033      75.6464061699000041      -0.1755397216823571
     71.3216486440999944      32.2047442132000015      75.4558831540000057      -0.1327329113244211
     77.0708800702000048      30.0458228020999982      81.2215954997000011      -0.1683157405212583
     72.8122772006999952      29.0094631051999983      77.3232334068000000      -0.1304745563012819
     73.1747803024999968      30.2337472548000008      74.0392755210999951      -0.1454347635886997
     71.8296221454999966      30.2541322898000011      76.2475034897999961      -0.1292586302073442
     73.5033115216999988      28.8704524201000012      75.4997393963000007      -0.1386213027927798
     75.8154177696000033      27.8255746811000009      76.1283161866000029      -0.1497299409968047
     76.4203581558000025      28.2147746427000001      79.3695961969000052      -0.1512245885849008
     74.4840487816999968      28.0490400059000002      77.7672355180999944      -0.1380411277468987
     75.8179494066999951      28.8016657352999985      74.1785187983000043      -0.1609627180463491
     77.8258591246000009      36.1996157592000003      85.9265417440000050      -0.2154020441353826
     80.4791606148999961      39.0018910149999982      86.7787784380000033      -0.2359040679617941
     78.7632375013999990      38.4120098831999996      86.1789489318999955      -0.2282896029131418
     77.0990662294999964      34.9269936274000017      84.0644584275000000      -0.2135414149450678
     77.3478221393999945      37.7345619649000028      84.5281080108999987      -0.2258388535132809
     79.6570887681999977      31.1535124896999989      83.2949792839000054      -0.2103769165958838
     78.4135326547999938      32.2072046279999995      84.2821661703000018      -0.2027519805132023
     79.0696443805999962      34.2957639979999982      87.1036313041999932      -0.1997811153865481
     77.8781988469000055      33.7499083550999970      85.4385935514000039      -0.2028601922913058
     79.9083511998999967      32.5249307632999987      86.6900026925000020      -0.1943150287252937
     83.6628106642999967      36.6616695219999968      87.8501351514999982      -0.2146935087156479
     81.9228221807999972      35.2479566080999973      88.2917344801000041      -0.2009596058490857
     79.5935717396999962      36.7316127117000022      87.3940854532999936      -0.2157827397774383
     81.5428371795999993      37.2283090652000013      87.9205044116999943      -0.2175858745857457
     81.9638407430000058      33.0293340627000021      87.7010634487999994      -0.1923853385595411
     84.9275843818000027      32.9012306425000034      86.5195997770999981      -0.2010247263694502
     84.4801121322999933      34.7240599057999972      87.6234656055000016      -0.2028385154797512
     83.5430755409999932      31.6186758414000018      86.1608457707000071      -0.1973945523869070
     81.5364191156999993      31.0074876848000009      85.4330733057000060      -0.1984050479579125
     86.1457613375000051      35.0082644283999969      86.0408793177000035      -0.2172824629714150
     79.5797896922999968      40.2157354112000007      85.1924692903999983      -0.2445376130187604
     76.4521238597999968      30.6163918596999984      72.6235576181999960      -0.1877756089870513
     74.1716477661999960      31.6661958235999990      72.8021883301999964      -0.1689143788820093
     77.3655917139000024      39.0091039262999999      82.8495020786999987      -0.2307839262785425
     78.5971246529000069      40.4712585162999972      83.2843346944000018      -0.2429828283364639
     75.2825370077000002      35.1468721887000015      82.5704442091000033      -0.1790334872485850
     76.2239171521000003      37.1271728561999979      82.7356054785000055      -0.2066215005664187
     85.0070072477000025      31.6304181227999983      84.6810959494000031      -0.2105373282099166
     82.9734310450999999      30.6394968454999983      84.2263578551000052      -0.2095586044316473
     86.3901877039999988      33.0396825535000005      83.8917695467000044      -0.2261866182706154
     76.0157194665000020      40.1179253337000006      81.8300514105000047      -0.1937441072515202
     74.9171521558999984      41.2188200101999982      80.0831333800999943      -0.1729110827508507
     73.9141877123999933      40.1191847806000013      78.5252781286999948      -0.1666588581512318
     74.5924786191999942      39.1566012127999983      80.6919712543000003      -0.1754571741256559
     76.0684468793999997      42.8630113047999970      78.9246511717000061      -0.1764358655428016
     79.3882549177999977      30.0609030735000005      81.4299453100999955      -0.1964700947206275
     75.3259717585000033      37.6727580004999965      72.9939515510999968      -0.2041740328835502
     79.6730181651000038      43.0459261063000014      80.2658350860999974      -0.2261487051766817
     77.8981174790000068      42.5234968899000023      81.1122994755999969      -0.2044661350007022
     74.0223298254999946      40.4567345652000014      76.1967567943000006      -0.1691271763486757
     74.8745687801000059      42.1678341770999978      76.5962426004000037      -0.1684146896125753
     75.0339585500999959      35.9370712094000027      71.8712454279000070      -0.1964326165597861
     77.0535325672999960      36.8603934799999990      71.9979947995999936      -0.2273273531588984
     76.0700210515999942      40.9983195543999983      73.4359205360999994      -0.1877155354322788
     77.3518254395000042      43.1211169656000024      74.6592518447999964      -0.1842198768296370
     76.5301251667000031      43.4958071595000035      77.0603970523000044      -0.1755892156848624
     76.8883160773000043      39.0158602723000030      72.6275998609000055      -0.2152513792234156
     75.4011770489999975      33.8478271305000007      71.3602278152000054      -0.1933135335593477
     77.4728322810999970      34.2482918569999981      71.1682787945999991      -0.2202991837191792
     76.3681758350000024      32.2329140491999979      71.5485958624000062      -0.1970662803860233
     78.2352795621000041      43.9291393972999984      76.3430331534000004      -0.1873031696647693
     79.4244508158000002      43.9422879812999980      78.2930252193999934      -0.2036189975122937
     81.4123143419000002      42.9980818464999999      79.0384719908000051      -0.2512012221127176
     78.4276237281000022      32.0193566794999995      71.9035892469999993      -0.2200998937396506
     81.9927030240999954      40.5084858972000035      86.6236503459000033      -0.2325930606020545
     81.0512473887999931      41.7021272885000016      85.2290928366000031      -0.2384387777736059
     82.3997856800999955      42.9707955637000012      84.6930000207999996      -0.2352542538269660
     84.4111926973999971      38.9212185195999965      87.3514637340000064      -0.2207387534655183
     85.1830922805000057      41.1652734927000026      86.6967656895999994      -0.2152958305430754
     84.6141582443000004      42.7473421882000011      85.4668209913999988      -0.2248285815700370
     80.6956609581999942      43.0130236079000028      82.2862428478999988      -0.2439740367149614
     87.7391077518000060      35.3250921257000030      83.6462774647000060      -0.2335252443274243
     86.9782340032000008      37.0424927110000013      86.3306392225999986      -0.2124518880264272
     88.5485772303999994      37.0549937150000019      84.6898803399000002      -0.2147361280155131
     86.8882565539000069      40.2461534337000018      86.5573331781999968      -0.2074665678264509
     88.3830901925999939      39.6585898499999985      85.4639199523000030      -0.2076430034260657
     87.1928601566000054      41.8329868328999979      85.3456533445999952      -0.2138824852219372
     84.7524530980000037      43.7840380044999975      83.6744148740999947      -0.2353007164475827
     83.7326175681999985      44.4121737270000025      81.7623665881999955      -0.2387081642404798
     81.9222622614999949      43.8653361280999974      80.9796135283999945      -0.2447024007328409
     85.7085387786000013      44.1747109768000001      81.8161751317999943      -0.2368662908404850
     86.0854800888999989      43.8892637514000015      79.9083636912999964      -0.2438598724132763
     83.8525216793999988      43.6058228439000004      78.4723373411000011      -0.2536162622886948
     89.7398706568999955      40.3999065304999974      83.2113544251999997      -0.2087989675878230
     87.9468353704999970      43.2523426961000013      82.3906577861999949      -0.2204953595854704
     89.0408796679000005      42.3288768012999981      80.9537435993999992      -0.2210277705538370
     81.1993359437000066      29.1776843978999985      81.1738954847999992      -0.2006918147891064
     79.1591188051999950      28.2773839251999988      80.4345898970999968      -0.1719139921404285
     80.4296800829999938      26.8592547062999998      79.2615868576999958      -0.1643568036911045
     78.5434470959999942      27.1143468036000002      78.7980739058999973      -0.1577213619723814
     77.4568935978000042      27.6075558874999984      74.6541750150000070      -0.1598383913270851
     77.6820444078000065      26.9725911039999993      76.4914828040000003      -0.1539443643181091
     78.4184424764000028      29.1066489293000004      72.5263494274999942      -0.1801614087717507
     82.7703778698000008      27.8884479943000017      79.7595520889999960      -0.1880448823978700
     83.2640241147999944      26.8666072530000015      76.0063799816999932      -0.1728548329953288
     84.2657621334000027      28.1833803277999984      78.3708608857999991      -0.1955636665883471
     82.9343727061000067      26.8148214419999995      77.9013900827000043      -0.1725704723229562
     80.2919105869000020      26.0542440838000005      75.8428237419000055      -0.1562932194614142
     79.1959015362999992      27.2497339097999998      73.5475853001999980      -0.1633681448422895
     81.2147264538999991      27.1058439042000003      73.4823116546999984      -0.1689401097051739
     80.2501927758000022      28.4276250415000007      72.3229931765000060      -0.1796362035237102
     84.9680707595999962      28.6220850131000013      81.1235171884000010      -0.1959234419022504
     85.6186887471999967      30.1219235446000013      82.8809154574999951      -0.2041769417599575
     82.8593156875000005      29.4940220259000014      82.6450844800999960      -0.2052061473120563
     87.6778654595999996      31.5643945927000011      82.0002126947999983      -0.2134618554221639
     87.1692723360999935      29.4291485637000001      78.2705970406999967      -0.2028571116797995
     86.9694007947999950      29.3539508550000008      80.4242396753000008      -0.1984286749002688
     80.8071533127999970      44.6183102811000012      75.9794174996000038      -0.2006634702731027
     84.6071969794000012      43.9194390552000016      76.6014708711000054      -0.2337019219899279
     82.9152803913000014      44.7648767573000015      75.6905517375000017      -0.2110308903188365
     81.9167753141999953      44.1971228851000006      77.5792072312000016      -0.2220199996656529
     79.5497106270999979      37.5177753524000011      70.2689811635000012      -0.2325584363163067
     83.5555084942999997      44.5751462401999987      73.7509925882000061      -0.2148559539379526
     86.3080502594000052      42.5558534123000030      75.4653014287000019      -0.2538576607876166
     85.2710613927999930      43.7437818713000013      74.2180416725999947      -0.2367166310432154
     80.9633051574000007      44.7128352992999964      73.8301242067000061      -0.1954018613716482
     78.4070341047000028      42.7542960549999975      71.7994137427999988      -0.1894037983747072
     80.5337763960999951      43.7963917272000032      71.1317277627999971      -0.1962128566803312
     79.3089276317000014      40.0080513588000031      69.6743324586999933      -0.2110869600140433
     77.4376714976999949      41.0126170306999995      72.0833734131000057      -0.1979493684414582
     82.6011128748999965      43.7831189477999985      70.9608947570999931      -0.2185989410904252
     80.7466139897999966      42.4040749963999986      69.7525454780000018      -0.2092749970753971
     90.1272957025999943      42.0583599189999973      78.9038696683000040      -0.2070408637002306
     80.2318378357000057      33.9382875880000014      70.2722808274999977      -0.2376466536063084
     91.3572555685999959      40.5780816257000012      80.5211587974000054      -0.1938350338329897
     87.0508219875000009      43.2862898834000021      77.8169729192999995      -0.2366151399881566
     89.6609543166999998      33.1256356913999994      81.4581014199000037      -0.2094809870739756
     88.1599204460000010      33.6690389907000025      82.6365352371000057      -0.2272331190116930
     91.0525204868000060      38.5961875531999965      82.5552914153000046      -0.1955020906393159
     89.6084296262000066      36.1285748228999992      83.3190576666000027      -0.2112909390471760
     91.4817237186999961      40.7242299927999980      78.2703774759000055      -0.1966785326027303
     89.8639830169999954      42.1308604979000023      76.7631392269999964      -0.2128721522887798
     89.3641085529999941      41.3032555306999996      74.6870555211000067      -0.2362208502350782
     92.3176692149999951      37.2630435137999996      81.1536009052999958      -0.1849370334232177
     91.2056182630000052      35.0529306230000017      81.7219709757000032      -0.1952187390650355
     91.9989705134999980      39.3220708862999970      76.8163891945000046      -0.1988616530263716
     92.8414435724999976      36.7229918466000029      77.8244990583000060      -0.1881897385546427
     92.3968781923999956      34.9992151921999977      78.4715303719000019      -0.1899394326797879
     92.5797941433000062      38.9865513956000029      79.2372076738000004      -0.1855699384420806
     92.0131081117999940      37.3308326950999998      75.9030371675000026      -0.2054149813345951
     91.1165366719999952      39.0810526980000006      74.7681818767999999      -0.2204655168464758
     90.8626003329000014      40.6995113589999988      75.7670251164000064      -0.2121039868273602
     80.4704745129999992      31.6385424756999996      70.0356803793000040      -0.2123406358766520
     81.6842662085000057      32.8347765996999996      69.1938090720999952      -0.2330673280302875
     86.3139546487000047      27.9204399752999990      74.0848138788000057      -0.1836120079895736
     87.4475717906999961      28.8902705056000002      72.8965871812000046      -0.1947495789782767
     84.9570225418000007      28.0493709345999989      76.1254293353999998      -0.1895068541072025
     83.9796396811999983      27.2939448525000010      73.5617715586000003      -0.1765318008095740
     86.9560886554999968      28.8915831700000005      75.9119336868999994      -0.1954732349103061
     88.5238513320000067      30.1271197623999996      74.2976639570999993      -0.2052815903005847
     86.3382695340999931      30.0035119385000009      69.8872953961000007      -0.2193079655182562
     83.1099957871000043      29.2301294057000014      69.6204574128999951      -0.1921926776693184
     86.4097827970000054      28.6467765657000015      71.3128151320999990      -0.1934105232910923
     82.7358417152999976      28.0288989878000017      71.1320591933999964      -0.1795334626736746
     82.5440478689999964      30.9611537966999997      68.9238767660999940      -0.2119415520620702
     84.4767689066000003      30.7798273042999995      68.8280858502999990      -0.2250721111422980
     80.7756159632999982      29.4813152303000017      70.8298042373999976      -0.1903376232362195
     84.5293740497999977      28.3018089328999984      70.5532100524000043      -0.1857013854230978
     92.3852378922999975      34.9842172657000035      76.1888676747000062      -0.1950462638235706
     91.5245529304999934      33.5084814962999999      79.9223428845999990      -0.1913256593109054
     92.2099550105999981      32.9287954532999976      77.6132857797000071      -0.1840615814305995
     88.3591053431999995      30.6214496991999994      80.0477946553999971      -0.2041169292853731
     90.8679067106999980      31.2310021732000003      78.8645731032000015      -0.1845628905064132
     90.6260489557000000      30.5659908139999992      76.1525583699999942      -0.1860273099666756
     91.8316678494000058      33.2223341620999975      74.9459159021999994      -0.1971994431457009
     90.6726166331000059      31.8998192719999984      74.1147982158999952      -0.2050702336361212
     89.0514828297999941      29.6669710309999992      77.4715362376000058      -0.1894458655287377
     85.0880809938000056      43.7935338417999986      69.9806121369999943      -0.2292991269991642
     87.3202460145000003      43.4165682487000026      73.0540461586000021      -0.2377673796104709
     87.3563357041000046      43.5091520511999974      70.5922740996000044      -0.2315989293524883
     82.1617612681999958      34.3195578055999988      68.0639103355999993      -0.2380950012175607
     81.8233189043999971      41.7107521249999991      67.3027139399000021      -0.2021383187153525
     83.3421325808999995      43.3120198892999966      68.8467955559000018      -0.2167675296852938
     84.0466204358999960      42.0404939303000020      66.6423928841000048      -0.2063359868819177
     86.0692997391000034      41.4244911131999984      66.5663712604000040      -0.2179549989304483
     90.3203087617000051      39.9679333796999998      72.2662915165000044      -0.2419597192418870
     88.8166289135999989      42.6322043290999986      71.8330908414999953      -0.2353876552039047
     85.8639896012000037      42.9705094378999988      68.1505489622999931      -0.2234163351931961
     80.9506297373000052      39.7005295610999980      66.6628907561999995      -0.1975796552455655
     86.8281277652999961      37.4645691826000018      65.9984792452000022      -0.2379888199249098
     81.8943693137999986      35.7770564787999987      66.6831939521999999      -0.2151822147940852
     80.2551644963999991      35.9164651645999982      69.3324842772999972      -0.2310579531069301
     83.8097629373999951      36.1723546419000002      65.6921296931000001      -0.2188003416001134
     84.3072529196000033      39.7823014845999978      65.2958310032999947      -0.2024478493857487
     81.2763240013999990      37.6478245961000013      66.2146862542000036      -0.2005411873330125
     79.9467755834999991      37.9312185224000018      67.8820482025000018      -0.2073553451846077
     85.0208297311999956      37.5882273511999969      65.2412096308000002      -0.2147243627039810
     88.8490325276000021      41.7715760158000009      69.0601644343000061      -0.2332433285281112
     89.8469170376999955      41.1543786639999993      70.6096571337999990      -0.2370761194777522
     89.6412128607999961      39.9306605351999977      68.8585578275999950      -0.2421027214113973
     88.0787981822000035      39.9338017755000010      66.9925654848999983      -0.2337208469116412
     90.6408841540999930      31.9170973238000002      71.7842956809000015      -0.2137739180149136
     89.9178224917999955      31.6621353230000011      69.8193347747999979      -0.2197033838512965
     89.1587338622999965      30.7632459828000009      72.0358112390999992      -0.2173258616423102
     88.2193825097999991      30.7127771243000005      69.4406775556000042      -0.2223462655879480
     91.7139006833999986      33.6830047248000000      72.5105375740999989      -0.2108355619937825
     92.1849125139000023      35.9082251048999979      72.4251103988000011      -0.2116690743615948
     91.6738972140999948      37.7443735842999999      72.8597642481999941      -0.2207807352016520
     91.2432132282000055      38.3741556312999990      70.9635917806999998      -0.2301497946803810
     89.7538850106000012      32.9179733416999980      68.0294703206999998      -0.2259313964478391
     86.2411110174000015      30.8681807781999993      68.1203970961000067      -0.2229902609925283
     90.2827531437999937      37.9769986664000001      68.6915756700000060      -0.2419062604810893
     91.1457339447999999      33.9410036299999973      69.4571143645000006      -0.2224186765734153
     88.1911274871000046      34.4048170424999995      66.1503455386000070      -0.2279714230804579
     84.8505257435000004      34.4178165462000010      65.9165131892000034      -0.2278027368357822
     86.5052080120999989      32.6119949165000023      66.3386627667999988      -0.2218971621666253
     83.3899707749999948      33.1551353207999995      67.0999582473999965      -0.2283979736103081
     88.1136912278000040      32.0499684489000032      67.2420712102999971      -0.2219793543568969
     91.9303043493000018      36.0438839922000014      70.4437252782999934      -0.2171537923890430
     89.7250172380999942      35.6157471599000033      67.1496050010999994      -0.2339968777372370
     88.5765454191000003      37.9693400584000003      67.2855438445999994      -0.2542151657767313
