233
     69.9760069686000037      32.0264045038999967      69.2183641995000016      -0.1370830643320691
     68.3172624174000021      31.5166300966000001      65.5218609414000071      -0.1289596760929079
     68.6804617621999967      32.9257821683000031      67.3979049009000022      -0.1324933306994041
     72.3347683429999933      31.8456682423000004      70.2466872712000026      -0.1593470554642114
     71.1983687360999937      33.3689546977999996      69.8056062064000002      -0.1514988285279042
     69.1663463428999989      30.5121697535000003      67.7670780935000039      -0.1279063430353737
     69.3155972856000062      35.3866616317000009      67.2878781662000023      -0.1432392637554383
     72.9111571470999991      35.6502106569000006      69.3525560235000000      -0.1765125614973790
     70.6772279781000066      35.2644784829000031      68.8877121537999955      -0.1516825269588757
     70.7328604690000020      37.1433867761000016      66.3254376012999955      -0.1603442853015036
     68.9018595508999994      35.4704335249999971      65.1465580952000067      -0.1452905852302688
     71.8607842460999962      36.9170497201999979      67.9227227623999994      -0.1670800773497145
     70.8570637540999968      29.6547037457000009      69.0215376725000027      -0.1363777277217633
     70.1019297747999985      28.5501811148999991      66.8265654718999969      -0.1283417901579327
     73.8679081987999950      30.0417550097999992      69.8432544173000025      -0.1724756465973947
     72.4534572279000031      28.3559023972000013      68.5760364677000069      -0.1452251852748496
     70.6515308807999958      36.5891848240000002      62.7725770736999991      -0.1715406865293687
     69.9082432922999999      34.8417817440000022      61.7392860642000016      -0.1633937425991974
     69.3430380726999971      32.7894634713999977      61.8300528768999982      -0.1512474767099992
     68.8088422167000004      34.7099540174000012      63.3423804680999964      -0.1474941507094876
     68.2530844939000048      33.4679096679999972      64.7320511138999990      -0.1364583757334916
     71.7988961965999977      37.5317743167000017      63.9939354413000032      -0.1814746903751718
     68.5424018597999947      31.8966516447000004      63.5279493107999969      -0.1364300126752553
     74.3864444437000003      28.3907830734000015      68.4791203179999997      -0.1676242252229638
     69.6959767514999982      28.3546455898000005      64.9570224007999997      -0.1280815361160919
     69.9486285314000042      29.8339254059999988      61.7691456972000026      -0.1430422402609342
     68.8202039388999935      29.8253949443000010      64.0956714221999988      -0.1293053281819407
     70.1961153260999993      28.3004544552000006      63.0678671565000002      -0.1349570931513373
     72.3719571392999939      26.8834308365999988      63.3686495370999978      -0.1438627152804308
     73.3097276581000017      26.8615408189999982      66.5535251809999977      -0.1471919324816788
     71.2376497190000038      27.1292324622000010      65.1467004209000038      -0.1336748988689518
     72.3497615957000022      28.0371644770000010      61.5185479032999964      -0.1541459386095596
     76.4624359204999990      33.8818870806999968      73.5892784822000010      -0.2234815395436662
     79.5693768975999944      36.1845294458999973      74.4040291759999945      -0.2416343087187602
     77.7386717594000061      35.9043536499000027      73.9326826599999976      -0.2293062776807417
     75.3932533951000039      32.9144852650000033      71.7088179707999984      -0.2200262538938613
     76.0988136798000028      35.5993821616999995      72.3817249089999990      -0.2220109792028317
     77.2807273441000007      28.9129564738000013      70.3671970174000023      -0.2289711645565138
     76.3000378880999932      30.0286024436999988      71.5608548993999989      -0.2200318297496242
     77.5056548515999992      31.7149924980999991      74.4687415309000045      -0.2194283251586011
     76.1048184952000071      31.5095089496999989      72.8922626777000033      -0.2184432011409481
     78.0305605718999971      29.8932749422000015      73.8236157805999937      -0.2179888395673970
     82.4485683765000061      33.3249923711999969      74.9456689332999986      -0.2353630143706482
     80.5621015706000065      32.1338097606999966      75.4391069451999954      -0.2233472547210127
     78.4114542827999941      34.0120578096000017      74.9106021330999994      -0.2295919940762747
     80.4516038693000013      34.1748224286000024      75.2776951537999963      -0.2345296102759296
     80.2189086594000003      30.0008107192000004      74.6610359307999971      -0.2175314779279152
     83.0151987451999958      29.5738639905000014      73.1796441874000010      -0.2243064437839219
     82.9438128338999974      31.3235363906000011      74.4738652844999933      -0.2255905341339854
     81.4283819773999937      28.5408546118000004      72.8549594879000040      -0.2226284933164635
     79.2969554256000038      28.2932722335000015      72.2843479269999989      -0.2236747530582264
     84.4882141395000019      31.5251929578999999      72.7610027447999954      -0.2360490121486656
     78.7263166901999938      37.6636046628999992      73.0255339907999996      -0.2406554644083041
     73.1096654307000051      29.8890782510000008      60.0672471246000015      -0.1792351578140590
     71.0363810575999963      31.2267855218000001      60.5638351564000033      -0.1654290770908418
     76.1600122228999936      37.0181909220000023      70.8242502590999976      -0.2205094770603448
     77.6296948259000033      38.2421557910999965      71.2550540128000023      -0.2325311054881425
     73.5063112214999990      33.5344723875999975      70.4300417272000061      -0.1821321136469898
     74.7441317442000042      35.3363571956000015      70.6668476541999979      -0.2038424466732192
     82.7423648649999990      28.4923654938000013      71.2412707838000046      -0.2319061171112136
     80.5515260509999962      27.8475386972999992      70.9117748387999995      -0.2329116559417894
     84.2463158399999941      29.7637593689999989      70.4388122746999983      -0.2409943274590702
     74.9071860286999964      38.4012800511999970      70.0442434317999982      -0.1894229156592573
     73.8369874618999944      39.8130054109999989      68.5170733804999941      -0.1707929161933190
     72.5483244393000035      39.0248656946999972      66.9807688208999963      -0.1678382046055198
     73.2620474868000002      37.7671292097000020      68.9782430073999961      -0.1758421093063198
     75.1153857815999970      41.3849394169000036      67.3920636927999936      -0.1720132492958193
     76.6892419944000068      28.0586746906999984      68.4528390531999946      -0.2023318876776354
     73.0885309308000046      36.9622986251999990      61.1474416467000026      -0.2033269482377342
     78.8101808889999944      40.9249989350999996      68.3729358243000007      -0.2138879361347126
     77.0581004003000061      40.5767503144000017      69.3469191676999941      -0.1968677507345777
     72.5014665973999968      39.5721015140000034      64.6903576179000055      -0.1696803213369780
     73.6317404624000034      41.0982126465999968      65.1455804510000007      -0.1660952885690090
     72.4430095807999948      35.4044825136000014      59.9166449376999992      -0.1940108632412052
     74.5812315117999987      36.0170799349999982      59.9166943467999999      -0.2233279948960689
     74.3574756593999950      40.0898495312999970      61.7928176518000001      -0.1851161390996836
     76.0445241320000065      41.8796627612000023      63.0562522095999967      -0.1788520207017612
     75.5015240137999939      42.1273791375000002      65.5512211183999938      -0.1705923741598081
     74.7960674947999991      38.1015123011000014      60.7405410109999977      -0.2128947929657077
     72.4474064488999971      33.3451240881000004      59.1955674169999995      -0.1884393459456302
     74.5308069560999940      33.4667946408000034      58.8300398155000011      -0.2132793996104851
     73.1746895586999955      31.5994843916999990      59.1474554452999968      -0.1895742848426263
     77.1828884517999967      42.3849331202000030      64.7046876714999968      -0.1800253338588256
     78.5267455639999952      42.0378301925000031      66.5186165104999958      -0.1932623303573830
     80.4085430262999949      40.7541040165000013      66.9765498330999947      -0.2309269542702683
     75.2021008029999933      31.0639923734999996      59.2731718831999999      -0.2106288106336969
     81.2717987945000004      37.4708132423999984      74.2253194432999948      -0.2418006070438388
     80.4010561097999954      38.9169779165000023      73.0394341017999977      -0.2403045910141870
     81.8720277678999935      40.0297428733000018      72.4795530833000043      -0.2334690762907137
     83.4799669835000060      35.4947012868000016      74.5676601275000053      -0.2366353585685825
     84.5185497217999995      37.6612429272000000      74.0312979041000006      -0.2240400926133503
     84.0872059290000067      39.4213216114999980      73.0039436259000070      -0.2257473652009843
     79.9893060110999983      40.5490321421000033      70.2695752990999978      -0.2323448518339788
     85.8951969485000006      31.8493588860999992      70.2533013178999965      -0.2407379028209835
     85.6377507346000044      33.3832360343999994      73.1368987272999931      -0.2257780346879468
     87.0425521287999970      33.3364070294000001      71.3529245333999995      -0.2215065594883416
     86.0482100891999977      36.5294299855000020      73.6427790075999980      -0.2152359327705717
     87.3368012317999955      35.8480638006000021      72.3580284309999939      -0.2118515217051389
     86.4794946602000039      38.1693659756000017      72.5456941528999977      -0.2141075683181057
     84.2215637797000056      40.6000923304999972      71.3012895413999956      -0.2242126388596741
     83.1437296601000071      41.5513237547000003      69.5623300739000001      -0.2196393888736594
     81.2104458291999975      41.3449143821000007      68.9228546255999959      -0.2257955753744394
     85.0589344315999938      41.0337898558999967      69.3959032321999985      -0.2168475693484311
     85.2204469110999980      40.8879096900000008      67.4424595912000058      -0.2180429156558574
     82.8531645018999967      41.0650048130000016      66.2204837330999965      -0.2268474968073697
     88.5867318409000006      36.6096838074999980      70.0510686262999940      -0.2043948948240004
     87.1756738069999955      39.7531872250999996      69.6609249621999993      -0.2064845334549634
     87.9892220124000062      38.8312962015000025      68.0476361405000034      -0.2056558517812697
     78.3183768937000053      26.9588265601000003      67.9410727061000017      -0.2082681378770026
     76.1096402081000036      26.4323070521000005      67.3378653396000004      -0.1733235245603097
     77.0461430075999942      24.9722025925999986      65.9263377818000009      -0.1655015484155555
     75.1860375038999962      25.5349305684999983      65.6790811218999977      -0.1561703108778900
     73.8269185805999939      26.5830454739000004      61.7230727016999978      -0.1543495307936862
     74.1145306995999960      25.7443943273999984      63.4676404415000022      -0.1498520827742080
     74.8118742295999937      28.1344942497999995      59.6440424012999983      -0.1734689373396225
     79.5489645544000012      25.6072058375000005      66.2709092677999934      -0.1926060254805684
     79.5537032032000013      24.9017064555999994      62.4139163781999997      -0.1729102948119436
     80.9442576973000030      25.8242633953000009      64.7683562746999968      -0.1995473280026285
     79.3871982234000058      24.7099839492999998      64.3212531802000029      -0.1742589533737604
     76.4907342937000010      24.5362086191000017      62.4830262660999978      -0.1544886397616025
     75.3892013898999949      26.0949071301999993      60.4201071012999975      -0.1590627837530185
     77.3502324919000017      25.6752682036000017      60.1392526570000001      -0.1656767209119003
     76.4965238122999978      27.2276824395999988      59.1997626595999975      -0.1743185841392556
     81.9425502313000038      25.8856795441999985      67.4632507067999967      -0.2037190949254182
     82.9615346289999991      27.0979776974999993      69.2669336188999978      -0.2158126068262742
     80.1293520688000029      26.8913660816000011      69.2585769009999979      -0.2188533691759975
     85.1282181225000016      28.3158968010000009      68.3084324395999971      -0.2200783789524579
     83.9813968719000030      26.6524215085000016      64.4814719658999991      -0.2087686438595160
     83.9618480638000051      26.3938165831000013      66.6300811118999974      -0.2050181966260549
     79.7870945332000048      42.7375062154999981      64.1429846019999985      -0.1895335540612688
     83.4795409463000055      41.4524085651000007      64.3163823263000012      -0.2125302970009439
     81.8599499774999941      42.6134970319999979      63.6561407165999995      -0.1961956739695694
     80.9569756399999960      42.0083289984000032      65.5809226312999982      -0.2058224357779164
     76.9865949513000061      36.4838363990999994      58.0064825486999993      -0.2348774707031005
     82.2923029953999929      42.5279596283000032      61.6527601717999971      -0.1995790612867783
     84.8512069902999997      39.9817931290000033      62.9025325498000001      -0.2276845855069549
     83.8984179625000053      41.4212392171000019      61.8718216975999979      -0.2144798240981753
     79.7668572494000045      43.0208785157999998      62.0047445245999995      -0.1858711637796873
     76.7785181449000049      41.6521074134000031      60.0836829118999987      -0.1856053571946941
     78.9705024619999989      42.4450667425999981      59.2955071780000011      -0.1911151967391476
     77.0699109763999957      39.0296293318000025      57.6528515194000022      -0.2144551443374247
     75.5881530322999993      40.0448765160999969      60.3151619029000017      -0.1951213049626439
     80.9896081662000000      42.1576898412000034      58.9162093126000030      -0.2100086681685021
     78.8511010375000012      41.1797250437000031      57.7886418291000012      -0.2096898663735356
     88.8392674211000042      38.6142275751999975      65.8829730415999961      -0.1950541462272763
     77.1232393897000037      32.8613039705000034      57.6368500654999991      -0.2300431253901714
     89.9707700529999954      36.8230689613999971      67.2361551575999954      -0.1880742958597068
     85.8978844497000011      40.3644920853000002      65.2206382166999958      -0.2135048302009022
     87.2673747875000032      29.6280951821000009      67.7033341094000036      -0.2124169220780541
     85.9735147668999957      30.2584365447999986      69.0692375108999954      -0.2319354089445493
     89.5522635431999987      34.7127597364999971      69.1149607271999997      -0.1942396675705460
     87.8277703530999929      32.4098960142000010      69.8083522479000038      -0.2144361752709543
     89.9181657949000055      37.1717798454999979      65.0048995167999948      -0.1901983380871854
     88.4033693071999949      38.9341372429000003      63.7937226100999979      -0.1997322522187570
     87.6055046822000065      38.3942923569999977      61.7160057010000003      -0.2194887221077320
     90.4761274088999983      33.3597196083999989      67.4845103019000021      -0.1848235600270023
     89.1000610305000009      31.2830476023000017      67.9725426244999937      -0.1969368996766931
     90.0905449267000051      35.8612555459000006      63.3922967064999980      -0.1954729757754752
     90.6197342810000066      33.0827062815000019      64.0857524153000071      -0.1891250055533931
     89.9806875863999949      31.3833418472000005      64.6256354523000027      -0.1923741357679560
     90.8243250637000017      35.2098683371999996      65.7047743695000008      -0.1833199153155487
     89.7266418578000042      33.9879032994999974      62.3163937142999984      -0.2068957389967885
     89.0060977119999990      35.9503823160999971      61.4306741317999965      -0.2167510580572767
     89.0855527073999980      37.4818433061999983      62.5838844589999965      -0.2034352698240998
     76.9935367255999950      30.5855926382000014      57.1829007636000028      -0.2034985996192269
     78.2941957415000047      31.6761779618000006      56.3273755250000008      -0.2195313296358190
     82.5468847146999991      25.7000267395000002      60.2905687573000009      -0.1846216164336720
     83.7043928209999990      26.6130789521000004      59.0805884235999983      -0.1966967578501073
     81.4084274358999949      25.8166347905000002      62.4613559331999966      -0.1911678272887141
     80.1083926640999948      25.4632966136999990      59.9546950579999987      -0.1748982145809688
     83.4845311360000011      26.3858198393000016      62.1193194218000002      -0.1994243470151975
     85.0720612671999987      27.5415437766000011      60.4657331662000033      -0.2127601891864597
     82.5149508695999998      28.1631422735999983      56.3042191080999999      -0.2107081559584820
     79.1964877008000059      27.8823220969000012      56.3001371679999991      -0.1841305837037961
     82.5072316339999929      26.6757833276999996      57.5948218027999985      -0.1909408246631727
     78.7806442603999955      26.6024189638000017      57.7342947368000026      -0.1746591116327156
     78.8370615428000008      29.7360442694000007      55.8138306495999998      -0.1994274293622542
     80.7050201984999944      29.2946677756000007      55.5082442345999993      -0.2087695261441773
     77.0408886848999970      28.3391208413000015      57.7560461664999991      -0.1836071945617714
     80.5371784563999995      26.6758155887000008      57.0025126963000019      -0.1805354996499435
     89.7671382364000010      31.5956269005000010      62.3628404650999997      -0.2001869199063755
     89.0255847100000040      29.8944183127000009      66.0252712855999988      -0.1941281946440352
     89.4117467428999930      29.4548645162999989      63.6179433109000030      -0.1889095557214624
     85.4871647787999933      27.4838658030999987      66.2241937853000024      -0.2097307614040087
     87.9455885840999940      27.8478292353000008      64.8496630381000045      -0.1893954690683213
     87.3704833226999966      27.4946143835999983      62.1293225443999972      -0.1929056467732710
     88.8495728653000043      30.0607183282000001      61.0370461987999988      -0.2066643194476629
     87.4374695391999950      29.0032374721000004      60.2179610994000001      -0.2170562924746484
     85.8007394083000037      26.7005104381000002      63.5194666509000001      -0.1952541966815300
     83.3546723391000057      41.9144805076999987      57.6941644736999990      -0.2182510117732601
     85.7657357996999963      40.9252354171999997      60.4832194325000003      -0.2149312949643516
     85.5996063523000004      41.2544637275999975      58.0471969319999985      -0.2150588655131838
     78.8876490249000000      33.1831560342999978      55.2852247654999971      -0.2253445443637272
     79.5933203565000014      40.5870174500999994      55.1925923623999992      -0.2089442727196804
     81.4638574362000014      41.7980183535999998      56.7057378671999999      -0.2154370003020176
     81.7744878360999934      40.6639139409999970      54.3414645163000003      -0.2121219773656513
     83.6677517238999968      39.7797179088000021      54.0094712185999981      -0.2224904812549333
     88.1355526960000049      37.1832568146000000      59.1064186703999965      -0.2319673858218927
     87.0152478225000010      40.0623793147000029      59.0551719974000022      -0.2161841103377853
     83.8355054183000021      41.1751660442999992      55.7318321282999989      -0.2201704615700404
     78.3771196897999971      38.7928563534999995      54.4757961967999975      -0.2054433811109924
     83.7730213271999986      35.8280260286000001      53.0335856694999990      -0.2359335720666209
     78.7214495939000045      34.7929402306999975      54.0673778287000033      -0.2133038951115811
     77.3598472097000069      34.8995177759000015      56.8709196272999975      -0.2305452698508148
     80.5802200207999988      35.0104448502999972      52.9250705243999988      -0.2155683355105715
     81.5754893426999956      38.5356500255999990      52.7885692791000025      -0.2098644638565474
     78.3515857398000009      36.7691378581999970      53.8242801402000026      -0.2056617428266527
     77.2305260047999980      37.0709095945000016      55.6354305671999967      -0.2128665644442993
     81.9452774798999997      36.2791710390999995      52.4760057165999996      -0.2166136881800753
     86.6756583850000055      39.4838504250000000      56.2301347789999966      -0.2233530920808047
     87.7017690776000052      38.5822894783999999      57.6128561531999992      -0.2242208765907723
     87.1628203794000029      37.5787104077000009      55.7939244895000002      -0.2363895247721359
     85.4611596471000041      37.9861342698999991      54.1023472768000033      -0.2347091025959980
     87.2047719340999947      29.2548716042000017      57.9125154516000009      -0.2250406300087953
     86.2824869905000043      29.2995949266000011      56.0161279755999999      -0.2226848075652530
     85.5944716471999953      28.3021335006999983      58.2135562683000032      -0.2254085340566103
     84.4345901126000058      28.6409964853999988      55.7317235569000005      -0.2175424542656241
     88.5892871851000052      30.7716101793999997      58.6739892348999987      -0.2242341530115564
     89.3785570243999956      32.9057590011000016      58.7307132513000028      -0.2215165211379322
     89.1879942579000016      34.7435884914999988      59.3691256887000023      -0.2251041482104448
     88.6920309868000061      35.6118953670000025      57.5865298980999967      -0.2315810705221715
     86.1521903271000014      30.7365580362999999      54.3651345800999977      -0.2217598232148728
     82.3939189725000034      29.2030934546999994      54.6360241546000012      -0.2080942211297483
     87.4877880804999961      35.5803020662999998      55.3976773855000033      -0.2415093037933467
     87.8009931965000021      31.4073213142999990      55.7265778087000001      -0.2287944502566379
     84.6709859695999967      32.6069138738999982      52.7865821082000011      -0.2151830184044705
     81.3624175988999951      33.1133154827999974      52.8933496662000024      -0.2124113267011172
     82.7588854823000020      31.0596700263999992      52.9912946716000022      -0.2051608099282500
     79.8386943922999990      31.9582972046000009      54.1067445998999972      -0.2105799417467669
     84.3380431613000070      30.1902611538000016      53.6765888117000003      -0.2100734310051138
     88.9746297042999998      33.2709237365999968      56.8038990196999976      -0.2251214557074910
     86.4502833164000037      33.4850748762999970      53.7249973659000020      -0.2283211052106733
     85.6831635515000016      35.9519169539999979      54.1756456212999993      -0.2515297473501814
