233
     78.6742674492000020      43.5113318989999982      97.4307068919000017      -0.1346349761640155
     79.6248056138999942      42.2928590491000023      93.6508602175999982      -0.1276360826399543
     78.7609462266999998      43.9879184569999993      95.0713125489999982      -0.1281333950527941
     79.9114697957000004      43.7488413439999988      99.6816597510999998      -0.1578746957328914
     79.2786463970000028      45.0542254750000026      98.3771042656999981      -0.1475626523621756
     78.9253652799999941      41.7229654644999997      96.0915340333999950      -0.1281124307580690
     79.3246362848999951      46.4638347368000026      94.9179409637000049      -0.1372026847633538
     80.9050862773000006      47.4269721459999971      98.6374769041999997      -0.1726803751620167
     79.4232996007000054      46.7273158867999996      97.0034334441999988      -0.1461191737881560
     81.0302218373000045      48.2144263519000020      94.7001866879000005      -0.1550598034383288
     80.3071457113999969      46.1928825664000016      92.9879905917999992      -0.1399437856360652
     80.9458301285000061      48.3485769839000028      96.6622371570000070      -0.1621356810587873
     79.4974391227000012      41.2515456009000019      98.2404726050999955      -0.1386083438656200
     80.2456293474999995      39.7658195432000028      96.2806435313000009      -0.1335393024796314
     81.3754635260000043      42.0918550581000019     100.6189418011999948      -0.1740788318342528
     81.0359662072000049      40.0923420709999974      99.0907725379999960      -0.1509361835944478
     83.1407786136999931      47.1521221037999965      91.9884285842999958      -0.1704035332943672
     83.1892346112000070      45.2018446391000026      91.0569490618999993      -0.1639853421882727
     82.6916425982000050      43.1328068632999972      91.1627352487000024      -0.1530014827120407
     81.3391716990000049      45.1765682058999971      91.6673597964999942      -0.1446092042447411
     80.0524363652999966      44.0910296667999972      92.6413431521999939      -0.1326305609923644
     83.2988804248000037      48.3839634401999987      93.4561510106999975      -0.1794362513786414
     81.0217810704999977      42.4068750535999968      92.1655159273999942      -0.1363315825717635
     82.6242260809000015      40.3324928699000012     100.1709610147999996      -0.1742753702420927
     81.0687166114000064      39.2600197979000001      94.6178394937000036      -0.1341067611504005
     83.2151916682000063      40.2871396007000016      92.0193150441999990      -0.1496688068515155
     80.8992945820999978      40.4832625696000008      93.1525816704999983      -0.1328113413291678
     82.6202030450999985      38.9933742013000000      93.4586273552999955      -0.1424960110659281
     84.1608285915000067      37.8905484248999969      95.2594498910000027      -0.1534068819276868
     82.9542785769999966      38.4311725633999970      98.3049856714000043      -0.1559702899072093
     82.1751946998000022      38.2576025366999986      95.9160060847000011      -0.1419462159327960
     85.2722785426000058      38.7577095500000013      93.5959654156000056      -0.1642534651029717
     81.1266992428000009      46.6980829005999993     104.3914298540999965      -0.2159083673073852
     83.0803040690999950      49.4316679212000025     106.4722959980000070      -0.2352159124637971
     81.9211998833000052      48.8806951119000033     105.0562967861999937      -0.2255690507535881
     81.4337220669000033      45.3564586789999993     102.4624584407000043      -0.2143558220897361
     81.5735960571000049      48.1726143476000033     102.9196158820000022      -0.2213153783817052
     83.7573485879999993      41.4449282799999992     103.2843021513999986      -0.2219304143824754
     82.2486126748000004      42.6010584233000031     103.4196384517999974      -0.2104164360659855
     81.4192029276999989      44.8120360901000012     106.0986094425000061      -0.2059029265770089
     81.2760420809999999      44.2252875372999981     104.0675794898999982      -0.2076893702401357
     82.2335550776000019      42.9883700291999986     106.2450361381000050      -0.2033923557219861
     85.0334893281000035      47.0250082346000013     109.1468288500000057      -0.2235499135263268
     83.2422835651999975      45.7100224766000025     108.6143361608999953      -0.2094361804724070
     81.8597705454999982      47.2366009751999982     106.5672326794000071      -0.2190339929691802
     83.2486190181000012      47.6810340759000013     108.0494739152999983      -0.2232478382277066
     83.4520368673999968      43.4626229185000028     108.1923651108999991      -0.2026981305896047
     86.5713095477999985      43.1488204963999991     108.7987554436000011      -0.2133822600818895
     85.7187859432000039      45.0460487088000008     109.4431049747000060      -0.2135894812126988
     85.5172514493000051      41.9063857147000007     107.7809964724999929      -0.2105849107540045
     84.1809143881999944      41.3390767452999981     106.1010448286999974      -0.2112154881033206
     87.9878399539999947      45.1748603918000029     109.0020377573000019      -0.2278928360700796
     83.2531114881000036      50.5928447483999975     104.6228450095999989      -0.2385266805695583
     86.7567081835999971      40.4572421587999997      92.5853369143000009      -0.1899098626053899
     84.8095963049999995      41.6077965488999979      91.4810052451999951      -0.1736904160771768
     82.5713431885999967      49.3517243487999977     101.4854990416999954      -0.2242323447390877
     83.4673557942000031      50.7837649002999996     102.4805217037999938      -0.2354652990363029
     80.7218865764999975      45.5686140684999970     100.2200303358000042      -0.1795379174907179
     81.5517538651999985      47.5147432815999977     100.8191688205999981      -0.2038491998391088
     87.5439788455999945      41.7772561295999978     107.3242743818999969      -0.2255217122318633
     86.0141115179000053      40.8471237952999999     105.8687663317000016      -0.2256884394413330
     89.2214549935000036      43.0834221397999997     107.3717581410000008      -0.2376259727785204
     82.0541108527999938      50.4575583856000023      99.8728858032999938      -0.1909682062677405
     82.1383644288000028      51.5054346802999987      97.7835322106000007      -0.1717578736188354
     82.0607874364999930      50.3643338689999993      95.9576299551000034      -0.1669464849892677
     81.4064549099999937      49.4946048214000029      98.1704618755999974      -0.1746685794494436
     83.8340113384000034      53.0353077341000017      97.3895835112000015      -0.1749783973572079
     84.4627053219000032      40.2639706686000025     101.5954475996999946      -0.2067082125924422
     86.0618177632999988      47.5635135678000012      92.1208508559000023      -0.2071858076338131
     86.1577729196000064      53.1433901094000021     100.4577452710999950      -0.2214210306547653
     84.1768212924999943      52.7411610934999970     100.2259066120000028      -0.2009242471900894
     83.4235837658000037      50.5694221521999978      94.0475589775000032      -0.1700962805811912
     84.0354334937999994      52.2634361197000032      94.8023560462000034      -0.1681926722054214
     86.3079731658999947      45.7824946170999993      91.0598473665999961      -0.1994034330336092
     87.9978432652000038      46.6278365633000007      92.2333057896999975      -0.2269234425365720
     86.6631042531000020      50.8749738485999998      92.8143859662000068      -0.1880283156304934
     87.2202946336999929      53.0071422175999984      94.4844840935000008      -0.1835996046458899
     85.2638104321000014      53.5458366841999975      96.0538980694999935      -0.1744332357869265
     87.6586704277000024      48.8194443121000035      92.6226043589999932      -0.2152641868560075
     86.7576337160000008      43.6551582893999992      90.8777078959000022      -0.1954171576001684
     88.6289908864000040      43.9593143920000031      91.8234791317999992      -0.2186711843194722
     87.3666514389999946      42.0146877677999981      91.5963644997000017      -0.1980726811116291
     87.1110757736000068      53.8690892848999994      96.3589518648000052      -0.1855566906076067
     87.0652543377999990      53.9400392976999967      98.6414147243999935      -0.2002425188987278
     88.2768143512000023      52.9573219862000002     100.3633922307000006      -0.2445485610926728
     88.8948023293999938      41.7366435380999974      93.0107191016000030      -0.2194454160934001
     84.5331500081999963      50.8642514336000033     107.1216392399999933      -0.2319070464238262
     84.5663075277000047      52.0174751030999971     105.4114097589000068      -0.2340941253105644
     86.0696833508000054      53.1986306817000028     105.6567724633000012      -0.2304471684520166
     86.0752934192999959      49.2213664293999997     109.0763629847999994      -0.2254914129693333
     87.2196639723999994      51.3927770828000021     108.8875958545999936      -0.2159674132214295
     87.5026459925000069      52.9272525068000022     107.5074880309000065      -0.2221988947580851
     85.9311140936000015      53.1790678177000018     102.7108056914999992      -0.2373127162237587
     90.6341494696000041      45.2948089663000033     107.8376027408999960      -0.2353782736941206
     88.6626430518000035      47.1860623844000031     109.6460591634999986      -0.2186454655783958
     90.8653822339999948      47.0445312729000023     109.1111452667000066      -0.2176519866234337
     88.6701335545999996      50.3983163452000014     109.7116068617000053      -0.2093766027372759
     90.4770925822000009      49.6911256101000021     109.6111509429999984      -0.2093991978604031
     89.6784359611999946      51.9027509376999987     108.8177419809999975      -0.2132643880541245
     88.6476693876000041      53.8579147391999982     106.0482510366999946      -0.2296716037421049
     88.8565783747000069      54.4218865461999997     103.8736613104999975      -0.2312147754192750
     87.7190064658999944      53.9077301653999967     102.2517200610000003      -0.2371726760739978
     90.4746507052000055      54.1069569304999973     104.9899989911999967      -0.2301492598221078
     91.7978275047999972      53.7024789271000031     103.5939653009999972      -0.2361981754731719
     90.6723645738999977      53.4327218027000015     101.1878942360000053      -0.2449839781053793
     92.8752885738999936      50.2520265791999989     108.4285685180999934      -0.2088765782528590
     91.9900671278000033      53.1264228395999965     106.7025500594999983      -0.2167969111413672
     93.6228313706999984      52.0817655781999989     106.1048739788000006      -0.2180452500100962
     86.0671831375999972      39.2946150629000002     102.3775293557999930      -0.2142883226013890
     84.6903162978999973      38.4396138100999991     100.6767030186999961      -0.1794067346576238
     86.2982297469999935      36.9086371717000006     100.4082305894000058      -0.1711213857152298
     84.9767109202999933      37.2150917372999999      98.9949136731000010      -0.1627798960456275
     86.3192003465999989      37.5252260645999982      94.9086818438999984      -0.1626195058089248
     85.4814933563000068      36.9829185034000005      96.5920482873000026      -0.1574376180197046
     88.3664157681999995      38.8651445429999995      93.5998558762999977      -0.1816719343331954
     88.0656867731999995      37.8667302368000023     102.0648016453999958      -0.2003602967269718
     90.4307561969000062      36.6219565944999985      99.1958068417000050      -0.1785612228243867
     90.0880926720000019      38.0238165572000000     101.6949088180000018      -0.2090769078205152
     89.1326646681000057      36.6873518762999993     100.6146433172000059      -0.1805102096643036
     87.9664661085000006      35.9243328537000011      97.4751270743000049      -0.1598436688139220
     88.3533279251000039      37.0365155671999986      94.9232769974999968      -0.1654746759667951
     90.0774136739999989      36.8066749846000008      95.9602536934000057      -0.1710212228291361
     89.9730479388999953      38.1015394248000021      94.4325482897999962      -0.1807036353292855
     89.2289689105000008      38.5831393532999982     104.3804032416000069      -0.2105382081094849
     88.9286075236999949      40.1488500592000008     106.1747279294999942      -0.2188255547588760
     86.6938790200999989      39.6225908863999976     104.5034840671000040      -0.2210337620221274
     91.2259196823000025      41.4554534784000026     106.5089631235999974      -0.2221531880828582
     92.6640440452000007      39.1422277703999981     103.1461130468999983      -0.2152530719356935
     91.3347604533999942      39.1930811953999978     104.8532155592999970      -0.2112690249032632
     89.5138549715999972      54.4314005729000030      97.4229845624000035      -0.1971724016422876
     92.3317701284999970      53.6124498146999997     100.0122657521999940      -0.2257039088012203
     91.4516906379000005      54.4754609044999967      98.3129152096000070      -0.2058094191401079
     89.5613694638000055      54.0531515057000007      99.3781461952000029      -0.2163199460859495
     91.0680283227000018      47.0869223719000018      92.1078150751000067      -0.2337763436244842
     93.0195129457000007      54.1539532728999973      97.0298152754999990      -0.2104752039905691
     94.2853581283000040      52.1202712916999999     100.0054930247000016      -0.2420427384218335
     94.1586997794999974      53.2797588625999978      98.3678962892000044      -0.2284065905847843
     90.8052622792999955      54.4018583731999996      95.6955082352999966      -0.1936203542879493
     89.6199931469000006      52.4416655352999967      92.6546261632999943      -0.1903116687802768
     91.8341610447999983      53.3577004122999980      93.2142165094000035      -0.1973075469657637
     91.3440329443999985      49.5487543252000009      91.4176969670999995      -0.2146136566704104
     88.5407048526000011      50.7592895384999991      92.4127779360999995      -0.1986101311373787
     93.6640860904000050      53.2504160165999991      94.1853522285999958      -0.2188173445822077
     92.6646675551999977      51.8845486713000028      92.2012642010000008      -0.2126947036124296
     95.6200520510000018      51.6553498880999982     104.9714095857000018      -0.2035966096217958
     91.4111301257999997      43.4880241684000026      92.5641635661000066      -0.2302913394894119
     95.6916627964999975      50.2165086336000002     107.0315690383000060      -0.1932019752188872
     93.6942286154999948      52.9470748317000002     102.3682388601999946      -0.2285026895066125
     93.2850249373999958      42.9021695894000032     107.0843741600999977      -0.2095762046703360
     91.4243763238000042      43.5702031694000027     107.2541209160000051      -0.2276944943151911
     94.2163884851999995      48.3628842967999972     108.6272211359000011      -0.1958351056637735
     92.4337091858999997      46.0019404709000028     108.5507446439000034      -0.2112498770060078
     97.0142106902000023      50.2342216242999982     105.2003340610000066      -0.1944847075612817
     96.5525983168000010      51.6214898160000004     103.0255093610000046      -0.2065607297707430
     97.1938695206000034      50.7028516855000007     101.0280601767999968      -0.2259032964559129
     95.9479720012000001      46.9044195110000004     108.1612709066999969      -0.1848478198822470
     94.5659874636999973      44.7760917049999989     108.0931509012000049      -0.1945545398547210
     98.1403227515999959      48.7346897935000030     104.2887682420000033      -0.1968659841148845
     98.1415058174000023      46.1622487392000025     105.6539802511999966      -0.1884446185534898
     97.3098817687999968      44.4960702435000002     106.0003103173000056      -0.1907800147270606
     97.3076598095999969      48.5084408367999984     106.6479577980999949      -0.1850658554394951
     98.5152616218999952      46.6976120985000023     103.5752020997999949      -0.2056151359508824
     98.4823328094000061      48.4184670045000018     102.0944654516000014      -0.2169120170749839
     97.8359303337000057      50.0981329195999976     102.7596467591999954      -0.2066903688802633
     91.5918231466999941      41.1709424527999985      92.5487631312000048      -0.2072574685470148
     93.1413967403999976      42.2686448733999995      92.4657888538999941      -0.2210794535439842
     94.0955013517999959      37.4433558566000002      99.1972758980000009      -0.1870924612766380
     95.7491181248000061      38.2995418551000029      98.7849182003999999      -0.1964567354001616
     91.8666373941999979      37.7390945024000004     100.1804867039000015      -0.1978030424185953
     92.3726334977999954      36.8853887014999984      97.5133831499999957      -0.1788273481678342
     93.7167542039999972      38.4857634034000000     101.0583935956999966      -0.2032203919737299
     95.9813218893999931      39.5659650723999974     100.5150752780999994      -0.2105890671216191
     96.5029293917999951      39.2911934246000030      95.6267398060000033      -0.2105659795066579
     93.8811040578000018      38.6373114101999988      93.6800645207000002      -0.1865299001452421
     95.7109183503000054      38.0125937457999967      96.8979018364999973      -0.1912895525168992
     92.6779224919000058      37.5368183653000003      94.7796803202000007      -0.1780115834756817
     93.8897490360999996      40.3494180502000006      92.7470140377999996      -0.2018145643710660
     95.5553950533000034      40.0840888210000017      93.7127725744999935      -0.2106411887509836
     91.2841549912999994      39.0496448203999975      93.4335286682999993      -0.1886098180548270
     94.5148996157000028      37.7039712280000003      95.2528392452999952      -0.1823257201104180
     98.5247462245000065      44.3568480240000014     104.0727131210000067      -0.1974538340874012
     95.7017604780999989      43.1238402966000010     106.7870924658000007      -0.1921476886402687
     97.4810349934000016      42.3912455580000014     105.2266297838000071      -0.1867564836352820
     92.7869719883999977      40.3801072852999994     105.2552026543000068      -0.2131074600085618
     95.5716681103999974      40.8207830053000009     105.5971444316000003      -0.1885737872428273
     96.7818291700999964      40.0190362709999974     103.1995473891000046      -0.1909319683150024
     98.6137665196000057      42.5538401807000000     102.7700853630000069      -0.2018753702076186
     98.0004315378999991      41.2364883350999989     101.4771792255999969      -0.2111477587782904
     94.6916102508999984      39.2587080943999993     103.4825378549000021      -0.1965493324390994
     96.2831341531999954      53.1053374812999976      94.7007281818000024      -0.2244856555585333
     96.4865290704999978      52.8057390621999971      98.5006665652999942      -0.2268512579602504
     97.8445928106999929      52.7621042043000017      96.4454403554999971      -0.2218024686707576
     94.2446987852000007      43.6686504331999998      91.7364350665999950      -0.2244321838463090
     94.8414244175999954      51.0148565260999973      90.7359895588000001      -0.2036675913322394
     95.3924137334000051      52.6345292908000033      92.8164011485999936      -0.2164587379298837
     97.0873036834999965      51.2166470530000026      91.3709148780999953      -0.2047848495014417
     98.7902075867999940      50.5150508874000010      92.4122368448000060      -0.2128499513177449
     99.2125899454999995      49.1991854437999976      99.5376715926000060      -0.2332121003101619
     98.3506849059999979      51.8951745349000007      98.2983902985999975      -0.2233971029867181
     97.8657966341999952      52.1524388547000015      93.5981411156000007      -0.2180870010793594
     94.3222836619000020      49.0101227990000012      89.7750054775000024      -0.1984337272919934
     99.4801851556999992      46.5022513473999979      92.4381948255000054      -0.2255787978905186
     94.8543246419000070      45.0582523611000028      90.3949652131999954      -0.2079861619170060
     92.0618702394999957      45.4092712424999974      91.7381519452000020      -0.2275711715419337
     97.0229674917000011      45.3199889475000006      90.5838670035000035      -0.2083932656063894
     97.8851217537999929      48.8794657868999991      90.4319466313999953      -0.1989709188721509
     94.7056249968999992      46.9243741075000003      89.6224816449000059      -0.1983594629129399
     92.7100839261999994      47.3526965275000009      90.3025277606000003      -0.2079561675665200
     98.3743853964000010      46.6582922607000015      90.8232852547999983      -0.2064176929621730
     99.8117492591999991      50.8837014942999986      96.0020747298000003      -0.2222890753008961
     99.7797392564999939      50.3117300633999989      97.8593463132000068      -0.2257328154742311
    100.4686413013999982      49.0036091870999968      96.3035883651999995      -0.2319284509563921
    100.1564296618000043      48.9687944747999993      93.8902113233999955      -0.2245131297324381
     99.2261450126000000      41.1276757720000035      99.4977010492000034      -0.2181915618902863
     99.6566306539999971      40.7955605933000029      97.4597420770000014      -0.2175036715485099
     97.7705139953999947      40.0509929039999975      98.9379735936000060      -0.2202151527000584
     98.3704895605000047      39.8973197899999974      96.2479808798999983      -0.2149957501211048
     99.8517757884000048      42.8851789695999983     100.6453026139000002      -0.2168468408420097
    100.4361790720000016      45.0812354911999975     100.7740047612000041      -0.2155217617552090
     99.8903704457000003      46.9577863043000008     100.8203926206000034      -0.2212895630471809
    100.5864566742999955      47.5001281217000013      98.9767783811000044      -0.2277884045917187
    100.5600663416999936      41.9573758980999969      95.8344394754000035      -0.2176656915902626
     97.4251905920000070      40.0612717862000025      94.0661517188000005      -0.2084232596291482
    100.9730128533999931      47.0190981870999991      96.5557333673999949      -0.2359806493089920
    101.0297881731000018      42.9990010304999970      97.7622310686000020      -0.2221319497186496
    100.3495108604000023      43.4020953133999967      93.3742611456000020      -0.2125980878961240
     97.6657681604999937      43.5391651114000027      91.3759609788999967      -0.2102679258146569
     98.7155344933999999      41.6928295908000024      92.6667790242999985      -0.2047199164640556
     95.7209677725000034      42.4039470040000026      91.6150387856000066      -0.2111429396293971
     99.5475884341000068      41.1155761029000004      94.3080296059000034      -0.2084795359230949
    101.2945307673000030      45.1187370155000025      98.9654302811999997      -0.2189008526340448
    101.1807452026999954      44.6019523759999998      95.0134931268000003      -0.2238685080470262
    100.2921876738000009      47.0045352252000015      94.4523090299999950      -0.2426165155668194
