233
     63.9064614751000022      32.0914545259999997      88.3178562728000003      -0.1360422256564959
     64.4059078355000025      30.4927210903000017      84.5936054077999984      -0.1296170179889362
     63.3437079882000020      32.1045585573999972      85.9759496946000041      -0.1315076120000249
     65.4314819105999987      33.1120507489999980      90.1307449008999981      -0.1589904608637962
     64.1497421330000037      33.8966686969000008      88.8866082459000069      -0.1503247686532099
     64.4515072516999936      30.2293856301999995      87.1819367780999954      -0.1280008483620030
     63.0157135788000033      34.5580542188999971      85.3892560303000039      -0.1429944842517159
     64.9201635680999942      36.6437627496000005      88.4361058172000014      -0.1767634315004933
     63.4490187975999973      35.2389063788999977      87.3327381053999972      -0.1509779705843570
     63.9656676172999994      36.6525806132000014      84.5339452607999959      -0.1616287472066311
     63.6131261127000016      34.2156227858000008      83.3181965750000018      -0.1465047219064388
     64.2475075551000003      37.1349444940000026      86.4214440639999992      -0.1676830614138147
     65.5762507527999929      30.3722622179000012      89.1522109954999991      -0.1374539940695012
     66.3518817318000060      28.8179420634999985      87.2573268376000044      -0.1313507215380785
     67.5193702459999940      32.1690464037000012      90.8510531260999983      -0.1744124798656674
     67.5508914323000056      29.9003108464999983      89.7106771801999940      -0.1490333075137329
     65.7023728629999937      35.7458711860000022      81.5176055687000058      -0.1756485832750574
     66.1979528834999940      33.7523133456000011      80.8440242047000055      -0.1682885753142642
     66.4429890130000018      31.6899261723000016      81.3196525145000066      -0.1562938153444460
     64.6271732499999985      33.3079309828999968      81.9075789051999976      -0.1502725868421972
     63.9996641827000019      32.1053777425999982      83.3014309026000035      -0.1375190856703004
     65.7442205252000065      37.2309671496999997      82.7380059676000030      -0.1848798351393999
     65.3498817875999976      30.7180907300000001      82.7966887599999950      -0.1392258188707487
     69.1575694847000051      30.7981882609000017      90.3102193076999953      -0.1733521464047012
     66.9347607668999984      28.2609931323999994      85.5113935020000042      -0.1323622876464263
     68.0393803384999956      29.3437413270999983      82.3456184748999931      -0.1493570510704849
     66.0740136356999983      29.0725375662000012      84.0039064542000062      -0.1327309555008185
     68.2136611927000018      28.2382572112999988      84.0329214567999969      -0.1409994792045914
     70.3672839949000064      28.0044531166999988      85.4957810001999974      -0.1513205987839790
     69.7041669401999968      28.7509600624999990      88.6622188628000032      -0.1540172813957614
     68.5518029331000065      27.8969781965000010      86.5916890091999960      -0.1396169921967960
     70.7633292459999979      28.8173687013999995      83.5116473299000006      -0.1622530275731506
     66.5487568623999977      37.1439468089999991      93.9846070722000064      -0.2189713489063969
     67.8764165805999937      40.6781910997000011      95.1531530731000004      -0.2343447367175830
     66.6984894388999976      39.5490397932000022      94.1583403804000056      -0.2252272582211798
     66.8767428846999934      35.6019799091000024      92.2154511916999979      -0.2180975727505690
     66.1717637507999967      38.3692495081999994      92.2826359772000018      -0.2213499961789509
     70.4758753702000007      32.7755116356999991      92.8727637567999977      -0.2292630268796305
     68.7325506449000017      33.4448249825000019      93.2523364432999955      -0.2169035553799006
     67.7911076497999971      35.7945102954000021      95.7714419109999966      -0.2117957026606252
     67.4345290990000024      34.8084944614000023      93.9301173678999959      -0.2133950173567971
     69.1725432941999969      34.3523042748999998      95.9199190381000051      -0.2108541264321815
     71.0196353238000029      39.5132750531999974      97.5033054122999943      -0.2264004371306019
     69.6928429447000042      37.6559735246000002      97.6091690390999958      -0.2143601449407662
     67.4945949447999993      38.2848993067999999      95.8190363853999969      -0.2220655778745968
     68.9329585302999988      39.3941144118999986      96.8310699763000002      -0.2256269145893377
     70.5398159398999951      35.5301713038999978      97.4182175990000019      -0.2096432239779755
     73.6422638604999946      36.2634567285000031      97.2361389456000040      -0.2196484744253340
     72.3641641313000008      37.9171191841000024      97.8471375295000030      -0.2182621308560542
     72.8709362879999958      34.5946942161000024      96.6786432611999942      -0.2186163907355834
     71.4807576286000028      33.3472760073999979      95.4781330194000049      -0.2200167097275205
     74.3217585153000044      38.6135317843000010      96.8260731039000007      -0.2310252645497890
     67.2723971605000060      41.4567054158000019      93.1966922412999992      -0.2358100421000273
     71.3631439675999957      30.6455072014999992      81.9587647394999976      -0.1873166525652028
     68.9625818949999996      30.9408745944000003      81.2626122087000056      -0.1732596098475376
     66.4074531998000026      39.4857699299999965      90.5105401908000005      -0.2224264279537138
     66.9659937274000043      41.2816265371999975      91.0642371782000026      -0.2321556967114127
     65.6894057441000001      35.1573596113000022      90.2222761403999982      -0.1820460826055701
     65.9361229725000015      37.3384958769999997      90.3520480735000007      -0.2051101681756808
     74.6870118016999953      34.9758291249999971      95.7355105205000001      -0.2334749765979094
     73.2842515792000029      33.3757872138999971      94.8431689237999933      -0.2352611339541770
     75.8120955694000003      36.6974547905999984      95.1947313020999957      -0.2425081875615316
     65.2345774866000028      40.0573143665000018      88.9650243604999957      -0.1905189540267838
     64.5369200609000018      40.6572699552000003      86.8147059567999975      -0.1717010122087927
     64.4656554345999950      39.2110264157999993      85.2192908773999989      -0.1689334637997053
     64.6047264537999979      38.6357310432999981      87.6132205475999939      -0.1767531399619884
     65.5141829230000070      42.5079284072999997      85.8192431636000066      -0.1731394252128649
     71.1673819985000051      31.5468174125000012      91.2124783030999993      -0.2099106036081206
     68.2856534232000030      37.0084775644999979      80.8454932350999940      -0.2054275353404496
     68.2512468645000041      43.8828832491999989      88.1522983353000029      -0.2161326316853938
     66.5107279048999942      42.8835963447999973      88.4865529210999995      -0.1979700735881025
     65.2607135192999976      39.4291869266000035      83.0129511909999991      -0.1709933583323728
     65.4216494151999939      41.3408832195000002      83.3780250845999973      -0.1670197924512955
     68.8809735371000045      35.2059110154999999      79.9767601413000051      -0.1973061018044397
     70.4010590653000037      36.7183664821000022      80.5675960557999957      -0.2220068720003603
     67.8912822591999969      40.4201081400999982      80.9619139520000033      -0.1850613573689639
     68.0458526653000035      42.9041368103999972      82.1667128493999996      -0.1795073914153082
     66.3885480555999976      43.1433315753000031      84.1102173342000015      -0.1717135223385569
     69.4464924507000063      38.7478345681999983      80.7670903670999962      -0.2113750032826847
     69.9588057823000042      33.3091110606999976      79.9399249631999993      -0.1929948882415200
     71.7775885652000056      34.3233429690000023      80.3302256797999945      -0.2146174724316712
     71.2084413989000069      32.0898393602999974      80.6681424993000036      -0.1952793284980920
     68.0469739403000062      44.0439044622999987      83.8899189817999940      -0.1813584180464378
     68.4511231944999992      44.5405893404999986      86.0823463410000045      -0.1953514727931136
     70.2457253718999937      44.3080261130999986      87.5397875515999999      -0.2357282081091814
     72.9992570163000067      32.5497900124999973      81.6653272865000019      -0.2170791620452750
     68.8767272364000007      42.5697053088000033      95.2322484437000014      -0.2310893023573559
     68.1753013489999944      43.3271164635999995      93.4461243724000070      -0.2319995428916446
     69.2218781680000035      44.9193584531999974      93.1547266518000043      -0.2269878610464886
     71.2413779616999960      41.8604279641999995      96.9066363772000017      -0.2262678439269301
     71.5415033040000026      44.1911238809000011      96.1731361787999930      -0.2151994381322897
     71.0125930224999991      45.4426083940999987      94.5940757990999970      -0.2191420711583216
     68.4943352490000024      44.2880987376999968      90.3671655606000002      -0.2317732558975560
     76.4810194055999943      39.2710380121000000      95.0154023473999985      -0.2355763176648971
     74.4133873335999994      40.8191337709999971      97.0309640098000017      -0.2197069342247158
     76.3796423959999942      41.2247687532999976      95.9691141483999957      -0.2172895387776510
     73.3753086599000000      43.8426924532000015      96.7093840357999994      -0.2086488987770725
     75.2526788553000046      43.6875796287000000      96.2332199714000041      -0.2078596157925467
     73.6247148127000060      45.3719894305000011      95.4139926132999960      -0.2101514471242805
     71.4606860221999938      46.3644823197000022      92.7896522067999996      -0.2228085327126141
     71.0198012752999972      46.5309818746999966      90.5831966373999933      -0.2221086536218522
     69.8071989987000023      45.4025662160999985      89.3809512927000043      -0.2286482183595115
     72.8442945197000000      46.9246808211999991      91.2758539030999998      -0.2203382173226967
     73.9094969068000012      46.6602657943999972      89.6452902182000031      -0.2246348506449820
     72.4661398072999958      45.6118940551999970      87.6587729983999964      -0.2337286188674401
     77.0342828344000026      44.6822289947999991      94.4163504100000068      -0.2045485701909087
     74.9162250416000006      46.7809121940999972      92.6459632756999980      -0.2090994473141823
     76.6419504893000010      46.1623086159000025      91.7778354877000027      -0.2099465955091500
     73.1261960868999950      31.2586481883000005      91.6659726139999975      -0.2201102607031569
     71.7891727658000036      29.7259015128000001      90.4901087047999937      -0.1811790468687455
     73.7199996774999988      28.7085404984999997      90.0020138615000036      -0.1736316485896552
     72.1104367563000039      28.3356394167000012      88.9493775985999946      -0.1631864311252329
     72.4042971028000011      28.2233365194999983      84.6485886151999978      -0.1616155283633063
     72.1575409162999932      27.7983496714000005      86.5428089400000005      -0.1566987250274341
     73.5798145097000003      29.8207683977999984      82.7080041299000044      -0.1813237063458430
     75.3738534812000012      30.4431101690000006      91.0228517423000056      -0.2064384737206115
     77.3728437352999947      29.4091360042999987      87.8120759211000035      -0.1821080384181482
     77.1095060404999941      31.1079335661999998      90.1300233830999957      -0.2163376344255585
     76.4471803967999932      29.3677066881999984      89.4984466097999984      -0.1846897012858619
     74.9778732733000055      27.7029213783999992      86.8776822559999999      -0.1611569016888126
     74.4426782004999978      28.3614401268000016      84.1984154608999944      -0.1659697356931336
     76.3204863824000057      28.8503164787000017      84.7776005566999942      -0.1728839688682839
     75.4832329000000044      29.7357716640000014      83.1849845809999948      -0.1821404082342557
     76.6862631504999968      31.9032643357000012      92.8596992522000022      -0.2186954779411749
     76.2628650397000030      33.6308871112000034      94.4713200661999934      -0.2269394526947455
     74.0331314840999966      32.1617053132999970      93.5049819448999955      -0.2293883927081204
     78.0179669810000007      35.5893495648000027      94.0463367629999993      -0.2276667232367480
     79.4132523546000044      33.1884430829000010      90.7271798989000047      -0.2225921867640075
     78.5229664329999935      33.1803241236999966      92.6997682963999949      -0.2189864147445011
     70.2947086987000063      45.4778342966000011      84.2264321707999954      -0.1915524957045598
     73.6940186921000020      46.0355077286000025      86.0836869103000026      -0.2181841497760519
     72.2489597314000065      46.2569850396999982      84.5770772335999936      -0.1996722268985991
     70.8655165403999945      45.5173935505999978      86.1344679323999998      -0.2092418165174763
     73.0529733278000037      38.0189990637000008      79.6041389374999966      -0.2283049520952858
     73.5354932692000034      46.1635497389000022      82.9821224731999934      -0.2042011051964874
     75.9844422313999956      45.2061189213999981      85.7531980233000013      -0.2366468310937631
     75.1486387954000037      45.9369225574000026      84.0770311179000061      -0.2226551186028516
     71.1388782341000052      45.4909121255000031      82.2414921711000062      -0.1877139024776167
     70.0667795268000049      42.7184490352000026      79.8627876016000045      -0.1848564860920625
     71.9203447629000010      44.3306587679999993      79.7218038259999986      -0.1906276464080676
     72.3540658226000062      40.2711204471999977      78.5782073150000002      -0.2081099014240433
     69.5768578141999967      40.7810731164000018      80.1083360615999993      -0.1938134715857345
     73.8417441535000023      44.9523815307000021      80.1960668196999933      -0.2107265795359119
     72.9625577343000060      42.9961360117000027      78.7124324225000009      -0.2048419611143704
     78.3895167039000000      46.1248768143999968      90.2286184264000042      -0.1975867985368573
     74.6489183875000037      34.8369402346000001      80.3822790571000070      -0.2304977256919560
     79.3536135603000048      45.1985032673999996      92.3574675352000014      -0.1886837727809851
     75.6535799553000032      46.2673771553999984      88.0726520955000041      -0.2196190925284274
     79.5570411589999935      37.6564718281999973      93.8971521787999990      -0.2106339316755861
     77.6573621472000042      37.7727242069000013      94.4582235868000026      -0.2292090385702465
     78.9334126030999954      43.3424073111999988      94.4874445418000022      -0.1928931996971048
     78.0529829355999993      40.5965599401000006      95.1530387892999983      -0.2102878450216057
     80.1895520358999931      45.2447539368000022      90.2593884223999936      -0.1901676597224338
     78.8594838769000006      45.9868433894000006      88.1268586026999969      -0.2018992649018951
     79.3419906753999982      44.9251837187999996      86.1558198033999929      -0.2232417473426569
     80.9136590063999961      42.3906354427999972      93.7695551956999935      -0.1825127505819157
     80.3275190317999943      39.9810956982000008      94.3125644003000048      -0.1935570331026089
     81.5337087588000031      43.9914038913000027      89.2744860430999978      -0.1929803694562100
     82.6634170683000065      41.8476944825999979      90.8898891861000067      -0.1852370128463594
     82.5174197967999987      40.1120005070999994      91.6340296783999975      -0.1883987871640755
     81.3265458925999951      43.9952561803999984      91.7779556822000018      -0.1817062056681209
     82.4035756459000055      42.0540767186000011      88.7364002173000017      -0.2006704271500954
     81.5014458307000069      43.3684736419999979      87.1197588037999964      -0.2121867924189917
     80.4892523262000026      44.8825026944000030      87.7237126570999948      -0.2029789853621651
     75.5757505050000020      32.7164169318999996      80.5970299977000053      -0.2103246741285272
     76.6248203188000048      34.1801521089999980      79.9887985331999971      -0.2287739795875030
     80.4793573543000065      31.2471192331000012      86.7745564070000057      -0.1911026185873048
     81.6360898010999989      32.4509636448999998      85.8524553032000028      -0.2006576548952346
     78.5304799728999967      31.0654261315000007      88.2547131370999978      -0.2029609608007057
     78.7291214611999948      29.8950013082000012      85.6684157236999937      -0.1823558370600917
     80.1699112577999955      32.4747395453999985      88.5326842357000032      -0.2079247185648647
     81.7888347072999977      34.0410554448000013      87.3014090390999939      -0.2124968364962037
     81.3539482332000006      32.9857282106000014      82.5117790203999988      -0.2217059314237346
     78.7528921531999941      31.2306355340000010      81.3958796512000049      -0.1930773701615411
     81.3070792341000015      31.8043319701000016      84.0865989325999976      -0.1973730537075475
     78.2331573897999988      30.0628500605999989      82.8905497127999951      -0.1820189003620527
     78.0046714795000042      32.6553998183999994      80.2948893500999930      -0.2106505156762264
     79.8256670880000030      33.0801593727000025      80.8250026592999973      -0.2244517481835562
     76.1733322047000030      30.8118425950999999      81.7772274823000060      -0.1914335719613476
     79.9681371565999939      30.8468895333999988      82.8527117033000025      -0.1882314976543178
     83.2860132459999960      39.9611436002999980      89.4898711658999986      -0.1931853273554740
     81.6497106022000025      38.5108545080000013      92.9650095824000005      -0.1915130003239938
     83.2094601658999977      38.0401289846999973      91.0986882236999946      -0.1851585934933144
     79.5526982621999963      34.7935883473999965      92.5710289878999930      -0.2186884779383806
     82.0438172699000035      36.0845948352000008      92.1313926619999961      -0.1895794467278620
     82.9296555696000013      35.2204951102999999      89.6165603878999946      -0.1911651092275335
     83.6940588414999951      38.0452141518999980      88.4323674481999973      -0.1973436869756835
     83.2968929027999962      36.3812911726000010      87.5067209170999973      -0.2076605204793989
     81.3124060811999954      33.9540096468000030      90.5152907883999944      -0.1998182045721428
     76.4089334696000009      45.6801793662000009      80.0350629807000047      -0.2190437336279221
     77.4771313481000021      46.1973740799000012      83.6630270577000061      -0.2235735142134985
     78.3199112891999931      46.1529872958999974      81.3483029528999992      -0.2192949009313239
     77.0300318855999961      35.6713066431000030      78.8392291974000017      -0.2327563874418743
     74.9533319980999977      42.5313790103000002      76.8516574756999944      -0.1988340965370163
     75.3555070384000061      44.6133336040999993      78.5126095460999949      -0.2101249996948376
     77.0869731046999931      43.4985046298000029      76.8598378859000064      -0.2017993714136317
     79.1016059828999971      43.5401984355000025      77.5048078964999974      -0.2121200198374584
     81.3908750225999995      43.8156864795000018      84.3870373804000025      -0.2300877506884884
     79.4532637006000044      45.8486646990999986      83.0987371335999967      -0.2220807221236054
     77.9543424100999971      45.0347840646999984      78.6846146583999939      -0.2151348095626009
     74.9377729332999962      40.3156139421000006      76.3020231217000031      -0.1954295187785693
     81.0649857057999981      39.9879523875999965      77.8303706237000057      -0.2290541810205724
     76.8577961459999983      36.8898349449999969      77.2305955540000042      -0.2114643618474794
     74.4454703302999974      36.6655775429000030      79.1941533500999952      -0.2260435936098926
     78.8087196901000056      37.8039069786999988      76.8236909225999938      -0.2133947867096992
     78.3989986361000035      41.3595704430000026      76.0327098053000014      -0.1988774590932714
     75.9468870822000071      38.4441874724000030      76.3056708446000016      -0.1981520190502533
     74.1069229531999980      38.3957742022000019      77.4193562306000018      -0.2050964365198631
     79.6622700106999986      39.4978806053999989      76.5469014487999999      -0.2094144351625751
     80.6602478308000030      44.8809611562000015      80.6415861187000047      -0.2223235735964817
     81.2014649471999945      44.6968696492999982      82.4992265690000011      -0.2250219698435778
     81.9471034591999938      43.3701427720000012      80.9859625306000055      -0.2312990897371527
     81.1741952658999963      42.7774842156999995      78.7556159929000046      -0.2257220240484266
     84.0547853149000019      36.2519961551999970      85.3063960690000016      -0.2146076585061145
     84.1414615885999950      35.6703587428999995      83.2807899138000067      -0.2184928789846765
     82.9530790796000019      34.7104274635999985      85.2715848459999961      -0.2215112843161187
     83.0029388993999930      34.2186106683000020      82.5558386975999952      -0.2226321104710500
     84.2883418371999937      38.3035152177999976      86.0371091419000038      -0.2089865592753348
     84.1297034276000062      40.5557495111999984      85.7489594768999979      -0.2065323862283783
     83.0179733697000017      42.1632481854000005      85.7101505268999944      -0.2132777608080438
     83.1012418024999988      42.5158373955000002      83.6986010331000045      -0.2205126140375722
     84.2565991204999989      36.7060301655999979      81.3516068109999964      -0.2194873384549680
     81.6288326737000034      33.6725592598999981      80.6864781584999946      -0.2209106426888283
     83.1176660014999982      41.7074663654999966      81.3345915239000021      -0.2304718773224952
     84.7429526461999956      38.1932255541999979      82.9558861091000068      -0.2164933989839906
     83.0802077936999979      37.5196608297000012      78.8740810688999971      -0.2175999740930994
     80.1508464278000048      36.4772995892000012      77.6303803021999954      -0.2196599787484548
     81.9921991196000022      35.3048995114000022      78.8186873989999981      -0.2148516601632746
     78.7820850366999963      34.8935465209000029      78.4942931285000043      -0.2227799565012543
     83.2868874902000016      35.3257740143000021      80.2478777640999965      -0.2163147813504320
     84.5360525942000010      40.4896135205000007      83.7894641255000039      -0.2100512853736021
     83.7881491156000067      39.2043673734999985      80.0899231379000014      -0.2224201450029213
     82.0622174370000010      41.0865541926999995      79.4937696016999951      -0.2424541918025405
