233
     63.5508368802999968      25.8948131962000012      75.8870277282999979      -0.1338390758456462
     63.4050330542999987      25.8589160653999990      71.8062321673999975      -0.1296508802532070
     62.7592044678999983      26.8936399273000006      73.8432437602999983      -0.1299192872606110
     65.3965153579000003      25.9469546788999992      77.6883109876000049      -0.1558051433806522
     64.1338698166999990      27.2905300691999990      77.0504319978000041      -0.1473190470896846
     63.6745860238000034      24.5887615970000013      74.0612117630000029      -0.1273695936819710
     62.7648491463000013      29.3985446139999986      74.2869231461999959      -0.1407933801324059
     65.2786543700999999      29.8934995390000005      77.5574286696000001      -0.1750534101119179
     63.4981295357999969      29.2041592198999993      76.2498163785000003      -0.1483722270758783
     63.9410360317000013      31.5476769951999998      74.1497210227999943      -0.1597186559882520
     63.0841667752999982      29.8434859145000004      72.1742206634999945      -0.1448552150081337
     64.4884103990000028      31.2103816326000008      76.0101977186999989      -0.1658288251655691
     65.0045294545000019      23.8201550815999994      75.7369016657000032      -0.1361173676798284
     65.3252799132000064      23.0711059646000010      73.2988399165000004      -0.1318991595245453
     67.3718439185000051      24.5813884252000001      77.6621438284000050      -0.1708094228219927
     66.9265055970000020      22.9602990604999988      75.7588952993999953      -0.1478275658897168
     65.1926000059000046      31.7321934094000007      70.7828064788999995      -0.1742204959414853
     65.2945623993000055      30.1283034209000000      69.3368725769999941      -0.1671333874837835
     65.2578900522999987      28.0328834666999995      68.9527160971999962      -0.1560213622561442
     63.7911915609000033      29.4673234945999987      70.3851829326000029      -0.1492204101639132
     63.1281972609999968      27.8845141719999994      71.3005399790999945      -0.1367381922276660
     65.5942563951000039      32.5990557351999968      72.4512968849000032      -0.1835662469311696
     64.1827271199999956      26.6766629659000003      70.1040953682999941      -0.1395696644019555
     68.7080635167999958      23.3724569335999988      76.3938962790000033      -0.1709657951971391
     65.6298563174999998      23.1931363698999995      71.4039612691999963      -0.1334536993017803
     66.5600390614000048      25.3181613890999984      68.7518511085999933      -0.1499394670211132
     64.7577886100000057      24.6211932293999993      70.4700668905999947      -0.1337332771018680
     66.7299871365000001      23.6231394401000010      69.8461447362000030      -0.1419761555391954
     68.9584973205000011      22.6034424809999983      70.7553609061999964      -0.1516177644242358
     68.7513333092999943      22.1001655519000018      74.0305892938999932      -0.1535992016819723
     67.2714510716999996      22.2627565642999983      71.9988820235000020      -0.1403425023748994
     69.2717871156999934      24.0890351864999985      69.1903261373000049      -0.1620751339402187
     67.5282448653999978      27.9804849305999994      82.5542360604000010      -0.2145535413138422
     69.5114356863000040      30.6014597662000014      84.7488904453000060      -0.2339501238418222
     68.0736485583999951      30.0896966940000006      83.5986669667999962      -0.2250413187288096
     67.4242918876999937      27.2401004071999999      80.3056423184000039      -0.2139156438441336
     67.1766728741999941      29.8119799553999982      81.5235958571000054      -0.2227723189518400
     70.5792605624999965      24.0221586535999982      79.2732853602999938      -0.2175268451071002
     69.0122229302999983      24.6661283134000016      80.1456001055999963      -0.2065984252699060
     68.7187197413000064      25.9109192069999992      83.4799036084999955      -0.2018150995169226
     68.0230266956999969      25.7783995174000005      81.4828304304000000      -0.2046563953269285
     69.8624582016999938      24.3909656217000013      82.8538273069000013      -0.1983118133036879
     72.6557912030000068      28.2766952417999988      85.9607352255000023      -0.2215245369022441
     71.0699220672999985      26.6805051276000000      85.5628026976999934      -0.2050248454784178
     68.8264077076999996      28.1949383552000015      84.5113503004999984      -0.2160084090717813
     70.5185693659999941      28.6542394730000005      85.6289778538999968      -0.2201619364364618
     71.5457212266999960      24.7277902271000016      84.4522260611000064      -0.1974020893687332
     74.6896714394000014      25.1416956997999996      84.0776562145999975      -0.2091337190556359
     73.7590407378999942      26.5428339959000006      85.4604778506000002      -0.2103262912004649
     73.6108268818999960      23.9216545019000009      83.0587794401999986      -0.2051072950998378
     71.9247198099999991      23.4058603084999994      81.7093821578999950      -0.2055438468231650
     75.6865185061000005      27.3760945550999999      84.4856726714999979      -0.2285342894317761
     68.8400408809999931      32.1501450952999974      83.3526577450000019      -0.2373976812343574
     69.9901806585999964      26.3083784662999989      68.3707295664000014      -0.1855038989049014
     67.6078300868000071      27.1065987875000012      68.2230184324999982      -0.1726976824694226
     67.4023445799000029      31.5074308899999984      80.2919265613000022      -0.2265864900105399
     68.2919413207000048      32.8673386741999991      81.3887024205999978      -0.2341053621228397
     65.9827874797999954      27.7491403765999998      78.5047684106999952      -0.1795425735761480
     66.5834782509000007      29.6612568018000005      79.4092278786999941      -0.2061681563835727
     75.3574751716000009      24.4513880348000008      82.0580319230000015      -0.2209378250958878
     73.6349501923999981      23.4932197619000007      80.8584631917999985      -0.2202185028308801
     76.6790289923000046      26.1173410220999997      82.0394114153999965      -0.2360822012905786
     66.1818762062000019      32.7645396675999976      79.2814543287999953      -0.1913481351256543
     65.3703239440000061      34.2370044131000029      77.6554862084000064      -0.1715434622339203
     64.9073231881999959      33.5572125488999973      75.6641144150000002      -0.1683528678671262
     65.1993057745000044      32.0696449803999997      77.6091320700000011      -0.1764214546419574
     66.5203229708999970      36.2163226863000034      77.2939243300999976      -0.1727473856082291
     70.8930602991000001      23.4860820709999985      77.1855664323999946      -0.2040751899280870
     67.8600086665999953      32.8777374163000005      70.2425211159000042      -0.2049827650311009
     69.6658637108999983      36.2578933152000005      79.5140620751000000      -0.2115754885007206
     67.8329487860000029      35.3975014122000005      79.7137001117000068      -0.1965039700597764
     65.4954930276999931      34.5462409522000016      73.6089927067999952      -0.1706572073387242
     65.9935405452999930      36.1284363703000011      74.6397052545000008      -0.1669760480395528
     68.0700447400000002      31.5148377504999999      68.6751223986999975      -0.1960479085618445
     69.8628947299999936      32.5001605857000015      69.5481037578000070      -0.2222732595972552
     68.0244194012000065      35.9851246974999981      71.7004027907999983      -0.1860262617729589
     68.6931949543999991      37.7574594291999972      73.7147015984999996      -0.1801727663222188
     67.3035725080000020      37.3806100060999995      75.8379105746000022      -0.1715238216473658
     69.2670752678999975      34.3729638009999974      70.6468955489000052      -0.2128285097184079
     68.8246456021000057      29.6856290756999996      67.7556103481999941      -0.1910136040632668
     70.8113646980000055      30.2644316342000010      68.2104802820000060      -0.2126388959183352
     69.9338964425000000      28.1533057360999983      67.7634326926999933      -0.1927064734535193
     69.0519836845000015      38.1144805476999977      75.7177786066000067      -0.1810620457831060
     69.7531227672999989      37.6565823072999990      77.8427499950000055      -0.1932921743988576
     71.6287034088999945      36.6780130220999965      78.8036958432000034      -0.2284714823056984
     71.8679354172000018      27.9891036902000003      68.5668526390000039      -0.2131400260667018
     70.8011420659999970      32.1900207361999975      85.3796320623000042      -0.2317030237081870
     70.0482867316000011      33.6622615945000021      84.1460904813999946      -0.2299759536499444
     71.2979467364999948      35.1197026987000029      84.3183853527000053      -0.2250181806348550
     73.1834428030999931      30.6305940989999996      86.2690442935000021      -0.2301593561055135
     73.7713800923999941      33.0154121241000027      86.4340108035000014      -0.2238966006931342
     73.2874150753000038      34.8381242557000022      85.5492003135999965      -0.2255345277726875
     70.1966762714999959      35.7246534598999972      81.6501383055999952      -0.2247633572496834
     77.7246046662999959      28.4653407698999992      82.7441221818999963      -0.2458499254036024
     76.1465110432999950      29.2971256818000008      85.4922026131000052      -0.2285849105204605
     78.0322953675999997      29.8803938755000011      84.3688863024000000      -0.2345010905301184
     75.5723055226000042      32.2918723609000011      86.5044814606000045      -0.2224073659852408
     77.3423818198999982      32.1410556197999995      85.7174647724999943      -0.2274305549724129
     75.9258174289000038      34.1735860112000012      85.8616948077000046      -0.2267601106439781
     73.6875526885000056      36.3464394902999999      84.1811877349999946      -0.2278681372189837
     73.0538082148000001      37.4186906974000024      82.2999134508000054      -0.2210687472545896
     71.5607332807999938      36.9934109390000003      80.9661277044999963      -0.2221724095929076
     74.9790919237999987      37.3111191202999990      82.7951503059999965      -0.2269210357964546
     75.8154767869000068      37.6034416743000008      81.0406369125999930      -0.2303745174616996
     74.0277273375999982      37.5861234487000004      79.0576427950000067      -0.2303995079822894
     79.0622955308000002      33.5800968022999982      84.1568519425999995      -0.2271135316431767
     77.1320740854000064      36.4188955129000007      83.6665687155999933      -0.2248356046135402
     78.6395610651999988      36.0165354195999967      82.3704074892000051      -0.2280683805670431
     72.8177627379999990      22.8371071661999991      77.1837446299000050      -0.2123033197426611
     71.1412545116999979      22.0456850117999998      75.7406331283000043      -0.1774718670599320
     72.8261934750999984      21.1074577784000006      74.6083509549000041      -0.1697903198189508
     71.0782126704000063      21.3539158907000015      73.7588731027999955      -0.1610494414482702
     70.9063203652000027      22.9238872841999992      69.7462187965000027      -0.1602041306071254
     70.7917504374999993      21.8120166297000004      71.3525159218000056      -0.1554949742230090
     72.1136642020999972      25.0256527061000007      68.3955149446999968      -0.1777633257536930
     74.8298080160000012      22.1109712535000007      75.9367198048000063      -0.1994747126790060
     76.2987957059000053      22.2287608287999987      72.3032164310999974      -0.1772881227431800
     76.5475355861999986      22.8880262338000016      75.1017228064000051      -0.2088359593347562
     75.5568028580999993      21.6206481008000004      73.9711674580999983      -0.1796786257777097
     73.5807681662000022      21.2950063040999993      71.1804643808000037      -0.1580819970703171
     72.8835751805000029      23.0132594027000010      69.0685743510999970      -0.1626903594385745
     74.8645920629000017      23.0318254839999987      69.4879148366999999      -0.1681585818958951
     74.0185254162999939      24.5585397808999986      68.5006131553000017      -0.1767684496755191
     76.5386999217000010      22.5769810265000004      77.9593422242000003      -0.2096880781360078
     76.5621098370999960      23.5591645049000000      80.1493275331000063      -0.2171000178905160
     74.0405591580999953      22.8368515352999992      79.0611812212000018      -0.2179699504775066
     78.5517452372999969      25.3288659064000008      80.2272809699999954      -0.2240060018363064
     79.2004771065000028      24.3063789545000013      76.0725676354999933      -0.2171008810169699
     78.5279575098000038      23.6115600112000017      78.0087298069000070      -0.2120657917284134
     71.5208037345000065      39.0521917869999982      76.2151040863000020      -0.1905704167493347
     75.1384197841999963      38.4669088731999977      77.5884217054999965      -0.2169295589414926
     73.5992852148999930      39.4179893549000013      76.5237006094999970      -0.1983777633831458
     72.2840160778000040      38.2723934943999993      77.8816599767000071      -0.2064195845011891
     72.5737293919000024      33.7885457530000011      68.7456181924000020      -0.2333887581680383
     74.6837372767000005      39.8288338655000018      74.8316752252000015      -0.2029902757916755
     77.2224524639999998      37.5998079721999972      76.6147212871999983      -0.2351572624253215
     76.3447439876999994      39.0183954386000025      75.4924850092999975      -0.2199290386651889
     72.1475488315000035      39.7612878218999981      74.2767662846000007      -0.1878582409184943
     70.4112688748000011      38.2875301306999987      71.2259380636999992      -0.1869506811775352
     72.4720554677000024      39.6185343483000025      71.4166921535999961      -0.1927680257323079
     72.1380570822000067      36.3228368126000021      68.7704493176999989      -0.2133351980767646
     69.6489407273000012      36.4747487189999973      70.7941717721000003      -0.1959907026254566
     74.5060957919999964      39.7952366417000007      71.7837023140999975      -0.2122271254639010
     73.1805190545999977      38.6911491430999988      69.8279739526000043      -0.2093504394838774
     80.1903275048999973      36.4117440392000020      80.6691150646000068      -0.2102093091947275
     73.7176971324000050      30.4095827639999996      68.0026592437999966      -0.2257301052216807
     81.2096822534000040      34.6219507719000035      82.1103663202000007      -0.2035813318765065
     77.3041795431999930      37.6840636012999965      79.1841235039999987      -0.2250684288540636
     80.3748146841000022      27.1112221598999987      80.6317853526000050      -0.2160794390170864
     78.5854229125999950      27.1953154698000006      81.4850739860000033      -0.2331600868633412
     80.7226552512999973      32.1296037975999980      83.4178350008999985      -0.2097439204354608
     79.4921774690999996      29.4541789423999987      83.1247886589000018      -0.2246933923003827
     81.8219460050000009      35.4069835518999980      80.0826274671999983      -0.2026333168409131
     80.4136653041999949      37.0687223629999991      78.6256336147000070      -0.2108527043000450
     80.5166582113999993      36.8301185764999985      76.3502460193000019      -0.2304961763975193
     82.4428474409999978      31.3370070723000005      82.0929425971000057      -0.1947650372730365
     81.5419547219999998      28.9858714205999988      81.7691304559999992      -0.2036446195971369
     82.8422866691000053      34.5121163041999992      78.4996575156999938      -0.2070235739313979
     83.7788453846000039      31.7978274387999988      78.9862291289999945      -0.1989016923814972
     83.4374889581000048      29.9352775469999983      79.0318092011000033      -0.2006595880604696
     82.8971531666000061      33.5459354937000001      80.8177981145999951      -0.1943283703766667
     83.3346519086999962      32.8663929555999985      77.1400206297000040      -0.2206184363488788
     82.4902591984999987      34.8007219121999967      76.3031339144999947      -0.2318224198163232
     81.7979409458999953      36.0492504808999996      77.5851057431000015      -0.2148868390827161
     74.3145165569000028      28.2925796560000009      67.2517536352000036      -0.2010213076561307
     75.5136818012999953      29.7580268988999990      67.0859804394000037      -0.2119870963201418
     79.5334430667000021      23.9886979433000000      71.5651556204000059      -0.1857546863398234
     80.7649135685000061      25.3300478769999984      70.9978792104000007      -0.1944161130297690
     77.7432098249999939      23.4421900138000012      73.1521002949999968      -0.1972781555664671
     77.4869007255999946      23.3779845293000008      70.3186447509999937      -0.1761554959647658
     79.6047388498000004      24.4447642951000006      73.6819320314999970      -0.2043491315276214
     81.3156104586999930      26.1904690440000003      72.8972470573000066      -0.2140065703600236
     80.2285657837999935      27.1707009831000015      68.1960900982000027      -0.1985580281451362
     77.2817407076999956      26.2859768504000009      66.9215079641000017      -0.1790345122337413
     80.1577510183000044      25.4743010311999996      69.1936691718999981      -0.1856425122015004
     76.7404616821000047      24.6835884097000005      67.9251284255999934      -0.1730991768759118
     76.6590297660000033      28.1005205822000015      66.5727541625000043      -0.1920099769945942
     78.5690608045999994      28.0860275470000005      66.9319716302999979      -0.1964928536503603
     74.7215445748000064      26.0248869226000004      67.5149479633000027      -0.1833232949763541
     78.5643973238999962      25.2308262059999997      67.9154346022999960      -0.1761147801401357
     83.9476929717999951      30.5658688060000010      76.8980435269999987      -0.2110848992835237
     82.4690835211000035      28.0391161454999995      79.7766971867000052      -0.2000081266237732
     83.7342216419000067      28.1844899377000004      77.6516445686999930      -0.1956774794716853
     79.7811443063000070      25.0255292597000008      78.3400253277000047      -0.2162158479403171
     82.3864707178999964      26.1146191503000011      78.0370248970999967      -0.1945102276691451
     82.8608238159000052      26.2290756495999986      75.2770161937000069      -0.1974575462234007
     83.9364553860000058      29.1940738535000008      75.1448597667999962      -0.2159934074424772
     83.1879175100999930      28.0848123805000007      73.7333244334000000      -0.2228152920948165
     81.1647976273000040      24.8883940310999989      75.8713777294999971      -0.2004348123269377
     77.1257086022000067      40.2522193523999974      71.5100813412999941      -0.2186762314463362
     78.6299743959000068      39.1744569423999991      74.8486847968000006      -0.2215755028947530
     79.2123175395999937      39.9618987954000033      72.5879310092000054      -0.2177274204549988
     76.0291751894999948      31.5307681700000018      66.5374342982999991      -0.2157869083798847
     74.8704503839999944      38.7943295405000015      67.6427621665000061      -0.2026882029148727
     75.7657280149999934      39.9931424506999988      69.8824869360999941      -0.2126543135257783
     77.1195830461000043      39.4483142783999980      67.6818708044000061      -0.2038561929669953
     79.1709941614000030      39.0185027323000000      67.9707389275999958      -0.2124787774616195
     82.1711285053000040      36.3026375919000017      73.9961019477999997      -0.2454462180980492
     80.4573401135999973      38.8715424821999989      73.8926001828999972      -0.2224217356875346
     78.4022333924000066      40.0354609980999996      69.7919326762000054      -0.2155493717308659
     74.4480662125999970      36.9925490468000007      66.3059250375000033      -0.1981966586102093
     80.5706438412999972      35.4423861380000034      66.6173454564000025      -0.2201966391451435
     75.8872166320000048      33.2975297158999979      65.5573424765999988      -0.2039019256313708
     73.6848900465000014      32.5695979763999972      67.6418182946000002      -0.2259753868376801
     77.9057955913000058      34.0867849760999988      65.2262581131000019      -0.2027772663048442
     77.9845137528999999      37.6865596398999969      65.9130557269999997      -0.1983738060848239
     75.1433651719000011      35.1776955967999996      65.4437023196000069      -0.1971917441097428
     73.4434491920000028      34.8864229447000014      66.7296077916000030      -0.2075476734661592
     78.9834956441000031      35.6515846953999969      65.4805643166999971      -0.2030003658245256
     81.2366148687000020      38.8347943642000004      71.0957747718999968      -0.2228955900561012
     81.9301999160000065      37.8740722949000030      72.6364196305000007      -0.2298571381843022
     82.2967839323000021      37.1846383812999974      70.6373083066000049      -0.2361046201549151
     81.2144274518999936      37.6088890811999974      68.4991799871000069      -0.2248786449648943
     83.6852423132999945      28.7584449657000008      71.5581382972000029      -0.2245081493756071
     83.4698399947999974      29.0210364259000002      69.4764220058000035      -0.2133835426836477
     82.3558814950999931      27.4822372709000007      71.1159887570999985      -0.2203664908600267
     82.0474936483000050      28.1039798251999997      68.4442889169000068      -0.2042665177771017
     84.3143622077000003      30.3157071472000013      72.9639702093000011      -0.2331357859086420
     84.4852110236000016      32.5009341721999974      73.5774432877999942      -0.2356919325486952
     83.6437684561000054      34.0997901417999998      74.3238586134000059      -0.2427828449613081
     83.5742584516000022      35.2093288646999980      72.6087270352000047      -0.2440609928430000
     83.5481664194000047      30.7176667791000000      68.0897245596000005      -0.2091843559809377
     80.4192757118999992      28.4911510087999993      66.7472757432000066      -0.1938312716401835
     83.2191642341000062      35.4065409411999994      70.1435110345999959      -0.2413770600021312
     84.4261867733000031      31.3875412796000006      70.0396861884999993      -0.2251558040457677
     82.2666057611999975      32.5651010965000012      66.3209357264999966      -0.2008616636585696
     79.0969726154000057      32.4157245435999997      65.2506185159000012      -0.1985886214525880
     80.8420805094999935      30.6815482778999993      65.6033316455000062      -0.1908163677193020
     77.5911937550000061      30.7732402016999984      65.6543537119000007      -0.1987605703009088
     82.2639171755999996      29.9980450044999998      66.7125848137000048      -0.1955128902823038
     84.6720922730000041      33.1738548459999976      71.7009122295999930      -0.2325669804545960
     83.3534930050000042      33.5456206818000027      67.9564620799000068      -0.2174682927415237
     81.8949717512000035      35.6805301746000012      68.3943474870000045      -0.2398267677530335
