233
     69.3534820878000033      35.4029159076999989      73.1167007986999948      -0.1304255071315374
     68.2602906312999949      34.3132236084000013      69.3360999334000070      -0.1260656106884035
     68.1434768622000036      35.9035751125000004      71.0951624393999992      -0.1252818513507830
     71.5685171637999957      35.7447901378999973      74.3936545096999993      -0.1513594507736311
     70.2402854441999978      36.9908909620000017      73.6940893353999940      -0.1422503289952353
     69.0025012156000059      33.6584010094999968      71.7425942646000010      -0.1253297854954187
     68.3406984273999996      38.4242430533000032      70.8145068936999991      -0.1335606251976564
     71.5628096263999964      39.5110521360999982      73.2013979468000002      -0.1680983217942185
     69.5035544777000069      38.6804222909999993      72.5496073683000020      -0.1416142199022890
     69.5277180012000002      40.3367840677999965      69.8376847995999981      -0.1506065728733450
     68.1747934811999983      38.2665599656000026      68.6440092819999990      -0.1367155401518509
     70.4810046524000029      40.4470718911000020      71.5563591587000047      -0.1577249541698134
     70.6580908476999952      33.2297340257999991      73.2401622068999956      -0.1343217509085424
     70.3756695736999944      31.8403005991000008      71.0959109374999940      -0.1311796483259489
     73.4339842352000005      34.2339444877000005      74.3246845020999984      -0.1658628090728289
     72.5007723220000031      32.2222497014000027      73.0874248189000042      -0.1460357057645680
     69.9665975369999984      39.5093272717999966      66.3650385120999999      -0.1650738504219564
     69.6723852779000055      37.5805443575999973      65.4340068854999970      -0.1597466312682769
     69.4733237969000044      35.4716496672999995      65.6634487267999987      -0.1504427185479962
     68.4320707534999997      37.3674997313000006      66.9213551331999952      -0.1416789178057307
     67.9449947069000046      36.1524954327000003      68.3598428095999964      -0.1305949934475521
     70.7760678438000070      40.7396358648000003      67.6010550856999970      -0.1734778386843736
     68.6486298203000018      34.5763005888000023      67.3484453072999969      -0.1349402970950120
     74.3946279198000013      32.6103841552999967      73.1859722596999944      -0.1672318467725820
     70.2347599212999967      31.4311183312999987      69.2221613182999960      -0.1326199222502531
     70.5962425749000033      32.6854494262000017      65.9494493895000033      -0.1480890285495331
     69.2201740098000045      32.6426065216000012      68.1382245191999942      -0.1316236814372154
     70.9563839152999947      31.3282572970999986      67.4081433390999933      -0.1412244063758994
     73.2979261929999950      30.3698909629000013      68.0649745985000010      -0.1517194054971327
     73.8414673241999964      30.7652800657999990      71.3163675434999931      -0.1523794006378054
     71.9358645316000036      30.5334563573000004      69.6856445527999995      -0.1400168644731377
     73.2904238858999975      31.3554482830000012      66.1199577618999967      -0.1625059777252869
     74.8451089399000011      38.7642068680000023      77.9297274351000056      -0.2049362573567954
     77.3760662991000032      41.6620634865000028      78.8329132715000043      -0.2286070287690780
     75.6928249357000027      41.0096989840999981      78.2058037225999954      -0.2195822460035082
     74.1943544734999989      37.4742245978000028      76.0515331832999948      -0.2038367886588084
     74.3280919092999994      40.2868457192999969      76.5317072500999984      -0.2179251857493085
     76.9065970216999943      33.8060225607000007      75.3013521843000007      -0.2037623500021351
     75.6094907946999939      34.8059457092999978      76.2754702526000017      -0.1942263807879261
     76.1445845172000020      36.9035575309999970      79.1157039919000056      -0.1899154242846475
     74.9987597938000050      36.3208903011000004      77.4312348875999987      -0.1929431158358614
     77.0567130329999941      35.1684811096000018      78.7059485951999989      -0.1856097528829057
     80.6320907239999940      39.4405768574999982      79.9389745633999951      -0.2114395911655027
     78.9418245722000052      37.9586784713999990      80.3490131009999971      -0.1937216166197544
     76.5700445266000003      39.3562269274000016      79.4249273070000044      -0.2057130723208118
     78.4910632378999935      39.9248375311000032      79.9815501907000055      -0.2101756564117157
     79.0767085278999957      35.7463691470999976      79.7487177067999937      -0.1853052865649012
     82.0596151017000039      35.7385445438000033      78.6093097914999959      -0.1980734060660314
     81.5266154002000007      37.5370571277999971      79.7150771754999994      -0.1998167120740657
     80.7308016071000054      34.4055338379999966      78.2247930303000061      -0.1923687836694938
     78.7597048865000033      33.7213526442999978      77.4654857501000009      -0.1917346607941717
     83.2023046702999949      37.8933514272000025      78.1578813991999937      -0.2201190650024181
     76.4531104068999952      42.8486014499999968      77.2395071498000050      -0.2387756695570094
     73.8761087594999992      33.2012704983999996      64.5826789996000059      -0.1864799284204466
     71.5545532543000036      34.1615931732999982      64.7334400802999994      -0.1704764557557219
     74.3204690075999963      41.5698097857000022      74.8594525026000071      -0.2272983003629339
     75.4884342857999968      43.0760032811000002      75.3186769484999985      -0.2391337390637531
     72.3920297869999985      37.6317714353000028      74.5326493171999971      -0.1730375931493509
     73.2539275329999953      39.6459513221999984      74.7204716102999953      -0.2010758838671460
     82.2139925636000015      34.4812753797000013      76.7662659437999935      -0.2081444102669199
     80.2267742567999989      33.4151964451000012      76.2778163658999944      -0.2049582794668030
     83.5528456642999942      35.9467990847999985      76.0034008017999980      -0.2282299870764550
     72.9434166542000071      42.6311287039000035      73.8258913611999930      -0.1905846366122699
     71.8280607715999935      43.6979684796000001      72.0685137759000014      -0.1699672711716076
     70.8903916863000063      42.5686375271000017      70.4913528507999985      -0.1638138454458300
     71.5745509319999940      41.6216547451999972      72.6630698021999990      -0.1721140807822596
     72.9313919862999995      45.3912309689999987      70.9342968858999967      -0.1731175118775372
     76.7065165979999932      32.7135569909000026      73.4276111398000069      -0.1944250800026950
     72.4736069499000024      40.2070549793999987      64.9695715084999961      -0.2019461435689127
     76.5068838525999979      45.7057782102999965      72.3278837034000048      -0.2162907540301582
     74.7416404693999965      45.1110494160000002      73.1463702050999984      -0.1993361875673916
     71.0183907483999945      42.9221623816999980      68.1662114365999940      -0.1666660739563337
     71.7982844304000025      44.6626992622000003      68.5858055725999947      -0.1657237490557861
     72.2646521040000067      38.4672578229999971      63.8347617816000010      -0.1941559326322579
     74.2451292867999939      39.4669497069000030      63.9947458274000027      -0.2250351065011849
     73.0825556390000060      43.5564522537000016      65.4375725514999971      -0.1860474235761238
     74.2641170834999969      45.7206384760999995      66.6889883000999930      -0.1815121815378511
     73.3946736362999985      46.0509788561000022      69.0798094378999963      -0.1723167584541194
     73.9880360094000054      41.6111693994999996      64.6318965717999987      -0.2143880990250331
     72.7193450269000010      36.3963703107000001      63.3193895807999994      -0.1906476410192646
     74.7765296073000059      36.8772550465999984      63.1590359176000007      -0.2151164447550684
     73.7451239751000003      34.8189138120999999      63.5141252422000022      -0.1935963618723022
     75.0918371587000024      46.5533246219999981      68.3889954153000019      -0.1833977003070384
     76.2518941369999936      46.6021222548000011      70.3558855524999984      -0.1970646821961317
     78.2639315108000062      45.7312674799999996      71.1253886907999942      -0.2349499185127026
     75.8060425345999960      34.6829351893999984      63.8976316737999994      -0.2135884323785504
     78.8324411411999932      43.2265743781999987      78.7064954014000051      -0.2295123120967624
     77.8655005489000018      44.3903111770000010      77.3041218115999982      -0.2319709831544703
     79.1715766157000047      45.7126991614000033      76.7933130911000035      -0.2274785464818816
     81.2997840098000069      41.7298073460000012      79.4615649185000024      -0.2242577682822180
     81.9937810706999954      44.0052691917000018      78.8284119459000010      -0.2225401790543557
     81.3817417723000034      45.5706236198999974      77.5977760669999981      -0.2271711614665097
     77.5013315755000036      45.7017857406999966      74.3625792991000054      -0.2299542573186990
     84.8159892040000045      38.2836701032999969      75.7878762984999952      -0.2464481840220660
     83.9515438565999972      39.9565812227999970      78.4689757569999955      -0.2238336249518120
     85.5433065237999983      40.0380105910000026      76.8509878994999980      -0.2345774924218436
     83.7349168199999951      43.1531879360000019      78.7091972502000061      -0.2214925341873375
     85.2666207931000031      42.6292626613999985      77.6346292902999977      -0.2289730619364825
     83.9952358231000034      44.7568267465000034      77.5093771833000034      -0.2297575797076465
     81.5053235050999945      46.6211491135999978      75.8123609573000010      -0.2329499706630536
     80.4891976602999932      47.2194723010000033      73.8888107830999985      -0.2272431750293880
     78.7125337009999981      46.6074326836000026      73.0776432719000013      -0.2278992984698665
     82.4718452304999943      47.0579527460999998      73.9698576381999970      -0.2349749047454157
     82.8864806610999949      46.7971147964999972      72.0663476209000038      -0.2400651756411971
     80.6866626663999966      46.4353950678000018      70.5971392240000029      -0.2387323907276571
     86.6255622521999982      43.4339098315000030      75.4052176761999959      -0.2335825039838326
     84.7356825581999971      46.2194432654999972      74.5721097474000061      -0.2334151884166040
     85.8847485833999968      45.3462249677999978      73.1467741242999949      -0.2379324520683230
     78.5537463837000018      31.9020306094000006      73.1934781106999992      -0.1996649706695237
     76.5604271929999953      30.9277233578999997      72.4208179981999933      -0.1715446979411173
     77.9011969889999989      29.5656403101000009      71.2596036781000066      -0.1641177409564545
     76.0132820107999976      29.7503508914000001      70.7702672374000059      -0.1580325836247365
     74.9672904548999952      30.2228484126999994      66.6135378162999956      -0.1600015256676013
     75.1907234375999991      29.5875053743000009      68.4509245477999997      -0.1545513989594784
     75.9003521069000016      31.7688434947000005      64.5066934734999933      -0.1775049426125719
     80.1931902460000003      30.6815578753999993      71.7958584889999969      -0.1879176505947342
     80.7789464046999939      29.6989370072999996      68.0454595854999980      -0.1714970421624304
     81.6955998706000059      31.0410143954000013      70.4301430114999931      -0.1954468964407994
     80.4247441347000063      29.6246825674999990      69.9352855390000059      -0.1720645884643801
     77.8429764819999974      28.7736529849000000      67.8355227461999988      -0.1554344128063576
     76.7342915840000046      29.9379567512999998      65.5303620569000032      -0.1616478958700043
     78.7578847005000000      29.8722076620999992      65.4933892757999985      -0.1662228158310572
     77.7596151136999936      31.1618802485000010      64.3264906610999958      -0.1757587651876982
     82.3414353567000035      31.4921504317999990      73.1945939025000030      -0.1962813348933015
     82.9088008246999948      33.0067886882999986      74.9680750668999991      -0.2045055787865575
     80.1793030989999949      32.2743890348000022      74.6897781719000022      -0.2033097542804221
     84.9230930272999984      34.5319831226000034      74.1236950133999954      -0.2190367618508802
     84.5500491309999944      32.3981036795999984      70.3773137899000005      -0.2047915995312781
     84.3227586817999963      32.3041091605999995      72.5274961095999942      -0.2006888785040513
     77.6401172750999962      47.3428382557999967      68.0655079960999956      -0.1953616039410608
     81.4550936084000057      46.7875142585999981      68.7387643297000039      -0.2247331129118333
     79.7449038652000013      47.5719221399999981      67.8075953679000065      -0.2045707405638062
     78.7423952893000063      46.9563810357999998      69.6790819767000045      -0.2125728267231803
     76.7383316635999932      40.2288615097000033      62.3047824256999974      -0.2391308224113224
     80.4193630115999980      47.4170257829999997      65.8765616122999944      -0.2090595343516934
     83.2231680027000067      45.4963024595000007      67.6208047090999997      -0.2428662859302975
     82.1589099148000059      46.6498906683999977      66.3643152348000029      -0.2263947741679484
     77.8229181887000010      47.4544404212999993      65.9191369147000046      -0.1923432112573753
     75.3730617123000002      45.4095252014000010      63.8429125425999970      -0.1900594913977969
     77.4672834209000030      46.5361425086000011      63.2106391757999972      -0.1981794978144702
     76.4101575817000054      42.7110745633000022      61.7182858363999998      -0.2204687164973880
     74.4676473898999944      43.6303824537000011      64.1048643885000047      -0.1981526918772971
     79.5358055358999962      46.6033261592000017      63.0694201398000018      -0.2202479030857756
     77.7531454875999941      45.1602147305000017      61.8282155347000000      -0.2182417286896410
     87.0096954818999961      45.1283463574999999      71.1114643925999985      -0.2169701071544274
     77.5578429712000030      36.6783080272999982      62.3012814598999967      -0.2302401901822506
     88.2727951221999945      43.6881375518999988      72.7393547819000048      -0.2078448232916781
     83.9038611005999968      46.2425856082000024      69.9862485250999953      -0.2343721890571615
     86.8519893492999984      36.1711750069000004      73.6173268046999993      -0.2197718480484294
     85.3145894216000045      36.6502940609999968      74.7766121373999937      -0.2366296578387335
     88.0159336558999996      41.6854685248000010      74.7597017934999997      -0.2131268368514458
     86.6573877640000063      39.1601831271999998      75.4912321125000005      -0.2273564009602271
     88.4233854046999994      43.8506307618999998      70.4912918943000051      -0.2059684562811253
     86.7741137363999968      45.2017533040000004      68.9675358984000013      -0.2165582373279324
     86.3359580614000066      44.3662945379999982      66.8806827004000013      -0.2343501199403430
     89.3512561650999970      40.4092834551000024      73.3701421205999935      -0.1961908704208337
     88.3173081725999936      38.1550948341999998      73.9122547075999989      -0.2061718107950608
     89.0148382343000009      42.4769708538999993      69.0383919196000022      -0.2076922983739387
     89.9425366369000017      39.9070499496000011      70.0464298289000027      -0.1981892157012251
     89.5556468900000056      38.1641111295000002      70.6790232570999990      -0.2003483792579672
     89.5738387466000034      42.1515111383000018      71.4657126498999986      -0.1955198659889863
     89.1186649986999981      40.4925122018999986      68.1161201631999944      -0.2181281440445577
     88.1714356377000001      42.2127892323999987      66.9766420320000009      -0.2308198954874943
     87.8411746990999944      43.8150778469999977      67.9792281017000022      -0.2175747111683517
     77.8882937632999983      34.3907076061000012      62.0574753801000014      -0.2031318780013169
     79.0668581901000067      35.6371151091000016      61.2386543460999988      -0.2172764126517190
     83.8128746865999972      30.8793096212999991      66.1727461456000015      -0.1810419625740547
     84.9249641301999958      31.8981938219999996      65.0054099377999961      -0.1912410703760816
     82.4232298505999950      30.9453463233000008      68.1942618542999952      -0.1881720903746231
     81.5120879114000019      30.1661620908000003      65.6133745422999937      -0.1730581712465273
     84.3911600946999982      31.8649634673000008      68.0133695353000007      -0.1953249758548488
     85.9328155369999962      33.1682693484000026      66.4274976869999989      -0.2074954646014966
     83.8162763923999989      32.9835003116999985      61.9857052576999976      -0.2016524875508061
     80.6243215531000033      32.0878445163999970      61.6690043935999981      -0.1809892441259553
     83.9198584125999929      31.6231525112999989      63.4058024949000014      -0.1853452231303265
     80.2753982564999973      30.8652868263000002      63.1695012968000000      -0.1730185508986093
     80.0019726408000054      33.7993929869999974      60.9724049751999999      -0.1958697868272363
     81.9414098862999936      33.6930801155000026      60.9035097662000027      -0.2014791600823980
     78.2651076182999930      32.2427351291999997      62.8458908493999999      -0.1835976608736445
     82.0650893891999971      31.2100146380000005      62.6177107689999985      -0.1767842955414771
     89.5769078394999951      38.1605067121000019      68.3963834686999945      -0.2079491407291716
     88.7209950177000053      36.6334115434000012      72.1102501052999969      -0.2011862955631685
     89.4608552579999952      36.0925072655999983      69.8086015612000068      -0.1936954810108080
     85.6677513962000035      33.6260854781000020      72.1769021576999990      -0.2098121905477548
     88.1676842935000025      34.3378611310999986      71.0326282875000032      -0.1920443347848693
     87.9900610425000025      33.6780988491999977      68.3143709585000067      -0.1923086597733139
     89.1093290379999985      36.3850902233999989      67.1374683293000061      -0.2105700176571030
     88.0140103237999938      35.0232743441999972      66.2836906121000027      -0.2162072798494243
     86.4328136859000011      32.7123245139000005      69.6064461396999974      -0.1933786521236573
     82.0341504406000013      46.7145241308000010      62.1249728632000000      -0.2286042614388482
     84.2354585374000067      46.4078188794999988      65.2283315236000050      -0.2267737596608068
     84.3027968698000052      46.5144801825000016      62.7677858906000026      -0.2247850453016493
     79.5026996805000010      37.1450085546999986      60.1226133664000031      -0.2229227860863077
     78.8903524209000011      44.5215481318999977      59.3908952831000008      -0.2153632619513175
     80.3242901168000003      46.1720570048999974      60.9640083172999994      -0.2248218899783190
     81.1084122867000019      44.9400267628999970      58.7640704893000034      -0.2176149671410528
     83.1542108917000036      44.4027249933999997      58.7142187275999987      -0.2263544389202146
     87.3771026352000035      43.0813246437000004      64.4677233557000022      -0.2461465251175330
     85.7781035336000031      45.6879623316999997      64.0253463234000009      -0.2269356940035543
     82.8670420991000043      45.9314657147000034      60.3024346436000016      -0.2278717978458307
     78.1049605990999964      42.4825724686999990      58.7293117461999969      -0.2093138098799052
     84.0731115975000023      40.4779363745999987      58.1389285393999984      -0.2330380586269385
     79.1988851087999990      38.5982731009000020      58.7449713824999975      -0.2123783772522021
     77.5181854222999931      38.6607618841999994      61.3710921257000024      -0.2322608892652198
     81.1114513377000037      39.0721229815000015      57.7833277647999992      -0.2129977757276560
     81.4749507942999998      42.7005466791000003      57.4109371667999966      -0.2112618300094375
     78.5158663901000011      40.4462729218000021      58.2763191534999976      -0.2069405575227687
     77.1529105967999982      40.6696443733999971      59.9257322854000023      -0.2160690498790920
     82.2732907699000009      40.5358723876000013      57.3563921487999977      -0.2147736440242252
     85.8829144635000006      44.8436012200999983      61.2492121534000020      -0.2305351908496167
     86.8818183910999977      44.2572423597000011      62.8099837326999975      -0.2341373192312712
     86.7482563913000035      43.0356060201999995      61.0504625211000018      -0.2434299764854053
     85.2134537821000038      42.9882863833000002      59.1622838429999973      -0.2367021750428790
     88.0146288713000047      35.0513962527999965      63.9530777479999983      -0.2212939686785322
     87.3298231491999957      34.7789833100000010      61.9767864072999970      -0.2154516915808724
     86.5746552541999961      33.8400714241000031      64.1779568757000050      -0.2177068996674087
     85.6747788292999957      33.7669394612000033      61.5694091877999981      -0.2077734909367042
     89.0083752040000036      36.8535027145999976      64.7028118574999951      -0.2273950683153654
     89.3944060092999990      39.0956142503999970      64.6344615463000025      -0.2307255569118336
     88.8068766645999972      40.9084588329999974      65.0702431800999932      -0.2386785427026403
     88.3791170350999948      41.5310182114999975      63.1710260603000009      -0.2444658426060240
     87.1429426066000019      36.0368411898000005      60.1905925184999973      -0.2154251541349606
     83.7108748035000048      33.8529350048000026      60.2216203953000004      -0.1993749855759130
     87.4669421488000012      41.1089726722999984      60.8836500581000024      -0.2490332407896059
     88.4739647931999968      37.1052659624999990      61.6427806558999976      -0.2277389777333507
     85.5507795152999932      37.4721597901000010      58.2961526487000015      -0.2102015462393041
     82.2158054453000062      37.3577989213999970      58.0144859850000003      -0.2075553841612159
     83.9327386636999933      35.6148316371000035      58.4519569029000010      -0.1984097452417011
     80.7884125248999965      36.0337275500999965      59.1709942438000027      -0.2058223983171796
     85.5487448961000041      35.1104492333999971      59.3757323458000030      -0.2022672565904333
     89.1628307057000029      39.2316410334999972      62.6502777745999992      -0.2323302449783071
     87.0225424059999995      38.7360292357999967      59.3229130921000021      -0.2269971026026063
     85.7823730466000001      41.0429436841999973      59.4532668713999968      -0.2523575970674692
