233
     70.0727641523999978      38.5853147692999983      78.4013902294999951      -0.1329056180835710
     68.9170824774000010      37.7093087116000021      74.5840019831999967      -0.1262574306264934
     68.8742743182999959      39.2237458261000000      76.4120643319999999      -0.1280511379310632
     72.3062597060000058      38.7798951899999977      79.6771273611999931      -0.1548504499908905
     71.0267550355000026      40.1087695695999997      79.0420534446000005      -0.1465687146414112
     69.6437692922999929      36.9190181692000010      76.9542870472999994      -0.1253719988450808
     69.1732355255000044      41.7442352165000017      76.2412247041000057      -0.1383948336383618
     72.4489864269000066      42.5923051935999979      78.6517509548999953      -0.1729289101583085
     70.3542110360999970      41.8758614823999977      77.9780053527999968      -0.1468059332960987
     70.4327736625999989      43.6481785618999965      75.3414617226000018      -0.1561549012830259
     68.9902367410000039      41.6895840267999986      74.0670644104999951      -0.1409436829263040
     71.3982980353000016      43.6434379482000026      77.0568335796999975      -0.1631208179887604
     71.2878133524999953      36.3574764455999997      78.4203130278000060      -0.1342282074655916
     70.9380488447999937      35.0768869222000035      76.2189825683999942      -0.1285464216640424
     74.1078775433999937      37.1988658169999979      79.5291472104999997      -0.1684060891008645
     73.0868777474999973      35.2835304668000020      78.2109431954999934      -0.1446272078140716
     70.8201323325999965      42.9579244542999987      71.8328901098000046      -0.1689339538601491
     70.4425052957000020      41.0857863044999974      70.8199336238999990      -0.1615225285784181
     70.1583266340000051      38.9786652374000013      70.9577347241000069      -0.1501304450357459
     69.2018995406999977      40.8578576178000006      72.3048305282000001      -0.1442892489687839
     68.6725858471999970      39.6012685820000030      73.6917466486000023      -0.1327741238167714
     71.6854674456999987      44.0983809853999986      73.1163200551000045      -0.1787021390601318
     69.3060062936999941      38.0440000302999977      72.6072602897999957      -0.1345569122584909
     74.9955144505999982      35.5894819091000016      78.3136497112000001      -0.1665234705747700
     70.7711901267999934      34.7570498457000028      74.3300448493999966      -0.1292546057712478
     71.1675250669999997      36.1391279022999967      71.1133013976999990      -0.1447071057603697
     69.8017376159999969      36.0556006249999967      73.3073352650999936      -0.1292482902168750
     71.4789797936000042      34.7052137044999967      72.5084165635000062      -0.1372195957641686
     73.7825109388000016      33.6241786650999970      73.1065980399000068      -0.1472518433928620
     74.3579305295999973      33.8529248267999989      76.3684829359000048      -0.1490734303316863
     72.4363576107000000      33.7712404963999973      74.7420737332000016      -0.1360411438012914
     73.8057506499000056      34.6942775767999976      71.2069090533999969      -0.1579260056229259
     75.7213498376000018      41.5040358964999996      83.3203346837999987      -0.2175317316308440
     78.3733912136000015      44.2536403881999973      84.3329621918999948      -0.2391239837925294
     76.6617371714000058      43.6987358079000003      83.6891697840000006      -0.2288007864453725
     75.0089623340000031      40.3259507150999994      81.3916645122999967      -0.2141193459196984
     75.2602345533999966      43.1068026446000019      81.9941719618000064      -0.2235592562425133
     77.5648409532000045      36.5871108146999973      80.4625261805000065      -0.2141055762834139
     76.3146537625000008      37.5949663620000010      81.4884384876999945      -0.2061702937065153
     76.9493520332000003      39.5413839598000010      84.4145015391000015      -0.2052421764881185
     75.7722646670000017      39.0809274908000006      82.7138261635000021      -0.2063631896202072
     77.7875631741000007      37.7904230931000029      83.9226619015999944      -0.2003041038820186
     81.5410901358000046      41.8546623486000016      85.3181816518000034      -0.2240714585909878
     79.7935695800999980      40.4261423133999998      85.6740699906000032      -0.2088083996039352
     77.4764982832000015      41.9586158473000026      84.8284209506000053      -0.2209551082018280
     79.4219447675999959      42.4233523925000000      85.3965035699999930      -0.2250452296587131
     79.8346952403999950      38.2388898040999976      84.9761474096000029      -0.1996338244264599
     82.8090830505000071      38.1599981764999967      83.8173391785999939      -0.2084644188623503
     82.3557318798000040      39.9280601156999992      85.0047259730000064      -0.2114313374863563
     81.4248649434999976      36.9005165737999974      83.3835623814999991      -0.2041920798008956
     79.4236408651999994      36.3314215317999967      82.6082516341000002      -0.2044266622134057
     84.0368651599000032      40.2843388065000028      83.4534054927000000      -0.2258973548223082
     77.4919393881999952      45.5460860218000008      82.7995705425000068      -0.2417126289595597
     74.4589506397999941      36.5808969934999979      69.7483791891999942      -0.1829035331746365
     72.1794778522999962      37.6273550184999976      69.9569407397000020      -0.1674466667729071
     75.2968957929000027      44.4617123360999997      80.3800571807999944      -0.2251148267339165
     76.5278708948000030      45.8973096833000014      80.8971735931000069      -0.2360242496828384
     73.2070915861000060      40.6237808078999976      79.8934113547999942      -0.1781479838563467
     74.1517310119999991      42.5909124017999972      80.1638095839000044      -0.2041506997846607
     82.9026562619999936      36.9802253427999972      81.9197752425999965      -0.2165466736565627
     80.8710179836999998      36.0186010974000013      81.3983650384000015      -0.2152049425094802
     84.2966410207999957      38.4223145780999999      81.2130675875000065      -0.2315982431035568
     73.9593816887000060      45.6228981598000018      79.4035208697000030      -0.1907415392580880
     72.8799746014999954      46.8109487982999966      77.7023571943999940      -0.1712992355627101
     71.8889949510000008      45.7915950171000006      76.0834299266000045      -0.1668280628695022
     72.5445414389999996      44.7224198003000026      78.2067122766000011      -0.1747514308437275
     74.0461281302000032      48.5063790521000016      76.6362766241000060      -0.1738687054478891
     77.3108599633000040      35.5876355209000010      78.5439429812000043      -0.1971308859164473
     73.3466723091000006      43.6140130016000001      70.4525307819999966      -0.2036614965909997
     77.6383797909000037      48.6131224701000022      78.0181232580000028      -0.2181190902324222
     75.8543307795000032      48.0551569626000017      78.8215847139999966      -0.1993765061209878
     72.0198321503000045      46.2420977463999989      73.7752758814000060      -0.1693837942179304
     72.8724734997999946      47.9291705512000021      74.2657349593000049      -0.1672375956088690
     73.0609634882000023      41.9360590020000004      69.2437337623999980      -0.1945135406171019
     75.0815154231000008      42.8462172312000007      69.4341294182000013      -0.2242859907908983
     74.0946881778999966      46.9118567205999994      71.0632718468000064      -0.1867926767906862
     75.3701453983999983      48.9686682004000033      72.4006447354999949      -0.1820945933875642
     74.5268476672000020      49.2280826145000034      74.8095107519999942      -0.1731132593064562
     74.9156771292000059      44.9688500107999971      70.1667028668999961      -0.2142718232724476
     73.4278426950999972      39.8731933191999985      68.6347066116999969      -0.1896895302819015
     75.5021851579000014      40.2765260477000027      68.4817429506999957      -0.2143004257619729
     74.3890672571999971      38.2482054270000020      68.7529230439999992      -0.1918013566206724
     76.2397225513000052      49.6909582417000024      74.1299924748000052      -0.1840173272902028
     77.4105530422999948      49.6054410503000014      76.0892303329000015      -0.1981418409133795
     79.3890057589999998      48.6201946456000016      76.8060510093999937      -0.2392503049313923
     76.4445599493000003      38.0115861788999965      69.1161224406999963      -0.2126857848586514
     79.8920131577000063      45.7616049941999989      84.2656299822999983      -0.2369673697322181
     78.9666278810999955      47.0246334301000033      82.9223763238999965      -0.2376152507204665
     80.3232486988000005      48.3140333682000005      82.4614012928000051      -0.2344314542272787
     82.2996607859000022      44.1336755509000014      84.9374193706999989      -0.2302852366406576
     83.0831755043000015      46.4047616305999995      84.4002844500000009      -0.2234869076252775
     82.5297003049000040      48.0466336490000003      83.2438620642000018      -0.2294133773888092
     78.6419153270000066      48.4786559897000018      80.0438980663000024      -0.2353262622575301
     85.6534065852000026      40.7130519521000025      81.0919971249000042      -0.2394660701312450
     84.8715640535999967      42.2995676119999970      83.8498734810000030      -0.2218996848611763
     86.4572761528999933      42.3875847771999972      82.2262990434000045      -0.2229092504377892
     84.7873157749999962      45.4885902962000017      84.2319267034999939      -0.2166316502532109
     86.2909092686000037      44.9507606550999981      83.1250134555999978      -0.2166127180901629
     85.1071771632999940      47.1317899276000034      83.1020703964999967      -0.2213998073751071
     82.6873669868000007      49.1691867302000034      81.5055872963000070      -0.2344413670226313
     81.6870800437000071      49.8928763076999999      79.6171363257000024      -0.2310570870259276
     79.8828220524000017      49.3901680788999968      78.7918741935999947      -0.2339573816574578
     83.6618205159000041      49.6473260456999981      79.6775820298000070      -0.2322448422163230
     84.0559649811000043      49.4542578965000033      77.7616790592000058      -0.2358916490262253
     81.8359059913999971      49.2477506886000000      76.2929018330000019      -0.2413793881480508
     87.6706024053000021      45.7972089127000004      80.9240074812999950      -0.2144855942924124
     85.8923539623000067      48.6915091894000014      80.2270361953000020      -0.2214114790354742
     86.9975801020000006      47.8361130683000013      78.7569283012000056      -0.2212385429631176
     79.1220954414000062      34.7127075658999971      78.2618466487000006      -0.2024422544825608
     77.0867117556999943      33.8555067145000024      77.4605853819000032      -0.1715163842401815
     78.3647547919999994      32.4926425872999971      76.2315369937000042      -0.1639700502187793
     76.4835900356000025      32.7755408466999967      75.7635852333000059      -0.1564372254000350
     75.4372220279000061      33.4736112702000028      71.6388351317999934      -0.1568896074229293
     75.6435470210000034      32.7490598989000006      73.4449437617000029      -0.1517473603851922
     76.4223883017999981      35.0719889100000017      69.5957653195000034      -0.1756070006465542
     80.7031879646000050      33.4894898992000023      76.8008348582000053      -0.1889718902063269
     81.2295605855999980      32.6506548285000022      73.0069669675999933      -0.1715356569613409
     82.2122693033000047      33.8475132394000013      75.4421166253000024      -0.1961133127075616
     80.8819972538999963      32.5073808662999966      74.8940513342000003      -0.1722342170815008
     78.2571318034000001      31.8558891857000006      72.7764065797999962      -0.1545233648338780
     77.1856653387000051      33.1651816663000005      70.5322443568999944      -0.1602346376504560
     79.2046554874000037      33.0187806759999987      70.4787227742999960      -0.1658672671415378
     78.2542977301999940      34.3983789936999997      69.3764621244999944      -0.1752484920852346
     82.8897637294000020      34.1492749044000021      78.2193017337999947      -0.1981247906959158
     83.5275203201999972      35.5596364988999980      80.0538084158999936      -0.2076470553337835
     80.7689531237000011      34.9520215009000026      79.7620426091000070      -0.2086865990771649
     85.5984092217999972      37.0373879162999984      79.2637206235000065      -0.2166712197323140
     85.1196387176999991      35.0882437281999984      75.4297160283999943      -0.2044211341709996
     84.8993623129999975      34.9085829102999980      77.5751717426999932      -0.2006070616729652
     78.8165803001000000      50.3895775761000024      73.8243086378000015      -0.1963141358587137
     82.6088883200000055      49.6501274264999992      74.4466563008000008      -0.2255706595604661
     80.9276807866000070      50.5439409776000019      73.5624850035000009      -0.2057756618046387
     79.9100900087999975      49.8875711657999972      75.4118265352999941      -0.2145400380547962
     77.5954287744000055      43.5799601913999979      67.7624820520999975      -0.2330461802422050
     81.5856325216000045      50.4472593483000011      71.6219872415999959      -0.2108560032850857
     84.3169908138000039      48.3386924651000029      73.2610455299000023      -0.2437785812329825
     83.2946791819999959      49.5891019386999972      72.0637436012000023      -0.2293940583241501
     78.9931455977999946      50.5884573693999968      71.6837359200000037      -0.1929025597303031
     76.4512684747000009      48.7388267167999985      69.5362001709000026      -0.1890974165492079
     78.5867372379999978      49.8060865372000023      68.9399364973999980      -0.1970006267199711
     77.3663482262000031      46.0969855905999992      67.2879682341999938      -0.2144596648556192
     75.4750141778000057      46.9881879153000028      69.7257631316000044      -0.1973683658381766
     80.6555484495000030      49.7951585293999983      68.7878150030000057      -0.2202178143232700
     78.8091064322999983      48.4821443136999974      67.4964274307999972      -0.2138752913956399
     88.1025369057000063      47.6628296983000013      76.7064391759000017      -0.2057227579932519
     78.2687170898000062      40.0026109205999987      67.5972667064000063      -0.2299987050502725
     89.3136178797000042      46.1017954390000000      78.2608214134999969      -0.1953409792196030
     85.0394282588000010      48.9512940612000023      75.6523651448000010      -0.2292632689039511
     87.5903245308000038      38.6174595049999994      78.8169018749999992      -0.2128166817051351
     86.0796242023999980      39.1070492823999984      80.0065162897000022      -0.2310574363251039
     88.9849308688999940      44.0238585916999980      80.1928168584999952      -0.1994720091851434
     87.5276839416000030      41.5261122189000034      80.8217400152999943      -0.2163647175764165
     89.4595808525999985      46.3572832656000031      76.0211140657000044      -0.1966271931120378
     87.8595230093999930      47.8405129587999980      74.5694577459999977      -0.2096449074353597
     87.3771444634000005      47.1166995728000018      72.4508890933999936      -0.2304325630949187
     90.2599181087000062      42.7570575144000031      78.7394644617999973      -0.1875338640394428
     89.1371621746999949      40.5250761399000012      79.1888853157000057      -0.1983502285187928
     89.9870234516999972      45.0262771904000019      74.5052303427000027      -0.1996299540352862
     90.8136151734999970      42.3786456640999987      75.3929530661999934      -0.1906986773763073
     90.3587668043000036      40.6266379591000018      75.9508740415000005      -0.1930244643607750
     90.5442575266000063      44.5712935393000009      76.9120480736000047      -0.1870710691646149
     90.0048579439999941      43.0819674190000015      73.4958826448999929      -0.2086199175945129
     89.1232798255000063      44.8881001669000028      72.4396102114999962      -0.2214279712059177
     88.8639409080000036      46.4566002165000000      73.5139150282000031      -0.2104754667939517
     78.5039267567999985      37.7164737096000025      67.2508451669000067      -0.2041948914055585
     79.7285020280999959      38.9488450938999975      66.4796838130999959      -0.2200818081440303
     84.2999809991000006      33.7881641076999983      71.1674977288000008      -0.1820118030572218
     85.4470838639000050      34.8115438925999996      70.0386086286000022      -0.1931225781391586
     82.9242607158000027      33.8212694390999999      73.1993188616000054      -0.1886003829573237
     81.9691531893000018      33.1947387658999986      70.5928814564999954      -0.1737911643291863
     84.9273028988999954      34.6670840191000025      73.0457386621000069      -0.1955434533026672
     86.5131842372999955      35.9753878090999990      71.5083321397000020      -0.2071244403034154
     84.3688305267999965      36.0735829222000035      67.0771356401999981      -0.2092813402706621
     81.1413193263999943      35.3235379418999997      66.7429524331000010      -0.1841435823853246
     84.4236237331000012      34.6486734666000018      68.4352896389000023      -0.1887991235761444
     80.7500388490000063      34.0510408708000014      68.1905492420000030      -0.1744725445376147
     80.5861852201999938      37.0881415608999987      66.1265375746999950      -0.2000165356799837
     82.5192704236999930      36.9060889767999996      66.0399104528000009      -0.2093722392579185
     78.7963055154999950      35.5221737021999999      67.9414503609999940      -0.1842845763525407
     82.5495930857999980      34.3466673319000009      67.6423577194999979      -0.1797382646142367
     90.3685321349999953      40.7231243788000015      73.6701933466000014      -0.1995052340160299
     89.4691998585000050      39.0693999431000023      77.3190025707999951      -0.1944476445095766
     90.1748382200999998      38.6011357762000031      74.9908359517000065      -0.1876829345459274
     86.2956449530999947      36.1889016149999989      77.2739712967999992      -0.2068403750415477
     88.8169369380999996      36.8481918152000034      76.1452220246000024      -0.1876200493574771
     88.5989350931999979      36.3170715214999973      73.4018398741000055      -0.1892345777670936
     89.8223440898999996      39.0256358922000004      72.3375972227999995      -0.2031365672144574
     88.6679120916000016      37.7486458476000024      71.4321773465999996      -0.2112011407343601
     87.0098494372000033      35.3593169216999996      74.6606927546000065      -0.1916173544970814
     83.1516330454000041      49.8461846362000003      67.8322884799000008      -0.2303207615333474
     85.3538988339000042      49.3131446224999976      70.9041859657999964      -0.2300280988986358
     85.4133380980999988      49.5256888461999978      68.4503139594000061      -0.2281111640602926
     80.2202283282999957      40.4856196642000015      65.4281244557000008      -0.2240366551434896
     79.9070729313999948      47.9061137691999974      65.0257346087000059      -0.2085377392546999
     81.4152367284000036      49.4256724752000025      66.6601839883000054      -0.2221245582336788
     82.1372807406000049      48.2612317728000022      64.4029283897999960      -0.2123321591368335
     84.1590685839999963      47.6437963252000003      64.3156489188999956      -0.2226604337662899
     88.3527649179000036      45.8983692656000031      69.9767552160000008      -0.2400843341995031
     86.8597570712999953      48.5849718222000035      69.6602905654000040      -0.2290753890257626
     83.9426777237000010      49.1112271102999998      65.9714767452999951      -0.2270462696271398
     79.0355065531000065      45.9320678971999996      64.2804361526000037      -0.2017846253389024
     84.9134868043000068      43.7141288878000012      63.5620774288000021      -0.2328395752736601
     79.9693918467000060      42.0095542014000003      64.1178255749999977      -0.2091445478240139
     78.3057203461000029      42.0242317817000028      66.7554662154999932      -0.2277386416595437
     81.8949737679999998      42.4471912119999999      63.1650350166000010      -0.2112954340215953
     82.4050133087000063      46.0707184562999998      62.9501510516999971      -0.2055409692250176
     79.3603630385999992      43.9027519963999993      63.7355444744000010      -0.2007873236458426
     78.0159099488000010      44.1082769512999988      65.4023715084999964      -0.2090389121462941
     83.1136904069000053      43.8798612742000032      62.7950438575999996      -0.2117544483890210
     86.9160962458000057      47.8606447505000006      66.8490580707999982      -0.2317215710481442
     87.8978656329999950      47.1656431237000007      68.3757326602000006      -0.2336676532183084
     87.7056196768999996      46.0294705024999971      66.5651243881000028      -0.2420179706104637
     86.1608142482999995      46.1282426014999984      64.6871208796000019      -0.2351807100026111
     88.6581146969000002      37.8797634380999995      69.1051062828999960      -0.2194685350098915
     87.9529195912000006      37.7231320879999998      67.1234247659999994      -0.2194784328841433
     87.1708428033000047      36.7193237102000012      69.2862262243999965      -0.2194493821601871
     86.2557889855000042      36.7983327703000000      66.6831355645999935      -0.2154830913078634
     89.7285882536999964      39.6049853331999984      69.9266392922999955      -0.2196055283378815
     90.2058358608999953      41.8303441178000028      69.9543645092000048      -0.2199916940094901
     89.6952634319000026      43.6445629506999992      70.4734287300999966      -0.2267238981448063
     89.2839551786999976      44.3674089534000018      68.6063713325000037      -0.2351194582394740
     87.8088815719000024      39.0653198158000023      65.3955924409000033      -0.2215515787494962
     84.2903935749999960      37.0237542078000033      65.3537541517000022      -0.2084673647731954
     88.3439084989000065      44.0844324834000005      66.3088703003000006      -0.2451829452392911
     89.1897626962999936      40.0133861654000000      66.8843299796999986      -0.2269911064066541
     86.2674942337999937      40.6466612250000026      63.5769364438000011      -0.2169161425240009
     82.9292782525999996      40.6807727376000017      63.3130860463000005      -0.2121434246736698
     84.5754898524999987      38.8516928267000026      63.6618402325999995      -0.2064674834997611
     81.4545799077999959      39.3660766258999999      64.4198677881999942      -0.2110077148991358
     86.1740333289999967      38.2415606380000028      64.5515796818000069      -0.2107350161842376
     89.9701841326999983      42.0633060632000024      67.9796967797000065      -0.2247708043149093
     87.7948941182000056      41.8029020240999998      64.6483121007999983      -0.2305459800372773
     86.6509697518000053      44.1503818703000022      64.8883992428000056      -0.2526258172252369
