233
     64.7206821818000009      31.8911570013999999      83.3879668874999993      -0.1390040183006853
     65.2295293897000050      30.0582126048000013      79.7745434236999955      -0.1310614910644485
     64.2558872275999988      31.8257537538999991      81.0255364252000021      -0.1348403740364095
     66.2540218732000028      32.8755912223999971      85.2137893903999952      -0.1610759955782424
     65.0960359052999991      33.6974045899000032      83.8758620810999957      -0.1539434887957629
     65.1479745614000052      29.9314473616999983      82.3722661835000025      -0.1294210770597815
     64.1651244645999981      34.2630732765000019      80.3025797080999979      -0.1456362895785759
     66.1185846771000030      36.3416350968999993      83.3231719375999944      -0.1798278394724111
     64.5770951190999938      35.0084539878000029      82.2269298392999985      -0.1542368365759845
     65.3262616868999970      36.2211235709999997      79.3867143253000052      -0.1624517696734280
     64.8135675918999965      33.7607302078000018      78.2800512801999986      -0.1476184362285746
     65.5725499579999962      36.7787612650000000      81.2583827482000061      -0.1694958882916833
     66.2006417654999950      30.0847342958999988      84.3812054626999952      -0.1370491709919506
     66.9146234749999991      28.3710214733999990      82.6031393756999961      -0.1287427032934794
     68.2218723067999946      31.8001198631999991      86.0730360730999990      -0.1722565194895083
     68.1030007317000070      29.4788016589000001      85.0503126234000035      -0.1445190092847817
     67.0980659779999939      35.0105482271000028      76.5002304564000042      -0.1731008920954924
     67.4461409853000049      32.9490205122000006      75.9502017811000059      -0.1652847665344517
     67.4926080823999968      30.9018722881000016      76.5390403021999930      -0.1533642866440079
     65.8012930233000048      32.6963476712000016      76.9634167431999998      -0.1496983402782899
     65.0165726570999993      31.6275820900999989      78.3863290368999941      -0.1388549032438977
     67.2189997060000053      36.5502684563999978      77.6453396348999973      -0.1828193433040788
     66.2610107803999995      30.1063645360000010      78.0125799541000049      -0.1386030573571713
     69.7558525612000011      30.2690482528000011      85.6753247259999995      -0.1657845460651490
     67.5169665696000010      27.6739308508999997      80.9151018305000065      -0.1285710447007595
     68.8375839178000035      28.4880756167999998      77.7515914869999989      -0.1442719313068661
     66.7909821575999985      28.4729170445999991      79.3318852037999989      -0.1306602531955505
     68.8475801164999979      27.4641157681999992      79.4982644969000063      -0.1354374786893917
     70.9122935851000022      27.1286609904000002      81.0657918354999936      -0.1432851805345638
     70.1892922002000006      28.0974567312000012      84.1580449616999999      -0.1456041998698971
     69.0516853966000070      27.2335629700000013      82.0834702976000017      -0.1331649627302642
     71.4566766620000067      27.7975178848999995      79.0631067551999962      -0.1544039676593325
     67.5596750567000015      37.0002835462000021      88.9068810209000020      -0.2238301783677983
     69.1398112284999939      40.4677853330999966      89.9550526797000032      -0.2402920060429956
     67.9096702827999934      39.3900606819999979      88.9664121243000068      -0.2302590052901188
     67.8240596227000054      35.3433307339999985      87.2336334421000004      -0.2226107439190823
     67.3588401019000003      38.1597516352999975      87.1305096658999929      -0.2262671828029301
     71.1359625959999988      32.2631214656000012      88.1919376291999981      -0.2215880301673039
     69.4431730324999990      33.0963499706000022      88.4592027223999935      -0.2150188742752785
     68.6077755360000054      35.6489608730000000      90.8128205640999937      -0.2131203953087972
     68.2416864287000067      34.5989698042000029      89.0091162973999985      -0.2152076293538752
     69.8522494900999931      34.1055724049000020      91.0949636424000033      -0.2084598040172150
     72.0733956983000041      39.1701918755000023      92.4987513366999963      -0.2302242876404144
     70.5878124182000022      37.4396517018000026      92.6381325329000020      -0.2148510445493521
     68.5260108828999961      38.1544227601999992      90.7222793053999936      -0.2262319751152155
     70.0129844843000058      39.1912958071999995      91.7407407604000014      -0.2298065828831906
     71.2548196901000068      35.2428741427999981      92.5919757981999965      -0.2062981919809257
     74.4138536236000050      35.7013372313000019      92.5122296146000025      -0.2130764522368143
     73.2599579976999991      37.4872314690000010      92.9818724161000034      -0.2169105696700431
     73.5242039120000044      34.0759488555999965      92.0051280431000009      -0.2097054239398251
     72.0808330520000027      32.8873765571999996      90.8076932076999981      -0.2114714283198484
     75.3099373085999986      37.9603690560999993      92.0157127541999955      -0.2313757115996538
     68.6845996998000032      41.1881512587999978      87.9370045178000055      -0.2385672666161813
     72.2743162146999936      29.4825246195000013      77.4489412491000024      -0.1804678607000554
     69.9382519746000071      29.9412399942000000      76.6322696025000027      -0.1670866209086164
     67.7613126716999972      39.1555977109999986      85.3170055251000008      -0.2241869431232306
     68.4502862907000065      40.9251662890999981      85.8044388316999971      -0.2307608428716019
     66.6839178787000009      34.8938529241999973      85.2141656948000019      -0.1854057274181642
     67.1128624541999983      37.0502613127000018      85.2453901738000042      -0.2086947283538834
     75.4029146064000031      34.2514970411000021      91.1261954983999942      -0.2200748730814936
     73.9041289970000008      32.7296865057999966      90.2533391094000024      -0.2204405727837955
     76.6934836149000034      35.8406616518999996      90.5506626547000053      -0.2332490283140949
     66.7054032013000011      39.7400369628999997      83.6939203104000029      -0.1905643359764504
     66.1493454297000056      40.2802087868000029      81.4872132649000065      -0.1712677067920723
     66.0175820576999968      38.7614719425000018      79.9646742311999930      -0.1689214454381123
     66.0099261788000007      38.3059867047999987      82.3882417184999980      -0.1777290310106636
     67.3222239026000011      41.9857794806000015      80.4449511689000047      -0.1715340607671099
     71.7849136212000047      30.8930989294000007      86.6278661741000064      -0.1986955478874020
     69.8057861054000028      36.0130867000999970      75.8818320171999972      -0.2032497546122762
     70.0717832297000029      43.2486425361000002      82.8261833459000059      -0.2088266395030285
     68.2393480419000014      42.4189506069999993      83.1319598646999935      -0.1943803214419688
     66.9166821209000062      38.7929944385000027      77.7879171049000036      -0.1702574869915860
     67.2274704988000025      40.7011829658000011      78.0635784101000070      -0.1661649584168714
     70.2775139620000004      34.1227044697999986      75.1319805371000058      -0.1944744711759494
     71.8976531073000018      35.5312802596000026      75.7136436900999996      -0.2224536144616724
     69.7034868281999991      39.4471220141999979      75.8094310320000062      -0.1846255549812650
     70.0236224841000023      41.9704403845000016      76.8939624481999999      -0.1784046055792459
     68.3163265564000000      42.4525000556999998      78.7470251767000065      -0.1701237734850611
     71.1148699758000049      37.6417292157000034      75.7683418375000031      -0.2118949089232061
     71.1879240706000047      32.1426161452000017      75.2384366722999971      -0.1895844332766572
     73.0703954562000035      33.0195216071000033      75.6583296559000047      -0.2140604039614704
     72.2971387294000039      30.8633042903000003      76.0819516110999956      -0.1910970515769659
     70.0539216046000064      43.1970118873000004      78.5562245346000054      -0.1793572754885400
     70.4109266477999967      43.7749813685000007      80.7368824378999932      -0.1912080761060970
     72.1185812141000042      43.4707159681000022      82.2828953618000014      -0.2250186991166068
     74.0794219671000036      31.2236720478999992      77.1338804192999987      -0.2125649567348997
     70.2959142543000013      42.2698110552000017      89.9839071287999985      -0.2398511961877343
     69.7350597227000009      42.9865391940999970      88.1325151929000015      -0.2346268597192633
     70.9262559533000001      44.4669830254999994      87.8087748256999987      -0.2291574341207987
     72.5210717740999939      41.4548519324999987      91.7957399016000011      -0.2399198437348637
     73.0508578633999974      43.7091808306999994      90.9605338573000068      -0.2305558155378300
     72.6961146600999939      44.9141031091999992      89.2986942688000056      -0.2291382874252950
     70.2596501026999931      43.7503749967999980      85.0266148845000060      -0.2239453609099940
     77.5890815154999984      38.3353730201000005      90.2726911446000031      -0.2437843301326446
     75.5835920761000040      40.1582230238999998      92.1137293439000047      -0.2316099359468300
     77.6186943452999998      40.3391169842999986      91.1218321887999991      -0.2304625786404095
     74.8245968850000054      43.2368206721999968      91.5949895857000058      -0.2251565816726782
     76.6991650976000017      42.8987356204999983      91.2115791411000032      -0.2237961536831357
     75.2572240464999993      44.6678392454000033      90.2370458485000029      -0.2243537229696297
     73.2944952545000064      45.6966456024999985      87.4721808464999953      -0.2255960725329800
     72.9588239020999936      45.7808821865000013      85.2426569999000066      -0.2170106968481722
     71.7025785354999954      44.6956635522999974      84.0454652260000046      -0.2193818186565135
     74.7811604200000062      46.0561277106999967      85.9955700518000015      -0.2189351362943537
     75.8842766284000021      45.6156730475000032      84.4295420562000061      -0.2202213409967015
     74.4368151406000038      44.5873919690000022      82.4355242654000051      -0.2251712545112134
     78.6317716660999935      43.6406780878999996      89.4286017633999961      -0.2141866794805942
     76.7760713207999999      45.8121556951999978      87.4623942922000026      -0.2135211465282225
     78.4753901672000040      45.0046114618999979      86.7043492186000009      -0.2126867450938068
     73.6916325046999958      30.4657208504000003      87.1823229363999985      -0.2038775908356545
     72.2755139842000034      28.9900945477999983      86.0261503642000065      -0.1707779936140295
     74.1292278442000026      27.7889323176000005      85.6764264811999965      -0.1635405042311557
     72.5371291488999930      27.4969288077000016      84.5729108218999954      -0.1545754033807079
     72.9930454991999937      27.1293124608000014      80.3005870716999937      -0.1543178491220605
     72.6344292856999942      26.8290339025000009      82.2007976584999938      -0.1491019983112825
     74.3794223383000030      28.5154322652000012      78.3368841734999961      -0.1748207261761934
     75.8844215806000051      29.4303489975000012      86.6819713858999989      -0.1895043467187474
     77.9141384314000049      28.0606007832000017      83.6195890913000000      -0.1720556951425625
     77.7055780807999952      29.8976443518999986      85.8354216304000062      -0.1966106609610119
     76.9212366009000021      28.1879853420000011      85.2628584647000025      -0.1724686605736867
     75.4201780805999960      26.5144784252000001      82.6657490588000030      -0.1540763823492313
     75.0521953260000032      27.0708085254000004      79.9356141207999968      -0.1597541131309956
     76.9403997629000003      27.4301656796000017      80.5729252465000059      -0.1666957328730572
     76.2476184420000038      28.2961387339000012      78.9021186641000014      -0.1763615985694997
     77.2431581984999980      30.8713401611000009      88.5001730729999991      -0.1991999378019162
     76.9061884312999950      32.7125919253999982      90.0026747799000049      -0.2092702620840985
     74.5984908277000045      31.3866788873999987      89.0124714495999996      -0.2115578725345433
     78.8397196293000064      34.4905544224999971      89.5589684816000045      -0.2167493086901811
     80.1546642245999976      31.8057507338000001      86.4299550009999962      -0.2044094272695851
     79.1883383588999976      31.9786795244999986      88.3587084536000020      -0.2009846806472098
     72.4018407387000025      44.4524868633999972      78.9205949019000030      -0.1894115268912842
     75.7591185353000043      44.8207988703999973      80.8976470805999952      -0.2152602149772473
     74.4004345772000022      45.0819441220999977      79.3187546279999935      -0.1978635676716429
     72.8966695616999942      44.5462955833000009      80.8478549658999981      -0.2044379355157417
     74.6887082515000031      36.5502160153000020      74.8057201830000054      -0.2289234836628662
     75.7372223453999993      44.7948808243000016      77.7895808271999982      -0.2037767934894426
     77.9806980407999930      43.7848431545000025      80.7118274293000013      -0.2365515593490262
     77.2793522917999951      44.4923266234999986      78.9654717627999929      -0.2227931425840257
     73.3231862853999985      44.2877134638999976      76.9772081296000010      -0.1866218025946704
     72.1120161733000060      41.4916177640999990      74.6948631838999972      -0.1841670369360138
     74.1021949697999958      42.9320272629000002      74.5562646069000010      -0.1900541257862436
     74.2289918049000050      38.7948128366000020      73.6380284345000007      -0.2077126809737670
     71.4469439816000005      39.6184078300999971      75.0150292418999953      -0.1936335179682196
     76.0495005391999968      43.4142551663000020      75.0841826569999995      -0.2111516567990197
     75.0649052411000071      41.4621397431000034      73.6626152867000030      -0.2047173587409308
     80.2741102924999979      44.7368892889000023      85.2386094509000003      -0.1989091956992173
     75.9709473422000059      33.2914487421999965      75.8128645846000069      -0.2335754293750938
     81.0680360304999965      43.8483331909000000      87.4521584583000049      -0.1913614197566851
     77.6497403198000029      44.9933079603000010      82.9580878502000019      -0.2176831221136144
     80.5565013420000042      36.4096533399999984      89.3753391981999954      -0.2119388408560141
     78.6529487428999943      36.7155146815999984      89.8444153442000015      -0.2314846324593756
     80.4035466835999983      42.1513896108000026      89.6515446193999992      -0.1990414788440251
     79.2629415164000051      39.5292260208000030      90.4138620383999978      -0.2189113063479322
     81.9886098637999936      43.7111800718000012      85.3938579306000065      -0.1917768525545220
     80.8145963040000055      44.4470080999999979      83.1695129102999999      -0.2035482134557842
     81.2824491164000023      43.2440918965000023      81.2776793107999964      -0.2260429968234448
     82.3213745711999962      40.9989759986999971      89.0714673136999977      -0.1858229157131923
     81.5077280075999937      38.6800566074999992      89.7077793230999987      -0.1975405899512239
     83.2579207829000012      42.2979364974999967      84.5340505571000023      -0.1946164599773947
     84.1321215644999967      40.1565934540000029      86.3037062215999953      -0.1865020531084074
     83.8067750371999978      38.4818756360999998      87.1266058023999932      -0.1894003431602780
     82.9512716904999934      42.4537554357000033      87.0224191631999986      -0.1836453843605916
     83.9779846385000042      40.2681073644999969      84.1331228007999954      -0.2018176530194271
     83.2586748277000055      41.5650497017999996      82.4139541339000061      -0.2145242492201156
     82.3576846945999961      43.1892294215999968      82.8954486163000013      -0.2051818367440710
     76.7015768193000014      31.1149978494000017      76.1747995182000039      -0.2094078756774174
     77.8968967450000065      32.4503417799000005      75.5414903361999990      -0.2312194645260295
     81.2071597964999938      29.5719196848000010      82.6311653853999957      -0.1836087908873392
     82.4998153073999987      30.6227365646000003      81.7025280060999961      -0.1954162095085152
     79.1918807506000064      29.6348620549000010      84.0299820287000045      -0.1892798841344003
     79.3925223988999988      28.3145762330000004      81.5170404663000028      -0.1757950533169570
     80.9344969784999932      30.9139447085000008      84.3099881286999988      -0.1956758380617405
     82.7310193163999941      32.2698666884000005      83.0753706513999930      -0.2056617179542339
     82.3996546598999942      30.9990699180999982      78.3299865187999984      -0.2219327721702342
     79.7036276520999962      29.4119220556000016      77.1882884534999931      -0.1920539846507161
     82.1874732047999998      29.9121640860000007      79.9583495859999971      -0.1944646587244137
     79.0251384186999957      28.3740885564999985      78.7148662331999986      -0.1786514876798435
     79.1263128332000036      30.8334236464999982      75.9849564491999985      -0.2116001135665950
     80.9543953917000039      31.1311340646999994      76.5739797692999957      -0.2268354587727384
     77.0842681278000015      29.2330348706000009      77.4744672079999930      -0.1878678802158351
     80.8215193231999933      29.0060061056999992      78.7153744015000001      -0.1860425887784469
     84.6451240815000006      38.1517987555999980      85.0291956001999978      -0.1933689664332281
     82.7510186632000000      37.0333694238000035      88.4960230118000055      -0.1922859856237196
     84.3380800800999992      36.3333041373999990      86.7272094863999996      -0.1841929599645802
     80.3580369752999957      33.4902005499999973      88.1954533118999962      -0.2062971659671717
     82.9671139512000053      34.5412541633000032      87.8034642848000004      -0.1858126360841226
     83.8754278798000001      33.4717074136000008      85.3771925045000017      -0.1866311050629132
     84.9282278679999934      36.1542537663999966      84.0883091915000023      -0.1962860623412492
     84.4262707397000014      34.4823752694999968      83.2303678777000044      -0.2049430307153237
     82.1198791709000062      32.3961036131000029      86.2650679829000069      -0.1905797934520468
     78.6743927922999973      43.9134838299000023      75.0018157261999932      -0.2228773886912983
     79.6364133731999999      44.5330613174999996      78.6434225916000003      -0.2262220205054533
     80.5646810832000000      44.2935057970000017      76.3738129097999945      -0.2243120705926813
     78.4754522223999942      33.8381192014999996      74.3379142879000057      -0.2359695876258510
     77.0813196025000025      40.7319992433999971      71.9183009181000017      -0.2006960224796117
     77.5948091682000012      42.8589094802999995      73.4891678073999941      -0.2128954137116139
     79.2885217256999937      41.5149740961999996      71.9733683490999994      -0.2057443740557030
     81.2716172373000063      41.4213952289999980      72.7048363996999996      -0.2183008448666630
     83.2972635631000031      41.8724862034000012      79.6600504844000028      -0.2352782313173876
     81.5961027958999949      43.9892926328000016      78.1861990036999970      -0.2269180234792465
     80.2113138229999976      43.0685535229999985      73.7558217126999978      -0.2208209212702190
     76.8963849678000031      38.4990984335000022      71.4802278660999946      -0.1967107656968370
     82.9058269387000024      37.7390178722000016      73.2953943265000021      -0.2372159462314016
     78.4740989051000071      34.9786127391000008      72.6641606530999979      -0.2137897681445615
     75.9743470805999976      35.0642247014000006      74.5267067195999999      -0.2279493200560658
     80.5115363742000056      35.7018865301999995      72.2995714056000054      -0.2178181321828809
     80.4429323654999990      39.2317643346000011      71.3139135962999973      -0.2029147953623323
     77.7389544898999958      36.5522212930000023      71.6227329657999974      -0.1997442911171383
     75.8583656021999957      36.7189072366999980      72.6540952742000030      -0.2056252284056530
     81.5187933535000013      37.3005994761999986      71.9766820990000014      -0.2145658382405493
     82.8128198787999992      42.7927052215000003      75.8370225406000031      -0.2299510889074998
     83.2608849981999981      42.6637672828999968      77.7238840482999933      -0.2317487930156030
     83.9493280025999979      41.1995431357999990      76.3138333668999991      -0.2399340050373429
     83.2184733673999943      40.5551089106999996      74.0836690345000051      -0.2341913933206747
     85.2580923717000019      34.1716355639999989      81.0753594890999949      -0.2141278710656191
     85.3756165157000027      33.4767536378000017      79.0873397870000048      -0.2207860621848710
     84.0295288301999932      32.7287257468000021      81.0686241501000069      -0.2188098480288811
     84.1459477857000024      32.0892292245000021      78.3858759828000018      -0.2246595915852794
     85.6385422711999951      36.2324780663999988      81.7120750951000048      -0.2095199851162928
     85.6869468440000048      38.4713194515000012      81.3046417433999977      -0.2087692016868541
     84.7208258633999947      40.1623451984999988      81.1356919943000037      -0.2163397864126093
     84.9151626147999963      40.3980564701000020      79.1147373751999936      -0.2259072689304755
     85.6574193313000052      34.3938696579999998      77.1157656012999979      -0.2258631268618601
     82.8061352838000033      31.5612160846999998      76.4866778707000066      -0.2249691494665420
     84.9567726889000028      39.4653087991000007      76.7972980944999932      -0.2387788892292555
     86.2055635027000022      35.9188603364000016      78.6636491049000028      -0.2211847779050515
     84.6564533558999983      35.1693945784000022      74.5504871704000038      -0.2264713417448192
     81.7003821883999990      34.3122012266999974      73.2308927724999990      -0.2264406916744068
     83.3841509769000027      33.0544015039999977      74.5575569947999952      -0.2219213292868982
     80.1661603083999950      32.8981127070999975      74.1110312731999983      -0.2275766271747433
     84.6172188780000027      33.0429027054999978      76.0403415881000058      -0.2227094852259324
     86.1645947861999986      38.2659804947999973      79.3710430250999934      -0.2143464548886218
     85.4578860599000052      36.8513659189000009      75.7108177358999939      -0.2314184981890097
     83.9265445367000069      38.8374977166999997      74.9445670974999985      -0.2526527205801248
