233
     68.3661261112000034      35.8151154383999994      70.3717960816999977      -0.1355643978718142
     66.7080914547999981      35.5650018822000007      66.6483831233999950      -0.1309267859975574
     67.1943803882000026      36.8860652567000002      68.5603137961000044      -0.1318236146493419
     70.6802050932000014      35.3643642333000017      71.4185677727000012      -0.1577602903534512
     69.7154419296000043      37.0081997305000030      71.0021604071999946      -0.1494429485675912
     67.4196810858999953      34.4271186363000012      68.8776758518999941      -0.1283909584383913
     68.0856340855000042      39.2682821965999977      68.5140531490999933      -0.1431342548665882
     71.6636274609000026      39.1060595750999980      70.6192967660000051      -0.1764093927684431
     69.4073652659999993      38.9679684408000000      70.1237966027999988      -0.1506783942130454
     69.6910776299999952      40.8870727907000031      67.6068166626999982      -0.1617608670586357
     67.7090381484999995      39.4426974021000021      66.3713438534000062      -0.1469938028808713
     70.7695077449999985      40.5078584426999981      69.2092976643999975      -0.1677741485494444
     68.9956664836000044      33.3688338888999994      70.1281739821999963      -0.1372412684632422
     68.1554939355000045      32.3989639724999989      67.9007173690000059      -0.1323844039868369
     72.0202936233999935      33.4185513648999972      70.9880403659000052      -0.1733412190416121
     70.4521912640000068      31.9194820469000007      69.6680183654000018      -0.1491567830307012
     69.5952147806000028      40.4236083901000001      64.0413456842999977      -0.1752603955745240
     68.6852123417999962      38.7875211532999984      62.9602821392999985      -0.1683697109560196
     67.9066212639000071      36.8045650598999998      62.9975234021000006      -0.1574730807536664
     67.5586407339000061      38.7365160721000024      64.5490577168999948      -0.1509766642061319
     66.8587148250999945      37.5292708702000013      65.9038226634999944      -0.1385924390272955
     70.8202585993000042      41.2128499185999999      65.2955401802999944      -0.1844668832225249
     66.9961027811999941      35.9634442981000007      64.6661922010000012      -0.1409628327698584
     72.3791941444000031      31.7529098010999995      69.5908007265999942      -0.1734783874009072
     67.7540142567000032      32.2888322161999994      66.0232434390999998      -0.1340289528542904
     68.1992957092000012      33.8037985331000002      62.8734401023999965      -0.1510792775587593
     67.0480122151000018      33.8623508705000020      65.1880145166000062      -0.1345633028170887
     68.2686287291000014      32.2243145796999997      64.1383051829999999      -0.1428501436527085
     70.2798742667999932      30.5798652402000002      64.4270807518000055      -0.1529032206338279
     71.1713788515999966      30.3886362199999986      67.6195682808999976      -0.1551630889198652
     69.1561075563000003      30.9040837474999996      66.1992453740000002      -0.1411438790546544
     70.4014098350999973      31.7703623107000013      62.6043312238999974      -0.1636094338226677
     74.9578822884000004      36.8801341850000028      74.8479499413000013      -0.2189254405557914
     78.2792466859999934      38.8243745397999973      75.7465771009999997      -0.2360096240542084
     76.4351106860000016      38.7489415399000023      75.2509768652000020      -0.2264425590640471
     73.8159910509999975      36.0726462382000008      72.9350471998999978      -0.2165735360951597
     74.7912742833999999      38.6527693196999991      73.6773934193000031      -0.2215692187906537
     75.2891341167999997      31.9255306091000008      71.5187072605999958      -0.2285691968794872
     74.4165434589999961      33.1113717283000000      72.7285019795999972      -0.2154979025892043
     75.7570929645000035      34.5964855527999973      75.6866419850999961      -0.2118757420889263
     74.3616940819999996      34.5746396283999999      74.0922028124000036      -0.2123620050499824
     76.0956622522000004      32.7444380231000025      75.0042499515000003      -0.2107291907479656
     80.8355437640999952      35.6664133461000006      76.2492657004000023      -0.2283248654418522
     78.8285946996000035      34.6696823103999989      76.6962967816999992      -0.2159091014905243
     76.8935891309999988      36.7750909638999985      76.1909012163000057      -0.2232944430095483
     78.9349385568999935      36.7140714661000018      76.5815789414999983      -0.2275714185966109
     78.2728650184999992      32.6024620195999972      75.8652579259999982      -0.2105453152135812
     81.0266852686000050      31.9166683115000005      74.4016308321999986      -0.2212038184600527
     81.1236423968999958      33.6349389192999979      75.7356484998999946      -0.2200871023921547
     79.3442583863999999      31.0638448029999985      74.0374223282999964      -0.2196076811156544
     77.2057132147999994      31.0546667585000016      73.4404181023000007      -0.2202039168770398
     82.7013872129000021      33.7109809454000029      74.0431126067999941      -0.2326456255431708
     77.6129347255999988      40.4142223763000032      74.3948836393000050      -0.2371777461257309
     71.3691105268000001      33.5638273755999990      61.2042059269999967      -0.1872758973934125
     69.4418285176000012      35.1009063716999989      61.7116906305000015      -0.1740598459777658
     75.0200066050000061      40.0915247495999978      72.1541878576999949      -0.2233299032049292
     76.6047112605999985      41.1441633884000026      72.6278036079999936      -0.2339998865910111
     72.0202453341999984      36.9160183677999996      71.6527741199000019      -0.1808406671130101
     73.4374132408999998      38.5719349944000029      71.9437050483000036      -0.2047203118970380
     80.6654097683999964      30.9132343526000000      72.4359327171000018      -0.2348309540451474
     78.4231521553000022      30.5100088987999989      72.0700995395000064      -0.2362647700220109
     82.3041619548999961      32.0368310313999984      71.6781251195999971      -0.2440093010045068
     73.9288713588999968      41.6157603249000019      71.3945501488999952      -0.1914929842509725
     73.0314300791000051      43.1658547034000009      69.8904396487999975      -0.1725693051392039
     71.6859221695000031      42.5520354948000019      68.3236331062000062      -0.1693557371595329
     72.2393322540000042      41.1820952189999971      70.2980205297999987      -0.1772014037950385
     74.4813636940999970      44.6191517066000003      68.8150114026000068      -0.1743874015898168
     74.6345522281000058      31.1809927790999986      69.5792215892000030      -0.2107074904209032
     72.0774927617000003      40.5742368517000003      62.4492227620999998      -0.2039376762551939
     78.0952616448000043      43.7512820441000017      69.8208494223000002      -0.2196632745110918
     76.3045938427000010      43.5677740507000024      70.7692904236999993      -0.2001144311945708
     71.7246174489000055      43.1519339705999982      66.0462945998000066      -0.1711175853609905
     73.0032356996999994      44.5401389522999978      66.5480757514000061      -0.1675793704199151
     71.2870124478999969      39.1207388695999967      61.1761030194999975      -0.1955902863054622
     73.4775693495000013      39.5047808484999976      61.2113286961999989      -0.2205578984403775
     73.6598090786000057      43.5357744217999993      63.1798908657000027      -0.1851733998176481
     75.5099419998000059      45.1096005177999970      64.5012199019000008      -0.1804503064546203
     74.9656572792000020      45.3575664927000020      66.9958840887999969      -0.1728309668770400
     73.9000059832000034      41.5362055282000000      62.0857411707999987      -0.2108718532343694
     71.0839639194999933      37.0888891135000023      60.4071510630000006      -0.1913117741858432
     73.1729141694000020      36.9987457089000031      60.0649043036000023      -0.2121322617559542
     71.6245062546000071      35.2779133180000031      60.3253336718000028      -0.1937108145102933
     76.6749347787999938      45.4555145567999972      66.1720419254999968      -0.1828372397569371
     77.9527777380999964      44.9286974926000013      67.9903794535999992      -0.1978227238346886
     79.6837083406999938      43.4442213777000035      68.4365043523000054      -0.2410779014746520
     73.5828216413000007      34.5293924743999980      60.4582624892000027      -0.2147174149443156
     80.1093389620999972      39.9280267884999986      75.6146018631999937      -0.2309559354801873
     79.4097032202000008      41.4837870572999989      74.4544169875999984      -0.2323043837029992
     80.9960594047000058      42.4477538061999979      73.9350785757000040      -0.2269717112533698
     82.0935329046999982      37.7234066810000002      75.9321659292999982      -0.2258165880122363
     83.3602584669999942      39.7800146566000024      75.4567595737999994      -0.2131418485554537
     83.1285878752999992      41.5981075519000001      74.4666796698000013      -0.2175587796587877
     79.2052595406999984      43.2112646703999985      71.7195896065999960      -0.2349091923212026
     84.1650061803999989      33.9409478947000025      71.5575170361999966      -0.2358887591945500
     84.0349700783000060      35.4289286833000006      74.4735409496999949      -0.2192581399101741
     85.4486757478999976      35.2741967712999980      72.7027450403000017      -0.2162647701857772
     84.7672611679000028      38.5024383674000035      75.0568214132999998      -0.2066062140726110
     85.9927263621000009      37.7179827638999967      73.7691197711999962      -0.2059236236407784
     85.3816238494000004      40.1118624715999985      74.0026372930000065      -0.2081116918161587
     83.4066360795000037      42.7937455304999972      72.7934425700999981      -0.2228975113156828
     82.4558350593000000      43.8915276187000032      71.0667695992000006      -0.2247240325605553
     80.5194824481000069      43.9039641248999999      70.4038186603000042      -0.2327237090710597
     84.3080089177999952      43.1791611023000002      70.9069744460000067      -0.2220237764668944
     84.4770497280999990      43.0605481046999969      68.9523221691000003      -0.2278423629782758
     82.1564693156000061      43.5128800147000021      67.7117916063999985      -0.2385162104771954
     87.3436551548000040      38.3949311144000021      71.4928975872000052      -0.2037133415241925
     86.2752388443999934      41.6773555142000021      71.1626140160999938      -0.2093614051249801
     87.0070653394000004      40.7110600641000033      69.5362230272999966      -0.2109997735375124
     76.1453262702000018      29.9274676389000014      69.0577930310000028      -0.2220364179115339
     73.9010179778999969      29.6498300477000001      68.4209277997999976      -0.1821809766481461
     74.6961575044999933      28.1310203871999995      66.9848487905999974      -0.1744357947240509
     72.9085476544999977      28.8917152592999997      66.7326872322000071      -0.1640954845933642
     71.7151589454999936      30.1646934436999992      62.7891987189000034      -0.1622499215126272
     71.8919132147999989      29.2618675719000016      64.5164035269999943      -0.1575848332677001
     72.8827400817000068      31.6497062494000012      60.7567152179000018      -0.1803630600820565
     77.2474363178999965      28.4913148440000015      67.3685656717999990      -0.2077563640413924
     77.2249740711999948      27.8751333416000016      63.4963619341000012      -0.1816863446450867
     78.6759680801000059      28.5936846242000016      65.8851777024000000      -0.2169060782762564
     77.0160884935000070      27.6596519703000006      65.3969801750999977      -0.1850607473054566
     74.1399477026999989      27.8325299802999986      63.5270318620000012      -0.1611176098734663
     73.2332892353999938      29.5439496824000010      61.4904748913000034      -0.1653519207426637
     75.1427006205999959      28.9266313345999997      61.2190246191999989      -0.1714563637547251
     74.4681620340000023      30.5807561180999983      60.3078063024999977      -0.1799914006133250
     79.6423574785000028      28.4898001333999993      68.5903792605000007      -0.2199857623432067
     80.7609736551000026      29.5477526393999987      70.4317652622000026      -0.2282128815953257
     77.9230625092999958      29.6405504461999989      70.3909590721000029      -0.2312115598755557
     83.0550305148999968      30.5519147703999998      69.5231782532000011      -0.2286200659122422
     81.7865256781999932      29.1038229036999994      65.6473685413999988      -0.2228449339967398
     81.7138191928000026      28.8010206774999986      67.7890511754000045      -0.2196158472626273
     79.3083986280000062      45.5444911340999994      65.6441605338000045      -0.1932826665056684
     82.8431540249000022      43.8744442990999985      65.8234678355999989      -0.2202788758499388
     81.3625467684999961      45.2138989859000020      65.1747894779999939      -0.2010212452396019
     80.3777012629000041      44.6644797571999987      67.0759981103000058      -0.2122049985744869
     75.9416837697000062      39.7581739052000032      59.3361017579999981      -0.2300510747854467
     81.8078531799999951      45.1278885839999973      63.1742685964999993      -0.2041395659469494
     84.0699448180999980      42.2994448262999967      64.3890656264999990      -0.2368240035164924
     83.2861305002000023      43.8537101985999982      63.3830481812000031      -0.2215396439468513
     79.3440157810999978      45.8758732332999983      63.5130346906000014      -0.1887468490177344
     76.2520734766000032      44.8721957098000033      61.5314426870999966      -0.1858368834247024
     78.5246076757999987      45.4474149946999972      60.7834374601999983      -0.1914450306352702
     76.2960833723000036      42.2882930055000017      59.0429185716999996      -0.2099794186757435
     74.8968368698999996      43.3944023341000005      61.7136603050999994      -0.1944175388953511
     80.5068497326000028      44.9576684068999981      60.4172340920000011      -0.2104760846757028
     78.2913604367000033      44.2354681933000009      59.2463069611999984      -0.2061218275176184
     87.8558779714000053      40.4539129887999991      67.3754697292999936      -0.1996862040681791
     75.7017716900000011      36.1504897315000022      58.8832241049999965      -0.2247782651382959
     88.7765631111000033      38.5240022739000025      68.6973746920999986      -0.1899233389309902
     85.1227561051999970      42.5182625520000030      66.7255829653000063      -0.2226843031748835
     85.3273157832000066      31.6448512979999990      68.9698165058999990      -0.2125513328395598
     84.0902682231999989      32.3773287929999967      70.3374005589000006      -0.2304306361825077
     88.1160253493000027      36.4282143259000009      70.5221557293999979      -0.1931192765488152
     86.1510105580999976      34.3047619638999990      71.1446642223999959      -0.2103826763024603
     88.7879843607999959      38.9258172274999978      66.4744751168999954      -0.1927382217139169
     87.4814019428000051      40.8642709109999984      65.2901182466000023      -0.2044209933354342
     86.6565911368000030      40.4576938268000035      63.1926649755000014      -0.2252297097321563
     88.9124973939999990      35.0220436804000030      68.8696040605999968      -0.1841887056860596
     87.3201998218000028      33.0913710084000030      69.2955058356999984      -0.1952616624346515
     88.8414260189999965      37.6405964651000033      64.8334303551000062      -0.1976052571299309
     89.0675366830000002      34.8070654452000028      65.4668608047000049      -0.1903238258481945
     88.2471102172000030      33.1728042268999985      65.9606062217000044      -0.1933631936566336
     89.4746046525000054      36.8643767156000024      67.1370924930999990      -0.1842431693107365
     88.2959798228000068      35.8403157612000030      63.7105237849999995      -0.2095471539750466
     87.7962540464999961      37.8869190886000027      62.8639448433999988      -0.2201902026641509
     88.0220142927999945      39.3755053344000032      64.0533662233000030      -0.2069112642768793
     75.3394150139999965      33.9117159070000014      58.3749483730999970      -0.2032449741273794
     76.7576778727000004      34.8781242557000013      57.5578810415000035      -0.2149253822331758
     80.3110126943000040      28.4010491485999985      61.4215525123000035      -0.1902372247615922
     81.5725981572000052      29.2138956504000014      60.2445969262999981      -0.2003011787598616
     79.1647826597999966      28.5885312796999997      63.5832663082000025      -0.2024593932621030
     77.8654071720000047      28.4297551229999996      61.0564698199999967      -0.1802447345220379
     81.2931703925000022      28.9435523791999998      63.2748950280000031      -0.2086583664587458
     83.0132376396000069      29.9622720819000001      61.6643435466000014      -0.2180916027382924
     80.5862894148999942      30.9418376924000000      57.4937595272999999      -0.2090477149434946
     77.2569784912000017      31.0119327598999988      57.4507491550999987      -0.1841524572750934
     80.4067849085000006      29.4352335797999984      58.7490976157999967      -0.1924097056311691
     76.6916682580999947      29.7513366939999990      58.8504661365999979      -0.1772411988561604
     77.1000760743999933      32.9035330533000021      57.0044341910000014      -0.1971777730398347
     78.9149548874000004      32.2749467479000032      56.7068439418000025      -0.2053287768767333
     75.1437051950999972      31.6605529809000004      58.8958481159000016      -0.1866640364701713
     78.4549672213999969      29.6557351619000009      58.1377659792999992      -0.1816120159682182
     88.0845493715000032      33.4566215952999997      63.7014180719000009      -0.2026694801751869
     87.1240374488999976      31.7619126726000012      67.3156663092999992      -0.1948471044496554
     87.4911583000999968      31.3377778874000015      64.9026000860000067      -0.1910089781851543
     83.3499594598000044      29.7332621991999986      67.4236559417000052      -0.2196759675188993
     85.8495341867999997      29.8669691172000000      66.0820522723000039      -0.1929469734274871
     85.2736393381999989      29.6367817737999992      63.3487176597000001      -0.1968710225897965
     87.0271080156999943      32.0566363546000019      62.3312136795999976      -0.2099391040060166
     85.5218574171999961      31.1720869424999982      61.4738952216999976      -0.2212533760244479
     83.6124232254999953      28.9815681402000003      64.7045398424999973      -0.2022751361758619
     82.8479943904000038      44.4941592907999990      59.2129609082999977      -0.2162506284431629
     85.1078030480999956      43.1949516728000020      62.0015061954999993      -0.2210899745966124
     85.0067788178999990      43.5938941902999986      59.5723427861999966      -0.2158387058873501
     77.5186757623000062      36.3370759770999996      56.5570863557000010      -0.2181130228204236
     78.9987612160999930      43.6257951742000003      56.6444715340999991      -0.1987055654277015
     80.9675573373999953      44.5993080575999983      58.2036879950999975      -0.2090314046469892
     81.1861338638999968      43.4916423860999970      55.8166870307999972      -0.1999850176995839
     82.9800110879999977      42.4207291147999968      55.4825918466999966      -0.2088648862903923
     87.0882626945000027      39.2559066140999988      60.5607702941999975      -0.2353762159687243
     86.2770975570000047      42.2373559441000026      60.5659292392999973      -0.2199188803074303
     83.2723784423999973      43.7521501359000027      57.2386622607000035      -0.2120122795348660
     77.6097378858000013      41.9859505674000033      55.8740958476000031      -0.1949039897717135
     82.6817153682000026      38.5025706324000012      54.4156538068000017      -0.2205249132280489
     77.5372029555999944      37.9820793255999973      55.3756468535000010      -0.2039046433984009
     76.1603323480999990      38.1690068509999989      58.1675014114000035      -0.2237768518656367
     79.4222842898000039      38.0281160086000014      54.2569195746999995      -0.2036176527263382
     80.7837073328000059      41.4311774676000013      54.2125896152000024      -0.1956899664217300
     77.3798219184999994      39.9911375303000014      55.1752244015000031      -0.1952371015902195
     76.2747019454999986      40.3688718152000021      56.9819157518000026      -0.2047171128257048
     80.9183446707999963      39.1558215526999973      53.8509753019000001      -0.2024928885181119
     85.9130195221000008      41.7607055189999983      57.7249604777000016      -0.2195259272747503
     86.8219316235999941      40.7256662102000035      59.0961665576000001      -0.2248753857604751
     86.2027592816999970      39.8250478093999973      57.2490982982999981      -0.2311364025692022
     84.5739612888000067      40.4467675834000033      55.5509939025999984      -0.2219899758355233
     85.3449047927999942      31.4979880299999984      59.1728033511000007      -0.2272032309749736
     84.4555326354000044      31.6816508291000005      57.2690753522999998      -0.2207461796826991
     83.6399459887000063      30.7135341311000012      59.4357672988999965      -0.2281033730261779
     82.5523027145000015      31.2276442795000015      56.9513418586999975      -0.2148896121961155
     86.8716339228000010      32.8433148259999967      59.9829975772999973      -0.2271365036185333
     87.8798323346999979      34.8807708371000018      60.0972982836999989      -0.2235695560353594
     87.8755067773000036      36.7138037710999967      60.7766166161000001      -0.2275827180654719
     87.4951435357999969      37.6688829630000015      59.0100573359000009      -0.2314224819896946
     84.4968847235000027      33.1606845115000013      55.6509379162000002      -0.2157016176750197
     80.5953861394000057      32.0255696344000000      55.8492340912999978      -0.2035864411974355
     86.3209360955000022      37.8128419514000029      56.8094239878999971      -0.2350835062591941
     86.1903195921999981      33.6237976737999986      57.0437072749000009      -0.2255106543130285
     83.2395097224000011      35.2111405592999986      54.1021760503000024      -0.2059067355290924
     80.0013313081000064      36.0603863754000002      54.1884817047999974      -0.2029913093611544
     81.1732019349999945      33.8695280592000003      54.2519994729999979      -0.1979452034771860
     78.3501389192000062      35.0454375212000002      55.3596219255000008      -0.2039512251308651
     82.6439175909000028      32.8237590490000031      54.9321475875999994      -0.2037859032002185
     87.5399241963999941      35.3291468472000005      58.1757007560999995      -0.2238952347601142
     85.0896229625000018      35.8761188865000022      55.0781749301999994      -0.2191808902983965
     84.5802837364999931      38.3993591592999977      55.5788729414000002      -0.2383193392801157
