233
     78.0622675645000044      50.3244254182000006      99.4380996160000024      -0.1346151073005331
     79.6264466774999988      50.4098278048000026      95.6669605433999948      -0.1300966135865878
     78.3236147789999961      51.4780010890000028      97.3399217330999988      -0.1314127032080119
     78.9807783298000032      50.0616627989000023     101.8341720141000053      -0.1558719183862660
     78.2746765450000055      51.5908725326000024     100.8496436713000008      -0.1487906644924504
     78.7734564916000011      49.0592652071999993      97.7210473396000054      -0.1272342736714904
     78.4523769283999997      53.9434774535000017      97.9533362375999985      -0.1432087601407552
     79.4151904298000062      53.9849002471000006     101.9945832942999999      -0.1773127871882370
     78.2712410232000053      53.5959436161000013     100.0209062286999995      -0.1508245238884065
     79.8336343451999966      55.8998143933999998      98.4880171985000032      -0.1623597706331985
     79.6748765752000025      54.3882395827000025      96.2008723858999986      -0.1468870222847141
     79.5101113661999932      55.4406884570000003     100.3746270289999956      -0.1686579000074033
     79.1786685456000043      48.0634740974999985      99.7239565766000027      -0.1351351779113195
     80.3909428851000030      47.3352133857000013      97.5773015527999945      -0.1303629717413433
     80.6027225870000024      48.4224974688999978     102.5048527750000034      -0.1691924356571430
     80.7947773288999969      46.9310520193999992     100.4585592087999970      -0.1457417223606186
     82.3862214085999938      55.9810612726000016      95.9553761930000064      -0.1751541320866945
     82.8828584058999951      54.4152910102000007      94.5499227245999947      -0.1673744297455251
     82.7517851215999940      52.3578518400999968      94.0118988384000005      -0.1559178290211829
     81.0106388388999932      53.9563105826999987      94.8329488755999961      -0.1503713491968561
     79.8372191554000068      52.4658534598000017      95.2623078482999972      -0.1380371841665831
     82.1597245206999958      56.7387695844000035      97.7078646111000069      -0.1852055497637934
     81.1367024596000022      51.1460952855999977      94.5060017132000070      -0.1397872417875448
     82.1857082531000032      47.0621555393000008     101.7983995010999934      -0.1683679954759381
     81.4696570609000048      47.4574918853000014      95.9899619579999950      -0.1319944873011138
     83.6739940808000000      49.4873731813000006      94.1365489439999976      -0.1487772352327177
     81.2490731256999936      49.0202480347000034      94.9031578653000025      -0.1329818545350712
     83.1624660426000020      47.7595589153999995      95.0598350470000071      -0.1404627604929782
     84.6654029159000032      46.4025202268000001      96.7128142739999959      -0.1497322907529437
     83.0524669825999950      45.8552820366000020      99.5627780675999929      -0.1512009784593875
     82.5858709592999958      46.2824281401999968      97.1247140682999941      -0.1383603282553914
     85.7824974265000009      47.8639171434000019      95.5419646179000068      -0.1604535871966331
     79.1243351439999998      51.6416551391000027     107.2967500169999937      -0.2152486427465981
     80.3192145558000021      53.8894974306000023     110.3197503500999943      -0.2364011255747194
     79.4402841012000067      53.6220993135000015     108.6440037044000064      -0.2268717864391689
     79.8762098716999986      50.9795594034000032     105.1493183159000040      -0.2135248940586916
     79.4625620808999997      53.5294838427999977     106.3683635435999975      -0.2235595039254878
     82.7516944147999993      47.3602900496000032     105.2342614991000005      -0.2161670692047863
     81.0561585585000017      48.2054076370000004     105.4396180221999941      -0.2057528757290523
     79.5561356426999993      49.3980590618999997     108.4530450034999944      -0.2024150442055053
     79.7451044621000023      49.4176404024999982     106.3426519318000061      -0.2045680717649390
     80.6599359310000068      47.7426779931000027     108.2256542753000019      -0.1985084891229665
     82.3602792501999943      51.1003128939999982     112.5139641078000068      -0.2213563123937021
     80.9010309521000011      49.7638571008999975     111.3713205017999996      -0.2057756166226490
     79.5047615520000051      51.6158131362000034     109.6240061535000052      -0.2174280551186474
     80.6199304318000003      51.7948608941999993     111.3698011621000035      -0.2215164965186176
     81.5517316401000016      47.7901838147000007     110.3945589327999954      -0.1977425122768413
     84.5905716565000034      47.7480542635000020     111.3742117825999998      -0.2084167648618624
     83.3488534962999950      49.2362588330000008     112.3666032752000064      -0.2097481700948620
     83.8930038742000050      46.7244444975999969     109.9058323284999972      -0.2048424134533828
     82.8728787630000028      46.4942966591000015     107.9471974817000017      -0.2052496333197809
     85.5936741160000025      49.8016856357999984     112.3381118764999940      -0.2253902215654566
     80.4868332509999931      55.5534238402999989     108.9048595901000027      -0.2408902031117908
     87.0443203813999986      49.9733974773999989      95.2751164111000008      -0.1841126848393202
     85.0583204125999970      51.1153777895999966      94.2328815057999947      -0.1713748110243554
     80.3877133433999944      55.2031158850999972     105.4820555988000024      -0.2278416331351760
     80.8995966500000065      56.3908653607999995     106.9554447164999971      -0.2375512855686264
     79.3906920220999979      51.7380595103999994     102.9654791539000058      -0.1801824398514551
     79.7904730035999989      53.5189089361999990     104.1917809293999966      -0.2067736315902078
     85.9483719045999948      47.0168342409000033     109.7546240137999973      -0.2200187402605298
     84.7785483697000046      46.3508985818999975     107.8805411768999960      -0.2195348530604395
     87.3516597469999994      48.4711616924999973     110.4164136139000050      -0.2337424507965888
     79.8641628686000047      56.6497275855999973     104.1689946134000024      -0.1933874839055321
     79.9918516535999942      58.2644152948999974     102.4816828446000017      -0.1736854142760436
     80.3206356297000070      57.7085656233999984     100.4262070997999956      -0.1703632507027688
     79.5901922845000058      56.1472759014000005     102.1897352972000022      -0.1785125192084038
     81.4220680914000070      60.0621305251000024     102.7876672767000059      -0.1753592547646576
     83.8379958403999979      46.8351125205999992     103.4208237486000002      -0.2017797682329672
     85.1549685586000038      56.7363110508999995      96.6502756821000020      -0.2038716022413798
     83.3356121862999970      59.5882703950999968     106.0950789299999997      -0.2187608495339521
     81.4955349685999977      59.0010682798000019     105.4555351842000022      -0.2007314873897119
     81.8283194946999970      58.6505902493000022      98.8811746905000035      -0.1719968053048326
     82.0424216697000048      60.1171347794999988     100.1528544561000018      -0.1685462099663759
     85.8292284605000049      55.3959888783999972      95.1986354209000041      -0.1945678033042579
     87.2017855789000009      56.0864418422999975      96.8069358563000009      -0.2196311540130633
     85.0784516636000063      59.7495906336000004      98.3003050468999930      -0.1859646686700422
     85.0600192762999967      61.3551623047000021     100.5514449103000061      -0.1818748998106496
     82.8774802456999993      61.1342779030999992     101.8814132740999980      -0.1739645920096606
     86.4380471513999993      57.9989598160999975      97.7172735567999950      -0.2110413117840828
     86.6666718707000001      53.4989477605000019      94.5197740362000047      -0.1895852812105332
     88.3379568734000031      53.7691861357999983      95.7936458840000000      -0.2109179339056286
     87.4738229733000026      51.8209239950000011      94.8533257910000032      -0.1914809199798526
     84.5927410619000000      61.6068019968000016     102.5481520664999948      -0.1843975759119036
     84.2826842702999954      60.9994327256999966     104.7280001273000067      -0.1988060531494682
     85.4512454681999998      59.7335071756999980     106.2870750904999966      -0.2395315049389488
     88.8609555481999962      51.3556129854000005      96.3607413147999949      -0.2125684795521785
     81.4137816429000054      55.2561170298999969     111.5522183015000053      -0.2339827237551297
     81.4308401993999951      56.8524120362000005     110.2455200235999939      -0.2349763532496763
     82.6641623069999980      58.1064153049999987     111.0341026785999929      -0.2312682302381166
     82.9970186425999970      53.3432872513999996     113.2052957942999996      -0.2278393824303002
     83.7515786709000025      55.6115026788000009     113.7935807226999998      -0.2213335048753073
     83.9087263944000057      57.5064839954000036     112.9428506489999933      -0.2271557690705173
     82.8582333865000038      58.9310766086000015     108.2091116139999940      -0.2339496519618667
     88.2890507647999954      50.6227583496999998     111.6792985948000023      -0.2374448551294872
     85.8253034995999968      51.6094731055000011     113.6003751375999968      -0.2214838789117533
     88.0636461386000065      51.9374104843999973     113.3991212094999952      -0.2235451275461742
     85.2552487579000058      54.6304363140000007     114.5340490643000066      -0.2160278181420310
     87.1588699017000010      54.2411773267999990     114.5301713465999995      -0.2178206137635748
     86.0731788574999968      56.4551727361000033     114.2506430783000013      -0.2219022654898772
     85.0247721071000058      58.9728225453999997     111.9884520973999997      -0.2337558049139474
     85.3696792254000059      60.1719141563999997     110.1086207140999988      -0.2311844436563018
     84.5280670796999942      60.0026173844999988     108.2506251144999965      -0.2334160868037412
     86.8842794873999935      59.7714056303999968     111.3370862257999931      -0.2344633022009734
     88.4045073534999943      59.9807551446000033     110.1089211805000048      -0.2399913666668798
     87.6181583545999985      60.2739007783000034     107.5742940729000026      -0.2434350393724785
     89.5353685178999967      55.4503638540000026     113.9347073491999964      -0.2187179573078772
     88.3506312656000006      58.5524133150000026     112.9354089081000012      -0.2253145618810670
     90.1988456434000057      57.9652886784000003     112.3405704099999980      -0.2272599899378029
     85.4924528331000033      45.9114144573999994     104.1524009295000042      -0.2102050660733426
     84.4860660297999999      45.4095750444000004     102.0896497396999933      -0.1754534837521735
     86.3598521796999989      44.2625321562999972     101.6718332133000047      -0.1682692585420309
     85.1696233835999976      44.7830534004000000     100.2054757660000064      -0.1593374033521933
     86.8796950122000027      46.4586753243000032      96.6188759950999980      -0.1590663157656849
     85.9704306760999941      45.3367374458999990      97.9395072228000032      -0.1540650441654314
     88.7886886470000007      48.3932067160000017      96.0595643455999948      -0.1774667836436343
     87.7347903529000064      44.9289893795999973     103.7816801542000036      -0.1975599742627878
     90.5860504983999988      44.9189001326000010     101.0901453184000047      -0.1767952812499622
     89.7255221955000053      45.4661515507999994     103.7898021965000055      -0.2068798132680918
     89.1480105951000041      44.3855457593000011     102.2520357835999931      -0.1784339873623288
     88.4905616955999932      44.4210726079000011      98.8807929657999978      -0.1574195608921656
     88.9539470744000056      46.2739224835000016      96.8190527793999962      -0.1624537288143486
     90.5658984604999944      45.9918393057999992      98.0118062493999957      -0.1685528025998675
     90.4031325816000049      47.6496524519000033      96.8952881051999952      -0.1774354232808815
     88.4888628318999935      45.0901452119000012     106.3573124259999929      -0.2076029176103749
     87.7186350853999954      46.0045873972999999     108.4386131661999997      -0.2152807568684381
     85.8117428258999979      45.6862290393999970     106.3586068883000024      -0.2164420016942366
     89.6962276632999931      47.4612845652999980     109.4699859265000015      -0.2206349204794975
     91.8853486093999976      46.4564435579000019     105.8747085339000051      -0.2137998510779902
     90.3874780915000002      45.8206244619999978     107.3015574798999978      -0.2092807949708249
     86.7247828346000063      62.1603065182999970     104.0875474232999949      -0.1963699736560507
     89.3390921281000061      61.0180427473000009     106.7664135361000035      -0.2285831866220995
     88.5134198211000012      62.2100270987999977     105.2483361782000060      -0.2068768653599147
     86.6219533949000038      61.2366953825000024     105.8494655740999946      -0.2150043037770768
     90.1364638988000024      56.9829826534000006      97.2931680223999962      -0.2243537006416734
     90.2456541561000023      62.4987186484000006     104.1882414725999979      -0.2129903498590853
     91.5150511327999965      59.8790028486999972     106.6618228717999983      -0.2527616004660107
     91.3666774070999992      61.4378151399999979     105.4007652558999979      -0.2365345276477786
     88.1840878244999971      62.8170033068999984     102.6411870563999997      -0.1925490838270836
     87.7095511726000012      61.6883682396999973      99.0363041866000060      -0.1864063769777218
     89.6502128354999996      62.6980582839999983     100.1628737833000002      -0.1932165595440800
     90.0458194123000055      59.5523882780000022      97.3479077151000070      -0.2052365112795815
     86.9795046697000060      60.0179014882999979      98.1817190719000052      -0.1945367282397967
     91.3511986615000069      62.5658662819000000     101.3428791617999991      -0.2157195326106081
     90.8359365248000046      61.7159223342999965      98.9318344648000050      -0.2044472950250853
     92.3530350046000024      58.1704297727999986     111.4614528726000060      -0.2105061365500873
     91.0602073154000067      53.4920256942000023      96.8053579351000053      -0.2254995584102186
     92.4503842388999999      56.2159957869000024     113.0395403689999938      -0.1997337552049636
     90.5287105427999990      59.8876766910000029     109.0372519032000014      -0.2341101817338966
     91.3893182141000011      48.9469323355000014     110.7310548807000004      -0.2106582882321764
     89.4324748276000037      49.2714209645000025     110.7817222138999966      -0.2279173999265840
     91.1601039003000011      53.7907441298999984     113.8217130734000051      -0.2023856845754555
     89.8443557246000069      51.3323995913000033     112.8301492808000006      -0.2158894414122727
     93.9432394239999979      56.9520894129000013     111.5123148475999955      -0.2003351933387449
     93.4863622615000054      58.8372498235000023     109.7502436289999963      -0.2139134062941395
     94.4975981017000066      58.6417066473999995     107.7047380785000001      -0.2378962859661939
     93.1638143810999964      52.7872504970999969     113.2553603048999946      -0.1890265846005903
     92.1976863003000062      50.6020658500999971     112.3975343102000011      -0.1974914293264209
     95.4114884869999997      55.9562812957000020     110.4167386467999989      -0.2019751373259489
     95.7180908594999948      53.1230207902000018     111.0166453899000061      -0.1916792578813684
     95.1622468572000031      51.3300223159999973     110.7638850902999934      -0.1932211717654440
     94.3762512371000071      54.9362317734999976     112.4656589320999984      -0.1897085079338030
     96.2186698252999975      54.2898434402000021     109.2458908803999975      -0.2094476520156547
     96.0449548739999983      56.3468366349000007     108.3005819108000054      -0.2236644194140762
     95.0411059726999952      57.6516716431000020     109.2861136980999959      -0.2139804909935759
     91.6498528464999964      51.3293835886000025      96.1913122620999985      -0.2033761251218351
     92.9795075157000070      52.6069479610000030      96.6526813032999996      -0.2177304673988587
     94.0237776559000054      46.2034546013999972     101.8882729793999999      -0.1862480147295784
     95.5345002003000019      47.3633589646000033     101.9876763458999989      -0.1958124290064163
     91.6828947054000025      45.8865626708999983     102.5529878753000048      -0.1965174701001953
     92.6244506791999953      45.9297334610999997      99.8678629900999937      -0.1772579830421712
     93.2623824886999984      46.5923847763000012     103.8789594687000033      -0.2024309240146902
     95.3452781576000064      48.0872317326000029     104.0103955804000009      -0.2101207632285309
     96.4452271842999949      49.3305164755999996      99.3749071789000027      -0.2095840561664986
     94.2129411171000015      48.9183974731000006      96.9380790605000016      -0.1843157995252227
     95.7569568538999931      47.6389698308000007     100.1117283493999963      -0.1902680627677356
     93.1099741980000033      47.3885943654000030      97.4957995606999930      -0.1757699041896270
     94.0208070066999966      50.8125510897000012      96.5170877945000001      -0.1992897743438284
     95.5897935826999969      50.5096412417999971      97.6234297641999973      -0.2091402759608822
     91.6275484105999993      49.0207903860000016      96.4087365755000008      -0.1852928982589397
     94.8242712538999939      47.6627973857999976      98.2782972979999982      -0.1806749299317101
     96.5883210156000018      51.9309249447999974     109.0857498308999993      -0.1995540513756655
     93.7461561212000021      49.5785883650000017     110.8874221474000024      -0.1938863075230586
     95.7888289723999975      49.5888457977000030     109.4856593137999994      -0.1880325089533788
     91.5523883389000019      47.0272428516000005     108.2324705169999959      -0.2121982472297699
     94.1594184079000058      47.7299714756000029     109.1129354290000038      -0.1890275377741091
     95.7505072191000011      47.8409909877000032     106.8081859291000058      -0.1909914304472675
     97.1395710940000043      50.6187540203999973     107.3740454791000047      -0.2027403741999212
     96.9167308260000055      49.6658842570000019     105.6930983074999943      -0.2110592438485455
     93.8101479123999979      46.7491432161999967     106.5434750022999992      -0.1960594825159507
     93.8810088575000066      62.6406880927000032     102.2034225824999965      -0.2259066477944049
     93.7124452993000006      61.2730688282999978     105.7631787957000000      -0.2397301643187735
     95.2757135644999948      62.0216119691000003     104.0121586947000054      -0.2305943421171701
     93.8906596881000013      54.2978917832000008      96.5121159253999963      -0.2199528985472750
     93.2810945554000028      61.6236904780000003      97.6456151473000062      -0.1946869843013967
     93.3021385440000017      62.6234197766000023     100.1466429267999985      -0.2109798016652338
     95.3711938598000017      61.9399758063999997      98.6552050362000017      -0.1980151965013768
     97.0456800582999932      61.2073573865000000      99.7209613609000058      -0.2085884983599389
     96.9035159721999975      57.9351229824999976     106.1981521442999963      -0.2452758373558037
     95.7193645347999933      60.7291300998000025     105.6164604700000069      -0.2369118748486247
     95.7198350766000061      62.2812357534999990     101.1460453029000064      -0.2169155348715019
     93.2356220789999952      59.9363787091999995      96.1084534466999969      -0.1892709665362826
     98.4297286003999972      57.4988665098999974      98.7665987139999970      -0.2216864482342302
     94.3886610675999975      56.0897639805999972      95.7100141706000045      -0.2014231738494026
     91.4469964307999987      55.6416948309000006      96.6432931445999941      -0.2199348850720035
     96.4419655172000034      56.5826253054000006      96.3001245742999998      -0.2026332720864481
     96.6701140256000002      60.1141943658000031      97.2552336628999967      -0.1920146190034711
     93.9975539283999950      58.0608237758000030      95.4585955765000023      -0.1903207794267310
     91.8948596002999949      57.9904484902000021      95.9078514740999992      -0.1987634887127090
     97.4994580702000064      57.9659878770000034      97.1018257071000050      -0.2006284382996668
     97.5818179980000053      60.6468495404999999     103.3903991602000048      -0.2296276652172402
     97.4464418075999959      59.5575925834000017     104.9944023588000022      -0.2372752008161978
     98.5244889101000041      58.8708642694000019     103.2703467579000005      -0.2384248751943918
     98.4925109668999994      59.5011275709000031     100.9198526609000055      -0.2241269169795537
     98.3537597259000052      50.3122480238999970     103.9756265119000034      -0.2178682800152512
     99.0592586882000035      50.6542619717000022     102.0175170089000005      -0.2171568672538502
     97.1833825013000023      49.2557267900999989     102.9242547813999948      -0.2195269013671730
     98.0951280477000012      49.9809223662999997     100.4217643540000040      -0.2143976464762130
     98.5265883957000028      51.7257838503999992     105.6397381146999948      -0.2174339544117725
     98.6940521333000049      53.8467839540999975     106.4484841461000002      -0.2178912888477935
     97.8221250033000018      55.5329713359000010     106.9154070918999935      -0.2262327997036024
     98.6106339589999976      56.6822252034000016     105.4203976192000027      -0.2338872924304312
     99.9164176096000034      52.3544276566000022     100.9301648956000008      -0.2175468542452492
     97.3831586637000015      50.6437248595999989      98.2458412542000019      -0.2075291628643399
     99.3420108289000012      56.9894039423000009     103.0512198013999949      -0.2396741481730338
     99.9774803254999966      52.8406806097000015     103.1169047870999975      -0.2227259272083746
     99.7264340073000000      54.4122655589000033      98.9519751642999950      -0.2117066602675823
     97.2989335764000032      54.7549976025999996      96.6706941715000028      -0.2072761401731888
     98.5102857295999996      52.7757949781000022      97.5609516436000064      -0.2035167401827138
     95.5721737775999998      53.3414731144999976      96.2854980950999959      -0.2084756347200134
     99.2447088378000046      51.8645180838000002      99.0937386285999935      -0.2078813181386749
     99.7269593511999943      54.5306379948000028     104.8754100926999939      -0.2212012544797428
    100.1448703637999955      55.1827899923999965     100.9641610662000062      -0.2242036495237585
     98.9116691986999967      57.4970126887000035     100.9428392879000000      -0.2426492289076396
