233
     66.2537698610999968      35.1809539727999976      83.5123662305000067      -0.1432924526363859
     65.5859132716000062      33.1977167127000001      80.0057756759999990      -0.1335961918314581
     65.1529835571000007      35.0907005955999978      81.3719192061000030      -0.1388431354679867
     68.3105016196000037      36.0623204032999993      84.7956888109000033      -0.1662823579552999
     66.9057695128999939      36.9546744425000000      83.7774598704999960      -0.1592604229332419
     66.2115236928000002      33.1585072825999987      82.5312376881999938      -0.1324055380180020
     65.0808804817000066      37.5018750173000015      80.5641631762999992      -0.1507335370019973
     67.9645343195000038      39.4656803558999982      82.8199141812000050      -0.1863920071807428
     66.0701747868999973      38.2603928205000017      82.2595637697999962      -0.1597119676391650
     66.1122244363999982      39.3056057619999990      79.2588298655000045      -0.1684515240550564
     65.1011112136000065      36.8762622985000021      78.4733146086000062      -0.1527324533046084
     66.9119370177999997      39.8923434832000012      80.9591119095999971      -0.1755681342126980
     67.7855700713000004      33.2667813676999984      84.1677268801000054      -0.1407351333313365
     67.8295910030000044      31.4372737324999996      82.3624389529000069      -0.1306418087903722
     70.3366294486999948      34.8223590452999971      85.1487903348999993      -0.1775119059038577
     69.7378503523000006      32.4945716527000030      84.3293506722999950      -0.1484665922122161
     66.9081134947000038      37.8373272680000028      76.0733485667000053      -0.1794386563213326
     66.9092344602999987      35.7356362988000029      75.5669119104999965      -0.1703515148993819
     66.9362381724999977      33.7128613535999975      76.2357602992999972      -0.1564114645527983
     65.5911208854000023      35.6792069397000020      77.0005664271999990      -0.1542723943241384
     65.1376569529000022      34.7377094985000028      78.6408951582999975      -0.1425945606193419
     67.4740059292000041      39.3912829146999997      77.0539738684000071      -0.1894649804387551
     66.0928316752000029      33.0892648852999969      78.0304125021000061      -0.1409016132282073
     71.5615509868000004      33.1344909975000022      84.4373701414999971      -0.1712238331627773
     67.8806495346999981      30.6327134422000000      80.6165010791000043      -0.1292558811362277
     68.3458939666000020      31.2147456277000011      77.1727464817000026      -0.1445936001428105
     66.8200139958999983      31.4518165198999995      79.2467822783000031      -0.1315849868720704
     68.7463001416000026      30.2483067791000018      78.9062778906999966      -0.1353594578388027
     71.1249497997000049      29.7561233033999990      79.8719355954000036      -0.1435699679621560
     71.3685927655999990      30.8855040303000017      82.9845651693999997      -0.1485039188727750
     69.6328532198999994      30.0769870481999995      81.3481574494000057      -0.1340691515574637
     71.1537158982000051      30.3063092273000017      77.7622109755999986      -0.1539268241870460
     70.9384239502000042      40.1461289187000006      87.7576602870999949      -0.2208888814535754
     73.0437119754000008      43.4687820480000013      88.1408068701999952      -0.2343300651387139
     71.4994432479000039      42.4897452633000015      87.5850475794999994      -0.2268526856775743
     70.5858251705000015      38.4211190544000019      86.1717333187999941      -0.2241314219267085
     70.3590213744000010      41.2654830079000021      86.0396570281999971      -0.2273623873425752
     73.7501986604000024      35.0562168626000030      86.3689920637000057      -0.2243231228075935
     72.2761473527999954      36.0619443566000015      87.0375141864000028      -0.2152470737476548
     72.3478187237000014      38.7553343424999994      89.3813874635000047      -0.2082649995473016
     71.4089376902000055      37.6929447679000020      87.8066867434999949      -0.2132009335054281
     73.4815630956999968      37.1047132451000010      89.4024063676999958      -0.2048753278369571
     76.4384501342999982      41.9625757451999988      89.8633529176999986      -0.2253167993674037
     74.9027727484999986      40.3939629667000020      90.4976265262999959      -0.2091281148751598
     72.4643251501999970      41.2525470347000009      89.1750443796999974      -0.2200009460322558
     74.2591061763999960      42.1662263058000022      89.6921625484000060      -0.2230138026959452
     75.3360247605999973      38.1411997543999988      90.3965750922999973      -0.2023151531885308
     78.3787084121999982      38.2794669867000010      89.4379293709999956      -0.2127477649724856
     77.5598140105000056      40.1850144097999973      90.1010724032999946      -0.2141554661793119
     77.2449017002000033      36.7363650750000019      89.2835440894999977      -0.2094599581891732
     75.4293156828999969      35.6620384591000033      88.5911977388999929      -0.2111783883823684
     79.2980762988999999      40.4216990625999983      88.5903893011000036      -0.2327437865798032
     72.1157663312999944      44.1694922042999991      86.2843087836999985      -0.2356389326461557
     71.6401072917000050      31.8516052308999988      75.8943790537999945      -0.1802167063867834
     69.2190881620000056      32.5162133891000025      75.7168096962000021      -0.1683754816211156
     70.3326534087999988      42.1607707936000011      84.1317117051000025      -0.2288877028066665
     71.2815659350000033      43.8666983613999975      84.3134394676000056      -0.2322619148064362
     68.8991619079999964      38.0266806955999996      84.5655611921999935      -0.1912432268323006
     69.5075136054999945      40.1294639994000022      84.3575320001999955      -0.2142570156324535
     78.8170999764000015      36.6968199112999969      87.9199010947999966      -0.2242979896203572
     77.0085522987999980      35.3064396422999991      87.5732861935999978      -0.2246391941081338
     80.0336614673000071      38.1310733335999998      86.9273559627000054      -0.2381737076177632
     68.9263673155000021      42.7982161477000034      82.8252116066999946      -0.1941847796329572
     67.8341589749999940      43.3240623310000004      80.8249344853999929      -0.1741499661433057
     67.1558823483999987      41.7806182761000002      79.4833795796999993      -0.1728690627359057
     67.7754960869000058      41.4018286729000025      81.8400301756000061      -0.1824420708099073
     68.8198241153999959      44.8716882737999967      79.4092213249000025      -0.1733219465186959
     73.8209818362000050      33.5815003152999978      84.7675491061999935      -0.2056344158584960
     69.4182044840000003      38.5454203537000026      74.6886840890000059      -0.2083550217320180
     72.2181966182999986      45.9254154286999992      80.8809175181999933      -0.2083095616905197
     70.4752276541999976      45.2923966365000013      81.7182066518000028      -0.1954969014003165
     67.4204648020999997      41.6562691720999965      77.1462489449999964      -0.1738375985122005
     67.9611897305999975      43.5313864905999992      77.2191435288000037      -0.1684978591498982
     69.4977323740999964      36.5955448496999978      73.9470573478999995      -0.1991909936854821
     71.3324066055999992      37.8523719136999972      73.9873664646000009      -0.2263968787017774
     69.6014683625000004      41.9687408829000006      74.4528950131000045      -0.1876485280758029
     70.4276561480999987      44.4792131864999973      75.2657746992999961      -0.1800727286330659
     69.3452812618999985      45.1851932435000023      77.4818837110999965      -0.1715626795325349
     70.7830922918000027      40.0310909224999989      74.1328772183999973      -0.2155787571582657
     70.2250107915999990      34.5386218374000009      73.9144525522000038      -0.1924122790665859
     72.2197038365000026      35.2355946314999997      73.7582462609999965      -0.2159847200830729
     71.4068866074999988      33.1811487706999984      74.4966465596999967      -0.1919911407627186
     71.0216194565000052      45.7464461823999997      76.7855901667000040      -0.1799190228976020
     72.0141374761000037      46.3517190697999979      78.7516326193999987      -0.1907811041061134
     74.0477577037000003      45.9255381125000000      79.7916211163999947      -0.2224952489011098
     73.4342810538999942      33.3935543229999965      75.0040993336999975      -0.2133248013734654
     74.3165097952000053      45.1464717707999981      87.7534486477999991      -0.2328162446883688
     73.3329618796000062      45.8591579698999965      86.0859292294999960      -0.2286305739036383
     74.5141361793999977      47.2028319053000018      85.3684072079000060      -0.2226549483272251
     76.8739443476000019      44.1687904289000031      88.9374630310999947      -0.2353575032651545
     77.3490145851999955      46.3326384191000002      87.8640053640999952      -0.2265441359649927
     76.6577630281000069      47.5160300881999973      86.2952011386999942      -0.2240342929158690
     73.0475394838999961      46.4723467251000031      82.9161042293000037      -0.2205009089860042
     81.0333670625000053      40.5143710688000027      86.2766415867999967      -0.2484553181132796
     79.7797684653999966      42.5832243133000006      88.4862860127000062      -0.2344226548680375
     81.4710790490999983      42.5299641065000031      86.9714078996999973      -0.2374664329951202
     79.1803334171000017      45.7050590619999966      88.0196453135000070      -0.2253323905845956
     80.8398768792999931      45.1701126096999985      87.1622895850999981      -0.2283228361392595
     79.3463498025000007      47.0439422227999984      86.5167075062999942      -0.2247230984787993
     76.7966712425999987      48.1792314161000021      84.3337088807000015      -0.2214320989229037
     75.8691996555999992      48.2289426570999993      82.2775296838999992      -0.2131282234986518
     74.2418954099999979      47.2387378127999966      81.5288673386999960      -0.2157378044475813
     77.8451973246999955      48.3436310609000017      82.4916052049999990      -0.2166922987487112
     78.4317676663000043      47.7480262492000023      80.7127011870999951      -0.2179736401590304
     76.4071282040000028      46.8093840566999972      79.2469592018999975      -0.2206018998194104
     82.2645781530000022      45.6610960582999965      84.8833388096000050      -0.2211158098787287
     80.1373306606000000      47.9463459719000014      83.3742458605999985      -0.2149888094903272
     81.4848390945000034      46.9506377358000009      82.2309039637000012      -0.2165071425999461
     75.7615455515999940      32.9829616079999965      84.8077374995000071      -0.2134553557618446
     73.9582331989000039      31.6216772994000017      84.1638669725000028      -0.1763371172194113
     75.5313981398000038      30.2314633647999997      83.3932763827999963      -0.1688502423099134
     73.6778841352000029      30.0665049848999999      82.7808503190999971      -0.1580339555441750
     72.9065377443999978      29.5259177776000001      78.5726984753000011      -0.1547590887360322
     73.0597454920000047      29.3206543734999983      80.5127931627999942      -0.1505405302481915
     73.8150421052999945      30.7066029761999992      76.2317370889000046      -0.1747368768982884
     77.6324277355000021      31.7192284941000011      83.7911505873999971      -0.2004470823998421
     78.6128804848000016      30.0615743980000012      80.3757382715999995      -0.1772523474979195
     79.1840178600999991      31.9765646244999999      82.4577456840000025      -0.2107740982192841
     78.1256296924999987      30.3371578851999999      82.2166770296999943      -0.1799084836601530
     75.8271473814999979      28.7438812890000008      80.2223781296000027      -0.1562954416665967
     74.7723871653000032      29.2511646220999992      77.6672468661000011      -0.1600993085187081
     76.7870119515999932      29.4394287579999983      77.7476372651999981      -0.1669439889164668
     75.7399368786000053      30.3191851376999999      76.2809701493000034      -0.1753583615562437
     79.5599343293000061      33.0718564760000007      85.0886843938999959      -0.2121470871013909
     79.8122182455000058      34.9822297057000000      86.5198010948000018      -0.2198372631065979
     77.2141150216999961      33.8638533892000027      86.2685834561000036      -0.2207373310483334
     81.6971745036999977      36.5440772711000008      85.4690200036999954      -0.2256072338528039
     81.8596617027999969      33.6478569894999993      82.2575590452999990      -0.2201704991435509
     81.4804037986999958      33.9747356673000027      84.3630503651999959      -0.2148208926309110
     73.4798455063999967      46.7717883096999998      76.4285108339999937      -0.1872652566891944
     77.2703822624000054      46.8629431116999982      77.3976471290000063      -0.2084612136559318
     75.5580342389000066      47.2104146523999972      76.2339254732000029      -0.1929567733921527
     74.4921324814000059      46.8741067650000005      78.1410507628000062      -0.2011587109697750
     73.8440519284999937      38.5596816536999967      72.3009813689999987      -0.2421801763319102
     76.3919109542000001      46.7451605078000014      74.4184454839000011      -0.1969004802903527
     79.2553255062999966      45.6052879884000006      76.6755303816999998      -0.2236646609281348
     78.1653646114999958      46.3259844390999973      75.1475386584999967      -0.2104472543649027
     73.8127282763999943      46.4570662065999969      74.3206875263999933      -0.1849956132726245
     71.7799561488999984      43.7279313547999990      72.6136892568000007      -0.1878412080709921
     73.7735019853000011      44.9576599037999998      71.8598037049000027      -0.1923679790247430
     73.2794408120000043      40.8025290563000027      71.1767447672000060      -0.2204202029022539
     71.0670626177000031      41.9410169366000005      73.2073747432999937      -0.1979470934120542
     75.8253826480000015      45.2589109879999967      71.8121200666000021      -0.2091976113627005
     74.3203954890999938      43.3726266234999969      70.8231907149999955      -0.2125001076900030
     82.7801157851999960      46.4604397558000031      80.3500992018000062      -0.2008120308769339
     75.0630287387999999      35.2212403966999972      73.1053112645000027      -0.2292964164682232
     84.0713896338999973      45.5645771026999995      82.3121621924999971      -0.1966409867508485
     79.6625343739000016      46.9082655783000035      78.8554469893999936      -0.2132818052300038
     83.4585576796999931      38.2758052666999973      84.7189218272000062      -0.2149707490506572
     81.7920115426999956      38.7841926066000013      85.6682702219000021      -0.2331686662465238
     83.8916089317999933      44.0098599844999967      84.7015128727999951      -0.2055683793439727
     82.7794356091000054      41.5389357549000025      85.8912413455999939      -0.2241468704000997
     84.3743351581999974      45.2739191407000021      80.0925653414000038      -0.1952259144089492
     82.7028060842999935      46.0554931722999967      78.2317606544000057      -0.2014659272256996
     82.5246720056999976      44.7551125394000024      76.3550064150999930      -0.2191968650124778
     85.4670451367999959      42.6547491027999968      83.6894427752999945      -0.1909824984486654
     84.6598171213999962      40.4489652497999970      84.6523557370999953      -0.2013599772686394
     85.2290440243999967      43.7156470289000012      79.0021814140999936      -0.1997349938312638
     86.3651724213000023      41.5523665406999996      80.5866964827000061      -0.1935606064528823
     86.1332694900000035      39.9441917763999967      81.5601895798999976      -0.1964062984688404
     85.6338405003999981      43.9766313538000020      81.4676060271000040      -0.1888249948744818
     85.6301102787000019      41.6128750088000032      78.5364164279999954      -0.2123997657535401
     84.5821206721000038      42.9224319949999966      77.0061271678000026      -0.2214286768529874
     83.9944358969000007      44.6422655909999975      77.6212522981000035      -0.2059015359222798
     75.6712675017000009      32.9947107308000014      73.3780126981999956      -0.2025092317067489
     76.7584832100999961      34.1842830244999973      72.3700973154000025      -0.2157601280853427
     81.6261283934999966      31.2060447472000000      78.4481541316999937      -0.1860776144329197
     82.7003179100999972      32.0939775467000032      77.1461426137999950      -0.1942482973819786
     80.0871486360999967      31.5121647819000010      80.3349056275999942      -0.1985036808402931
     79.4719894243000056      30.1029000330000009      77.9403620321999995      -0.1760876874557198
     81.9447201233000015      32.6188396861999976      80.0594678039999934      -0.2056276708748932
     83.4438651665000037      33.7506535792999998      78.3096510442999971      -0.2127886105813257
     81.7094152960000031      32.3760482686000017      73.9112943716999951      -0.2002235387813780
     78.6749360566000036      31.0320270027000014      73.6344965762999948      -0.1800412599981023
     81.8590364005000026      31.3655951500999990      75.5949064282000052      -0.1860281430208257
     78.3544143217000055      30.1138324546000007      75.3439029990999956      -0.1731118722054745
     77.9157542948999975      32.4669250844999979      72.5543680500999955      -0.1943344146919781
     79.8541261329000065      32.5984156391999989      72.6081328815999996      -0.1993727380117161
     76.2302498510999982      31.1242061109999995      74.6294616966000035      -0.1832216132409723
     80.1298019615999948      30.5630359706000014      74.8218691587999984      -0.1766586971202972
     86.3298149664999954      39.4686833011000004      79.3361907065000054      -0.2046334288108511
     85.3722995555000068      38.6504537289999988      83.2440131708000024      -0.1975003826858206
     86.3436291168000025      37.7422100038999986      81.1537574800999977      -0.1922188081492813
     82.6878817782999960      35.3563263708999997      83.8038125252000015      -0.2179473851331348
     85.1700873749000067      36.1293762115999968      82.6607022586999989      -0.1932800837371786
     85.2782815977000013      34.9014822414999983      80.1434955522999957      -0.1955395049444792
     86.1667928372000063      37.4252652428000019      78.4681657089000026      -0.2096763940370732
     85.3035428541000016      35.7866018717000003      77.8742096603999983      -0.2176251441188306
     83.7475332806999972      34.0338601670000003      81.5331858759000028      -0.2008734282780598
     78.3595383533999978      45.4909505342999978      70.9934104600000069      -0.2122701326999135
     80.3369443552000035      46.1214972599999982      74.1969923231000053      -0.2101727246766014
     80.5801311911999960      45.7218237567999992      71.7780427266000061      -0.2078027133509881
     77.1028948297000056      35.4702750946999998      70.9783886719999941      -0.2237160221418364
     75.7068870182999945      42.3923638170000032      68.6418171311999998      -0.2086502107535004
     76.8172523842000032      44.5040315751000009      69.8920129188999937      -0.2121852499728920
     77.9038493751999965      42.9524533039000005      68.0523432776000021      -0.2069871555077185
     79.9955132616999975      42.6836350040000028      68.2230747307999934      -0.2130593892196444
     83.8882420882000019      43.1408822292000025      74.3320285141000028      -0.2326531712707443
     82.0396348995000011      45.3712568189000010      73.2572558619999938      -0.2107550074525086
     79.4140233744000028      44.4594803073999998      69.4273117813999932      -0.2117314143958922
     75.2134892221999962      40.1768228679000003      68.3970891950000066      -0.2071662793910427
     81.3996864819000052      38.8761419085000028      68.5556358616999972      -0.2260677230164010
     76.7410469172999967      36.5539592928000019      69.3060031848000051      -0.2136366361748525
     74.8678287687999955      36.9450302261999965      71.7683767826000008      -0.2347494664599257
     78.6547678909000041      37.0588983652000010      68.3626526111000032      -0.2120449744368873
     78.6273979741999938      40.5464991480999970      67.2347533211000012      -0.2048298975813037
     75.8886495058000037      38.1607930130000028      68.4156342338999934      -0.2069977359619148
     74.3866067160000028      38.5455125443999975      69.9069307568999960      -0.2176433520564238
     79.6704457933000043      38.5385796696999989      67.6891180191999950      -0.2107532462635362
     82.4531649773000055      43.9885722021999968      70.7377265263999959      -0.2140394851677474
     83.3900321745999946      43.8728017565000030      72.4366999667000044      -0.2187603156659197
     83.5327454620999958      42.3051236801999977      70.9778759833999970      -0.2282458643675191
     82.1628571523999938      41.6695592650999984      69.0693318233000042      -0.2229208744572375
     85.4796856244000054      35.3292310137000030      75.5955404941000069      -0.2203317515247925
     84.9842323843000003      34.5661622853999972      73.6926092407999960      -0.2127685530699601
     84.1750917650000048      34.0166005087000016      76.0035092435000053      -0.2183995921634327
     83.4922711762999938      33.2876713663000032      73.4301718669999985      -0.2056807352902279
     86.1998397992999941      37.3601592079999989      75.9878787947999967      -0.2251635527407654
     86.3303911520000042      39.5696109147000001      75.4568089437999987      -0.2255846493582645
     85.5072320536000063      41.3427141626999983      75.4607857251999974      -0.2308728164593887
     85.1578583906999995      41.4964987042000004      73.4528334081999930      -0.2335957198211460
     84.7919371870000020      35.3904021636000010      71.6699202949999972      -0.2105990530756863
     81.6406527760999978      32.8386984340000012      71.9981168780000047      -0.1969920958551477
     84.4782224769000010      40.4944548240000017      71.2673637739000014      -0.2366123263235611
     85.8763746417999982      36.8992783001000006      72.9226334121999997      -0.2223045706457896
     83.1957495581000046      36.1838539139000019      69.4323670359000005      -0.2049484307646310
     79.9273645810000062      35.5863675080000021      69.0138742630000053      -0.2056038758082703
     81.7941451524999934      34.2075895134000021      69.9034117686999963      -0.1953142173523510
     78.5767019111000025      34.3597835443000008      70.3552649706000039      -0.2047549525422525
     83.3816752597000033      34.1180269437000021      70.9947254385999997      -0.1986426441645239
     86.2376188154999994      39.2591231365000013      73.4809278035999967      -0.2252118031979506
     84.4298066221000028      37.8118307893999983      70.2351642993999974      -0.2190367075299680
     82.9270318245999931      39.9167392873999987      69.8016962580999945      -0.2403850416660998
