host=comp050.hpc  start=Mon Sep 14 15:37:12 SAST 2026

pairs selected:
tag     idxA  xA         yA         zA         dvA      idxB  xB         yB         zB         dvB      sep
sep3.0  996   57.784800  36.234200  61.616000  -2.6279  588   54.835800  36.138800  61.047000  -1.9457  3.005
sep3.5  180   61.106000  31.071000  60.818900  -3.1414  331   59.639200  28.222200  59.415400  -1.6429  3.498
sep4.5  1114  59.286500  32.698200  62.166400  -3.7195  671   63.412800  33.364500  60.505100  -1.8111  4.498
sep6.0  715   58.250600  31.287500  61.693400  -4.0315  224   53.433400  33.826400  59.177400  -2.0339  5.998
sep8.0  1197  57.044300  29.105500  60.057900  -2.5766  1290  61.951200  35.277900  61.437800  -2.1305  8.005

=== control: no charge

=== A alone, B alone, and A with B, for each pair and sign combination
  done sep3.0 pp
  done sep3.0 mm
  done sep3.0 pm
  done sep3.5 pp
  done sep3.5 mm
  done sep3.5 pm
  done sep4.5 pp
  done sep4.5 mm
  done sep4.5 pm
  done sep6.0 pp
  done sep6.0 mm
  done sep6.0 pm
  done sep8.0 pp
  done sep8.0 mm
  done sep8.0 pm

========================================================================================================
Additivity of the barrier change. Reference barrier 17.5348 kcal/mol.
========================================================================================================
pair       sep/A   qA,qB   DDE(A)   DDE(B)      sum   DDE(A,B)   non-add  % of sum
--------------------------------------------------------------------------------------------------------
sep3.0      3.00   +1,+1   -3.429   -2.225   -5.653     -6.778    -1.124      19.9
sep3.0      3.00   -1,-1    1.854    1.684    3.538      2.607    -0.931     -26.3
sep3.0      3.00   +1,-1   -3.429    1.684   -1.745     -0.732     1.013     -58.1
sep3.5      3.50   +1,+1   -3.339   -1.711   -5.050     -5.009     0.041      -0.8
sep3.5      3.50   -1,-1    2.974    1.577    4.551      4.668     0.117       2.6
sep3.5      3.50   +1,-1   -3.339    1.577   -1.761     -1.846    -0.084       4.8
sep4.5      4.50   +1,+1   -4.315   -2.168   -6.483     -7.199    -0.716      11.1
sep4.5      4.50   -1,-1    3.176    1.511    4.687      3.996    -0.692     -14.8
sep4.5      4.50   +1,-1   -4.315    1.511   -2.804     -2.109     0.694     -24.8
sep6.0      6.00   +1,+1   -4.558   -2.283   -6.841     -7.397    -0.556       8.1
sep6.0      6.00   -1,-1    3.598    1.796    5.393      4.949    -0.444      -8.2
sep6.0      6.00   +1,-1   -4.558    1.796   -2.763     -2.265     0.497     -18.0
sep8.0      8.01   +1,+1   -2.854   -2.649   -5.503     -5.335     0.168      -3.0
sep8.0      8.01   -1,-1    2.324    1.608    3.932      4.128     0.196       5.0
sep8.0      8.01   +1,-1   -2.854    1.608   -1.246     -1.433    -0.187      15.0

========================================================================================================
largest non-additive term: 1.124 kcal/mol

Does it change sign with the product of the charges, as a cross-
polarisation term should?
  +1,+1: -1.124 +0.041 -0.716 -0.556 +0.168
  -1,-1: -0.931 +0.117 -0.692 -0.444 +0.196
  +1,-1: +1.013 -0.084 +0.694 +0.497 -0.187

  The like-sign combinations share the sign of q_A*q_B and should
  agree with one another; the opposite-sign combination should
  reverse. A term that does not behave this way is not simple
  cross-polarisation and needs a different explanation.

Does it fall off with separation?
   3.00 A: mean |non-additivity| 1.023 kcal/mol
   3.50 A: mean |non-additivity| 0.081 kcal/mol
   4.50 A: mean |non-additivity| 0.701 kcal/mol
   6.00 A: mean |non-additivity| 0.499 kcal/mol
   8.01 A: mean |non-additivity| 0.183 kcal/mol

WHAT THIS MEANS FOR THE OBJECTIVE
  Contributions are NOT additive at the separations used. The error
  compounds with the number of charges placed, so a design of several
  charges cannot be scored by summing single-charge values, and the
  objective needs either a correction term or explicit verification
  of every candidate arrangement.

end=Mon Sep 14 19:35:46 SAST 2026
