host=comp036.hpc start=Fri Oct  9 13:05:20 SAST 2026
bare_svpd_R orca_exit=0 1 Fri Oct  9 13:07:15 SAST 2026
bare_svpd_TS orca_exit=0 1 Fri Oct  9 13:09:07 SAST 2026
L2_E1_R orca_exit=0 1 Fri Oct  9 13:10:57 SAST 2026
L2_E1_TS orca_exit=0 1 Fri Oct  9 13:12:48 SAST 2026
L2_E2_R orca_exit=0 1 Fri Oct  9 13:14:36 SAST 2026
L2_E2_TS orca_exit=0 1 Fri Oct  9 13:15:58 SAST 2026
L2_E3_R orca_exit=0 1 Fri Oct  9 13:17:48 SAST 2026
L2_E3_TS orca_exit=0 1 Fri Oct  9 13:19:43 SAST 2026
L2_E4_R orca_exit=0 1 Fri Oct  9 13:21:16 SAST 2026
L2_E4_TS orca_exit=0 1 Fri Oct  9 13:22:49 SAST 2026
L2_E5_R orca_exit=0 1 Fri Oct  9 13:25:42 SAST 2026
L2_E5_TS orca_exit=0 1 Fri Oct  9 13:28:29 SAST 2026
L2_E6_R orca_exit=0 1 Fri Oct  9 13:29:53 SAST 2026
L2_E6_TS orca_exit=0 1 Fri Oct  9 13:31:35 SAST 2026
L2_E7_R orca_exit=0 1 Fri Oct  9 13:34:11 SAST 2026
L2_E7_TS orca_exit=0 1 Fri Oct  9 13:37:03 SAST 2026
L2_E8_R orca_exit=0 1 Fri Oct  9 13:38:39 SAST 2026
L2_E8_TS orca_exit=0 1 Fri Oct  9 13:40:13 SAST 2026
end=Fri Oct  9 13:40:13 SAST 2026
