############ 1. signed distance field (union of R + TS + P)
union geometries: ['reactant.xyz', 'ts.xyz', 'product.xyz']
pooled atoms: 72 (24 + 24 + 24)  elements: ['C', 'H', 'O']
voxel: 0.3 A   grid dims: (np.int64(69), np.int64(65), np.int64(62))   total voxels: 278,070
grid origin (A): [48.333 24.427 46.411]

verification:
  max_sdf_at_atom_centres: -0.9732663631439209
  sdf_far_corner: 11.975414276123047
  sdf_min: -1.657078504562378
  sdf_max: 13.606212615966797
  has_zero_crossing: True
  surface_probe_value_near_zero: 0.03500988334417343

saved sdf_grid.npz
SDF VALID

############ 2. Poisson-disk grid (ours)
SDF (69, 65, 62), voxel 0.3 A, range [-1.657, 13.606] A
resolution r_min = 1.0 A   shells = [3.0, 4.0, 5.0] A

shell 3.0 A: area   649.0 A^2, chi=2,   3894 dense samples
shell 4.0 A: area   844.6 A^2, chi=2,   5067 dense samples
shell 5.0 A: area  1065.1 A^2, chi=2,   6391 dense samples

GRID v2: 1448 candidate positions
  shell 3.0 A:   365 sites   standoff 2.993 - 3.057 A
  shell 4.0 A:   479 sites   standoff 3.994 - 4.033 A
  shell 5.0 A:   604 sites   standoff 4.995 - 5.047 A
  NN spacing  min 1.0001  mean 1.0652 +/- 0.0578  (CV 0.0542) A
  standoff overall 2.993 - 5.047 A

placement capacity (independent sites at a given species separation):
  sep 3.0 A               :   73 sites
  sep 3.5 A formate       :   50 sites
  sep 4.5 A guanidinium   :   32 sites
  sep 6.0 A               :   18 sites

saved grid_poisson.npz, grid_poisson.xyz, grid_poisson_sites.tsv

matched per-shell counts for CVT: 365 479 604

############ 3. CVT grid (colleague's method), global mode
restricted CVT (Lloyd), mode=global, seed=0, tol=0.0001, max 300 iters
shells = [3.0, 4.0, 5.0] A, cloud density = 6.0 pts/A^2

shell 3.0 A: area   649.0 A^2, chi=2,   3894 dense samples
shell 4.0 A: area   844.6 A^2, chi=2,   5067 dense samples
shell 5.0 A: area  1065.1 A^2, chi=2,   6391 dense samples

target counts per shell: [365, 479, 604]  (total 1448)

pooled relaxation: 1448 points, 10 iters
  shell 3.0 A:   365 points | within-shell NN min 0.643 mean 1.079
  shell 4.0 A:   479 points | within-shell NN min 0.552 mean 1.075
  shell 5.0 A:   604 points | within-shell NN min 0.633 mean 1.074

CVT GRID (global): 1448 candidate positions
  NN spacing  min 0.5523  mean 1.0278 +/- 0.1151  (CV 0.1120) A
  standoff 2.997 - 5.017 A

placement capacity (independent sites at a given species separation):
  sep 3.0 A               :   83 sites
  sep 3.5 A formate       :   56 sites
  sep 4.5 A guanidinium   :   28 sites
  sep 6.0 A               :   14 sites

saved grid_cvt_global.npz, grid_cvt_global.xyz, grid_cvt_global_sites.tsv

############ 4. CVT grid, per-shell mode (textbook restricted CVT)
restricted CVT (Lloyd), mode=per_shell, seed=0, tol=0.0001, max 300 iters
shells = [3.0, 4.0, 5.0] A, cloud density = 6.0 pts/A^2

shell 3.0 A: area   649.0 A^2, chi=2,   3894 dense samples
shell 4.0 A: area   844.6 A^2, chi=2,   5067 dense samples
shell 5.0 A: area  1065.1 A^2, chi=2,   6391 dense samples

target counts per shell: [365, 479, 604]  (total 1448)

shell 3.0 A:   365 points,   7 iters | within-shell NN min 0.643 mean 1.079
shell 4.0 A:   479 points,   8 iters | within-shell NN min 0.552 mean 1.075
shell 5.0 A:   604 points,   7 iters | within-shell NN min 0.633 mean 1.074

CVT GRID (per_shell): 1448 candidate positions
  NN spacing  min 0.5523  mean 1.0276 +/- 0.1151  (CV 0.1120) A
  standoff 2.997 - 5.017 A

placement capacity (independent sites at a given species separation):
  sep 3.0 A               :   83 sites
  sep 3.5 A formate       :   56 sites
  sep 4.5 A guanidinium   :   28 sites
  sep 6.0 A               :   14 sites

saved grid_cvt_per_shell.npz, grid_cvt_per_shell.xyz, grid_cvt_per_shell_sites.tsv

############ 5. comparison
Dv gradient: mean 0.279, p95 0.888 kcal/mol/A per +1e [dv_grid.tsv]

reference set: dense independent sampling of shells [3.0, 4.0, 5.0]

grid                         N   minNN  meanNN     CV      cond  max1/r  res.mean  res.p95  res.max
---------------------------------------------------------------------------------------------------
grid_poisson              1448   1.000   1.065  0.054     81832   1.000     0.529    0.878    1.236
grid_cvt_global           1448   0.552   1.028  0.112   2230234   1.811     0.527    0.868    1.199
grid_cvt_per_shell        1448   0.552   1.028  0.112    255473   1.811     0.527    0.868    1.199

grid                       Dv penalty typ.   steep-region  pairs<0.8A  pairs<1.0A   min NN    p1 NN
---------------------------------------------------------------------------------------------------
grid_poisson                         0.147          0.780           0           0    1.000    1.001
grid_cvt_global                      0.147          0.771          34         299    0.552    0.671
grid_cvt_per_shell                   0.147          0.771          34         300    0.552    0.671

grid                        sep 3.0A    sep 3.5A    sep 4.5A    sep 6.0A
------------------------------------------------------------------------
grid_poisson                      73          50          32          18
grid_cvt_global                   83          56          28          14
grid_cvt_per_shell                83          56          28          14

grid                                            per-shell counts
----------------------------------------------------------------
grid_poisson                                     365 / 479 / 604
grid_cvt_global                                  365 / 479 / 604
grid_cvt_per_shell                               365 / 479 / 604

Notes
  min NN is a guaranteed floor for Poisson-disk; CVT imposes none.
  CV is the metric CVT minimises, so compare it directly.
  resolution is what limits how well a charge can be positioned.
  cond is the quadratic term the optimiser sees; lower is better.
  cond depends on the smallest eigenvalue and so is sensitive to a
  few near-degenerate pairs. The pairs<0.8A / pairs<1.0A counts are
  the robust companions: quote those alongside it, not cond alone.

done. outputs:
grid_comparison.txt
grid_cvt_global_sites.tsv
grid_cvt_global.xyz
grid_cvt_per_shell_sites.tsv
grid_cvt_per_shell.xyz
grid_poisson_sites.tsv
grid_poisson.xyz
