NEB log file generated by ORCA
All quantities are given in atomic units. Unless stated otherwise. 
iteration       : 0
climbing        : yes
zoom on         : no
nim             : 10
barrier         :   0.02970655 (image:  6) 
distance        :   0.00000000    1.47173463    3.10816425    4.72498530    6.12214335    6.98786646    7.69634186    8.35180849    9.15274762   12.31123435 
energy          : -1077.09243146  -1077.09390432  -1077.09328359  -1077.09092295  -1077.08582733  -1077.07246197  -1077.06272491  -1077.06846810  -1077.09017383  -1077.10622178 
max(|Fr_perp|)   :   0.00000000    0.00127485    0.00280887    0.00455742    0.00492180    0.00227816    0.00127349    0.00208044    0.00383408    0.00000000 
Fr_paral         :   0.00000000    0.00019600   -0.00094248   -0.00264182   -0.00981599   -0.02970738   -0.00208271    0.02497544    0.02332086    0.00000000 
max(|Fsp_paral|) :   0.00000000    0.00046145    0.00214258    0.00482032    0.00472082    0.00440581    0.00221860    0.00028994    0.00529894    0.00000000 
max(|Fsp_perp|)  :   0.00000000    0.00000000    0.00000000    0.00000000    0.00000000    0.00000000    0.00000000    0.00000000    0.00000000    0.00000000 
max(|FNEB|)      :   0.00000000    0.00103207    0.00358652    0.00723365    0.00673248    0.00284900    0.00318519    0.00212248    0.00444883    0.00000000 
max(|Force|)     :   0.00161232    0.00124731    0.00295254    0.00503377    0.00735141    0.01532586    0.00181569    0.01289065    0.01076426    0.00151397 
ksp              :   0.01000000    0.01000000    0.01457300    0.03000722    0.07048759    0.10000000    0.10000000    0.08260398    0.01682941 
max(|step|)      :   0.00000000    0.00096218    0.00334366    0.00674382    0.00627658    0.00265608    0.00296950    0.00197875    0.00414757    0.00000000 
angle (deg.)     :    6.0120  3.2819  5.4425  23.9932  43.1630  36.6179  23.2780  48.9970 
>
iteration       : 1
climbing        : yes
zoom on         : no
nim             : 10
barrier         :   0.02968307 (image:  6) 
distance        :   0.00000000    1.47327232    3.11499650    4.74251647    6.14248900    7.00048275    7.69930351    8.36184592    9.15091634   12.32198586 
energy          : -1077.09243146  -1077.09391397  -1077.09330935  -1077.09095502  -1077.08582077  -1077.07232754  -1077.06274840  -1077.06852913  -1077.09002374  -1077.10622178 
max(|Fr_perp|)   :   0.00000000    0.00126353    0.00278211    0.00451726    0.00481577    0.00193444    0.00128074    0.00193166    0.00368962    0.00000000 
Fr_paral         :   0.00000000    0.00020265   -0.00091936   -0.00263928   -0.01001800   -0.02965601   -0.00222832    0.02504030    0.02395237    0.00000000 
max(|Fsp_paral|) :   0.00000000    0.00047195    0.00212661    0.00484123    0.00470208    0.00405192    0.00152822    0.00060169    0.00418130    0.00000000 
max(|Fsp_perp|)  :   0.00000000    0.00000000    0.00000000    0.00000000    0.00000000    0.00000000    0.00000000    0.00000000    0.00000000    0.00000000 
max(|FNEB|)      :   0.00000000    0.00101647    0.00356626    0.00713143    0.00624918    0.00231811    0.00169142    0.00157394    0.00408110    0.00000000 
max(|Force|)     :   0.00161232    0.00123492    0.00292077    0.00499294    0.00731884    0.01528224    0.00181950    0.01294291    0.01151172    0.00151397 
ksp              :   0.01000000    0.01000000    0.01447661    0.03004383    0.07095572    0.10000000    0.10000000    0.08247264    0.01730030 
max(|step|)      :   0.00000000    0.01426085    0.04978321    0.10000000    0.09049213    0.03449152    0.02289960    0.02589579    0.05947592    0.00000000 
angle (deg.)     :    7.0780  3.7356  7.3469  34.8355  41.7547  37.0586  19.6571  58.2752 
>
iteration       : 2
climbing        : yes
zoom on         : no
nim             : 10
barrier         :   0.02944273 (image:  6) 
distance        :   0.00000000    1.49709486    3.21764169    5.00650083    6.44636282    7.20190805    7.81659948    8.52695473    9.17989228   12.52943765 
energy          : -1077.09243146  -1077.09404177  -1077.09365663  -1077.09134286  -1077.08557050  -1077.07034666  -1077.06298873  -1077.06914623  -1077.08710448  -1077.10622178 
max(|Fr_perp|)   :   0.00000000    0.00176039    0.00234359    0.00417025    0.00621236    0.01047968    0.00296138    0.00219488    0.02232203    0.00000000 
Fr_paral         :   0.00000000    0.00029002   -0.00066654   -0.00267587   -0.01352355   -0.02772305   -0.00270915    0.02528253    0.02828041    0.00000000 
max(|Fsp_paral|) :   0.00000000    0.00063051    0.00198596    0.00514187    0.00399775    0.00133086    0.00384454    0.00912208    0.01500187    0.00000000 
max(|Fsp_perp|)  :   0.00000000    0.00000000    0.00000000    0.00000000    0.00000000    0.00000000    0.00000000    0.00000000    0.00000000    0.00000000 
max(|FNEB|)      :   0.00000000    0.00180200    0.00335482    0.00608379    0.00658232    0.01062827    0.00302554    0.00881331    0.02260886    0.00000000 
max(|Force|)     :   0.00161232    0.00180128    0.00243803    0.00439555    0.00727945    0.01434040    0.00303542    0.01325942    0.02265509    0.00151397 
ksp              :   0.01000000    0.01000000    0.01333120    0.03097644    0.07752490    0.10000000    0.10000000    0.08116470    0.02640646 
max(|step|)      :   0.00000000    0.00235344    0.00438142    0.00794549    0.00859658    0.01388063    0.00395139    0.01151028    0.02952740    0.00000000 
angle (deg.)     :    7.1431  3.8466  7.6710  35.5942  41.0205  36.9695  17.6268  60.0579 
>
iteration       : 3
climbing        : yes
zoom on         : no
nim             : 10
barrier         :   0.02943967 (image:  6) 
distance        :   0.00000000    1.49996724    3.22616761    5.03367292    6.46818062    7.20755267    7.82776689    8.51432033    9.23560422   12.56679140 
energy          : -1077.09243146  -1077.09405283  -1077.09368754  -1077.09136638  -1077.08551980  -1077.07040044  -1077.06299179  -1077.06870750  -1077.08869622  -1077.10622178 
max(|Fr_perp|)   :   0.00000000    0.00202681    0.00231514    0.00386678    0.00502187    0.01086286    0.00339325    0.00302022    0.02461496    0.00000000 
Fr_paral         :   0.00000000    0.00033881   -0.00080374   -0.00286430   -0.01378121   -0.02773291   -0.00260949    0.02440831    0.02591230    0.00000000 
max(|Fsp_paral|) :   0.00000000    0.00063895    0.00199478    0.00505905    0.00361313    0.00220084    0.00270067    0.00463833    0.00520160    0.00000000 
max(|Fsp_perp|)  :   0.00000000    0.00000000    0.00000000    0.00000000    0.00000000    0.00000000    0.00000000    0.00000000    0.00000000    0.00000000 
max(|FNEB|)      :   0.00000000    0.00202371    0.00359078    0.00828518    0.00628587    0.01103293    0.00340451    0.00452369    0.02495105    0.00000000 
max(|Force|)     :   0.00161232    0.00202676    0.00241179    0.00440479    0.00713331    0.01434067    0.00338199    0.01256309    0.02569626    0.00151397 
ksp              :   0.01000000    0.01000000    0.01325606    0.03112964    0.07735103    0.10000000    0.10000000    0.08252651    0.02141899 
max(|step|)      :   0.00000000    0.00101962    0.00338950    0.00728302    0.00446491    0.00361976    0.00149048    0.00575878    0.01294274    0.00000000 
angle (deg.)     :    7.2097  3.8774  7.8599  36.2117  40.4036  36.8911  16.8252  60.9413 
>
iteration       : 4
climbing        : yes
zoom on         : no
nim             : 10
barrier         :   0.02942617 (image:  6) 
distance        :   0.00000000    1.50212870    3.23281003    5.05432910    6.48429827    7.21349466    7.83654165    8.51103260    9.26295295   12.58778703 
energy          : -1077.09243146  -1077.09406780  -1077.09371676  -1077.09139091  -1077.08551328  -1077.07049839  -1077.06300530  -1077.06852781  -1077.08976481  -1077.10622178 
max(|Fr_perp|)   :   0.00000000    0.00103856    0.00229162    0.00386939    0.00381730    0.00531630    0.00146808    0.00157507    0.00929670    0.00000000 
Fr_paral         :   0.00000000    0.00034856   -0.00077555   -0.00284935   -0.01386463   -0.02797189   -0.00255884    0.02400736    0.02555383    0.00000000 
max(|Fsp_paral|) :   0.00000000    0.00064568    0.00199584    0.00499766    0.00337296    0.00277355    0.00210556    0.00251863    0.00094994    0.00000000 
max(|Fsp_perp|)  :   0.00000000    0.00000000    0.00000000    0.00000000    0.00000000    0.00000000    0.00000000    0.00000000    0.00000000    0.00000000 
max(|FNEB|)      :   0.00000000    0.00102279    0.00356783    0.00793303    0.00530108    0.00546665    0.00150093    0.00246862    0.00926360    0.00000000 
max(|Force|)     :   0.00161232    0.00099419    0.00240063    0.00440798    0.00705029    0.01432854    0.00177125    0.01228911    0.01268535    0.00151397 
ksp              :   0.01000000    0.01000000    0.01318252    0.03115927    0.07708237    0.10000000    0.10000000    0.08310937    0.01815596 
max(|step|)      :   0.00000000    0.00309813    0.01035469    0.02209195    0.01296317    0.00574050    0.00449452    0.01248258    0.01929584    0.00000000 
angle (deg.)     :    7.4159  3.9917  8.4244  38.3773  38.3646  36.7479  15.5848  62.7824 
>
iteration       : 5
climbing        : yes
zoom on         : no
nim             : 10
barrier         :   0.02941174 (image:  6) 
distance        :   0.00000000    1.50878378    3.25315789    5.11708819    6.53156344    7.23480963    7.86362230    8.51131061    9.31448844   12.63553819 
energy          : -1077.09243146  -1077.09409316  -1077.09378076  -1077.09142035  -1077.08543314  -1077.07045312  -1077.06301972  -1077.06813811  -1077.09066041  -1077.10622178 
max(|Fr_perp|)   :   0.00000000    0.00101512    0.00226837    0.00386105    0.00276782    0.00367285    0.00113673    0.00119884    0.00540403    0.00000000 
Fr_paral         :   0.00000000    0.00035700   -0.00070285   -0.00284599   -0.01427272   -0.02784987   -0.00232229    0.02298157    0.02267877    0.00000000 
max(|Fsp_paral|) :   0.00000000    0.00066633    0.00206907    0.00479641    0.00289772    0.00386945    0.00077764    0.00150903    0.00756820    0.00000000 
max(|Fsp_perp|)  :   0.00000000    0.00000000    0.00000000    0.00000000    0.00000000    0.00000000    0.00000000    0.00000000    0.00000000    0.00000000 
max(|FNEB|)      :   0.00000000    0.00108766    0.00348811    0.00678827    0.00273871    0.00358630    0.00141487    0.00188911    0.00938846    0.00000000 
max(|Force|)     :   0.00161232    0.00097043    0.00236648    0.00440910    0.00694430    0.01425001    0.00163899    0.01178897    0.00970958    0.00151397 
ksp              :   0.01000000    0.01000000    0.01309399    0.03141488    0.07725378    0.10000000    0.10000000    0.08433770    0.01541942 
max(|step|)      :   0.00000000    0.00628845    0.02053454    0.04246587    0.02250975    0.00751380    0.00876710    0.01682029    0.02066179    0.00000000 
angle (deg.)     :    7.8190  4.2761  9.6003  43.3043  33.8648  36.6160  14.3782  65.3268 
>
iteration       : 6
climbing        : yes
zoom on         : no
nim             : 10
barrier         :   0.02938708 (image:  6) 
distance        :   0.00000000    1.52225999    3.29425663    5.24107658    6.62238980    7.28433492    7.92036399    8.53029593    9.39643047   12.71909548 
energy          : -1077.09243146  -1077.09413602  -1077.09389205  -1077.09144152  -1077.08524673  -1077.07016324  -1077.06304438  -1077.06767071  -1077.09123090  -1077.10622178 
max(|Fr_perp|)   :   0.00000000    0.00139921    0.00219656    0.00379982    0.00341366    0.00708872    0.00236773    0.00237600    0.01816762    0.00000000 
Fr_paral         :   0.00000000    0.00038223   -0.00064425   -0.00295221   -0.01517514   -0.02718383   -0.00184073    0.02153808    0.01790605    0.00000000 
max(|Fsp_paral|) :   0.00000000    0.00070792    0.00226290    0.00434698    0.00236662    0.00529496    0.00107995    0.00679311    0.01352013    0.00000000 
max(|Fsp_perp|)  :   0.00000000    0.00000000    0.00000000    0.00000000    0.00000000    0.00000000    0.00000000    0.00000000    0.00000000    0.00000000 
max(|FNEB|)      :   0.00000000    0.00139961    0.00352082    0.00566850    0.00336748    0.00705131    0.00236483    0.00691645    0.01992391    0.00000000 
max(|Force|)     :   0.00161232    0.00139881    0.00228535    0.00438944    0.00703519    0.01399657    0.00237064    0.01109628    0.01830742    0.00151397 
ksp              :   0.01000000    0.01000000    0.01303176    0.03200376    0.07819797    0.10000000    0.10000000    0.08583153    0.01367682 
max(|step|)      :   0.00000000    0.01514324    0.05003886    0.10000000    0.05141154    0.02233516    0.02051503    0.02096348    0.02513382    0.00000000 
angle (deg.)     :    8.7885  5.0058  12.6770  57.2449  22.5451  36.8964  13.2965  69.1897 
>
iteration       : 7
climbing        : yes
zoom on         : no
nim             : 10
barrier         :   0.02931775 (image:  6) 
distance        :   0.00000000    1.55602955    3.39765026    5.53870061    6.83597596    7.44271587    8.08594524    8.64368037    9.59037551   12.92411530 
energy          : -1077.09243146  -1077.09422849  -1077.09412941  -1077.09141535  -1077.08470625  -1077.06906481  -1077.06311371  -1077.06728666  -1077.09198899  -1077.10622178 
max(|Fr_perp|)   :   0.00000000    0.00282834    0.00319598    0.00557706    0.00942934    0.01806747    0.00473539    0.00335351    0.02235525    0.00000000 
Fr_paral         :   0.00000000    0.00041735   -0.00050591   -0.00328741   -0.01728733   -0.02450695   -0.00076568    0.01981409    0.01200894    0.00000000 
max(|Fsp_paral|) :   0.00000000    0.00081204    0.00283103    0.00349274    0.00218970    0.00638525    0.00347356    0.01365216    0.02096387    0.00000000 
max(|Fsp_perp|)  :   0.00000000    0.00000000    0.00000000    0.00000000    0.00000000    0.00000000    0.00000000    0.00000000    0.00000000    0.00000000 
max(|FNEB|)      :   0.00000000    0.00288149    0.00390740    0.00622508    0.00946928    0.01854477    0.00482589    0.01379983    0.02718389    0.00000000 
max(|Force|)     :   0.00161232    0.00288231    0.00327955    0.00553717    0.00967895    0.01784859    0.00482745    0.01021613    0.02284190    0.00151397 
ksp              :   0.01000000    0.01000000    0.01312551    0.03372422    0.08175547    0.10000000    0.10000000    0.08720979    0.01142116 
max(|step|)      :   0.00000000    0.00313600    0.00425252    0.00677491    0.01030565    0.02018272    0.00525213    0.01501870    0.02958490    0.00000000 
angle (deg.)     :    8.8488  5.1340  12.9983  57.6305  21.9656  37.0883  13.9736  68.0480 
>
iteration       : 8
climbing        : yes
zoom on         : no
nim             : 10
barrier         :   0.02930182 (image:  6) 
distance        :   0.00000000    1.55909248    3.40812633    5.55599720    6.84153160    7.45254912    8.08794991    8.67454172    9.54783480   12.89396219 
energy          : -1077.09243146  -1077.09424448  -1077.09415821  -1077.09145793  -1077.08472101  -1077.06899191  -1077.06312965  -1077.06785373  -1077.09157757  -1077.10622178 
max(|Fr_perp|)   :   0.00000000    0.00220737    0.00242256    0.00346306    0.00548641    0.01235296    0.00367012    0.00271050    0.02051220    0.00000000 
Fr_paral         :   0.00000000    0.00049378   -0.00068056   -0.00349680   -0.01768490   -0.02452799   -0.00072898    0.02126795    0.01969970    0.00000000 
max(|Fsp_paral|) :   0.00000000    0.00082444    0.00273724    0.00345612    0.00254686    0.00582218    0.00196586    0.00819863    0.01493688    0.00000000 
max(|Fsp_perp|)  :   0.00000000    0.00000000    0.00000000    0.00000000    0.00000000    0.00000000    0.00000000    0.00000000    0.00000000    0.00000000 
max(|FNEB|)      :   0.00000000    0.00220355    0.00418133    0.00611777    0.00550733    0.01265010    0.00367337    0.00821105    0.02148857    0.00000000 
max(|Force|)     :   0.00161232    0.00220730    0.00239231    0.00422626    0.00717922    0.01272643    0.00366687    0.01091743    0.02114596    0.00151397 
ksp              :   0.01000000    0.01000000    0.01299017    0.03368252    0.08199416    0.10000000    0.10000000    0.08549006    0.01262272 
max(|step|)      :   0.00000000    0.00096850    0.00368947    0.00462454    0.00195408    0.00366348    0.00095380    0.00894214    0.01797354    0.00000000 
angle (deg.)     :    8.9111  5.1747  13.2697  57.8783  21.5184  37.2438  14.4998  67.3908 
>
iteration       : 9
climbing        : yes
zoom on         : no
nim             : 10
barrier         :   0.02928713 (image:  6) 
distance        :   0.00000000    1.56165471    3.41696912    5.57089921    6.84730899    7.46101974    8.09045895    8.69446343    9.52076519   12.87678504 
energy          : -1077.09243146  -1077.09425750  -1077.09417990  -1077.09147546  -1077.08468457  -1077.06889791  -1077.06314433  -1077.06821073  -1077.09122059  -1077.10622178 
max(|Fr_perp|)   :   0.00000000    0.00128222    0.00188397    0.00340765    0.00431155    0.00818172    0.00212730    0.00160444    0.00964799    0.00000000 
Fr_paral         :   0.00000000    0.00049809   -0.00065947   -0.00354343   -0.01803872   -0.02440657   -0.00070608    0.02210483    0.02362530    0.00000000 
max(|Fsp_paral|) :   0.00000000    0.00083484    0.00270549    0.00344444    0.00276858    0.00537087    0.00101468    0.00480339    0.01077591    0.00000000 
max(|Fsp_perp|)  :   0.00000000    0.00000000    0.00000000    0.00000000    0.00000000    0.00000000    0.00000000    0.00000000    0.00000000    0.00000000 
max(|FNEB|)      :   0.00000000    0.00127938    0.00420061    0.00589177    0.00435269    0.00841390    0.00213009    0.00478043    0.01052314    0.00000000 
max(|Force|)     :   0.00161232    0.00128232    0.00197231    0.00419322    0.00763780    0.01250477    0.00212451    0.01132747    0.01105923    0.00151397 
ksp              :   0.01000000    0.01000000    0.01293782    0.03380638    0.08231911    0.10000000    0.10000000    0.08443084    0.01372104 
max(|step|)      :   0.00000000    0.00462001    0.01709818    0.02160972    0.00862380    0.01549578    0.00339203    0.02570406    0.05453082    0.00000000 
angle (deg.)     :    9.1942  5.3558  14.6771  58.7247  19.8487  37.9827  16.4356  65.7393 
>
iteration       : 10
climbing        : yes
zoom on         : no
nim             : 10
barrier         :   0.02925749 (image:  6) 
distance        :   0.00000000    1.57355533    3.45711931    5.63898327    6.87566327    7.49749033    8.10301851    8.75838733    9.43413662   12.83027083 
energy          : -1077.09243146  -1077.09428786  -1077.09423879  -1077.09147454  -1077.08436890  -1077.06825444  -1077.06317398  -1077.06929261  -1077.08840535  -1077.10622178 
max(|Fr_perp|)   :   0.00000000    0.00079677    0.00178763    0.00322781    0.00369576    0.00535227    0.00089211    0.00100138    0.00575286    0.00000000 
Fr_paral         :   0.00000000    0.00047825   -0.00055268   -0.00373665   -0.01976533   -0.02297531   -0.00055141    0.02435386    0.02995348    0.00000000 
max(|Fsp_paral|) :   0.00000000    0.00088161    0.00271656    0.00340256    0.00359932    0.00345878    0.00190890    0.00548911    0.00924611    0.00000000 
max(|Fsp_perp|)  :   0.00000000    0.00000000    0.00000000    0.00000000    0.00000000    0.00000000    0.00000000    0.00000000    0.00000000    0.00000000 
max(|FNEB|)      :   0.00000000    0.00142391    0.00420825    0.00411318    0.00360339    0.00527546    0.00089031    0.00541972    0.01497928    0.00000000 
max(|Force|)     :   0.00161232    0.00074508    0.00186139    0.00408704    0.00939772    0.01156308    0.00089390    0.01261404    0.01883773    0.00151397 
ksp              :   0.01000000    0.01000000    0.01294362    0.03480153    0.08437181    0.10000000    0.10000000    0.08117825    0.02238488 
max(|step|)      :   0.00000000    0.00251386    0.00790938    0.00839028    0.00398190    0.00468730    0.00149548    0.00405679    0.01396211    0.00000000 
angle (deg.)     :    9.3124  5.4738  15.5094  58.7636  19.1463  38.1704  15.4742  66.6138 
>
iteration       : 11
climbing        : yes
zoom on         : no
nim             : 10
barrier         :   0.02924548 (image:  6) 
distance        :   0.00000000    1.57921754    3.47530083    5.66906415    6.88972515    7.50740461    8.10729031    8.75613500    9.45670465   12.84889216 
energy          : -1077.09243146  -1077.09430107  -1077.09426324  -1077.09147073  -1077.08415450  -1077.06811343  -1077.06318598  -1077.06917559  -1077.08898097  -1077.10622178 
max(|Fr_perp|)   :   0.00000000    0.00078459    0.00175933    0.00317823    0.00207793    0.00203501    0.00074309    0.00112772    0.01186255    0.00000000 
Fr_paral         :   0.00000000    0.00050608   -0.00061298   -0.00387310   -0.02047956   -0.02258837   -0.00051596    0.02409535    0.02852680    0.00000000 
max(|Fsp_paral|) :   0.00000000    0.00090199    0.00272033    0.00349015    0.00351136    0.00322855    0.00187089    0.00397887    0.00572185    0.00000000 
max(|Fsp_perp|)  :   0.00000000    0.00000000    0.00000000    0.00000000    0.00000000    0.00000000    0.00000000    0.00000000    0.00000000    0.00000000 
max(|FNEB|)      :   0.00000000    0.00127248    0.00427505    0.00502278    0.00216263    0.00191962    0.00075858    0.00388814    0.01201445    0.00000000 
max(|Force|)     :   0.00161232    0.00073040    0.00184107    0.00408698    0.00990586    0.01134954    0.00085452    0.01250205    0.01603570    0.00151397 
ksp              :   0.01000000    0.01000000    0.01295657    0.03547151    0.08483628    0.10000000    0.10000000    0.08156758    0.02061854 
max(|step|)      :   0.00000000    0.00959317    0.03152953    0.03542533    0.01444270    0.01840203    0.00590714    0.00828914    0.03252296    0.00000000 
angle (deg.)     :    9.7888  5.8961  18.9639  58.9855  16.6072  38.9850  13.3133  69.0782 
>
iteration       : 12
climbing        : yes
zoom on         : no
nim             : 10
barrier         :   0.02920210 (image:  6) 
distance        :   0.00000000    1.60189904    3.54829734    5.79002013    6.94865797    7.55366606    8.13060468    8.76838281    9.52126984   12.90951491 
energy          : -1077.09243146  -1077.09434927  -1077.09435321  -1077.09142043  -1077.08320259  -1077.06746909  -1077.06322936  -1077.06900037  -1077.08979708  -1077.10622178 
max(|Fr_perp|)   :   0.00000000    0.00077364    0.00167039    0.00303165    0.00674900    0.00583290    0.00071863    0.00181275    0.02373954    0.00000000 
Fr_paral         :   0.00000000    0.00054733   -0.00065488   -0.00433290   -0.02303507   -0.02059584   -0.00035289    0.02356434    0.02308264    0.00000000 
max(|Fsp_paral|) :   0.00000000    0.00098381    0.00281372    0.00384098    0.00322440    0.00212460    0.00227717    0.00096749    0.00023790    0.00000000 
max(|Fsp_perp|)  :   0.00000000    0.00000000    0.00000000    0.00000000    0.00000000    0.00000000    0.00000000    0.00000000    0.00000000    0.00000000 
max(|FNEB|)      :   0.00000000    0.00120365    0.00441594    0.00549536    0.00685459    0.00598276    0.00065827    0.00174555    0.02381837    0.00000000 
max(|Force|)     :   0.00161232    0.00080384    0.00175745    0.00406998    0.01165894    0.01040473    0.00079424    0.01233746    0.02374142    0.00151397 
ksp              :   0.01000000    0.01000000    0.01311596    0.03844310    0.08693327    0.10000000    0.10000000    0.08221393    0.01811907 
max(|step|)      :   0.00000000    0.02691607    0.08904562    0.10000000    0.03854802    0.04817599    0.01630079    0.01508218    0.05438394    0.00000000 
angle (deg.)     :    11.0831  7.1000  30.7929  59.0246  13.5486  41.3962  11.0423  73.9298 
>
iteration       : 13
climbing        : yes
zoom on         : no
nim             : 10
barrier         :   0.02909345 (image:  6) 
distance        :   0.00000000    1.66737534    3.75702224    6.13346304    7.14109931    7.72037321    8.24069272    8.86902146    9.71309868   13.09931538 
energy          : -1077.09243146  -1077.09447837  -1077.09459316  -1077.09120960  -1077.08033301  -1077.06613812  -1077.06333801  -1077.06892976  -1077.09043125  -1077.10622178 
max(|Fr_perp|)   :   0.00000000    0.00075685    0.00151026    0.00277625    0.00770973    0.00953118    0.00063010    0.00260710    0.03152750    0.00000000 
Fr_paral         :   0.00000000    0.00059496   -0.00061759   -0.00566065   -0.02778431   -0.01533686    0.00002016    0.02287007    0.00900613    0.00000000 
max(|Fsp_paral|) :   0.00000000    0.00122690    0.00324013    0.00468591    0.00222815    0.00033825    0.00376866    0.00359044    0.00719848    0.00000000 
max(|Fsp_perp|)  :   0.00000000    0.00000000    0.00000000    0.00000000    0.00000000    0.00000000    0.00000000    0.00000000    0.00000000    0.00000000 
max(|FNEB|)      :   0.00000000    0.00138944    0.00476311    0.00396730    0.00799291    0.00983096    0.00063445    0.00403985    0.03325310    0.00000000 
max(|Force|)     :   0.00161232    0.00080593    0.00153310    0.00402762    0.01441336    0.00963605    0.00062593    0.01225741    0.03218317    0.00151397 
ksp              :   0.01000000    0.01000000    0.01377855    0.04743271    0.09135352    0.10000000    0.10000000    0.08271193    0.01633935 
max(|step|)      :   0.00000000    0.00129729    0.00444720    0.00370417    0.00746277    0.00917891    0.00059237    0.00377191    0.03104757    0.00000000 
angle (deg.)     :    11.1569  7.1688  31.0835  58.7466  13.0580  41.0918  11.7220  73.3399 
>
iteration       : 14
climbing        : yes
zoom on         : no
nim             : 10
barrier         :   0.02908950 (image:  6) 
distance        :   0.00000000    1.67124531    3.76856481    6.14815782    7.14286649    7.71610142    8.24099628    8.87663391    9.70317280   13.08652771 
energy          : -1077.09243146  -1077.09448487  -1077.09460236  -1077.09116866  -1077.08035709  -1077.06629357  -1077.06334196  -1077.06909625  -1077.09155066  -1077.10622178 
max(|Fr_perp|)   :   0.00000000    0.00063051    0.00147630    0.00223484    0.00308519    0.00418763    0.00062578    0.00120043    0.01736315    0.00000000 
Fr_paral         :   0.00000000    0.00055851   -0.00058615   -0.00578202   -0.02771209   -0.01588134    0.00000935    0.02317029    0.01570068    0.00000000 
max(|Fsp_paral|) :   0.00000000    0.00123821    0.00330731    0.00440716    0.00217006    0.00015583    0.00389176    0.00226380    0.01204435    0.00000000 
max(|Fsp_perp|)  :   0.00000000    0.00000000    0.00000000    0.00000000    0.00000000    0.00000000    0.00000000    0.00000000    0.00000000    0.00000000 
max(|FNEB|)      :   0.00000000    0.00165921    0.00479573    0.00278798    0.00295499    0.00408994    0.00062774    0.00253959    0.01878790    0.00000000 
max(|Force|)     :   0.00161232    0.00057854    0.00155167    0.00405327    0.01437094    0.00812222    0.00062382    0.01227598    0.01685601    0.00151397 
ksp              :   0.01000000    0.01000000    0.01390698    0.04735688    0.09086802    0.10000000    0.10000000    0.08219679    0.01272512 
max(|step|)      :   0.00000000    0.00125105    0.00376661    0.00225379    0.00100599    0.00190107    0.00049524    0.00230056    0.01454894    0.00000000 
angle (deg.)     :    11.2060  7.2599  31.3624  58.5081  12.7564  40.8928  12.4706  72.8574 
>
iteration       : 15
climbing        : yes
zoom on         : no
nim             : 10
barrier         :   0.02908645 (image:  6) 
distance        :   0.00000000    1.67452832    3.77834108    6.15983241    7.14419747    7.71326572    8.24138508    8.88166850    9.68862496   13.07302682 
energy          : -1077.09243146  -1077.09448987  -1077.09460872  -1077.09112979  -1077.08033924  -1077.06635872  -1077.06334502  -1077.06919272  -1077.09156202  -1077.10622178 
max(|Fr_perp|)   :   0.00000000    0.00062091    0.00150439    0.00220325    0.00290672    0.00359671    0.00062275    0.00095153    0.01235689    0.00000000 
Fr_paral         :   0.00000000    0.00055981   -0.00059420   -0.00589844   -0.02766928   -0.01607715    0.00000379    0.02333860    0.01952845    0.00000000 
max(|Fsp_paral|) :   0.00000000    0.00124830    0.00336509    0.00420510    0.00214814    0.00047169    0.00395875    0.00106973    0.01099091    0.00000000 
max(|Fsp_perp|)  :   0.00000000    0.00000000    0.00000000    0.00000000    0.00000000    0.00000000    0.00000000    0.00000000    0.00000000    0.00000000 
max(|FNEB|)      :   0.00000000    0.00167962    0.00488178    0.00268703    0.00277856    0.00350120    0.00062354    0.00139045    0.01508420    0.00000000 
max(|Force|)     :   0.00161232    0.00058931    0.00156014    0.00407267    0.01434606    0.00821499    0.00062195    0.01229720    0.01231657    0.00151397 
ksp              :   0.01000000    0.01000000    0.01402766    0.04741606    0.09067493    0.10000000    0.10000000    0.08190590    0.01269025 
max(|step|)      :   0.00000000    0.01147490    0.03440074    0.01895769    0.00811307    0.01468103    0.00439005    0.00941454    0.10000000    0.00000000 
angle (deg.)     :    11.6292  8.0824  34.2324  56.3357  11.0672  39.4887  17.9438  69.6308 
>
iteration       : 16
climbing        : yes
zoom on         : no
nim             : 10
barrier         :   0.02906130 (image:  6) 
distance        :   0.00000000    1.70420967    3.86797371    6.25904082    7.15875514    7.69853295    8.24984450    8.91190313    9.57516944   12.98158031 
energy          : -1077.09243146  -1077.09453283  -1077.09465718  -1077.09079040  -1077.08016555  -1077.06679686  -1077.06337016  -1077.06961772  -1077.08757696  -1077.10622178 
max(|Fr_perp|)   :   0.00000000    0.00061464    0.00162098    0.00193520    0.00385139    0.00384001    0.00059987    0.00112467    0.01194018    0.00000000 
Fr_paral         :   0.00000000    0.00058562   -0.00067317   -0.00678994   -0.02723961   -0.01727846   -0.00002618    0.02395643    0.03043269    0.00000000 
max(|Fsp_paral|) :   0.00000000    0.00134437    0.00381518    0.00240652    0.00223913    0.00269545    0.00402762    0.00654969    0.01325293    0.00000000 
max(|Fsp_perp|)  :   0.00000000    0.00000000    0.00000000    0.00000000    0.00000000    0.00000000    0.00000000    0.00000000    0.00000000    0.00000000 
max(|FNEB|)      :   0.00000000    0.00172908    0.00545182    0.00237485    0.00410621    0.00411052    0.00059443    0.00692185    0.02531297    0.00000000 
max(|Force|)     :   0.00161232    0.00056184    0.00159658    0.00423346    0.01413739    0.00894883    0.00060560    0.01213236    0.02460421    0.00151397 
ksp              :   0.01000000    0.01000000    0.01508204    0.04798781    0.08938908    0.10000000    0.10000000    0.08063732    0.02513915 
max(|step|)      :   0.00000000    0.00641486    0.02022612    0.00881065    0.01523393    0.01524995    0.00220531    0.02567989    0.09391052    0.00000000 
angle (deg.)     :    11.8827  8.2064  35.7292  54.9098  11.2611  39.5992  12.3395  72.4420 
>
iteration       : 17
climbing        : yes
zoom on         : no
nim             : 10
barrier         :   0.02904932 (image:  6) 
distance        :   0.00000000    1.72097039    3.92313394    6.29281141    7.16909273    7.71239666    8.25881125    8.87828087    9.70880375   13.07957498 
energy          : -1077.09243146  -1077.09455300  -1077.09467308  -1077.09071301  -1077.07978856  -1077.06639001  -1077.06338214  -1077.06870690  -1077.09142873  -1077.10622178 
max(|Fr_perp|)   :   0.00000000    0.00141122    0.00149632    0.00672020    0.01859352    0.01906383    0.00058087    0.00507312    0.01047854    0.00000000 
Fr_paral         :   0.00000000    0.00051877   -0.00066551   -0.00689402   -0.02726569   -0.01575037   -0.00002304    0.02194807    0.01974574    0.00000000 
max(|Fsp_paral|) :   0.00000000    0.00141151    0.00374641    0.00233570    0.00272174    0.00210552    0.00262400    0.00381094    0.01192225    0.00000000 
max(|Fsp_perp|)  :   0.00000000    0.00000000    0.00000000    0.00000000    0.00000000    0.00000000    0.00000000    0.00000000    0.00000000    0.00000000 
max(|FNEB|)      :   0.00000000    0.00211705    0.00525664    0.00666342    0.01846492    0.01908760    0.00057594    0.00509512    0.01692306    0.00000000 
max(|Force|)     :   0.00161232    0.00138110    0.00156408    0.00673294    0.01852227    0.01862927    0.00058581    0.01169605    0.01083991    0.00151397 
ksp              :   0.01000000    0.01000000    0.01532406    0.04916997    0.09068107    0.10000000    0.10000000    0.08350294    0.01310663 
max(|step|)      :   0.00000000    0.00170429    0.00407477    0.00629072    0.01746466    0.01803542    0.00044684    0.00481508    0.01892629    0.00000000 
angle (deg.)     :    11.8988  8.3642  36.0808  54.6297  10.9848  39.5093  13.0277  71.8516 
>
iteration       : 18
climbing        : yes
zoom on         : no
nim             : 10
barrier         :   0.02904651 (image:  6) 
distance        :   0.00000000    1.72468871    3.93437766    6.29895551    7.17082767    7.71192025    8.25885460    8.88746925    9.68361289   13.05976083 
energy          : -1077.09243146  -1077.09456043  -1077.09467787  -1077.09073506  -1077.08000643  -1077.06667514  -1077.06338495  -1077.06894171  -1077.09115171  -1077.10622178 
max(|Fr_perp|)   :   0.00000000    0.00060469    0.00162677    0.00235243    0.00727412    0.00818417    0.00057269    0.00221956    0.00368158    0.00000000 
Fr_paral         :   0.00000000    0.00060155   -0.00071844   -0.00684876   -0.02741443   -0.01676163   -0.00003481    0.02252723    0.02398547    0.00000000 
max(|Fsp_paral|) :   0.00000000    0.00142440    0.00364302    0.00214951    0.00278056    0.00238909    0.00297970    0.00156903    0.00870945    0.00000000 
max(|Fsp_perp|)  :   0.00000000    0.00000000    0.00000000    0.00000000    0.00000000    0.00000000    0.00000000    0.00000000    0.00000000    0.00000000 
max(|FNEB|)      :   0.00000000    0.00169317    0.00528360    0.00254395    0.00739743    0.00834933    0.00056518    0.00214953    0.01031169    0.00000000 
max(|Force|)     :   0.00161232    0.00063916    0.00156479    0.00428715    0.01410236    0.00864161    0.00058021    0.01187168    0.00960195    0.00151397 
ksp              :   0.01000000    0.01000000    0.01525626    0.04849869    0.08980541    0.10000000    0.10000000    0.08278250    0.01396528 
max(|step|)      :   0.00000000    0.00075475    0.00223850    0.00092297    0.00229726    0.00288145    0.00023895    0.00362039    0.01577405    0.00000000 
angle (deg.)     :    11.9301  8.3786  36.2358  54.4894  10.8901  39.4860  13.6592  71.3663 
>
iteration       : 19
climbing        : yes
zoom on         : no
nim             : 10
barrier         :   0.02904510 (image:  6) 
distance        :   0.00000000    1.72682693    3.94055315    6.30223225    7.17237341    7.71236455    8.25929643    8.89459222    9.66116487   13.04323669 
energy          : -1077.09243146  -1077.09456345  -1077.09468008  -1077.09073422  -1077.08000839  -1077.06672540  -1077.06338636  -1077.06908292  -1077.09059077  -1077.10622178 
max(|Fr_perp|)   :   0.00000000    0.00058719    0.00160622    0.00190710    0.00392329    0.00383041    0.00056902    0.00114109    0.00167828    0.00000000 
Fr_paral         :   0.00000000    0.00059126   -0.00071432   -0.00687245   -0.02746492   -0.01693584   -0.00003531    0.02281170    0.02646743    0.00000000 
max(|Fsp_paral|) :   0.00000000    0.00143034    0.00361938    0.00213636    0.00273922    0.00245902    0.00322640    0.00020809    0.00457621    0.00000000 
max(|Fsp_perp|)  :   0.00000000    0.00000000    0.00000000    0.00000000    0.00000000    0.00000000    0.00000000    0.00000000    0.00000000    0.00000000 
max(|FNEB|)      :   0.00000000    0.00177016    0.00523938    0.00216203    0.00405371    0.00396562    0.00056140    0.00107676    0.00385405    0.00000000 
max(|Force|)     :   0.00161232    0.00053473    0.00157112    0.00429058    0.01418887    0.00863984    0.00057665    0.01189862    0.01334863    0.00151397 
ksp              :   0.01000000    0.01000000    0.01525911    0.04849448    0.08965354    0.10000000    0.10000000    0.08234848    0.01570361 
max(|step|)      :   0.00000000    0.00591840    0.01711007    0.00593785    0.00401152    0.00344626    0.00183889    0.00243696    0.01480659    0.00000000 
angle (deg.)     :    12.1362  8.5575  37.5556  53.3536  10.7681  39.4691  13.7155  70.9258 
>
iteration       : 20
climbing        : yes
zoom on         : no
nim             : 10
barrier         :   0.02903483 (image:  6) 
distance        :   0.00000000    1.74242109    3.98755939    6.32868484    7.18318815    7.72082394    8.26531737    8.90467039    9.63799506   13.02815403 
energy          : -1077.09243146  -1077.09458379  -1077.09469456  -1077.09069974  -1077.07984753  -1077.06669865  -1077.06339664  -1077.06916339  -1077.08972914  -1077.10622178 
max(|Fr_perp|)   :   0.00000000    0.00057910    0.00158137    0.00185136    0.00218715    0.00190791    0.00054975    0.00057159    0.00290866    0.00000000 
Fr_paral         :   0.00000000    0.00057407   -0.00072465   -0.00700707   -0.02769337   -0.01678004   -0.00003441    0.02290082    0.02821398    0.00000000 
max(|Fsp_paral|) :   0.00000000    0.00148066    0.00348817    0.00207648    0.00281467    0.00241734    0.00345153    0.00191373    0.00094637    0.00000000 
max(|Fsp_perp|)  :   0.00000000    0.00000000    0.00000000    0.00000000    0.00000000    0.00000000    0.00000000    0.00000000    0.00000000    0.00000000 
max(|FNEB|)      :   0.00000000    0.00193472    0.00508328    0.00164056    0.00187941    0.00131152    0.00054230    0.00189846    0.00380887    0.00000000 
max(|Force|)     :   0.00161232    0.00061769    0.00157516    0.00431817    0.01439644    0.00846235    0.00055720    0.01183922    0.01577573    0.00151397 
ksp              :   0.01000000    0.01000000    0.01536787    0.04900673    0.08976467    0.10000000    0.10000000    0.08212463    0.01837647 
max(|step|)      :   0.00000000    0.02219825    0.06290820    0.02062580    0.01044483    0.00910011    0.00675909    0.00608498    0.02764896    0.00000000 
angle (deg.)     :    12.8543  9.3754  42.8960  49.2029  10.8016  39.4321  12.8121  70.6374 
>
iteration       : 21
climbing        : yes
zoom on         : no
nim             : 10
barrier         :   0.02899855 (image:  6) 
distance        :   0.00000000    1.80044535    4.16055994    6.42653982    7.22877938    7.75843637    8.29419889    8.93215990    9.62389074   13.02564522 
energy          : -1077.09243146  -1077.09465688  -1077.09474153  -1077.09055484  -1077.07916138  -1077.06646996  -1077.06343291  -1077.06911019  -1077.08821413  -1077.10622178 
max(|Fr_perp|)   :   0.00000000    0.00061764    0.00145982    0.00200242    0.00637379    0.00969009    0.00048320    0.00219137    0.00834635    0.00000000 
Fr_paral         :   0.00000000    0.00055567   -0.00080003   -0.00750335   -0.02831412   -0.01569578   -0.00002609    0.02251774    0.02900980    0.00000000 
max(|Fsp_paral|) :   0.00000000    0.00166428    0.00303048    0.00192728    0.00305199    0.00216782    0.00366597    0.00350097    0.01010669    0.00000000 
max(|Fsp_perp|)  :   0.00000000    0.00000000    0.00000000    0.00000000    0.00000000    0.00000000    0.00000000    0.00000000    0.00000000    0.00000000 
max(|FNEB|)      :   0.00000000    0.00224083    0.00449600    0.00196686    0.00621339    0.00965545    0.00047751    0.00357490    0.01314237    0.00000000 
max(|Force|)     :   0.00161232    0.00073584    0.00157547    0.00441417    0.01497005    0.00942858    0.00048889    0.01151598    0.01665222    0.00151397 
ksp              :   0.01000000    0.01000000    0.01582428    0.05118508    0.09057420    0.10000000    0.10000000    0.08237996    0.02308893 
max(|step|)      :   0.00000000    0.03595233    0.10000000    0.03275763    0.01680983    0.01387254    0.01074447    0.01232573    0.02858391    0.00000000 
angle (deg.)     :    13.9350  10.8922  52.7533  43.3054  11.2119  39.3417  11.5321  70.9918 
>
iteration       : 22
climbing        : yes
zoom on         : no
nim             : 10
barrier         :   0.02894524 (image:  6) 
distance        :   0.00000000    1.89494291    4.43699257    6.58429650    7.32453447    7.84059934    8.36388765    8.99342436    9.66883245   13.07563940 
energy          : -1077.09243146  -1077.09476854  -1077.09479123  -1077.09027681  -1077.07793119  -1077.06614385  -1077.06348622  -1077.06889159  -1077.08724174  -1077.10622178 
max(|Fr_perp|)   :   0.00000000    0.00154936    0.00287453    0.00558588    0.01615790    0.01567554    0.00043635    0.00410942    0.00756986    0.00000000 
Fr_paral         :   0.00000000    0.00050973   -0.00093551   -0.00828723   -0.02894650   -0.01407166   -0.00002379    0.02162147    0.02865863    0.00000000 
max(|Fsp_paral|) :   0.00000000    0.00195104    0.00237941    0.00193747    0.00290397    0.00189219    0.00372740    0.00342158    0.01625569    0.00000000 
max(|Fsp_perp|)  :   0.00000000    0.00000000    0.00000000    0.00000000    0.00000000    0.00000000    0.00000000    0.00000000    0.00000000    0.00000000 
max(|FNEB|)      :   0.00000000    0.00272929    0.00333065    0.00564093    0.01643936    0.01609224    0.00043600    0.00431391    0.01756748    0.00000000 
max(|Force|)     :   0.00161232    0.00155769    0.00290564    0.00578115    0.01643665    0.01573438    0.00043805    0.01103990    0.01538034    0.00151397 
ksp              :   0.01000000    0.01000000    0.01670260    0.05512061    0.09177340    0.10000000    0.10000000    0.08319429    0.02621018 
max(|step|)      :   0.00000000    0.00306669    0.00374240    0.00633829    0.01847168    0.01808165    0.00048990    0.00484721    0.01973925    0.00000000 
angle (deg.)     :    13.9875  11.0400  52.8195  43.2117  11.1257  39.2486  10.8340  71.5620 
>
iteration       : 23
climbing        : yes
zoom on         : no
nim             : 10
barrier         :   0.02894259 (image:  6) 
distance        :   0.00000000    1.90211232    4.44888639    6.58930319    7.32609445    7.84005443    8.36397992    8.98714183    9.70639851   13.10005384 
energy          : -1077.09243146  -1077.09477779  -1077.09479946  -1077.09026467  -1077.07800495  -1077.06626329  -1077.06348887  -1077.06879194  -1077.08851032  -1077.10622178 
max(|Fr_perp|)   :   0.00000000    0.00094188    0.00210006    0.00345444    0.01074843    0.01116139    0.00039436    0.00310576    0.00437673    0.00000000 
Fr_paral         :   0.00000000    0.00062536   -0.00108173   -0.00836699   -0.02902292   -0.01448793   -0.00003153    0.02145813    0.02712515    0.00000000 
max(|Fsp_paral|) :   0.00000000    0.00194680    0.00234131    0.00180430    0.00290438    0.00206290    0.00352735    0.00114877    0.00754593    0.00000000 
max(|Fsp_perp|)  :   0.00000000    0.00000000    0.00000000    0.00000000    0.00000000    0.00000000    0.00000000    0.00000000    0.00000000    0.00000000 
max(|FNEB|)      :   0.00000000    0.00225167    0.00445516    0.00345955    0.01088510    0.01133408    0.00039298    0.00304985    0.00703889    0.00000000 
max(|Force|)     :   0.00161232    0.00097805    0.00185556    0.00454407    0.01541107    0.01102843    0.00039575    0.01107467    0.01190558    0.00151397 
ksp              :   0.01000000    0.01000000    0.01673786    0.05486073    0.09137264    0.10000000    0.10000000    0.08350956    0.02219319 
max(|step|)      :   0.00000000    0.00205413    0.00365795    0.00125157    0.00419147    0.00456290    0.00035069    0.00137351    0.00747251    0.00000000 
angle (deg.)     :    14.0412  11.1270  52.8521  43.1242  11.0252  39.1834  10.7116  71.7925 
>
