host=comp033.hpc start=Sat Oct 10 16:33:24 SAST 2026
L2_bare_R orca_exit=0 1 Sat Oct 10 16:34:31 SAST 2026
L2_bare_TS orca_exit=0 1 Sat Oct 10 16:35:40 SAST 2026
L2_ALONE_R90_R orca_exit=0 1 Sat Oct 10 16:36:48 SAST 2026
L2_ALONE_R90_TS orca_exit=0 1 Sat Oct 10 16:37:55 SAST 2026
L2_ALONE_R7_R orca_exit=0 1 Sat Oct 10 16:38:56 SAST 2026
L2_ALONE_R7_TS orca_exit=0 1 Sat Oct 10 16:40:05 SAST 2026
L2_ALONE_E78_R orca_exit=0 1 Sat Oct 10 16:41:07 SAST 2026
L2_ALONE_E78_TS orca_exit=0 1 Sat Oct 10 16:42:12 SAST 2026
L2_ALONE_R116_R orca_exit=0 1 Sat Oct 10 16:43:07 SAST 2026
L2_ALONE_R116_TS orca_exit=0 1 Sat Oct 10 16:44:15 SAST 2026
L2_ALONE_R63p_R orca_exit=0 1 Sat Oct 10 16:45:14 SAST 2026
L2_ALONE_R63p_TS orca_exit=0 1 Sat Oct 10 16:46:17 SAST 2026
L2_ALONE_K60p_R orca_exit=0 1 Sat Oct 10 16:47:16 SAST 2026
L2_ALONE_K60p_TS orca_exit=0 1 Sat Oct 10 16:48:22 SAST 2026
L2_P37p_R orca_exit=0 1 Sat Oct 10 16:49:26 SAST 2026
L2_P37p_TS orca_exit=0 1 Sat Oct 10 16:50:34 SAST 2026
L2_P37m_R orca_exit=0 1 Sat Oct 10 16:51:35 SAST 2026
L2_P37m_TS orca_exit=0 1 Sat Oct 10 16:52:38 SAST 2026
L2_P52p_R orca_exit=0 1 Sat Oct 10 16:53:46 SAST 2026
L2_P52p_TS orca_exit=0 1 Sat Oct 10 16:54:59 SAST 2026
L2_P52m_R orca_exit=0 1 Sat Oct 10 16:55:59 SAST 2026
L2_P52m_TS orca_exit=0 1 Sat Oct 10 16:57:22 SAST 2026
L2_P87p_R orca_exit=0 1 Sat Oct 10 16:58:30 SAST 2026
L2_P87p_TS orca_exit=0 1 Sat Oct 10 16:59:46 SAST 2026
L2_P87m_R orca_exit=0 1 Sat Oct 10 17:00:52 SAST 2026
L2_P87m_TS orca_exit=0 1 Sat Oct 10 17:02:14 SAST 2026
L2_P209p_R orca_exit=0 1 Sat Oct 10 17:03:15 SAST 2026
L2_P209p_TS orca_exit=0 1 Sat Oct 10 17:04:26 SAST 2026
L2_P209m_R orca_exit=0 1 Sat Oct 10 17:05:36 SAST 2026
L2_P209m_TS orca_exit=0 1 Sat Oct 10 17:06:40 SAST 2026
L2_P211p_R orca_exit=0 1 Sat Oct 10 17:07:39 SAST 2026
L2_P211p_TS orca_exit=0 1 Sat Oct 10 17:08:43 SAST 2026
L2_P211m_R orca_exit=0 1 Sat Oct 10 17:09:47 SAST 2026
L2_P211m_TS orca_exit=0 1 Sat Oct 10 17:10:51 SAST 2026
end=Sat Oct 10 17:10:52 SAST 2026
