host=comp041.hpc start=Sat Oct 10 16:33:25 SAST 2026
L5_bare_R orca_exit=0 1 Sat Oct 10 16:35:24 SAST 2026
L5_bare_TS orca_exit=0 1 Sat Oct 10 16:37:35 SAST 2026
L5_ALONE_R90_R orca_exit=0 1 Sat Oct 10 16:39:32 SAST 2026
L5_ALONE_R90_TS orca_exit=0 1 Sat Oct 10 16:41:43 SAST 2026
L5_ALONE_R7_R orca_exit=0 1 Sat Oct 10 16:43:43 SAST 2026
L5_ALONE_R7_TS orca_exit=0 1 Sat Oct 10 16:45:56 SAST 2026
L5_ALONE_E78_R orca_exit=0 1 Sat Oct 10 16:47:55 SAST 2026
L5_ALONE_E78_TS orca_exit=0 1 Sat Oct 10 16:50:10 SAST 2026
L5_ALONE_R116_R orca_exit=0 1 Sat Oct 10 16:52:05 SAST 2026
L5_ALONE_R116_TS orca_exit=0 1 Sat Oct 10 16:54:15 SAST 2026
L5_ALONE_R63p_R orca_exit=0 1 Sat Oct 10 16:56:13 SAST 2026
L5_ALONE_R63p_TS orca_exit=0 1 Sat Oct 10 16:58:23 SAST 2026
L5_ALONE_K60p_R orca_exit=0 1 Sat Oct 10 17:00:17 SAST 2026
L5_ALONE_K60p_TS orca_exit=0 1 Sat Oct 10 17:02:28 SAST 2026
L5_P37p_R orca_exit=0 1 Sat Oct 10 17:04:25 SAST 2026
L5_P37p_TS orca_exit=0 1 Sat Oct 10 17:06:39 SAST 2026
L5_P37m_R orca_exit=0 1 Sat Oct 10 17:08:33 SAST 2026
L5_P37m_TS orca_exit=0 1 Sat Oct 10 17:10:46 SAST 2026
L5_P52p_R orca_exit=0 1 Sat Oct 10 17:12:47 SAST 2026
L5_P52p_TS orca_exit=0 1 Sat Oct 10 17:14:59 SAST 2026
L5_P52m_R orca_exit=0 1 Sat Oct 10 17:16:53 SAST 2026
L5_P52m_TS orca_exit=0 1 Sat Oct 10 17:19:12 SAST 2026
L5_P87p_R orca_exit=0 1 Sat Oct 10 17:21:13 SAST 2026
L5_P87p_TS orca_exit=0 1 Sat Oct 10 17:23:22 SAST 2026
L5_P87m_R orca_exit=0 1 Sat Oct 10 17:25:21 SAST 2026
L5_P87m_TS orca_exit=0 1 Sat Oct 10 17:27:32 SAST 2026
L5_P209p_R orca_exit=0 1 Sat Oct 10 17:29:31 SAST 2026
L5_P209p_TS orca_exit=0 1 Sat Oct 10 17:31:41 SAST 2026
L5_P209m_R orca_exit=0 1 Sat Oct 10 17:33:41 SAST 2026
L5_P209m_TS orca_exit=0 1 Sat Oct 10 17:35:57 SAST 2026
L5_P211p_R orca_exit=0 1 Sat Oct 10 17:37:54 SAST 2026
L5_P211p_TS orca_exit=0 1 Sat Oct 10 17:40:03 SAST 2026
L5_P211m_R orca_exit=0 1 Sat Oct 10 17:41:58 SAST 2026
L5_P211m_TS orca_exit=0 1 Sat Oct 10 17:44:15 SAST 2026
end=Sat Oct 10 17:44:15 SAST 2026
